--------- beginning of main
04-08 12:06:57.824   218   218 I lowmemorykiller: Using psi monitors for memory pressure detection
04-08 12:06:57.825   218   218 I lowmemorykiller: Process polling is supported
04-08 12:06:57.826   218   218 I lowmemorykiller: Process reaper initialized with 2 threads in the pool
04-08 12:06:57.830   221   221 I qemu-props: connected to 'boot-properties' qemud service.
04-08 12:06:57.831   221   221 I qemu-props: receiving..
04-08 12:06:57.832   221   221 I qemu-props: received: ro.opengles.version=196608
04-08 12:06:57.832   221   221 I qemu-props: ignoring 'ro.opengles.version' property
04-08 12:06:57.832   221   221 I qemu-props: receiving..
04-08 12:06:57.832   221   221 I qemu-props: received: qemu.sf.fake_camera=front
04-08 12:06:57.832   219   219 I SELinux : SELinux: Loaded service_contexts from:
04-08 12:06:57.832   219   219 I SELinux :     /system/etc/selinux/plat_service_contexts
04-08 12:06:57.832   219   219 I SELinux :     /system_ext/etc/selinux/system_ext_service_contexts
04-08 12:06:57.832   219   219 I SELinux :     /vendor/etc/selinux/vendor_service_contexts
04-08 12:06:57.832   221   221 I qemu-props: successfully set property 'vendor.qemu.sf.fake_camera' to 'front'
04-08 12:06:57.832   220   220 I hwservicemanager: getFrameworkHalManifest: Reading VINTF information.
04-08 12:06:57.832   221   221 I qemu-props: receiving..
04-08 12:06:57.832   221   221 I qemu-props: received: qemu.adb.secure=1
04-08 12:06:57.832   221   221 I qemu-props: ignoring 'qemu.adb.secure' property
04-08 12:06:57.832   221   221 I qemu-props: receiving..
04-08 12:06:57.832   221   221 I qemu-props: received: dalvik.vm.heapsize=512m
04-08 12:06:57.832   221   221 I qemu-props: ignoring 'dalvik.vm.heapsize' property
04-08 12:06:57.832   221   221 I qemu-props: receiving..
04-08 12:06:57.832   221   221 I qemu-props: received: qemu.hw.mainkeys=0
04-08 12:06:57.833   221   221 I qemu-props: successfully set property 'qemu.hw.mainkeys' to '0'
04-08 12:06:57.833   221   221 I qemu-props: receiving..
04-08 12:06:57.833   221   221 I qemu-props: received: qemu.sf.lcd_density=440
04-08 12:06:57.833   221   221 I qemu-props: successfully set property 'qemu.sf.lcd_density' to '440'
04-08 12:06:57.833   221   221 I qemu-props: receiving..
04-08 12:06:57.833   221   221 I qemu-props: received: net.wifi_mac_prefix=5554
04-08 12:06:57.833   221   221 I qemu-props: successfully set property 'vendor.net.wifi_mac_prefix' to '5554'
04-08 12:06:57.833   221   221 I qemu-props: receiving..
04-08 12:06:57.833   221   221 I qemu-props: received: qemu.timezone=America/New_York
04-08 12:06:57.833   221   221 I qemu-props: successfully set property 'vendor.qemu.timezone' to 'America/New_York'
04-08 12:06:57.833   221   221 I qemu-props: receiving..
04-08 12:06:57.834   221   221 I qemu-props: successfully set property 'vendor.qemu.vport.bluetooth' to '/dev/vport8p2'
04-08 12:06:57.834   221   221 W qemu-props: could not open '/sys/class/virtio-ports/vport8p0/name'
04-08 12:06:57.834   221   221 I qemu-props: successfully set property 'vendor.qemu.vport.modem' to '/dev/vport9p1'
04-08 12:06:57.834   221   221 W qemu-props: could not open '/sys/class/virtio-ports/vport8p1/name'
04-08 12:06:57.835   220   220 I hwservicemanager: getDeviceHalManifest: Reading VINTF information.
12-31 19:00:00.036   217   217 W auditd  : type=2000 audit(0.0:1): state=initialized audit_enabled=0 res=1
04-08 12:06:56.560   217   217 W auditd  : type=1403 audit(0.0:2): auid=4294967295 ses=4294967295 lsm=selinux res=1
04-08 12:06:56.564   217   217 W auditd  : type=1404 audit(0.0:3): enforcing=1 old_enforcing=0 auid=4294967295 ses=4294967295 enabled=1 old-enabled=1 lsm=selinux res=1
04-08 12:06:57.843   220   220 I hwservicemanager: getDeviceHalManifest: Successfully processed VINTF information
04-08 12:06:57.843   220   220 I hwservicemanager: getFrameworkHalManifest: Successfully processed VINTF information
04-08 12:06:57.844   220   220 I hwservicemanager: hwservicemanager is ready now.
--------- beginning of system
04-08 12:06:57.851   226   226 I vold    : Vold 3.0 (the awakening) firing up
04-08 12:06:57.851   226   226 D vold    : Detected support for: ext4 f2fs vfat
04-08 12:06:57.852   226   226 D vold    : VoldNativeService::start() completed OK
04-08 12:06:57.875   239   239 I HidlServiceManagement: Registered android.hardware.atrace@1.0::IAtraceDevice/default
04-08 12:06:57.875   239   239 I HidlServiceManagement: Removing namespace from process name android.hardware.atrace@1.0-service to atrace@1.0-service.
04-08 12:06:57.907   219   219 I servicemanager: getDeviceHalManifest: Reading VINTF information.
04-08 12:06:57.908   219   219 I servicemanager: getDeviceHalManifest: Successfully processed VINTF information
04-08 12:06:57.908   219   219 I servicemanager: getFrameworkHalManifest: Reading VINTF information.
04-08 12:06:57.908   219   219 I servicemanager: getFrameworkHalManifest: Successfully processed VINTF information
04-08 12:06:57.908   219   219 I servicemanager: Found android.system.suspend.ISystemSuspend/default in framework VINTF manifest.
04-08 12:06:57.908   237   237 I HidlServiceManagement: Registered android.system.suspend@1.0::ISystemSuspend/default
04-08 12:06:57.908   237   237 I HidlServiceManagement: Removing namespace from process name android.system.suspend@1.0-service to suspend@1.0-service.
04-08 12:06:57.911   243   243 I fsverity_init: LoadKeyFromFile path=/system/etc/security/fsverity/fsverity-release.x509.der keyname=fsv_system_0
04-08 12:06:57.912   243   243 I fsverity_init: LoadKeyFromFile path=/product/etc/security/fsverity/play_store_fsi_cert.der keyname=fsv_product_0
04-08 12:06:57.912   243   243 I fsverity_init: LoadKeyFromFile path=/product/etc/security/fsverity/gms_fsverity_cert.der keyname=fsv_product_1
04-08 12:06:57.918   226   226 D vold    : fscrypt_mount_metadata_encrypted: /data encrypt: 0 format: 0 with null
04-08 12:06:57.918   226   226 D vold    : metadata_key_dir/key: /metadata/vold/metadata_encryption/key
04-08 12:06:57.918   226   226 D vold    : Key exists, using: /metadata/vold/metadata_encryption/key
04-08 12:06:57.919   219   219 I servicemanager: Since 'android.system.keystore2.IKeystoreService/default' could not be found, trying to start it as a lazy AIDL service
04-08 12:06:57.920   240   240 I keymaster:  patchlevel string does not match expected format.  Using patchlevel 0
04-08 12:06:57.920   240   240 I android.hardware.security.keymint-service: adding keymint service instance: android.hardware.security.keymint.IKeyMintDevice/default
04-08 12:06:57.920   219   219 I servicemanager: Found android.hardware.security.keymint.IKeyMintDevice/default in device VINTF manifest.
04-08 12:06:57.921   240   240 I android.hardware.security.keymint-service: adding keymint service instance: android.hardware.security.secureclock.ISecureClock/default
04-08 12:06:57.921   219   219 I servicemanager: Found android.hardware.security.secureclock.ISecureClock/default in device VINTF manifest.
04-08 12:06:57.921   240   240 I android.hardware.security.keymint-service: adding keymint service instance: android.hardware.security.sharedsecret.ISharedSecret/default
04-08 12:06:57.921   219   219 I servicemanager: Found android.hardware.security.sharedsecret.ISharedSecret/default in device VINTF manifest.
04-08 12:06:57.921   240   240 I android.hardware.security.keymint-service: adding keymint service instance: android.hardware.security.keymint.IRemotelyProvisionedComponent/default
04-08 12:06:57.921   219   219 I servicemanager: Found android.hardware.security.keymint.IRemotelyProvisionedComponent/default in device VINTF manifest.
04-08 12:06:57.935   238   238 I keystore2: keystore2_main: Keystore2 is starting.
04-08 12:06:57.935   238   238 I keystore2: keystore2_main: Setting up sqlite logging for keystore2
04-08 12:06:57.935   238   238 W keystore2: keystore2::metrics_store: In update_keystore_crash_sysprop: Failed to read the existing system property due to: In read_keystore_crash_count: Property not set..Therefore, keystore crashes will not be logged.
04-08 12:06:57.936   238   238 I keystore2: keystore2_main: Starting thread pool now.
04-08 12:06:57.936   238   246 I keystore2: getDeviceHalManifest: Reading VINTF information.
04-08 12:06:57.937   238   246 I keystore2: getDeviceHalManifest: Successfully processed VINTF information
04-08 12:06:57.937   238   238 I keystore2: keystore2::globals: KeyMint device is current version (Some(200)) for security level: SecurityLevel(1)
04-08 12:06:57.938   238   246 I keystore2: keystore2::shared_secret_negotiation: Shared secret negotiation concluded successfully.
04-08 12:06:57.938   220   220 I hwservicemanager: getTransport: Cannot find entry android.hardware.keymaster@4.0::IKeymasterDevice/default in either framework or device VINTF manifest.
04-08 12:06:57.938   220   220 I hwservicemanager: getTransport: Cannot find entry android.hardware.keymaster@3.0::IKeymasterDevice/default in either framework or device VINTF manifest.
04-08 12:06:57.939   219   219 I servicemanager: Found android.system.keystore2.IKeystoreService/default in framework VINTF manifest.
04-08 12:06:57.939   220   220 I hwservicemanager: getTransport: Cannot find entry android.hardware.keymaster@4.0::IKeymasterDevice/default in either framework or device VINTF manifest.
04-08 12:06:57.939   219   219 I BpBinder: onLastStrongRef automatically unlinking death recipients: <uncached descriptor>
04-08 12:06:57.939   220   220 I hwservicemanager: getTransport: Cannot find entry android.hardware.keymaster@3.0::IKeymasterDevice/default in either framework or device VINTF manifest.
04-08 12:06:57.939   238   246 I keystore2: keystore2::shared_secret_negotiation: No StrongBox Keymint available, so no RoT transfer
04-08 12:06:57.939   238   248 I SELinux : SELinux: Loaded keystore2_key_contexts from:
04-08 12:06:57.939   238   248 I SELinux :     /system/etc/selinux/plat_keystore2_key_contexts
04-08 12:06:57.940   238   238 I keystore2: keystore2_main: Successfully registered Keystore 2.0 service.
04-08 12:06:57.940   238   238 I keystore2: keystore2_main: Joining thread pool now.
04-08 12:06:57.962   226   226 D vold    : Mounting metadata-encrypted filesystem:/data
04-08 12:06:57.962   220   220 I hwservicemanager: getTransport: Cannot find entry android.hardware.boot@1.0::IBootControl/default in either framework or device VINTF manifest.
04-08 12:06:57.963   226   226 I vold    : [libfs_mgr]superblock s_max_mnt_count:65535,/dev/block/dm-32
04-08 12:06:57.963   226   226 I vold    : [libfs_mgr]Filesystem on /dev/block/dm-32 was not cleanly shutdown; state flags: 0x1, incompat feature flags: 0x30046
04-08 12:06:58.120   226   226 I vold    : [libfs_mgr]check_fs(): mount(/dev/block/dm-32,/data,ext4)=0: Success
04-08 12:06:58.143   226   226 I vold    : [libfs_mgr]umount_retry(): unmount(/data) succeeded
04-08 12:06:58.143   226   226 I vold    : [libfs_mgr]Running /system/bin/e2fsck on /dev/block/dm-32
04-08 12:06:58.373   226   226 I vold    : [libfs_mgr]e2fsck returned status 0x100
04-08 12:06:58.373   226   226 I vold    : [libfs_mgr]superblock s_max_mnt_count:65535,/dev/block/dm-32
04-08 12:06:58.373   226   226 W vold    : [libfs_mgr]Reserved blocks 32768 is too large; capping to 31457
04-08 12:06:58.374   226   226 I vold    : [libfs_mgr]__mount(source=/dev/block/dm-32,target=/data,type=ext4)=0: Success
04-08 12:06:58.374   226   226 D vold    : Mounted /data
04-08 12:06:58.376   219   245 W libc    : Unable to set property "ctl.interface_start" to "aidl/android.system.keystore2.IKeystoreService/default": error code: 0x20
04-08 12:06:58.376   219   245 I servicemanager: Tried to start aidl service android.system.keystore2.IKeystoreService/default as a lazy service, but was unable to. Usually this happens when a service is not installed, but if the service is intended to be used as a lazy service, then it may be configured incorrectly.
04-08 12:06:58.378   226   226 I Checkpoint: cp_prepareCheckpoint called
04-08 12:06:58.381   226   226 I vold    : fscrypt_initialize_systemwide_keys
04-08 12:06:58.382   226   226 D vold    : Key exists, using: /data/unencrypted/key
04-08 12:06:58.384   226   226 D vold    : Installed fscrypt key with ref 9f1cfdd1ac05534b0b7bb7351b7f2035 to /data
04-08 12:06:58.384   226   226 D vold    : Added fscrypt-provisioning key for 9f1cfdd1ac05534b0b7bb7351b7f2035 to session keyring
04-08 12:06:58.386   226   226 I vold    : Wrote system DE key reference to:/data/unencrypted/ref
04-08 12:06:58.386   226   226 D vold    : Generating standard storage key
04-08 12:06:58.386   226   226 D vold    : Installed fscrypt key with ref 67efca5f020ce1a9000fc71f97b822df to /data
04-08 12:06:58.386   226   226 D vold    : Added fscrypt-provisioning key for 67efca5f020ce1a9000fc71f97b822df to session keyring
04-08 12:06:58.386   226   226 I vold    : Wrote per boot key reference to:/data/unencrypted/per_boot_ref
04-08 12:06:58.388   268   268 W init    : type=1400 audit(0.0:4): avc: denied { execute_no_trans } for path="/vendor/bin/toybox_vendor" dev="dm-3" ino=221 scontext=u:r:init:s0 tcontext=u:object_r:vendor_toolbox_exec:s0 tclass=file permissive=0 bug=b/183668221
04-08 12:06:58.411   267   267 I tombstoned: tombstoned successfully initialized
04-08 12:06:58.412   226   226 I incfs   : Initial API level of the device: 33
04-08 12:06:58.412   226   226 I incfs   : ro.incremental.enable: yes
04-08 12:06:58.412   226   226 I incfs   : isFsAvailable: true
04-08 12:06:58.412   226   226 I incfs   : isFsAvailable: true
04-08 12:06:58.412   226   226 I incfs   : IncFs_Features: v2
04-08 12:06:58.412   238   238 I keystore2: keystore2::maintenance: In early_boot_ended.
04-08 12:06:58.414   238   238 I keystore2: keystore2::globals: Touching Keystore 2.0 database for this first time since boot.
04-08 12:06:58.414   238   238 I keystore2: keystore2::globals: Calling cleanup leftovers.
04-08 12:06:58.414   238   238 I keystore2: keystore2::super_key: Starting boot level watcher.
04-08 12:06:58.414   238   271 I keystore2: keystore2::super_key: Read keystore.boot_level value 30
04-08 12:06:58.414   238   238 I keystore2: keystore2::maintenance: Call to earlyBootEnded succeeded for security level TRUSTED_ENVIRONMENT.
04-08 12:06:58.414   238   271 I keystore2: keystore2::super_key: Read keystore.boot_level value 30
04-08 12:06:58.415   220   220 I hwservicemanager: getTransport: Cannot find entry android.hardware.keymaster@4.0::IKeymasterDevice/default in either framework or device VINTF manifest.
04-08 12:06:58.415   220   220 I hwservicemanager: getTransport: Cannot find entry android.hardware.keymaster@3.0::IKeymasterDevice/default in either framework or device VINTF manifest.
04-08 12:06:58.415   238   238 E keystore2: keystore2::maintenance: Call to earlyBootEnded failed for security level STRONGBOX: In call_with_watchdog: getting keymint device.
04-08 12:06:58.415   238   238 E keystore2: keystore2::error: In call_with_watchdog: getting keymint device
04-08 12:06:58.415   238   238 E keystore2: 
04-08 12:06:58.415   238   238 E keystore2: Caused by:
04-08 12:06:58.415   238   238 E keystore2:     0: In get_keymint_device.
04-08 12:06:58.415   238   238 E keystore2:     1: In connect_keymint: Trying to get Legacy wrapper.
04-08 12:06:58.415   238   238 E keystore2:     2: Error::Km(ErrorCode(-68))
04-08 12:06:58.415   226   226 E vold    : keystore2 Keystore earlyBootEnded returned service specific error: -68
04-08 12:06:59.911   333   333 I derive_sdk: Read version 3 from 12
04-08 12:06:59.911   333   333 I derive_sdk: Read version 3 from 9
04-08 12:06:59.911   333   333 I derive_sdk: Read version 3 from 13
04-08 12:06:59.911   333   333 I derive_sdk: Read version 3 from 1
04-08 12:06:59.911   333   333 I derive_sdk: Read version 3 from 8
04-08 12:06:59.911   333   333 I derive_sdk: Read version 3 from 4
04-08 12:06:59.912   333   333 I derive_sdk: Read version 3 from 10
04-08 12:06:59.912   333   333 I derive_sdk: Read version 3 from 5
04-08 12:06:59.912   333   333 I derive_sdk: Read version 3 from 3
04-08 12:06:59.912   333   333 I derive_sdk: Read version 3 from 2
04-08 12:06:59.912   333   333 I derive_sdk: Read version 3 from 6
04-08 12:06:59.913   333   333 I derive_sdk: Read version 3 from 11
04-08 12:06:59.913   333   333 I derive_sdk: Read version 3 from 7
04-08 12:06:59.913   333   333 I derive_sdk: extension r version is 3
04-08 12:06:59.913   333   333 I derive_sdk: extension s version is 3
04-08 12:06:59.913   333   333 I derive_sdk: extension t version is 3
04-08 12:06:59.917   226   226 D vold    : fscrypt_init_user0
04-08 12:06:59.917   226   226 D vold    : Preparing: /data/misc/vold/user_keys
04-08 12:06:59.918   226   226 D vold    : Preparing: /data/misc/vold/user_keys/ce
04-08 12:06:59.918   226   226 D vold    : Preparing: /data/misc/vold/user_keys/de
04-08 12:06:59.920   226   226 D vold    : Installed fscrypt key with ref 863cf2eb14c6fc49db6acff402a47ee8 to /data
04-08 12:06:59.920   226   226 D vold    : Added fscrypt-provisioning key for 863cf2eb14c6fc49db6acff402a47ee8 to session keyring
04-08 12:06:59.920   226   226 D vold    : Installed de key for user 0
04-08 12:06:59.920   226   226 D vold    : fscrypt_prepare_user_storage for volume null, user 0, serial 0, flags 1
04-08 12:06:59.920   226   226 D vold    : Preparing: /data/system/users/0
04-08 12:06:59.920   226   226 D vold    : Preparing: /data/misc/profiles/cur/0
04-08 12:06:59.920   226   226 D vold    : Preparing: /data/system_de/0
04-08 12:06:59.921   226   226 D vold    : Preparing: /data/vendor_de/0
04-08 12:06:59.921   226   226 D vold    : Preparing: /data/misc_de/0
04-08 12:06:59.921   226   226 D vold    : Preparing: /data/user_de/0
04-08 12:06:59.921   226   226 I vold    : Verified that /data/system_de/0 has the encryption policy 863cf2eb14c6fc49db6acff402a47ee8 v2 modes 1/4 flags 0x2
04-08 12:06:59.921   226   226 I vold    : Verified that /data/vendor_de/0 has the encryption policy 863cf2eb14c6fc49db6acff402a47ee8 v2 modes 1/4 flags 0x2
04-08 12:06:59.921   226   226 I vold    : Verified that /data/misc_de/0 has the encryption policy 863cf2eb14c6fc49db6acff402a47ee8 v2 modes 1/4 flags 0x2
04-08 12:06:59.921   226   226 I vold    : Verified that /data/user_de/0 has the encryption policy 863cf2eb14c6fc49db6acff402a47ee8 v2 modes 1/4 flags 0x2
04-08 12:06:59.921   226   226 D vold    : /system/bin/vold_prepare_subdirs
04-08 12:06:59.921   226   226 D vold    :     prepare
04-08 12:06:59.921   226   226 D vold    :     
04-08 12:06:59.921   226   226 D vold    :     0
04-08 12:06:59.921   226   226 D vold    :     1
04-08 12:06:59.925   335   335 D vold_prepare_subdirs: Setting up mode 771 uid 1000 gid 1000 context u:object_r:system_data_file:s0:c512,c768 on path: /data/user_de/0
04-08 12:06:59.925   335   335 D vold_prepare_subdirs: Setting up mode 771 uid 1000 gid 1000 context u:object_r:sdk_sandbox_system_data_file:s0:c512,c768 on path: /data/misc_de/0/sdksandbox
04-08 12:06:59.925   335   335 D vold_prepare_subdirs: Setting up mode 700 uid 0 gid 0 context u:object_r:vold_data_file:s0 on path: /data/misc_de/0/vold
04-08 12:06:59.925   335   335 D vold_prepare_subdirs: Setting up mode 700 uid 0 gid 0 context u:object_r:storaged_data_file:s0 on path: /data/misc_de/0/storaged
04-08 12:06:59.926   335   335 D vold_prepare_subdirs: Setting up mode 700 uid 0 gid 0 context u:object_r:rollback_data_file:s0 on path: /data/misc_de/0/rollback
04-08 12:06:59.926   335   335 D vold_prepare_subdirs: Setting up mode 700 uid 0 gid 0 context u:object_r:apex_rollback_data_file:s0 on path: /data/misc_de/0/apexrollback
04-08 12:06:59.926   335   335 D vold_prepare_subdirs: Setting up mode 711 uid 0 gid 0 context u:object_r:apex_module_data_file:s0 on path: /data/misc_de/0/apexdata
04-08 12:06:59.926   335   335 D vold_prepare_subdirs: Setting up mode 771 uid 0 gid 1000 context u:object_r:apex_module_data_file:s0 on path: /data/misc_de/0/apexdata/com.android.appsearch
04-08 12:06:59.926   335   335 D vold_prepare_subdirs: Setting up mode 771 uid 0 gid 1000 context u:object_r:apex_module_data_file:s0 on path: /data/misc_de/0/apexdata/com.android.scheduling
04-08 12:06:59.926   335   335 D vold_prepare_subdirs: Setting up mode 771 uid 0 gid 1000 context u:object_r:apex_module_data_file:s0 on path: /data/misc_de/0/apexdata/com.android.ondevicepersonalization
04-08 12:06:59.926   335   335 D vold_prepare_subdirs: Setting up mode 771 uid 0 gid 1000 context u:object_r:apex_module_data_file:s0 on path: /data/misc_de/0/apexdata/com.android.ipsec
04-08 12:06:59.926   335   335 D vold_prepare_subdirs: Setting up mode 771 uid 0 gid 1000 context u:object_r:apex_module_data_file:s0 on path: /data/misc_de/0/apexdata/com.android.art
04-08 12:06:59.926   335   335 D vold_prepare_subdirs: Setting up mode 771 uid 0 gid 1000 context u:object_r:apex_system_server_data_file:s0 on path: /data/misc_de/0/apexdata/com.android.permission
04-08 12:06:59.926   335   335 D vold_prepare_subdirs: Setting up mode 771 uid 0 gid 1000 context u:object_r:apex_module_data_file:s0 on path: /data/misc_de/0/apexdata/com.android.conscrypt
04-08 12:06:59.927   335   335 D vold_prepare_subdirs: Setting up mode 771 uid 0 gid 1000 context u:object_r:apex_system_server_data_file:s0 on path: /data/misc_de/0/apexdata/com.android.uwb
04-08 12:06:59.927   335   335 D vold_prepare_subdirs: Setting up mode 771 uid 0 gid 1000 context u:object_r:apex_module_data_file:s0 on path: /data/misc_de/0/apexdata/com.android.sdkext
04-08 12:06:59.927   335   335 D vold_prepare_subdirs: Setting up mode 771 uid 0 gid 1000 context u:object_r:apex_module_data_file:s0 on path: /data/misc_de/0/apexdata/com.android.extservices
04-08 12:06:59.927   335   335 D vold_prepare_subdirs: Setting up mode 771 uid 0 gid 1000 context u:object_r:apex_module_data_file:s0 on path: /data/misc_de/0/apexdata/com.android.mediaprovider
04-08 12:06:59.927   335   335 D vold_prepare_subdirs: Setting up mode 771 uid 0 gid 1000 context u:object_r:apex_module_data_file:s0 on path: /data/misc_de/0/apexdata/com.android.media
04-08 12:06:59.927   335   335 D vold_prepare_subdirs: Setting up mode 771 uid 0 gid 1000 context u:object_r:apex_module_data_file:s0 on path: /data/misc_de/0/apexdata/com.android.os.statsd
04-08 12:06:59.927   335   335 D vold_prepare_subdirs: Setting up mode 771 uid 0 gid 1000 context u:object_r:apex_system_server_data_file:s0 on path: /data/misc_de/0/apexdata/com.android.wifi
04-08 12:06:59.927   335   335 D vold_prepare_subdirs: Setting up mode 771 uid 0 gid 1000 context u:object_r:apex_module_data_file:s0 on path: /data/misc_de/0/apexdata/com.android.cellbroadcast
04-08 12:06:59.927   335   335 D vold_prepare_subdirs: Setting up mode 771 uid 0 gid 1000 context u:object_r:apex_module_data_file:s0 on path: /data/misc_de/0/apexdata/com.android.neuralnetworks
04-08 12:06:59.927   335   335 D vold_prepare_subdirs: Setting up mode 771 uid 0 gid 1000 context u:object_r:apex_module_data_file:s0 on path: /data/misc_de/0/apexdata/com.android.adservices
04-08 12:06:59.927   335   335 D vold_prepare_subdirs: Setting up mode 771 uid 0 gid 1000 context u:object_r:apex_module_data_file:s0 on path: /data/misc_de/0/apexdata/com.android.resolv
04-08 12:06:59.927   335   335 D vold_prepare_subdirs: Setting up mode 771 uid 0 gid 1000 context u:object_r:apex_module_data_file:s0 on path: /data/misc_de/0/apexdata/com.android.tethering
04-08 12:06:59.927   335   335 D vold_prepare_subdirs: Setting up mode 771 uid 0 gid 1000 context u:object_r:apex_module_data_file:s0 on path: /data/misc_de/0/apexdata/com.android.adbd
04-08 12:06:59.927   335   335 D vold_prepare_subdirs: Setting up mode 771 uid 0 gid 1000 context u:object_r:apex_module_data_file:s0 on path: /data/misc_de/0/apexdata/com.android.media.swcodec
04-08 12:06:59.927   335   335 D vold_prepare_subdirs: Setting up mode 771 uid 0 gid 1000 context u:object_r:apex_module_data_file:s0 on path: /data/misc_de/0/apexdata/com.android.apex.cts.shim
04-08 12:06:59.927   335   335 D vold_prepare_subdirs: Setting up mode 771 uid 0 gid 1000 context u:object_r:apex_module_data_file:s0 on path: /data/misc_de/0/apexdata/com.android.btservices
04-08 12:06:59.927   335   335 D vold_prepare_subdirs: Setting up mode 771 uid 0 gid 1000 context u:object_r:apex_module_data_file:s0 on path: /data/misc_de/0/apexdata/com.android.runtime
04-08 12:06:59.927   335   335 D vold_prepare_subdirs: Setting up mode 771 uid 0 gid 1000 context u:object_r:apex_module_data_file:s0 on path: /data/misc_de/0/apexdata/com.android.tzdata
04-08 12:06:59.927   335   335 D vold_prepare_subdirs: Setting up mode 771 uid 0 gid 1000 context u:object_r:apex_module_data_file:s0 on path: /data/misc_de/0/apexdata/com.android.vndk.v33
04-08 12:06:59.927   335   335 D vold_prepare_subdirs: Setting up mode 771 uid 0 gid 1000 context u:object_r:apex_module_data_file:s0 on path: /data/misc_de/0/apexdata/com.android.i18n
04-08 12:06:59.927   335   335 D vold_prepare_subdirs: Setting up mode 771 uid 0 gid 1000 context u:object_r:apex_module_data_file:s0 on path: /data/misc_de/0/apexdata/sharedlibs
04-08 12:06:59.927   335   335 D vold_prepare_subdirs: Setting up mode 771 uid 1000 gid 1000 context u:object_r:user_profile_root_file:s0:c512,c768 on path: /data/misc/profiles/cur/0
04-08 12:06:59.927   335   335 D vold_prepare_subdirs: Setting up mode 700 uid 1000 gid 1000 context u:object_r:fingerprint_vendor_data_file:s0 on path: /data/vendor_de/0/fpdata
04-08 12:06:59.928   335   335 D vold_prepare_subdirs: Setting up mode 700 uid 1000 gid 1000 context u:object_r:face_vendor_data_file:s0 on path: /data/vendor_de/0/facedata
04-08 12:06:59.928   226   226 D vold    : Detected support for FS_IOC_ADD_ENCRYPTION_KEY
04-08 12:06:59.932   336   336 I derive_classpath: ParseFragments for bootclasspath
04-08 12:06:59.934   336   336 I derive_classpath: ReadClasspathFragment /apex/com.android.art/etc/classpaths/bootclasspath.pb
04-08 12:06:59.934   336   336 I derive_classpath: ReadClasspathFragment /system/etc/classpaths/bootclasspath.pb
04-08 12:06:59.935   336   336 I derive_classpath: ReadClasspathFragment /apex/com.android.adservices/etc/classpaths/bootclasspath.pb
04-08 12:06:59.935   336   336 I derive_classpath: ReadClasspathFragment /apex/com.android.appsearch/etc/classpaths/bootclasspath.pb
04-08 12:06:59.935   336   336 I derive_classpath: ReadClasspathFragment /apex/com.android.btservices/etc/classpaths/bootclasspath.pb
04-08 12:06:59.935   336   336 I derive_classpath: ReadClasspathFragment /apex/com.android.conscrypt/etc/classpaths/bootclasspath.pb
04-08 12:06:59.935   336   336 I derive_classpath: ReadClasspathFragment /apex/com.android.ipsec/etc/classpaths/bootclasspath.pb
04-08 12:06:59.935   336   336 I derive_classpath: ReadClasspathFragment /apex/com.android.media/etc/classpaths/bootclasspath.pb
04-08 12:06:59.935   336   336 I derive_classpath: ReadClasspathFragment /apex/com.android.mediaprovider/etc/classpaths/bootclasspath.pb
04-08 12:06:59.935   336   336 I derive_classpath: ReadClasspathFragment /apex/com.android.ondevicepersonalization/etc/classpaths/bootclasspath.pb
04-08 12:06:59.935   336   336 I derive_classpath: ReadClasspathFragment /apex/com.android.os.statsd/etc/classpaths/bootclasspath.pb
04-08 12:06:59.936   336   336 I derive_classpath: ReadClasspathFragment /apex/com.android.permission/etc/classpaths/bootclasspath.pb
04-08 12:06:59.936   336   336 I derive_classpath: ReadClasspathFragment /apex/com.android.scheduling/etc/classpaths/bootclasspath.pb
04-08 12:06:59.936   336   336 I derive_classpath: ReadClasspathFragment /apex/com.android.sdkext/etc/classpaths/bootclasspath.pb
04-08 12:06:59.936   336   336 I derive_classpath: ReadClasspathFragment /apex/com.android.tethering/etc/classpaths/bootclasspath.pb
04-08 12:06:59.936   336   336 I derive_classpath: ReadClasspathFragment /apex/com.android.uwb/etc/classpaths/bootclasspath.pb
04-08 12:06:59.936   336   336 I derive_classpath: ReadClasspathFragment /apex/com.android.wifi/etc/classpaths/bootclasspath.pb
04-08 12:06:59.937   336   336 I derive_classpath: ParseFragments for systemserverclasspath
04-08 12:06:59.937   336   336 I derive_classpath: ReadClasspathFragment /system/etc/classpaths/systemserverclasspath.pb
04-08 12:06:59.937   336   336 I derive_classpath: ReadClasspathFragment /apex/com.android.adservices/etc/classpaths/systemserverclasspath.pb
04-08 12:06:59.937   336   336 I derive_classpath: ReadClasspathFragment /apex/com.android.appsearch/etc/classpaths/systemserverclasspath.pb
04-08 12:06:59.937   336   336 I derive_classpath: ReadClasspathFragment /apex/com.android.art/etc/classpaths/systemserverclasspath.pb
04-08 12:06:59.937   336   336 I derive_classpath: ReadClasspathFragment /apex/com.android.btservices/etc/classpaths/systemserverclasspath.pb
04-08 12:06:59.937   336   336 I derive_classpath: ReadClasspathFragment /apex/com.android.media/etc/classpaths/systemserverclasspath.pb
04-08 12:06:59.938   336   336 I derive_classpath: ReadClasspathFragment /apex/com.android.os.statsd/etc/classpaths/systemserverclasspath.pb
04-08 12:06:59.938   336   336 I derive_classpath: ReadClasspathFragment /apex/com.android.permission/etc/classpaths/systemserverclasspath.pb
04-08 12:06:59.938   336   336 I derive_classpath: ReadClasspathFragment /apex/com.android.scheduling/etc/classpaths/systemserverclasspath.pb
04-08 12:06:59.938   336   336 I derive_classpath: ReadClasspathFragment /apex/com.android.tethering/etc/classpaths/systemserverclasspath.pb
04-08 12:06:59.938   336   336 I derive_classpath: ReadClasspathFragment /apex/com.android.uwb/etc/classpaths/systemserverclasspath.pb
04-08 12:06:59.938   336   336 I derive_classpath: ReadClasspathFragment /apex/com.android.wifi/etc/classpaths/systemserverclasspath.pb
04-08 12:06:59.938   336   336 I derive_classpath: WriteClasspathExports /data/system/environ/classpath
04-08 12:06:59.938   336   336 I derive_classpath: WriteClasspathExports content
04-08 12:06:59.938   336   336 I derive_classpath: export BOOTCLASSPATH /apex/com.android.art/javalib/core-oj.jar:/apex/com.android.art/javalib/core-libart.jar:/apex/com.android.art/javalib/okhttp.jar:/apex/com.android.art/javalib/bouncycastle.jar:/apex/com.android.art/javalib/apache-xml.jar:/system/framework/framework.jar:/system/framework/framework-graphics.jar:/system/framework/ext.jar:/system/framework/telephony-common.jar:/system/framework/voip-common.jar:/system/framework/ims-common.jar:/apex/com.android.i18n/javalib/core-icu4j.jar:/apex/com.android.adservices/javalib/framework-adservices.jar:/apex/com.android.adservices/javalib/framework-sdksandbox.jar:/apex/com.android.appsearch/javalib/framework-appsearch.jar:/apex/com.android.btservices/javalib/framework-bluetooth.jar:/apex/com.android.conscrypt/javalib/conscrypt.jar:/apex/com.android.ipsec/javalib/android.net.ipsec.ike.jar:/apex/com.android.media/javalib/updatable-media.jar:/apex/com.android.mediaprovider/javalib/framework-mediaprovider.jar:/apex/com.android.ondevicepersonalization/javalib/framework-ondevicepersonalization.jar:/apex/com.android.os.statsd/javalib/framework-statsd.jar:/apex/com.android.permission/javalib/framework-permission.jar:/apex/com.android.permission/javalib/framework-permission-s.jar:/apex/com.android.scheduling/javalib/framework-scheduling.jar:/apex/com.android.sdkext/javalib/framework-sdkextensions.jar:/apex/com.android.tethering/javalib/framework-connectivity.jar:/apex/com.android.tethering/javalib/framework-connectivity-t.jar:/apex/com.android.tethering/javalib/framework-tethering.jar:/apex/com.android.uwb/javalib/framework-uwb.jar:/apex/com.android.wifi/javalib/framework-wifi.jar
04-08 12:06:59.938   336   336 I derive_classpath: export DEX2OATBOOTCLASSPATH /apex/com.android.art/javalib/core-oj.jar:/apex/com.android.art/javalib/core-libart.jar:/apex/com.android.art/javalib/okhttp.jar:/apex/com.android.art/javalib/bouncycastle.jar:/apex/com.android.art/javalib/apache-xml.jar:/system/framework/framework.jar:/system/framework/framework-graphics.jar:/system/framework/ext.jar:/system/framework/telephony-common.jar:/system/framework/voip-common.jar:/system/framework/ims-common.jar:/apex/com.android.i18n/javalib/core-icu4j.jar
04-08 12:06:59.938   336   336 I derive_classpath: export SYSTEMSERVERCLASSPATH /system/framework/com.android.location.provider.jar:/system/framework/services.jar:/apex/com.android.adservices/javalib/service-adservices.jar:/apex/com.android.adservices/javalib/service-sdksandbox.jar:/apex/com.android.appsearch/javalib/service-appsearch.jar:/apex/com.android.art/javalib/service-art.jar:/apex/com.android.media/javalib/service-media-s.jar:/apex/com.android.permission/javalib/service-permission.jar
04-08 12:06:59.938   336   336 I derive_classpath: export STANDALONE_SYSTEMSERVER_JARS /apex/com.android.btservices/javalib/service-bluetooth.jar:/apex/com.android.os.statsd/javalib/service-statsd.jar:/apex/com.android.scheduling/javalib/service-scheduling.jar:/apex/com.android.tethering/javalib/service-connectivity.jar:/apex/com.android.uwb/javalib/service-uwb.jar:/apex/com.android.wifi/javalib/service-wifi.jar
04-08 12:06:59.947   337   337 I odsign  : Trying to retrieve existing HMAC key...
04-08 12:06:59.947   337   337 I odsign  : Trying to retrieve existing keystore key...
04-08 12:06:59.948   337   337 I odsign  : Verified public key signature.
04-08 12:06:59.948   337   337 I odsign  : Initialized Keystore key.
04-08 12:06:59.949   337   337 I odsign  : Found and verified existing public key certificate: /data/misc/odsign/key.cert
04-08 12:06:59.979   339   339 I odrefresh: ART APEX version 331012010
04-08 12:06:59.979   339   339 I odrefresh: Factory ART APEX mounted.
04-08 12:06:59.979   339   339 I odrefresh: System properties are set to default values.
04-08 12:06:59.980   339   339 I odrefresh: Factory APEXes mounted.
04-08 12:06:59.980   339   339 I odrefresh: System properties are set to default values.
04-08 12:06:59.983   337   337 I odsign  : Metrics report is empty
04-08 12:06:59.983   337   337 I odsign  : /data/misc/odsign/odsign.info not found.
04-08 12:06:59.983   337   337 I odsign  : odrefresh said artifacts are VALID
04-08 12:06:59.983   337   337 I odsign  : On-device signing done.
04-08 12:06:59.991   238   271 I keystore2: keystore2::super_key: keystore.boot_level 1000000000 hits maximum 1000000000, finishing.
04-08 12:06:59.999   342   342 I tzdatacheck: timezone distro dir /data/misc/zoneinfo/current does not exist. No action required.
04-08 12:07:00.012   350   350 W otapreopt_slot: Slot property empty.
04-08 12:07:00.102   364   364 I ServiceManager: Waiting for service 'statscompanion' on '/dev/binder'...
04-08 12:07:00.108   367   367 I HidlServiceManagement: Registered android.hidl.allocator@1.0::IAllocator/ashmem
04-08 12:07:00.108   367   367 I HidlServiceManagement: Removing namespace from process name android.hidl.allocator@1.0-service to allocator@1.0-service.
04-08 12:07:00.113   370   370 I HidlServiceManagement: Registered android.hardware.bluetooth@1.1::IBluetoothHci/default
04-08 12:07:00.113   370   370 I HidlServiceManagement: Removing namespace from process name android.hardware.bluetooth@1.1-service.btlinux to bluetooth@1.1-service.btlinux.
04-08 12:07:00.126   365   365 I netdClient: Skipping libnetd_client init since *we* are netd
04-08 12:07:00.133   390   390 I android.hardware.thermal@2.0-service-mock: Thermal HAL Service Mock 2.0 starting...
04-08 12:07:00.137   376   376 I HidlServiceManagement: Registered android.hardware.contexthub@1.1::IContexthub/default
04-08 12:07:00.137   376   376 I HidlServiceManagement: Removing namespace from process name android.hardware.contexthub@1.1-service.mock to contexthub@1.1-service.mock.
04-08 12:07:00.138   219   219 I servicemanager: Found android.hardware.power.IPower/default in device VINTF manifest.
04-08 12:07:00.144   388   388 I android.hardware.power.stats@1.0-service-mock: power.stats service 1.0 mock is starting.
04-08 12:07:00.145   388   388 I HidlServiceManagement: Registered android.hardware.power.stats@1.0::IPowerStats/default
04-08 12:07:00.145   369   369 I HidlServiceManagement: Registered android.hardware.authsecret@1.0::IAuthSecret/default
04-08 12:07:00.145   369   369 I HidlServiceManagement: Removing namespace from process name android.hardware.authsecret@1.0-service to authsecret@1.0-service.
04-08 12:07:00.145   390   390 I HidlServiceManagement: Registered android.hardware.thermal@2.0::IThermal/default
04-08 12:07:00.146   388   388 I HidlServiceManagement: Removing namespace from process name android.hardware.power.stats@1.0-service.mock to stats@1.0-service.mock.
04-08 12:07:00.146   388   388 I android.hardware.power.stats@1.0-service-mock: power.stats service is ready
04-08 12:07:00.146   390   390 I HidlServiceManagement: Removing namespace from process name android.hardware.thermal@2.0-service.mock to thermal@2.0-service.mock.
04-08 12:07:00.146   390   390 I android.hardware.thermal@2.0-service-mock: Thermal Service started successfully.
04-08 12:07:00.153   365   365 I netd    : netd 1.0 starting
04-08 12:07:00.156   384   384 I android.hardware.health@2.1-service: default instance initializing with healthd_config...
04-08 12:07:00.156   384   384 I HidlServiceManagement: Registered android.hardware.health@2.1::IHealth/default
04-08 12:07:00.156   384   384 I HidlServiceManagement: Removing namespace from process name android.hardware.health@2.1-service to health@2.1-service.
04-08 12:07:00.157   384   384 I android.hardware.health@2.1-service: default: Hal init done
04-08 12:07:00.158   219   219 I servicemanager: Found android.hardware.vibrator.IVibrator/default in device VINTF manifest.
04-08 12:07:00.158   219   219 I servicemanager: Found android.hardware.vibrator.IVibratorManager/default in device VINTF manifest.
04-08 12:07:00.159   219   219 I servicemanager: Found android.hardware.drm.IDrmFactory/clearkey in device VINTF manifest.
04-08 12:07:00.160   373   373 I HidlServiceManagement: Registered android.hardware.cas@1.2::IMediaCasService/default
04-08 12:07:00.161   373   373 I HidlServiceManagement: Removing namespace from process name android.hardware.cas@1.2-service to cas@1.2-service.
04-08 12:07:00.161   219   219 I servicemanager: Found android.hardware.identity.IIdentityCredentialStore/default in device VINTF manifest.
04-08 12:07:00.163   219   219 I servicemanager: Found android.hardware.light.ILights/default in device VINTF manifest.
04-08 12:07:00.169   381   381 I HidlServiceManagement: Registered android.hardware.gatekeeper@1.0::IGatekeeper/default
04-08 12:07:00.170   381   381 I HidlServiceManagement: Removing namespace from process name android.hardware.gatekeeper@1.0-service.software to gatekeeper@1.0-service.software.
04-08 12:07:00.171   391   391 I HidlServiceManagement: Registered android.hardware.usb@1.0::IUsb/default
04-08 12:07:00.171   391   391 I HidlServiceManagement: Removing namespace from process name android.hardware.usb@1.0-service to usb@1.0-service.
04-08 12:07:00.171   391   391 I android.hardware.usb@1.0-service: USB HAL Ready.
04-08 12:07:00.173   219   219 I servicemanager: Found android.hardware.rebootescrow.IRebootEscrow/default in device VINTF manifest.
04-08 12:07:00.178   389   389 I android.hardware.sensors@2.1-impl.ranchu: MultihalSensors:78: host sensors mask=207ff, available sensors mask=3ff
04-08 12:07:00.178   389   389 I HidlServiceManagement: Registered android.hardware.sensors@2.1::ISensors/default
04-08 12:07:00.178   389   389 I HidlServiceManagement: Removing namespace from process name android.hardware.sensors@2.1-service.multihal to sensors@2.1-service.multihal.
04-08 12:07:00.179   372   372 I android.hardware.pixel.camera.provider@2.7-service: Google camera provider service is starting.
04-08 12:07:00.180   372   372 I android.hardware.pixel.camera.provider@2.7-service: Not using ApexUpdateListener since not running in an apex.
04-08 12:07:00.180   372   372 I GCH_CameraProvider: CreateHwl:Loading libgooglecamerahwl_impl.so library
04-08 12:07:00.184   371   371 I android.hardware.camera.provider@2.4-service: CameraProvider@2.4 legacy service is starting.
04-08 12:07:00.186   365   365 I netd    : Pid file removed
04-08 12:07:00.186   365   365 I netd    : SIGPIPE is blocked
04-08 12:07:00.186   365   365 I netd    : setCloseOnExec(dnsproxyd)
04-08 12:07:00.186   365   365 I netd    : setCloseOnExec(fwmarkd)
04-08 12:07:00.186   365   365 I netd    : setCloseOnExec(mdns)
04-08 12:07:00.186   365   365 I NetdUpdatable: libnetd_updatable_init: Initializing
04-08 12:07:00.187   365   365 I BpfHandler: BPF programs are loaded
04-08 12:07:00.187   365   365 I BpfHandler: initMaps successfully
04-08 12:07:00.187   365   365 I netd    : libnetd_updatable_init success
04-08 12:07:00.193   365   365 I netd    : NetlinkManager instanced
04-08 12:07:00.193   365   365 I netd    : enter NetworkController ctor
04-08 12:07:00.193   365   365 E TcUtils : NLMSG_ERROR message return error: -2
04-08 12:07:00.193   365   365 E TcUtils : NLMSG_ERROR message return error: -2
04-08 12:07:00.193   365   365 E TcUtils : NLMSG_ERROR message return error: -2
04-08 12:07:00.193   365   365 E TcUtils : NLMSG_ERROR message return error: -2
04-08 12:07:00.193   365   365 E TcUtils : NLMSG_ERROR message return error: -2
04-08 12:07:00.193   365   365 E TcUtils : NLMSG_ERROR message return error: -2
04-08 12:07:00.193   365   365 E TcUtils : NLMSG_ERROR message return error: -2
04-08 12:07:00.193   365   365 E TcUtils : NLMSG_ERROR message return error: -2
04-08 12:07:00.193   365   365 E TcUtils : NLMSG_ERROR message return error: -2
04-08 12:07:00.193   365   365 E TcUtils : NLMSG_ERROR message return error: -2
04-08 12:07:00.193   365   365 E TcUtils : NLMSG_ERROR message return error: -2
04-08 12:07:00.193   365   365 E TcUtils : NLMSG_ERROR message return error: -2
04-08 12:07:00.193   365   365 E TcUtils : NLMSG_ERROR message return error: -2
04-08 12:07:00.193   365   365 E TcUtils : NLMSG_ERROR message return error: -2
04-08 12:07:00.193   365   365 E TcUtils : NLMSG_ERROR message return error: -2
04-08 12:07:00.193   365   365 E TcUtils : NLMSG_ERROR message return error: -2
04-08 12:07:00.193   365   365 I netd    : leave NetworkController ctor
04-08 12:07:00.193   365   365 I netd    : enter TetherController ctor
04-08 12:07:00.193   365   365 D TetherController: Setting IP forward enable = 0
04-08 12:07:00.194   365   365 I netd    : leave TetherController ctor
04-08 12:07:00.200   379   379 I HidlServiceManagement: Registered android.hardware.drm@1.0::IDrmFactory/default
04-08 12:07:00.202   379   379 I HidlServiceManagement: Removing namespace from process name android.hardware.drm@1.0-service to drm@1.0-service.
04-08 12:07:00.202   379   379 I LegacySupport: Registration complete for android.hardware.drm@1.0::IDrmFactory/default.
04-08 12:07:00.202   379   379 I HidlServiceManagement: Registered android.hardware.drm@1.0::ICryptoFactory/default
04-08 12:07:00.202   379   379 I HidlServiceManagement: Removing namespace from process name android.hardware.drm@1.0-service to drm@1.0-service.
04-08 12:07:00.202   379   379 I LegacySupport: Registration complete for android.hardware.drm@1.0::ICryptoFactory/default.
04-08 12:07:00.204   380   380 I HidlServiceManagement: Registered android.hardware.drm@1.4::IDrmFactory/clearkey
04-08 12:07:00.204   380   380 I HidlServiceManagement: Removing namespace from process name android.hardware.drm@1.4-service.clearkey to drm@1.4-service.clearkey.
04-08 12:07:00.204   380   380 I HidlServiceManagement: Registered android.hardware.drm@1.4::ICryptoFactory/clearkey
04-08 12:07:00.204   380   380 I HidlServiceManagement: Removing namespace from process name android.hardware.drm@1.4-service.clearkey to drm@1.4-service.clearkey.
04-08 12:07:00.205   392   392 I android.hardware.wifi@1.0-service: Wifi Hal is booting up...
04-08 12:07:00.212   392   392 I HidlServiceManagement: Registered android.hardware.wifi@1.6::IWifi/default
04-08 12:07:00.212   392   392 I HidlServiceManagement: Removing namespace from process name android.hardware.wifi@1.0-service to wifi@1.0-service.
04-08 12:07:00.212   387   387 I HidlServiceManagement: Registered android.hardware.neuralnetworks@1.3::IDevice/nnapi-sample_float_fast
04-08 12:07:00.212   386   386 I HidlServiceManagement: Registered android.hardware.neuralnetworks@1.3::IDevice/nnapi-sample_all
04-08 12:07:00.212   386   386 I HidlServiceManagement: Removing namespace from process name android.hardware.neuralnetworks@1.3-service-sample-all to neuralnetworks@1.3-service-sample-all.
04-08 12:07:00.212   387   387 I HidlServiceManagement: Removing namespace from process name android.hardware.neuralnetworks@1.3-service-sample-limited to neuralnetworks@1.3-service-sample-limited.
04-08 12:07:00.212   387   387 I HidlServiceManagement: Registered android.hardware.neuralnetworks@1.3::IDevice/nnapi-sample_float_slow
04-08 12:07:00.212   387   387 I HidlServiceManagement: Removing namespace from process name android.hardware.neuralnetworks@1.3-service-sample-limited to neuralnetworks@1.3-service-sample-limited.
04-08 12:07:00.212   387   387 I HidlServiceManagement: Registered android.hardware.neuralnetworks@1.3::IDevice/nnapi-sample_minimal
04-08 12:07:00.212   387   387 I HidlServiceManagement: Removing namespace from process name android.hardware.neuralnetworks@1.3-service-sample-limited to neuralnetworks@1.3-service-sample-limited.
04-08 12:07:00.212   387   387 I HidlServiceManagement: Registered android.hardware.neuralnetworks@1.3::IDevice/nnapi-sample_quant
04-08 12:07:00.212   387   387 I HidlServiceManagement: Removing namespace from process name android.hardware.neuralnetworks@1.3-service-sample-limited to neuralnetworks@1.3-service-sample-limited.
04-08 12:07:00.215   365   365 I netd    : Creating child chains: 20440us
04-08 12:07:00.215   365   365 I netd    : Setting up OEM hooks: 54us
04-08 12:07:00.215   365   365 I netd    : Setting up FirewallController hooks: 83us
04-08 12:07:00.216   365   365 I netd    : Setting up TetherController hooks: 430us
04-08 12:07:00.216   365   365 I netd    : Setting up BandwidthController hooks: 216us
04-08 12:07:00.216   365   365 I netd    : Setting up IdletimerController hooks: 4us
04-08 12:07:00.216   365   365 I netd    : Setting up StrictController hooks: 468us
04-08 12:07:00.217   365   365 I netd    : Enabling bandwidth control: 905us
04-08 12:07:00.218   365   365 I netd    : Initializing RouteController: 373us
04-08 12:07:00.218   365   365 D XfrmController: XfrmController::ipSecAddXfrmInterface, line=1480
04-08 12:07:00.219   365   365 D XfrmController: XfrmController::ipSecRemoveTunnelInterface, line=1693
04-08 12:07:00.219   365   365 D XfrmController: deviceName=ipsec_test
04-08 12:07:00.221   219   219 I servicemanager: Found android.hardware.drm.IDrmFactory/widevine in device VINTF manifest.
04-08 12:07:00.223   429   429 I bootstat: Service started: /system/bin/bootstat --set_system_boot_reason 
04-08 12:07:00.223   429   429 I bootstat: Canonical boot reason: reboot
04-08 12:07:00.223   429   429 I bootstat: Canonical boot reason: reboot
04-08 12:07:00.234   368   368 I HidlServiceManagement: Registered android.hardware.audio@7.1::IDevicesFactory/default
04-08 12:07:00.234   368   368 I HidlServiceManagement: Removing namespace from process name android.hardware.audio.service to audio.service.
04-08 12:07:00.234   368   368 I LegacySupport: Registration complete for android.hardware.audio@7.1::IDevicesFactory/default.
04-08 12:07:00.235   426   426 I adbd    : persist.adb.watchdog set to ''
04-08 12:07:00.235   426   426 I adbd    : persist.sys.test_harness set to ''
04-08 12:07:00.235   426   426 I adbd    : adb watchdog timeout set to 600 seconds
04-08 12:07:00.235   426   426 I adbd    : Setup mdns on port= 5555
04-08 12:07:00.235   426   426 I adbd    : adbd listening on tcp:5555
04-08 12:07:00.235   426   426 I adbd    : adbd listening on vsock:5555
04-08 12:07:00.235   426   426 I adbd    : adbd started
04-08 12:07:00.235   426   438 I adbd    : Waiting for persist.adb.tls_server.enable=1
04-08 12:07:00.236   429   429 E bootstat: Failed to read /metadata/bootstat/persist.sys.boot.reason: No such file or directory
04-08 12:07:00.236   429   429 I bootstat: Value of persist.sys.boot.reason : 
04-08 12:07:00.236   429   429 I bootstat: Normalized last reboot reason : reboot
04-08 12:07:00.239   429   429 E bootstat: Failed to unlink /metadata/bootstat/persist.sys.boot.reason: No such file or directory
04-08 12:07:00.240   431   431 I perfetto:           probes.cc:104 Starting /system/bin/traced_probes service
04-08 12:07:00.241   408   408 I gsid    : no DSU: No such file or directory
04-08 12:07:00.242   431   431 I perfetto:  probes_producer.cc:346 Disconnected from tracing service
04-08 12:07:00.242   431   446 I perfetto: _activity_trigger.cc:71 mm_events ftrace instance not found. Triggering of traces on memory pressure will not be available on this device.
04-08 12:07:00.240     1     1 W init    : type=1400 audit(0.0:5): avc: denied { getattr } for path="/system/bin/logcat" dev="dm-0" ino=405 scontext=u:r:init:s0 tcontext=u:object_r:logcat_exec:s0 tclass=file permissive=0
04-08 12:07:00.242   404   404 I credstore: Registered binder service
04-08 12:07:00.243   385   385 D android.hardware.media.c2@1.0-service-goldfish: Goldfish C2 Service starting...
04-08 12:07:00.244   385   385 W android.hardware.media.c2@1.0-service-goldfish: Could not read additional policy file '/vendor/etc/seccomp_policy/codec2.vendor.ext.policy'
04-08 12:07:00.244   385   385 W android.hardware.media.c2@1.0-service-goldfish: libminijail[385]: failed to get path of fd 4: No such file or directory
