04-08 12:27:38.427   751   902 D HostConnection: HostComposition ext ANDROID_EMU_CHECKSUM_HELPER_v1 ANDROID_EMU_native_sync_v2 ANDROID_EMU_native_sync_v3 ANDROID_EMU_native_sync_v4 ANDROID_EMU_dma_v1 ANDROID_EMU_host_composition_v1 ANDROID_EMU_host_composition_v2 ANDROID_EMU_vulkan ANDROID_EMU_deferred_vulkan_commands ANDROID_EMU_vulkan_null_optional_strings ANDROID_EMU_vulkan_create_resources_with_requirements ANDROID_EMU_YUV_Cache ANDROID_EMU_vulkan_ignored_handles ANDROID_EMU_has_shared_slots_host_memory_allocator ANDROID_EMU_vulkan_free_memory_sync ANDROID_EMU_vulkan_shader_float16_int8 ANDROID_EMU_vulkan_async_queue_submit ANDROID_EMU_vulkan_queue_submit_with_commands ANDROID_EMU_sync_buffer_data ANDROID_EMU_vulkan_async_qsri GL_OES_EGL_image_external_essl3 GL_OES_vertex_array_object ANDROID_EMU_host_side_tracing ANDROID_EMU_gles_max_version_3_0 
04-08 12:27:38.429   751   902 W OpenGLRenderer: Failed to choose config with EGL_SWAP_BEHAVIOR_PRESERVED, retrying without...
04-08 12:27:38.430   751   902 W OpenGLRenderer: Failed to initialize 101010-2 format, error = EGL_SUCCESS
04-08 12:27:38.430   751   902 D EGL_emulation: eglCreateContext: 0xb400007b2555b890: maj 3 min 0 rcv 3
04-08 12:27:38.431   751   902 D EGL_emulation: eglMakeCurrent: 0xb400007b2555b890: ver 3 0 (tinfo 0x7d38c62080) (first time)
04-08 12:27:38.433   569   569 D nativeloader: Configuring classloader-namespace-shared for other apk /system/priv-app/FusedLocation/FusedLocation.apk. target_sdk_version=33, uses_libraries=, library_path=/system/priv-app/FusedLocation/lib/arm64:/system/priv-app/FusedLocation/FusedLocation.apk!/lib/arm64-v8a:/system/lib64:/system_ext/lib64, permitted_path=/data:/mnt/expand:/data/user_de/0/com.android.location.fused:/system/priv-app/FusedLocation:/system/lib64:/system_ext/lib64
04-08 12:27:38.434   569   582 D CoreBackPreview: Window{f4c5788 u0 com.android.settings/com.android.settings.FallbackHome}: Setting back callback OnBackInvokedCallbackInfo{mCallback=android.window.IOnBackInvokedCallback$Stub$Proxy@4e013f6, mPriority=-1}
04-08 12:27:38.434   569   569 D NetworkSecurityConfig: No Network Security Config specified, using platform default
04-08 12:27:38.436   929   929 E id.ext.services: Not starting debugger since process cannot load the jdwp agent.
04-08 12:27:38.436   569   586 I ServiceWatcher: [fused] connected to {com.android.location.fused/com.android.location.fused.FusedLocationService}
04-08 12:27:38.437   569   569 E WiredAccessoryManager: No state change.
04-08 12:27:38.437   569   569 W WiredAccessoryManager: Both input event and extcon are used for audio jack, please just choose one.
04-08 12:27:38.437   484   914 I DMABUFHEAPS: Using DMA-BUF heap named: system
04-08 12:27:38.438   569   569 W TrustManagerService: EXTRA_USER_HANDLE missing or invalid, value=0
04-08 12:27:38.441   822   822 D CompatibilityChangeReporter: Compat change id reported: 194532703; UID 1073; state: ENABLED
04-08 12:27:38.441   569   743 D CompatibilityChangeReporter: Compat change id reported: 194532703; UID 1073; state: ENABLED
04-08 12:27:38.441   569   569 D SystemServerTiming: ManagedServices.unbindOtherUserServices_current0
04-08 12:27:38.442   569   569 V ConditionProviders: enabling condition provider for 0: ComponentInfo{com.google.android.apps.wellbeing/com.google.android.apps.wellbeing.dnd.impl.DndConditionProviderService}
04-08 12:27:38.442   569   569 V ConditionProviders: Not registering ComponentInfo{com.google.android.apps.wellbeing/com.google.android.apps.wellbeing.dnd.impl.DndConditionProviderService} is already bound
04-08 12:27:38.442   569   569 D SystemServerTiming: ManagedServices.unbindOtherUserServices_current0
04-08 12:27:38.442   569   569 V NotificationListeners: enabling notification listener for 0: ComponentInfo{com.google.android.apps.nexuslauncher/com.android.launcher3.notification.NotificationListener}
04-08 12:27:38.442   569   569 V NotificationListeners: binding: Intent { act=android.service.notification.NotificationListenerService cmp=com.google.android.apps.nexuslauncher/com.android.launcher3.notification.NotificationListener (has extras) }
04-08 12:27:38.442   569   569 W ActivityManager: Unable to start service Intent { act=android.service.notification.NotificationListenerService cmp=com.google.android.apps.nexuslauncher/com.android.launcher3.notification.NotificationListener } U=0: not found
04-08 12:27:38.442   569   569 W NotificationListeners: Unable to bind notification listener service: Intent { act=android.service.notification.NotificationListenerService cmp=com.google.android.apps.nexuslauncher/com.android.launcher3.notification.NotificationListener (has extras) } in user 0
04-08 12:27:38.442   569   569 V NotificationListeners: enabling notification listener for 0: ComponentInfo{com.google.android.as/com.google.android.apps.miphone.aiai.common.notification.service.AiAiNotificationListenerService}
04-08 12:27:38.442   569   569 V NotificationListeners: binding: Intent { act=android.service.notification.NotificationListenerService cmp=com.google.android.as/com.google.android.apps.miphone.aiai.common.notification.service.AiAiNotificationListenerService (has extras) }
04-08 12:27:38.442   569   569 W ActivityManager: Unable to start service Intent { act=android.service.notification.NotificationListenerService cmp=com.google.android.as/com.google.android.apps.miphone.aiai.common.notification.service.AiAiNotificationListenerService } U=0: not found
04-08 12:27:38.442   569   569 W NotificationListeners: Unable to bind notification listener service: Intent { act=android.service.notification.NotificationListenerService cmp=com.google.android.as/com.google.android.apps.miphone.aiai.common.notification.service.AiAiNotificationListenerService (has extras) } in user 0
04-08 12:27:38.442   569   569 D SystemServerTiming: ManagedServices.unbindOtherUserServices_current0
04-08 12:27:38.442   569   569 V NotificationAssistants: enabling notification assistant for 0: ComponentInfo{com.google.android.as/com.google.android.apps.miphone.aiai.common.notification.service.AiAiNotificationAssistantService}
04-08 12:27:38.442   569   569 V NotificationAssistants: binding: Intent { act=android.service.notification.NotificationAssistantService cmp=com.google.android.as/com.google.android.apps.miphone.aiai.common.notification.service.AiAiNotificationAssistantService (has extras) }
04-08 12:27:38.442   569   569 W ActivityManager: Unable to start service Intent { act=android.service.notification.NotificationAssistantService cmp=com.google.android.as/com.google.android.apps.miphone.aiai.common.notification.service.AiAiNotificationAssistantService } U=0: not found
04-08 12:27:38.442   569   569 W NotificationAssistants: Unable to bind notification assistant service: Intent { act=android.service.notification.NotificationAssistantService cmp=com.google.android.as/com.google.android.apps.miphone.aiai.common.notification.service.AiAiNotificationAssistantService (has extras) } in user 0
04-08 12:27:38.442   569   743 D ConnectivityService: requestNetwork for uid/pid:1073/822 activeRequest: null callbackRequest: 40 [NetworkRequest [ REQUEST id=41, [ Capabilities: INTERNET&NOT_RESTRICTED&TRUSTED&NOT_VCN_MANAGED Uid: 1073 RequestorUid: 1073 RequestorPkg: com.google.android.networkstack UnderlyingNetworks: Null] ]] callback flags: 0 order: 2147483647
04-08 12:27:38.443   878   878 W ContextImpl: Failed to ensure /data/user/0/com.android.se/cache: mkdir failed: ENOENT (No such file or directory)
04-08 12:27:38.443   878   878 W ContextImpl: Failed to update user.inode_cache: stat failed: ENOENT (No such file or directory)
04-08 12:27:38.443   569   691 D ConnectivityService: NetReassign [no changes] [c 0] [a 0] [i 0]
04-08 12:27:38.444   220   220 I hwservicemanager: getTransport: Cannot find entry android.hardware.graphics.mapper@4.0::IMapper/default in either framework or device VINTF manifest.
04-08 12:27:38.444   751   902 I Gralloc4: mapper 4.x is not supported
04-08 12:27:38.444   751   902 D HostConnection: createUnique: call
04-08 12:27:38.445   751   902 D HostConnection: HostConnection::get() New Host Connection established 0xb400007b2555c310, tid 902
04-08 12:27:38.445   751   902 D goldfish-address-space: allocate: Ask for block of size 0x100
04-08 12:27:38.445   751   902 D goldfish-address-space: allocate: ioctl allocate returned offset 0x1f7ff8000 size 0x8000
04-08 12:27:38.447   822   822 D nativeloader: Configuring classloader-namespace-shared for other apk /apex/com.android.tethering/priv-app/TetheringGoogle@331012010/TetheringGoogle.apk. target_sdk_version=33, uses_libraries=, library_path=/apex/com.android.tethering/priv-app/TetheringGoogle@331012010/lib/arm64:/apex/com.android.tethering/priv-app/TetheringGoogle@331012010/TetheringGoogle.apk!/lib/arm64-v8a:/system/lib64:/system_ext/lib64, permitted_path=/data:/mnt/expand:/data/user_de/0/com.google.android.networkstack.tethering:/apex/com.android.tethering/priv-app/TetheringGoogle@331012010:/system/lib64:/system_ext/lib64
04-08 12:27:38.447   220   220 I hwservicemanager: getTransport: Cannot find entry android.hardware.graphics.allocator@4.0::IAllocator/default in either framework or device VINTF manifest.
04-08 12:27:38.447   219   219 I servicemanager: Could not find android.hardware.graphics.allocator.IAllocator/default in the VINTF manifest.
04-08 12:27:38.447   751   902 W Gralloc4: allocator 4.x is not supported
04-08 12:27:38.447   923   923 E m.android.phone: Not starting debugger since process cannot load the jdwp agent.
04-08 12:27:38.447   382   436 D goldfish-address-space: claimShared: Ask to claim region [0x1f92d0000 0x1f9c38000]
04-08 12:27:38.447   822   822 D NetworkSecurityConfig: No Network Security Config specified, using platform default
04-08 12:27:38.448   569   691 D ConnectivityService: NetReassign [no changes] [c 0] [a 0] [i 0]
04-08 12:27:38.448   569   747 D CompatibilityChangeReporter: Compat change id reported: 168419799; UID 10157; state: DISABLED
04-08 12:27:38.449   751   902 D HostConnection: HostComposition ext ANDROID_EMU_CHECKSUM_HELPER_v1 ANDROID_EMU_native_sync_v2 ANDROID_EMU_native_sync_v3 ANDROID_EMU_native_sync_v4 ANDROID_EMU_dma_v1 ANDROID_EMU_host_composition_v1 ANDROID_EMU_host_composition_v2 ANDROID_EMU_vulkan ANDROID_EMU_deferred_vulkan_commands ANDROID_EMU_vulkan_null_optional_strings ANDROID_EMU_vulkan_create_resources_with_requirements ANDROID_EMU_YUV_Cache ANDROID_EMU_vulkan_ignored_handles ANDROID_EMU_has_shared_slots_host_memory_allocator ANDROID_EMU_vulkan_free_memory_sync ANDROID_EMU_vulkan_shader_float16_int8 ANDROID_EMU_vulkan_async_queue_submit ANDROID_EMU_vulkan_queue_submit_with_commands ANDROID_EMU_sync_buffer_data ANDROID_EMU_vulkan_async_qsri GL_OES_EGL_image_external_essl3 GL_OES_vertex_array_object ANDROID_EMU_host_side_tracing ANDROID_EMU_gles_max_version_3_0 
04-08 12:27:38.451   382   436 D goldfish-address-space: claimShared: Ask to claim region [0x1f9c38000 0x1fa5a0000]
04-08 12:27:38.451   382   436 D goldfish-address-space: claimShared: Ask to claim region [0x1fa5a0000 0x1faf08000]
04-08 12:27:38.458   878   878 V GraphicsEnvironment: ANGLE Developer option for 'com.android.se' set to: 'default'
04-08 12:27:38.458   878   878 V GraphicsEnvironment: ANGLE GameManagerService for com.android.se: false
04-08 12:27:38.459   878   878 V GraphicsEnvironment: Neither updatable production driver nor prerelease driver is supported.
04-08 12:27:38.460   569   596 W BestClock: java.time.DateTimeException: Missing NTP fix
04-08 12:27:38.461   852   852 V GraphicsEnvironment: ANGLE Developer option for 'com.android.bluetooth' set to: 'default'
04-08 12:27:38.461   852   852 V GraphicsEnvironment: ANGLE GameManagerService for com.android.bluetooth: false
04-08 12:27:38.461   852   852 V GraphicsEnvironment: Neither updatable production driver nor prerelease driver is supported.
04-08 12:27:38.461   751   902 W Parcel  : Expecting binder but got null!
04-08 12:27:38.461   569   596 W BestClock: java.time.DateTimeException: Missing NTP fix
04-08 12:27:38.461   852   852 D NetworkSecurityConfig: No Network Security Config specified, using platform default
04-08 12:27:38.462   852   852 D NetworkSecurityConfig: No Network Security Config specified, using platform default
04-08 12:27:38.464   833   833 I WebViewZygoteInit: Application preload done
04-08 12:27:38.466   878   878 D NetworkSecurityConfig: No Network Security Config specified, using platform default
04-08 12:27:38.466   878   878 D NetworkSecurityConfig: No Network Security Config specified, using platform default
04-08 12:27:38.473   569   589 D ActivityManagerTiming: FinishBooting
04-08 12:27:38.477   569   735 D NetworkStats: registerNetworkStatsProvider from OffloadController uid/pid=1073/822
04-08 12:27:38.479   569   790 D CCodecBufferChannel: [c2.android.vorbis.decoder#368] MediaCodec discarded an unknown buffer
04-08 12:27:38.479   569   790 D CCodecBufferChannel: [c2.android.vorbis.decoder#368] MediaCodec discarded an unknown buffer
04-08 12:27:38.480   569   903 D CompatibilityChangeReporter: Compat change id reported: 168419799; UID 1001; state: DISABLED
04-08 12:27:38.483   569   596 W BestClock: java.time.DateTimeException: Missing NTP fix
04-08 12:27:38.484   569   589 W KeyguardServiceDelegate: onScreenTurningOn(): no keyguard service!
04-08 12:27:38.485   923   923 D CompatibilityChangeReporter: Compat change id reported: 171979766; UID 1001; state: ENABLED
04-08 12:27:38.486   878   878 I SecureElementService: main onCreate
04-08 12:27:38.487   569   907 D CompatibilityChangeReporter: Compat change id reported: 161145287; UID 1068; state: DISABLED
04-08 12:27:38.487   856   856 D nativeloader: Configuring classloader-namespace for other apk /data/app/~~_NqPXGn5xagSOvNMIdGtOw==/com.google.android.gms-Uwbmh4SP4kSIZTjQ0bhK2A==/base.apk. target_sdk_version=34, uses_libraries=, library_path=/data/app/~~_NqPXGn5xagSOvNMIdGtOw==/com.google.android.gms-Uwbmh4SP4kSIZTjQ0bhK2A==/lib/arm64:/data/app/~~_NqPXGn5xagSOvNMIdGtOw==/com.google.android.gms-Uwbmh4SP4kSIZTjQ0bhK2A==/base.apk!/lib/arm64-v8a, permitted_path=/data:/mnt/expand:/data/user/0/com.google.android.gms
04-08 12:27:38.488   878   878 I SecureElementService: Check if terminal eSE1 is available.
04-08 12:27:38.488   569   790 I hw-BpHwBinder: onLastStrongRef automatically unlinking death recipients
04-08 12:27:38.488   484   510 I hw-BpHwBinder: onLastStrongRef automatically unlinking death recipients
04-08 12:27:38.489   220   220 I hwservicemanager: getTransport: Cannot find entry android.hardware.secure_element@1.2::ISecureElement/eSE1 in either framework or device VINTF manifest.
04-08 12:27:38.489   569   735 D CompatibilityChangeReporter: Compat change id reported: 161145287; UID 1073; state: DISABLED
04-08 12:27:38.492   929   929 D CompatibilityChangeReporter: Compat change id reported: 171979766; UID 10157; state: ENABLED
04-08 12:27:38.493   769   769 V WindowManagerShell: Adding init callback for OneHandedController
04-08 12:27:38.495   569   569 D ConditionProviders.SCP: onSubscribe condition://android/schedule?days=1.2.3.4.5.6.7&start=22.0&end=7.0&exitAtAlarm=true
04-08 12:27:38.495   569   698 W ActivityThread: Failed to find provider info for com.android.calendar (user not unlocked)
04-08 12:27:38.496   569   569 D ConditionProviders.SCP: setRegistered true
04-08 12:27:38.496   569   698 W ActivityThread: Failed to find provider info for com.android.calendar (user not unlocked)
04-08 12:27:38.497   923   923 D nativeloader: Configuring classloader-namespace-shared for other apk /system/framework/org.apache.http.legacy.jar. target_sdk_version=33, uses_libraries=ALL, library_path=/system/priv-app/TeleService/lib/arm64:/system/lib64:/system_ext/lib64, permitted_path=/data:/mnt/expand:/data/user_de/0/com.android.phone:/system/priv-app/TeleService:/system/lib64:/system_ext/lib64
04-08 12:27:38.497   878   878 D SecureElement-Terminal-eSE1: SE Hal V1.2 is not supported
04-08 12:27:38.498   220   220 I hwservicemanager: getTransport: Cannot find entry android.hardware.secure_element@1.1::ISecureElement/eSE1 in either framework or device VINTF manifest.
04-08 12:27:38.498   878   878 D SecureElement-Terminal-eSE1: SE Hal V1.1 is not supported
04-08 12:27:38.498   220   220 I hwservicemanager: getTransport: Cannot find entry android.hardware.secure_element@1.0::ISecureElement/eSE1 in either framework or device VINTF manifest.
04-08 12:27:38.498   878   878 I SecureElementService: No HAL implementation for eSE1
04-08 12:27:38.498   878   878 I SecureElementService: Check if terminal SIM1 is available.
04-08 12:27:38.498   220   220 I hwservicemanager: getTransport: Cannot find entry android.hardware.secure_element@1.2::ISecureElement/SIM1 in either framework or device VINTF manifest.
04-08 12:27:38.498   878   878 D SecureElement-Terminal-SIM1: SE Hal V1.2 is not supported
04-08 12:27:38.498   220   220 I hwservicemanager: getTransport: Cannot find entry android.hardware.secure_element@1.1::ISecureElement/SIM1 in either framework or device VINTF manifest.
04-08 12:27:38.498   569   701 D CompatibilityChangeReporter: Compat change id reported: 150939131; UID 1000; state: ENABLED
04-08 12:27:38.498   878   878 D SecureElement-Terminal-SIM1: SE Hal V1.1 is not supported
04-08 12:27:38.498   220   220 I hwservicemanager: getTransport: Cannot find entry android.hardware.secure_element@1.0::ISecureElement/SIM1 in either framework or device VINTF manifest.
04-08 12:27:38.498   878   878 I SecureElementService: No HAL implementation for SIM1
04-08 12:27:38.498   822   822 D CompatibilityChangeReporter: Compat change id reported: 183155436; UID 1073; state: ENABLED
04-08 12:27:38.500   822   822 E SystemServiceRegistry: No service published for: ethernet
04-08 12:27:38.500   822   822 E SystemServiceRegistry: android.os.ServiceManager$ServiceNotFoundException: No service published for: ethernet
04-08 12:27:38.500   822   822 E SystemServiceRegistry: 	at android.os.ServiceManager.getServiceOrThrow(ServiceManager.java:166)
04-08 12:27:38.500   822   822 E SystemServiceRegistry: 	at android.app.SystemServiceRegistry$137.createService(SystemServiceRegistry.java:1825)
04-08 12:27:38.500   822   822 E SystemServiceRegistry: 	at android.app.SystemServiceRegistry$CachedServiceFetcher.getService(SystemServiceRegistry.java:1924)
04-08 12:27:38.500   822   822 E SystemServiceRegistry: 	at android.app.SystemServiceRegistry.getSystemService(SystemServiceRegistry.java:1601)
04-08 12:27:38.500   822   822 E SystemServiceRegistry: 	at android.app.ContextImpl.getSystemService(ContextImpl.java:2120)
04-08 12:27:38.500   822   822 E SystemServiceRegistry: 	at android.content.ContextWrapper.getSystemService(ContextWrapper.java:900)
04-08 12:27:38.500   822   822 E SystemServiceRegistry: 	at com.android.networkstack.tethering.Tethering.isEthernetSupported(Tethering.java:1561)
04-08 12:27:38.500   822   822 E SystemServiceRegistry: 	at com.android.networkstack.tethering.Tethering.makeSupportedDownstreams(Tethering.java:2520)
04-08 12:27:38.500   822   822 E SystemServiceRegistry: 	at com.android.networkstack.tethering.Tethering.updateSupportedDownstreams(Tethering.java:2494)
04-08 12:27:38.500   822   822 E SystemServiceRegistry: 	at com.android.networkstack.tethering.Tethering.updateConfiguration(Tethering.java:521)
04-08 12:27:38.500   822   822 E SystemServiceRegistry: 	at com.android.networkstack.tethering.Tethering.<init>(Tethering.java:360)
04-08 12:27:38.500   822   822 E SystemServiceRegistry: 	at com.android.networkstack.tethering.TetheringService.makeTethering(TetheringService.java:88)
04-08 12:27:38.500   822   822 E SystemServiceRegistry: 	at com.android.networkstack.tethering.TetheringService.onCreate(TetheringService.java:78)
04-08 12:27:38.500   822   822 E SystemServiceRegistry: 	at android.app.ActivityThread.handleCreateService(ActivityThread.java:4485)
04-08 12:27:38.500   822   822 E SystemServiceRegistry: 	at android.app.ActivityThread.-$$Nest$mhandleCreateService(Unknown Source:0)
04-08 12:27:38.500   822   822 E SystemServiceRegistry: 	at android.app.ActivityThread$H.handleMessage(ActivityThread.java:2161)
04-08 12:27:38.500   822   822 E SystemServiceRegistry: 	at android.os.Handler.dispatchMessage(Handler.java:106)
04-08 12:27:38.500   822   822 E SystemServiceRegistry: 	at android.os.Looper.loopOnce(Looper.java:201)
04-08 12:27:38.500   822   822 E SystemServiceRegistry: 	at android.os.Looper.loop(Looper.java:288)
04-08 12:27:38.500   822   822 E SystemServiceRegistry: 	at android.app.ActivityThread.main(ActivityThread.java:7872)
04-08 12:27:38.500   822   822 E SystemServiceRegistry: 	at java.lang.reflect.Method.invoke(Native Method)
04-08 12:27:38.500   822   822 E SystemServiceRegistry: 	at com.android.internal.os.RuntimeInit$MethodAndArgsCaller.run(RuntimeInit.java:548)
04-08 12:27:38.500   822   822 E SystemServiceRegistry: 	at com.android.internal.os.ZygoteInit.main(ZygoteInit.java:936)
04-08 12:27:38.502   923   923 D nativeloader: Configuring classloader-namespace-shared for other apk /system/priv-app/TeleService/TeleService.apk. target_sdk_version=33, uses_libraries=, library_path=/system/priv-app/TeleService/lib/arm64:/system/lib64:/system_ext/lib64, permitted_path=/data:/mnt/expand:/data/user_de/0/com.android.phone:/system/priv-app/TeleService:/system/lib64:/system_ext/lib64
04-08 12:27:38.503   929   929 D nativeloader: Configuring classloader-namespace-shared for other apk /apex/com.android.extservices/priv-app/GoogleExtServices@331012000/GoogleExtServices.apk. target_sdk_version=33, uses_libraries=, library_path=/apex/com.android.extservices/priv-app/GoogleExtServices@331012000/lib/arm64:/apex/com.android.extservices/priv-app/GoogleExtServices@331012000/GoogleExtServices.apk!/lib/arm64-v8a:/system/lib64:/system_ext/lib64, permitted_path=/data:/mnt/expand:/data/user/0/com.google.android.ext.services:/apex/com.android.extservices/priv-app/GoogleExtServices@331012000:/system/lib64:/system_ext/lib64
04-08 12:27:38.503   569   772 D MediaCodecList: codecHandlesFormat: no format, so no extra checks
04-08 12:27:38.505   569   569 D ConditionProviders.SCP: evaluateSubscriptionLocked cal=ScheduleCalendar[mDays={1, 2, 3, 4, 5, 6, 7}, mSchedule=ScheduleInfo{days=[1, 2, 3, 4, 5, 6, 7], startHour=22, startMinute=0, endHour=7, endMinute=0, exitAtAlarm=true, nextAlarm=Wed Dec 31 19:00:00 EST 1969 (0)}], now=Mon Apr 08 12:27:38 EDT 2024 (1712593658496), nextUserAlarmTime=Wed Dec 31 19:00:00 EST 1969 (0)
04-08 12:27:38.505   569   569 D ConditionProviders.SCP: notifyCondition condition://android/schedule?days=1.2.3.4.5.6.7&start=22.0&end=7.0&exitAtAlarm=true STATE_FALSE reason=!meetsSchedule
04-08 12:27:38.506   569   569 D ConditionProviders.SCP: Scheduling evaluate for Mon Apr 08 22:00:00 EDT 2024 (1712628000000), in +9h32m21s504ms, now=Mon Apr 08 12:27:38 EDT 2024 (1712593658496)
04-08 12:27:38.506   569   743 D NetworkStats: registerNetworkStatsProvider from BpfCoordinator uid/pid=1073/822
04-08 12:27:38.508   822   822 D CompatibilityChangeReporter: Compat change id reported: 147600208; UID 1073; state: ENABLED
04-08 12:27:38.508   569   974 D CCodec  : allocate(c2.android.vorbis.decoder)
04-08 12:27:38.508   569   974 I CCodec  : setting up 'default' as default (vendor) store
04-08 12:27:38.508   569   735 D CompatibilityChangeReporter: Compat change id reported: 182478738; UID 1073; state: ENABLED
04-08 12:27:38.509   569   974 I CCodec  : Created component [c2.android.vorbis.decoder]
04-08 12:27:38.509   569   974 D CCodecConfig: read media type: audio/vorbis
04-08 12:27:38.510   822   822 V WifiManager: registerSoftApCallback: callback=com.android.networkstack.tethering.Tethering$TetheringSoftApCallback@5d32ced, executor=com.android.networkstack.tethering.Tethering$TetheringThreadExecutor@ee88722
04-08 12:27:38.510   569   792 D CCodecBufferChannel: [c2.android.vorbis.decoder#488] MediaCodec discarded an unknown buffer
04-08 12:27:38.510   569   792 D CCodecBufferChannel: [c2.android.vorbis.decoder#488] MediaCodec discarded an unknown buffer
04-08 12:27:38.510   822   822 V WifiManager: registerLocalOnlyHotspotSoftApCallback: callback=com.android.networkstack.tethering.Tethering$TetheringSoftApCallback@5d32ced, executor=com.android.networkstack.tethering.Tethering$TetheringThreadExecutor@ee88722
04-08 12:27:38.511   569   747 D ConnectivityService: requestNetwork for uid/pid:1073/822 activeRequest: null callbackRequest: 43 [NetworkRequest [ TRACK_SYSTEM_DEFAULT id=43, [ Capabilities: INTERNET&NOT_RESTRICTED&TRUSTED&NOT_VPN&NOT_VCN_MANAGED RequestorUid: 1073 RequestorPkg: com.google.android.networkstack.tethering UnderlyingNetworks: Null] ]] callback flags: 0 order: 2147483647
04-08 12:27:38.511   569   974 D ReflectedParamUpdater: extent() != 1 for single value type: algo.buffers.max-count.values
04-08 12:27:38.511   569   974 D ReflectedParamUpdater: extent() != 1 for single value type: output.subscribed-indices.values
04-08 12:27:38.511   569   974 D ReflectedParamUpdater: extent() != 1 for single value type: input.buffers.allocator-ids.values
04-08 12:27:38.511   569   974 D ReflectedParamUpdater: extent() != 1 for single value type: output.buffers.allocator-ids.values
04-08 12:27:38.511   569   974 D ReflectedParamUpdater: extent() != 1 for single value type: algo.buffers.allocator-ids.values
04-08 12:27:38.511   569   974 D ReflectedParamUpdater: extent() != 1 for single value type: output.buffers.pool-ids.values
04-08 12:27:38.511   569   974 D ReflectedParamUpdater: extent() != 1 for single value type: algo.buffers.pool-ids.values
04-08 12:27:38.511   569   691 D ConnectivityService: NetReassign [no changes] [c 0] [a 0] [i 1]
04-08 12:27:38.511   569   974 I CCodecConfig: query failed after returning 7 values (BAD_INDEX)
04-08 12:27:38.511   569   974 D CCodecConfig: c2 config diff is Dict {
04-08 12:27:38.511   569   974 D CCodecConfig:   c2::u32 coded.bitrate.value = 64000
04-08 12:27:38.511   569   974 D CCodecConfig:   c2::u32 input.buffers.max-size.value = 32768
04-08 12:27:38.511   569   974 D CCodecConfig:   c2::u32 input.delay.value = 0
04-08 12:27:38.511   569   974 D CCodecConfig:   string input.media-type.value = "audio/vorbis"
04-08 12:27:38.511   569   974 D CCodecConfig:   string output.media-type.value = "audio/raw"
04-08 12:27:38.511   569   974 D CCodecConfig:   c2::u32 raw.channel-count.value = 1
04-08 12:27:38.511   569   974 D CCodecConfig:   c2::u32 raw.sample-rate.value = 48000
04-08 12:27:38.511   569   974 D CCodecConfig: }
04-08 12:27:38.512   569   974 D CCodec  : [c2.android.vorbis.decoder] buffers are bound to CCodec for this session
04-08 12:27:38.512   569   974 D CCodecConfig: no c2 equivalents for durationUs
04-08 12:27:38.512   569   974 D CCodecConfig: no c2 equivalents for track-id
04-08 12:27:38.512   569   974 D CCodecConfig: no c2 equivalents for csd-1
04-08 12:27:38.512   569   974 D CCodecConfig: no c2 equivalents for flags
04-08 12:27:38.512   569   973 I DropBoxManagerService: add tag=system_app_wtf isTagEnabled=true flags=0x2
04-08 12:27:38.512   569   974 D CCodecConfig: c2 config diff is   c2::u32 coded.bitrate.value = 140000
04-08 12:27:38.512   569   596 W BestClock: java.time.DateTimeException: Missing NTP fix
04-08 12:27:38.512   569   974 W Codec2Client: query -- param skipped: index = 1107298332.
04-08 12:27:38.512   569   974 D CCodec  : encoding statistics level = 0
04-08 12:27:38.512   569   974 D CCodec  : setup formats input: AMessage(what = 0x00000000) = {
04-08 12:27:38.512   569   974 D CCodec  :   int32_t bitrate = 140000
04-08 12:27:38.512   569   974 D CCodec  :   int32_t channel-count = 1
04-08 12:27:38.512   569   974 D CCodec  :   int32_t max-input-size = 32768
04-08 12:27:38.512   569   974 D CCodec  :   string mime = "audio/vorbis"
04-08 12:27:38.512   569   974 D CCodec  :   int32_t sample-rate = 48000
04-08 12:27:38.512   569   974 D CCodec  : }
04-08 12:27:38.512   569   974 D CCodec  : setup formats output: AMessage(what = 0x00000000) = {
04-08 12:27:38.512   569   974 D CCodec  :   int32_t channel-count = 1
04-08 12:27:38.512   569   974 D CCodec  :   string mime = "audio/raw"
04-08 12:27:38.512   569   974 D CCodec  :   int32_t sample-rate = 48000
04-08 12:27:38.512   569   974 D CCodec  :   int32_t channel-mask = 1
04-08 12:27:38.512   569   974 D CCodec  :   int32_t android._config-pcm-encoding = 2
04-08 12:27:38.512   569   974 D CCodec  : }
04-08 12:27:38.512   569   974 I CCodecConfig: query failed after returning 7 values (BAD_INDEX)
04-08 12:27:38.514   569   974 W Codec2Client: query -- param skipped: index = 1342179345.
04-08 12:27:38.514   569   974 W Codec2Client: query -- param skipped: index = 2415921170.
04-08 12:27:38.514   929   929 W ContextImpl: Failed to ensure /data/user/0/com.google.android.ext.services/cache: mkdir failed: errno 126 (Required key not available)
04-08 12:27:38.514   484   864 I hw-BpHwBinder: onLastStrongRef automatically unlinking death recipients
04-08 12:27:38.514   929   929 W ContextImpl: Failed to update user.inode_cache: stat failed: ENOENT (No such file or directory)
04-08 12:27:38.515   856   856 W .gms.persistent: JIT profile information will not be recorded: profile file does not exist.
04-08 12:27:38.515   856   856 W .gms.persistent: JIT profile information will not be recorded: profile file does not exist.
04-08 12:27:38.515   856   856 W .gms.persistent: JIT profile information will not be recorded: profile file does not exist.
04-08 12:27:38.515   856   856 W .gms.persistent: JIT profile information will not be recorded: profile file does not exist.
04-08 12:27:38.515   929   929 V GraphicsEnvironment: ANGLE Developer option for 'com.google.android.ext.services' set to: 'default'
04-08 12:27:38.515   569   979 I hw-BpHwBinder: onLastStrongRef automatically unlinking death recipients
04-08 12:27:38.515   929   929 V GraphicsEnvironment: ANGLE GameManagerService for com.google.android.ext.services: false
04-08 12:27:38.515   856   856 W .gms.persistent: JIT profile information will not be recorded: profile file does not exist.
04-08 12:27:38.515   856   856 W .gms.persistent: JIT profile information will not be recorded: profile file does not exist.
04-08 12:27:38.515   856   856 W .gms.persistent: JIT profile information will not be recorded: profile file does not exist.
04-08 12:27:38.515   929   929 V GraphicsEnvironment: Neither updatable production driver nor prerelease driver is supported.
04-08 12:27:38.515   856   856 W .gms.persistent: JIT profile information will not be recorded: profile file does not exist.
04-08 12:27:38.515   856   856 W .gms.persistent: JIT profile information will not be recorded: profile file does not exist.
04-08 12:27:38.519   769   769 V WindowManagerShell: Adding init callback for DefaultTransitionHandler
04-08 12:27:38.519   769   769 V WindowManagerShell: Adding init callback for Transitions
04-08 12:27:38.519   929   929 D NetworkSecurityConfig: No Network Security Config specified, using platform default
04-08 12:27:38.520   929   929 D NetworkSecurityConfig: No Network Security Config specified, using platform default
04-08 12:27:38.520   569   974 D CCodecBufferChannel: [c2.android.vorbis.decoder#391] Created input block pool with allocatorID 16 => poolID 19 - OK (0)
04-08 12:27:38.520   569   974 I CCodecBufferChannel: [c2.android.vorbis.decoder#391] Created output block pool with allocatorID 16 => poolID 19 - OK
04-08 12:27:38.520   569   974 D CCodecBufferChannel: [c2.android.vorbis.decoder#391] Configured output block pool ids 19 => OK
04-08 12:27:38.521   569   569 D BluetoothManagerService: Trying to bind to profile: 1, while Bluetooth was disabled
04-08 12:27:38.521   569   569 D BluetoothLeAudio: Binding service...
04-08 12:27:38.521   769   769 V WindowManagerShell: Adding init callback for BubbleController
04-08 12:27:38.523   769   769 V WindowManagerShell: Adding init callback for SplitScreenController
04-08 12:27:38.523   569   569 I Telecom : SystemStateHelper: Registering broadcast receiver: android.content.IntentFilter@9aca674: TS.init@AAA
04-08 12:27:38.523   569   569 I Telecom : SystemStateHelper: Registering broadcast receiver: android.content.IntentFilter@af2679d: TS.init@AAA
04-08 12:27:38.523   569   735 D CompatibilityChangeReporter: Compat change id reported: 161145287; UID 10145; state: DISABLED
04-08 12:27:38.523   769   769 D CompatibilityChangeReporter: Compat change id reported: 160794467; UID 10145; state: ENABLED
04-08 12:27:38.524   569   982 I Telecom : BluetoothRouteManager: getBluetoothAudioConnectedDevice: no service available.
04-08 12:27:38.526   852   852 I bt_stack_config: packages/modules/Bluetooth/system/main/stack_config.cc:198 get_pts_broadcast_audio_config_options: Config isn't ready, use default option
04-08 12:27:38.528   769   769 V WindowManagerShell: Adding init callback for PipTouchHandler
04-08 12:27:38.528   769   769 V WindowManagerShell: Adding init callback for PipController
04-08 12:27:38.529   852   852 I droid.bluetooth: [0408/122738.528457:INFO:btif_config_cache.cc(67)] BtifConfigCache, capacity: 10000
04-08 12:27:38.529   484   976 D SimpleC2Component: Using output block pool with poolID 19 => got 19 - 0
04-08 12:27:38.530   769   769 V WindowManagerShell: Adding init callback for FullscreenTaskListener
04-08 12:27:38.530   569   773 D MediaCodecList: codecHandlesFormat: no format, so no extra checks
04-08 12:27:38.531   569   984 D CCodec  : allocate(c2.android.vorbis.decoder)
04-08 12:27:38.531   769   769 V WindowManagerShell: Adding init callback for StartingWindowController
04-08 12:27:38.531   769   769 V WindowManagerShell: Adding init callback for ProtoLogController
04-08 12:27:38.532   569   983 I Telecom : Logging.Events: Non-call EVENT: AUDIO_ROUTE, Entering state QuiescentSpeakerRoute
04-08 12:27:38.532   569   983 I Telecom : BluetoothRouteManager: getBluetoothAudioConnectedDevice: no service available.
04-08 12:27:38.532   569   984 I CCodec  : setting up 'default' as default (vendor) store
04-08 12:27:38.533   569   596 W BestClock: java.time.DateTimeException: Missing NTP fix
04-08 12:27:38.533   769   769 V WindowManagerShell: Adding init callback for BackAnimationController
04-08 12:27:38.534   569   984 I CCodec  : Created component [c2.android.vorbis.decoder]
04-08 12:27:38.534   569   984 D CCodecConfig: read media type: audio/vorbis
04-08 12:27:38.534   769   861 V WindowManagerShell: Initializing Shell Components: 20
04-08 12:27:38.534   769   861 V WindowManagerShell: 	DisplayChangeController init took 0ms
04-08 12:27:38.534   569   984 D ReflectedParamUpdater: extent() != 1 for single value type: algo.buffers.max-count.values
04-08 12:27:38.534   569   974 D CCodecBufferChannel: [c2.android.vorbis.decoder#391] MediaCodec discarded an unknown buffer
04-08 12:27:38.534   769   861 V WindowManagerShell: 	DisplayController init took 1ms
04-08 12:27:38.534   569   984 D ReflectedParamUpdater: extent() != 1 for single value type: output.subscribed-indices.values
04-08 12:27:38.534   569   984 D ReflectedParamUpdater: extent() != 1 for single value type: input.buffers.allocator-ids.values
04-08 12:27:38.534   569   984 D ReflectedParamUpdater: extent() != 1 for single value type: output.buffers.allocator-ids.values
04-08 12:27:38.534   569   984 D ReflectedParamUpdater: extent() != 1 for single value type: algo.buffers.allocator-ids.values
04-08 12:27:38.534   769   861 V WindowManagerShell: 	DisplayInsetsController init took 0ms
04-08 12:27:38.534   769   861 V WindowManagerShell: 	DisplayImeController init took 0ms
04-08 12:27:38.534   769   861 V WindowManagerShell: 	DragAndDropController init took 0ms
04-08 12:27:38.534   769   861 V WindowManagerShell: 	CompatUIController init took 0ms
04-08 12:27:38.534   769   861 V WindowManagerShell: Adding dump callback for RecentTasksController
04-08 12:27:38.535   769   861 V WindowManagerShell: 	RecentTasksController init took 0ms
04-08 12:27:38.535   769   861 V WindowManagerShell: Adding dump callback for ShellTaskOrganizer
04-08 12:27:38.535   569   596 D CountryDetector: Using custom country detector class: com.android.server.location.ComprehensiveCountryDetector
04-08 12:27:38.535   569   596 E CountryDetector: Could not instantiate the custom country detector class
04-08 12:27:38.535   569   596 D CountryDetector: Using default country detector
04-08 12:27:38.535   769   861 V WindowManagerShell: 	ShellTaskOrganizer init took 1ms
04-08 12:27:38.535   769   861 V WindowManagerShell: Adding dump callback for KidsModeTaskOrganizer
04-08 12:27:38.535   569   984 D ReflectedParamUpdater: extent() != 1 for single value type: output.buffers.pool-ids.values
04-08 12:27:38.535   569   974 D CCodecBufferChannel: [c2.android.vorbis.decoder#391] MediaCodec discarded an unknown buffer
04-08 12:27:38.535   569   974 D CCodecBufferChannel: [c2.android.vorbis.decoder#391] MediaCodec discarded an unknown buffer
04-08 12:27:38.535   769   861 V WindowManagerShell: 	KidsModeTaskOrganizer init took 0ms
04-08 12:27:38.535   769   861 V WindowManagerShell: Adding dump callback for OneHandedController
04-08 12:27:38.536   569   984 D ReflectedParamUpdater: extent() != 1 for single value type: algo.buffers.pool-ids.values
04-08 12:27:38.536   569   984 I CCodecConfig: query failed after returning 7 values (BAD_INDEX)
04-08 12:27:38.536   569   984 D CCodecConfig: c2 config diff is Dict {
04-08 12:27:38.536   569   984 D CCodecConfig:   c2::u32 coded.bitrate.value = 64000
04-08 12:27:38.536   569   984 D CCodecConfig:   c2::u32 input.buffers.max-size.value = 32768
04-08 12:27:38.536   569   984 D CCodecConfig:   c2::u32 input.delay.value = 0
04-08 12:27:38.536   569   984 D CCodecConfig:   string input.media-type.value = "audio/vorbis"
04-08 12:27:38.536   569   984 D CCodecConfig:   string output.media-type.value = "audio/raw"
04-08 12:27:38.536   569   984 D CCodecConfig:   c2::u32 raw.channel-count.value = 1
04-08 12:27:38.536   569   984 D CCodecConfig:   c2::u32 raw.sample-rate.value = 48000
04-08 12:27:38.536   569   984 D CCodecConfig: }
04-08 12:27:38.536   407   943 D PermissionCache: checking android.permission.ACCESS_SURFACE_FLINGER for uid=10145 => granted (258 us)
04-08 12:27:38.536   569   984 D CCodec  : [c2.android.vorbis.decoder] buffers are bound to CCodec for this session
04-08 12:27:38.536   569   984 D CCodecConfig: no c2 equivalents for durationUs
04-08 12:27:38.536   569   984 D CCodecConfig: no c2 equivalents for track-id
04-08 12:27:38.536   569   984 D CCodecConfig: no c2 equivalents for csd-1
04-08 12:27:38.536   569   984 D CCodecConfig: no c2 equivalents for flags
04-08 12:27:38.536   407   943 D PermissionCache: checking android.permission.INTERNAL_SYSTEM_WINDOW for uid=10145 => granted (30 us)
04-08 12:27:38.536   569   984 D CCodecConfig: c2 config diff is   c2::u32 coded.bitrate.value = 140000
04-08 12:27:38.537   484   863 I hw-BpHwBinder: onLastStrongRef automatically unlinking death recipients
04-08 12:27:38.537   569   984 W Codec2Client: query -- param skipped: index = 1107298332.
04-08 12:27:38.537   569   984 D CCodec  : encoding statistics level = 0
04-08 12:27:38.537   569   984 D CCodec  : setup formats input: AMessage(what = 0x00000000) = {
04-08 12:27:38.537   569   984 D CCodec  :   int32_t bitrate = 140000
04-08 12:27:38.537   569   984 D CCodec  :   int32_t channel-count = 1
04-08 12:27:38.537   569   984 D CCodec  :   int32_t max-input-size = 32768
04-08 12:27:38.537   569   984 D CCodec  :   string mime = "audio/vorbis"
04-08 12:27:38.537   569   984 D CCodec  :   int32_t sample-rate = 48000
04-08 12:27:38.537   569   984 D CCodec  : }
04-08 12:27:38.537   569   984 D CCodec  : setup formats output: AMessage(what = 0x00000000) = {
04-08 12:27:38.537   569   984 D CCodec  :   int32_t channel-count = 1
04-08 12:27:38.537   569   984 D CCodec  :   string mime = "audio/raw"
04-08 12:27:38.537   569   984 D CCodec  :   int32_t sample-rate = 48000
04-08 12:27:38.537   569   984 D CCodec  :   int32_t channel-mask = 1
04-08 12:27:38.537   569   984 D CCodec  :   int32_t android._config-pcm-encoding = 2
04-08 12:27:38.537   569   984 D CCodec  : }
04-08 12:27:38.537   569   989 I hw-BpHwBinder: onLastStrongRef automatically unlinking death recipients
04-08 12:27:38.537   569   984 I CCodecConfig: query failed after returning 7 values (BAD_INDEX)
04-08 12:27:38.537   569   984 W Codec2Client: query -- param skipped: index = 1342179345.
04-08 12:27:38.537   569   984 W Codec2Client: query -- param skipped: index = 2415921170.
04-08 12:27:38.537   569   984 D CCodecBufferChannel: [c2.android.vorbis.decoder#390] Created input block pool with allocatorID 16 => poolID 20 - OK (0)
04-08 12:27:38.538   569   984 I CCodecBufferChannel: [c2.android.vorbis.decoder#390] Created output block pool with allocatorID 16 => poolID 20 - OK
04-08 12:27:38.538   569   984 D CCodecBufferChannel: [c2.android.vorbis.decoder#390] Configured output block pool ids 20 => OK
04-08 12:27:38.538   484   987 D SimpleC2Component: Using output block pool with poolID 20 => got 20 - 0
04-08 12:27:38.539   569   569 I Telecom : MissedCallNotifierImpl: reloadFromDatabase: Boot not yet complete -- call log db may not be available. Deferring loading until boot complete for user 0: TS.init@AAA
04-08 12:27:38.540   569   569 I Telecom : Class: TelecomSystem.INSTANCE being set
04-08 12:27:38.541   923   923 V GraphicsEnvironment: ANGLE Developer option for 'com.android.phone' set to: 'default'
04-08 12:27:38.541   923   923 V GraphicsEnvironment: ANGLE GameManagerService for com.android.phone: false
04-08 12:27:38.541   923   923 V GraphicsEnvironment: Neither updatable production driver nor prerelease driver is supported.
04-08 12:27:38.541   769   861 V WindowManagerShell: 	OneHandedController init took 6ms
04-08 12:27:38.542   923   923 D NetworkSecurityConfig: No Network Security Config specified, using platform default
04-08 12:27:38.542   923   923 D NetworkSecurityConfig: No Network Security Config specified, using platform default
04-08 12:27:38.542   769   861 V WindowManagerShell: 	DefaultTransitionHandler init took 1ms
04-08 12:27:38.542   769   861 V WindowManagerShell: addHandler: Default
04-08 12:27:38.542   769   861 V WindowManagerShell: addHandler: Remote
04-08 12:27:38.542   769   861 V WindowManagerShell: 	Transitions init took 0ms
04-08 12:27:38.543   856   856 W ContextImpl: Failed to ensure /data/user/0/com.google.android.gms/cache: mkdir failed: errno 126 (Required key not available)
04-08 12:27:38.543   856   856 W ContextImpl: Failed to update user.inode_cache: stat failed: ENOENT (No such file or directory)
04-08 12:27:38.544   569   772 D MediaCodecList: codecHandlesFormat: no format, so no extra checks
04-08 12:27:38.544   569   569 I ContentCaptureManagerService: Updating for user 0: disabled=false
04-08 12:27:38.544   769   861 V WindowManagerShell: Adding dump callback for BubbleController
04-08 12:27:38.544   769   861 V WindowManagerShell: 	BubbleController init took 2ms
04-08 12:27:38.544   769   861 V WindowManagerShell: Adding dump callback for SplitScreenController
04-08 12:27:38.544   769   861 V WindowManagerShell: Adding command class splitscreen for SplitScreenController
04-08 12:27:38.544   569   569 E ContentCapturePerUserService: Bad service name: com.google.android.as/com.google.android.apps.miphone.aiai.app.AiAiContentCaptureService
04-08 12:27:38.544   569   569 E ContentCapturePerUserService: Bad service name: com.google.android.as/com.google.android.apps.miphone.aiai.app.AiAiContentCaptureService
04-08 12:27:38.544   569   569 E ContentCapturePerUserService: Bad service name: com.google.android.as/com.google.android.apps.miphone.aiai.app.AiAiContentCaptureService
04-08 12:27:38.544   569   569 I ContentSuggestionsManagerService: Updating for user 0: disabled=false
04-08 12:27:38.544   569   569 E ContentSuggestionsPerUserService: Bad service name: com.google.android.as/com.google.android.apps.miphone.aiai.app.AiAiContentSuggestionsService
04-08 12:27:38.544   569   569 I AutofillManagerService: Updating for user 0: disabled=false
04-08 12:27:38.544   569   569 E AutofillManagerServiceImpl: Bad service name: com.google.android.gms/.autofill.service.AutofillService
04-08 12:27:38.544   569   569 E RemoteAugmentedAutofillService: Bad service name for flags 1048704: com.google.android.as/com.google.android.apps.miphone.aiai.app.AiAiAugmentedAutofillService
04-08 12:27:38.545   569   569 I ConnectivityModuleConnector: Networking module service connected
04-08 12:27:38.545   569   569 I ConnectivityModuleConnector: Networking module service connected
04-08 12:27:38.545   569   569 I NetworkStackClient: Network stack service connected
04-08 12:27:38.546   569   988 I Telecom : CallAudioModeStateMachine: Audio focus entering UNFOCUSED state
04-08 12:27:38.546   569   988 I Telecom : CallAudioModeStateMachine: Message received: null.: TS.init->CAMSM.pM_1@AAA
04-08 12:27:38.546   856   856 V GraphicsEnvironment: ANGLE Developer option for 'com.google.android.gms' set to: 'default'
04-08 12:27:38.547   856   856 V GraphicsEnvironment: ANGLE GameManagerService for com.google.android.gms: false
04-08 12:27:38.547   856   856 V GraphicsEnvironment: Neither updatable production driver nor prerelease driver is supported.
04-08 12:27:38.548   856   856 D NetworkSecurityConfig: Using Network Security Config from resource network_security_config debugBuild: false
04-08 12:27:38.549   856   856 D NetworkSecurityConfig: Using Network Security Config from resource network_security_config debugBuild: false
04-08 12:27:38.549   769   861 V WindowManagerShell: addHandler: StageCoordinator
04-08 12:27:38.549   769   861 V WindowManagerShell: 	SplitScreenController init took 5ms
04-08 12:27:38.550   923   923 D nativeloader: Configuring classloader-namespace-shared for other apk /system/app/Stk/Stk.apk. target_sdk_version=33, uses_libraries=, library_path=/system/app/Stk/lib/arm64:/system/lib64:/system_ext/lib64, permitted_path=/data:/mnt/expand:/data/user_de/0/com.android.stk:/system/app/Stk:/system/lib64:/system_ext/lib64
04-08 12:27:38.551   569   569 I ConnectivityModuleConnector: Networking module service connected
04-08 12:27:38.551   569   569 I ConnectivityModuleConnector: Networking module service connected
04-08 12:27:38.551   569   569 I ExplicitHealthCheckController: Explicit health check service is connected ComponentInfo{com.google.android.ext.services/android.ext.services.watchdog.ExplicitHealthCheckServiceImpl}
04-08 12:27:38.551   569   569 I ExplicitHealthCheckController: Service initialized, syncing requests
04-08 12:27:38.551   569   569 I Telecom : WiredHeadsetManager: ACTION_HEADSET_PLUG event, plugged in: false, : WHC.oADA@AAE
04-08 12:27:38.551   569   569 D MediaSessionService: Global priority session is changed from null to com.android.server.telecom/HeadsetMediaButton (userId=0)
04-08 12:27:38.551   569   569 W Looper  : Drained
04-08 12:27:38.551   569   569 W ActivityManager: Unable to start service Intent { act=android.service.contentcapture.ContentCaptureService cmp=com.google.android.as/com.google.android.apps.miphone.aiai.app.AiAiContentCaptureService } U=0: not found
04-08 12:27:38.551   569   569 W RemoteContentCaptureService: could not bind to Intent { act=android.service.contentcapture.ContentCaptureService cmp=com.google.android.as/com.google.android.apps.miphone.aiai.app.AiAiContentCaptureService } using flags 67112961
04-08 12:27:38.552   569   569 W ContentCapturePerUserService: remote service died: RemoteContentCaptureService[ComponentInfo{com.google.android.as/com.google.android.apps.miphone.aiai.app.AiAiContentCaptureService} 36284570 (unbound)]
04-08 12:27:38.552   569   569 W ActivityManager: Unbind failed: could not find connection for android.app.LoadedApk$ServiceDispatcher$InnerConnection@e37e5cb
04-08 12:27:38.552   569   569 W ActivityManager: Unable to start service Intent { act=android.service.contentcapture.ContentCaptureService cmp=com.google.android.as/com.google.android.apps.miphone.aiai.app.AiAiContentCaptureService } U=0: not found
04-08 12:27:38.552   569   569 W RemoteContentCaptureService: could not bind to Intent { act=android.service.contentcapture.ContentCaptureService cmp=com.google.android.as/com.google.android.apps.miphone.aiai.app.AiAiContentCaptureService } using flags 67112961
04-08 12:27:38.552   569   569 W ContentCapturePerUserService: remote service died: RemoteContentCaptureService[ComponentInfo{com.google.android.as/com.google.android.apps.miphone.aiai.app.AiAiContentCaptureService} 159085761 (unbound)]
04-08 12:27:38.552   569   569 W ActivityManager: Unbind failed: could not find connection for android.app.LoadedApk$ServiceDispatcher$InnerConnection@569b466
04-08 12:27:38.552   769   861 V WindowManagerShell: 	PipTouchHandler init took 3ms
04-08 12:27:38.552   769   861 V WindowManagerShell: Adding dump callback for PipController
04-08 12:27:38.552   569   569 V BluetoothManagerService: Searching package com.android.bluetooth
04-08 12:27:38.552   569   569 V BluetoothManagerService: Checking activity com.android.bluetooth.BluetoothPrefs
04-08 12:27:38.552   569   569 V BluetoothManagerService: Checking activity com.android.bluetooth.map.BluetoothMapSettings
04-08 12:27:38.552   569   569 V BluetoothManagerService: Checking activity com.android.bluetooth.opp.BluetoothOppLauncherActivity
04-08 12:27:38.552   569   569 D WifiP2pService: user restrictions changed
04-08 12:27:38.552   569   569 I PackageWatchdog: Syncing health check requests for packages: {}
04-08 12:27:38.552   569   569 D ExplicitHealthCheckController: Getting health check supported packages
04-08 12:27:38.553   769   861 V WindowManagerShell: 	PipController init took 0ms
