--------- beginning of system
04-07 17:24:08.980   231   231 I vold    : Vold 3.0 (the awakening) firing up
04-07 17:24:08.980   231   231 D vold    : Detected support for: ext4 f2fs vfat
04-07 17:24:08.981   231   231 D vold    : VoldNativeService::start() completed OK
04-07 17:24:09.043   231   231 D vold    : fscrypt_mount_metadata_encrypted: /data encrypt: 0 format: 0 with null
04-07 17:24:09.043   231   231 D vold    : metadata_key_dir/key: /metadata/vold/metadata_encryption/key
04-07 17:24:09.043   231   231 D vold    : Key exists, using: /metadata/vold/metadata_encryption/key
04-07 17:24:09.057   240   240 I keystore2: keystore2_main: Keystore2 is starting.
04-07 17:24:09.057   240   240 I keystore2: keystore2_main: Setting up sqlite logging for keystore2
04-07 17:24:09.058   240   240 W keystore2: keystore2::metrics_store: In update_keystore_crash_sysprop: Failed to read the existing system property due to: In read_keystore_crash_count: Property not set..Therefore, keystore crashes will not be logged.
04-07 17:24:09.058   240   240 I keystore2: keystore2_main: Starting thread pool now.
04-07 17:24:09.060   240   240 I keystore2: keystore2::globals: KeyMint device is current version (Some(200)) for security level: SecurityLevel(1)
04-07 17:24:09.060   240   248 I keystore2: keystore2::shared_secret_negotiation: Shared secret negotiation concluded successfully.
04-07 17:24:09.062   240   248 I keystore2: keystore2::shared_secret_negotiation: No StrongBox Keymint available, so no RoT transfer
04-07 17:24:09.062   240   240 I keystore2: keystore2_main: Successfully registered Keystore 2.0 service.
04-07 17:24:09.062   240   240 I keystore2: keystore2_main: Joining thread pool now.
04-07 17:24:09.084   231   231 D vold    : Mounting metadata-encrypted filesystem:/data
04-07 17:24:09.085   231   231 I vold    : [libfs_mgr]superblock s_max_mnt_count:65535,/dev/block/dm-32
04-07 17:24:09.086   231   231 I vold    : [libfs_mgr]Filesystem on /dev/block/dm-32 was not cleanly shutdown; state flags: 0x1, incompat feature flags: 0x30046
04-07 17:24:09.245   231   231 I vold    : [libfs_mgr]check_fs(): mount(/dev/block/dm-32,/data,ext4)=0: Success
04-07 17:24:09.274   231   231 I vold    : [libfs_mgr]umount_retry(): unmount(/data) succeeded
04-07 17:24:09.274   231   231 I vold    : [libfs_mgr]Running /system/bin/e2fsck on /dev/block/dm-32
04-07 17:24:09.492   231   231 I vold    : [libfs_mgr]e2fsck returned status 0x100
04-07 17:24:09.492   231   231 I vold    : [libfs_mgr]superblock s_max_mnt_count:65535,/dev/block/dm-32
04-07 17:24:09.492   231   231 W vold    : [libfs_mgr]Reserved blocks 32768 is too large; capping to 31457
04-07 17:24:09.494   231   231 I vold    : [libfs_mgr]__mount(source=/dev/block/dm-32,target=/data,type=ext4)=0: Success
04-07 17:24:09.494   231   231 D vold    : Mounted /data
04-07 17:24:09.498   231   231 I Checkpoint: cp_prepareCheckpoint called
04-07 17:24:09.502   231   231 I vold    : fscrypt_initialize_systemwide_keys
04-07 17:24:09.502   231   231 D vold    : Key exists, using: /data/unencrypted/key
04-07 17:24:09.505   231   231 D vold    : Installed fscrypt key with ref 9f1cfdd1ac05534b0b7bb7351b7f2035 to /data
04-07 17:24:09.505   231   231 D vold    : Added fscrypt-provisioning key for 9f1cfdd1ac05534b0b7bb7351b7f2035 to session keyring
04-07 17:24:09.508   231   231 I vold    : Wrote system DE key reference to:/data/unencrypted/ref
04-07 17:24:09.508   231   231 D vold    : Generating standard storage key
04-07 17:24:09.508   231   231 D vold    : Installed fscrypt key with ref dfd560d4a4a85ba009a67f86925154e0 to /data
04-07 17:24:09.508   231   231 D vold    : Added fscrypt-provisioning key for dfd560d4a4a85ba009a67f86925154e0 to session keyring
04-07 17:24:09.508   231   231 I vold    : Wrote per boot key reference to:/data/unencrypted/per_boot_ref
04-07 17:24:09.548   231   231 I incfs   : Initial API level of the device: 33
04-07 17:24:09.548   231   231 I incfs   : ro.incremental.enable: yes
04-07 17:24:09.548   231   231 I incfs   : isFsAvailable: true
04-07 17:24:09.548   231   231 I incfs   : isFsAvailable: true
04-07 17:24:09.548   231   231 I incfs   : IncFs_Features: v2
04-07 17:24:09.549   240   240 I keystore2: keystore2::maintenance: In early_boot_ended.
04-07 17:24:09.552   240   240 I keystore2: keystore2::globals: Touching Keystore 2.0 database for this first time since boot.
04-07 17:24:09.552   240   240 I keystore2: keystore2::globals: Calling cleanup leftovers.
04-07 17:24:09.552   240   240 I keystore2: keystore2::super_key: Starting boot level watcher.
04-07 17:24:09.552   240   273 I keystore2: keystore2::super_key: Read keystore.boot_level value 30
04-07 17:24:09.552   240   240 I keystore2: keystore2::maintenance: Call to earlyBootEnded succeeded for security level TRUSTED_ENVIRONMENT.
04-07 17:24:09.553   240   273 I keystore2: keystore2::super_key: Read keystore.boot_level value 30
04-07 17:24:09.553   240   240 E keystore2: keystore2::maintenance: Call to earlyBootEnded failed for security level STRONGBOX: In call_with_watchdog: getting keymint device.
04-07 17:24:09.553   240   240 E keystore2: keystore2::error: In call_with_watchdog: getting keymint device
04-07 17:24:09.553   240   240 E keystore2: 
04-07 17:24:09.553   240   240 E keystore2: Caused by:
04-07 17:24:09.553   240   240 E keystore2:     0: In get_keymint_device.
04-07 17:24:09.553   240   240 E keystore2:     1: In connect_keymint: Trying to get Legacy wrapper.
04-07 17:24:09.553   240   240 E keystore2:     2: Error::Km(ErrorCode(-68))
04-07 17:24:09.553   231   231 E vold    : keystore2 Keystore earlyBootEnded returned service specific error: -68
04-07 17:24:11.047   231   231 D vold    : fscrypt_init_user0
04-07 17:24:11.047   231   231 D vold    : Preparing: /data/misc/vold/user_keys
04-07 17:24:11.047   231   231 D vold    : Preparing: /data/misc/vold/user_keys/ce
04-07 17:24:11.047   231   231 D vold    : Preparing: /data/misc/vold/user_keys/de
04-07 17:24:11.049   231   231 D vold    : Installed fscrypt key with ref 863cf2eb14c6fc49db6acff402a47ee8 to /data
04-07 17:24:11.049   231   231 D vold    : Added fscrypt-provisioning key for 863cf2eb14c6fc49db6acff402a47ee8 to session keyring
04-07 17:24:11.049   231   231 D vold    : Installed de key for user 0
04-07 17:24:11.049   231   231 D vold    : fscrypt_prepare_user_storage for volume null, user 0, serial 0, flags 1
04-07 17:24:11.049   231   231 D vold    : Preparing: /data/system/users/0
04-07 17:24:11.049   231   231 D vold    : Preparing: /data/misc/profiles/cur/0
04-07 17:24:11.049   231   231 D vold    : Preparing: /data/system_de/0
04-07 17:24:11.049   231   231 D vold    : Preparing: /data/vendor_de/0
04-07 17:24:11.049   231   231 D vold    : Preparing: /data/misc_de/0
04-07 17:24:11.049   231   231 D vold    : Preparing: /data/user_de/0
04-07 17:24:11.050   231   231 I vold    : Verified that /data/system_de/0 has the encryption policy 863cf2eb14c6fc49db6acff402a47ee8 v2 modes 1/4 flags 0x2
04-07 17:24:11.050   231   231 I vold    : Verified that /data/vendor_de/0 has the encryption policy 863cf2eb14c6fc49db6acff402a47ee8 v2 modes 1/4 flags 0x2
04-07 17:24:11.050   231   231 I vold    : Verified that /data/misc_de/0 has the encryption policy 863cf2eb14c6fc49db6acff402a47ee8 v2 modes 1/4 flags 0x2
04-07 17:24:11.050   231   231 I vold    : Verified that /data/user_de/0 has the encryption policy 863cf2eb14c6fc49db6acff402a47ee8 v2 modes 1/4 flags 0x2
04-07 17:24:11.050   231   231 D vold    : /system/bin/vold_prepare_subdirs
04-07 17:24:11.050   231   231 D vold    :     prepare
04-07 17:24:11.050   231   231 D vold    :     
04-07 17:24:11.050   231   231 D vold    :     0
04-07 17:24:11.050   231   231 D vold    :     1
04-07 17:24:11.057   231   231 D vold    : Detected support for FS_IOC_ADD_ENCRYPTION_KEY
04-07 17:24:11.077   337   337 I odsign  : Trying to retrieve existing HMAC key...
04-07 17:24:11.077   337   337 I odsign  : Trying to retrieve existing keystore key...
04-07 17:24:11.079   337   337 I odsign  : Verified public key signature.
04-07 17:24:11.079   337   337 I odsign  : Initialized Keystore key.
04-07 17:24:11.079   337   337 I odsign  : Found and verified existing public key certificate: /data/misc/odsign/key.cert
04-07 17:24:11.119   339   339 I odrefresh: ART APEX version 331012010
04-07 17:24:11.119   339   339 I odrefresh: Factory ART APEX mounted.
04-07 17:24:11.119   339   339 I odrefresh: System properties are set to default values.
04-07 17:24:11.120   339   339 I odrefresh: Factory APEXes mounted.
04-07 17:24:11.120   339   339 I odrefresh: System properties are set to default values.
04-07 17:24:11.123   337   337 I odsign  : Metrics report is empty
04-07 17:24:11.123   337   337 I odsign  : /data/misc/odsign/odsign.info not found.
04-07 17:24:11.123   337   337 I odsign  : odrefresh said artifacts are VALID
04-07 17:24:11.123   337   337 I odsign  : On-device signing done.
04-07 17:24:11.131   240   273 I keystore2: keystore2::super_key: keystore.boot_level 1000000000 hits maximum 1000000000, finishing.
04-07 17:24:11.322   410   410 I gsid    : no DSU: No such file or directory
04-07 17:24:11.397   399   399 I android.hardware.wifi@1.0-service: Wifi Hal is booting up...
04-07 17:24:11.416   399   399 I HidlServiceManagement: Registered android.hardware.wifi@1.6::IWifi/default
04-07 17:24:11.458   478   478 I installd: installd firing up
04-07 17:24:11.480   483   483 I wificond: wificond is starting up...
04-07 17:24:11.482   483   483 I HidlServiceManagement: Registered android.system.wifi.keystore@1.0::IKeystore/default
--------- beginning of main
04-07 17:24:11.484   479   479 W mediaextractor: libminijail[479]: compile_file: /apex/com.android.media/etc/seccomp_policy/crash_dump.arm64.policy(17): syscall lseek redefined here
04-07 17:24:11.484   479   479 W mediaextractor: libminijail[479]: compile_file: <fd>(23): previous definition here
04-07 17:24:11.484   479   479 W mediaextractor: libminijail[479]: compile_file: /apex/com.android.media/etc/seccomp_policy/crash_dump.arm64.policy(18): syscall getdents64 redefined here
04-07 17:24:11.484   479   479 W mediaextractor: libminijail[479]: compile_file: <fd>(41): previous definition here
04-07 17:24:11.484   479   479 W mediaextractor: libminijail[479]: compile_file: /apex/com.android.media/etc/seccomp_policy/crash_dump.arm64.policy(19): syscall faccessat redefined here
04-07 17:24:11.484   479   479 W mediaextractor: libminijail[479]: compile_file: <fd>(25): previous definition here
04-07 17:24:11.484   479   479 W mediaextractor: libminijail[479]: compile_file: /apex/com.android.media/etc/seccomp_policy/crash_dump.arm64.policy(28): syscall prctl redefined here
04-07 17:24:11.484   479   479 W mediaextractor: libminijail[479]: compile_file: <fd>(5): previous definition here
04-07 17:24:11.484   479   479 W mediaextractor: libminijail[479]: compile_file: /apex/com.android.media/etc/seccomp_policy/crash_dump.arm64.policy(29): syscall madvise redefined here
04-07 17:24:11.484   479   479 W mediaextractor: libminijail[479]: compile_file: <fd>(14): previous definition here
04-07 17:24:11.484   479   479 W mediaextractor: libminijail[479]: compile_file: /apex/com.android.media/etc/seccomp_policy/crash_dump.arm64.policy(30): syscall mprotect redefined here
04-07 17:24:11.484   479   479 W mediaextractor: libminijail[479]: compile_file: <fd>(13): previous definition here
04-07 17:24:11.484   479   479 W mediaextractor: libminijail[479]: compile_file: /apex/com.android.media/etc/seccomp_policy/crash_dump.arm64.policy(31): syscall munmap redefined here
04-07 17:24:11.484   479   479 W mediaextractor: libminijail[479]: compile_file: <fd>(11): previous definition here
04-07 17:24:11.484   479   479 W mediaextractor: libminijail[479]: compile_file: /apex/com.android.media/etc/seccomp_policy/crash_dump.arm64.policy(32): syscall getuid redefined here
04-07 17:24:11.484   479   479 W mediaextractor: libminijail[479]: compile_file: <fd>(15): previous definition here
04-07 17:24:11.484   479   479 W mediaextractor: libminijail[479]: compile_file: /apex/com.android.media/etc/seccomp_policy/crash_dump.arm64.policy(33): syscall fstat redefined here
04-07 17:24:11.484   479   479 W mediaextractor: libminijail[479]: compile_file: <fd>(16): previous definition here
04-07 17:24:11.484   479   479 W mediaextractor: libminijail[479]: compile_file: /apex/com.android.media/etc/seccomp_policy/crash_dump.arm64.policy(34): syscall mmap redefined here
04-07 17:24:11.484   479   479 W mediaextractor: libminijail[479]: compile_file: <fd>(10): previous definition here
04-07 17:24:11.484   479   479 W mediaextractor: libminijail[479]: logging seccomp filter failures
04-07 17:24:11.496   480   480 V MediaUtils: physMem: 2057531392
04-07 17:24:11.496   480   480 V MediaUtils: requested limit: 134217728
04-07 17:24:11.496   480   480 I libc    : malloc_limit: Allocation limit enabled, max size 134217728 bytes
04-07 17:24:11.497   485   485 I mediaswcodec: media swcodec service starting
04-07 17:24:11.497   480   480 D AudioPowerUsage: AudioPowerUsage
04-07 17:24:11.497   480   480 D AudioAnalytics: AudioAnalytics
04-07 17:24:11.497   480   480 D MediaMetricsService: MediaMetricsService
04-07 17:24:11.499   485   485 W mediaswcodec: Could not read additional policy file '/vendor/etc/seccomp_policy/mediaswcodec.policy'
04-07 17:24:11.499   485   485 W mediaswcodec: libminijail[485]: failed to get path of fd 4: No such file or directory
04-07 17:24:11.499   485   485 W mediaswcodec: libminijail[485]: allowing syscall: connect
04-07 17:24:11.499   485   485 W mediaswcodec: libminijail[485]: allowing syscall: fcntl
04-07 17:24:11.499   485   485 W mediaswcodec: libminijail[485]: allowing syscall: sendto
04-07 17:24:11.499   485   485 W mediaswcodec: libminijail[485]: allowing syscall: socket
04-07 17:24:11.499   485   485 W mediaswcodec: libminijail[485]: allowing syscall: writev
04-07 17:24:11.499   485   485 W mediaswcodec: libminijail[485]: compile_file: <fd>(75): syscall munmap redefined here
04-07 17:24:11.499   485   485 W mediaswcodec: libminijail[485]: compile_file: <fd>(39): previous definition here
04-07 17:24:11.500   485   485 W mediaswcodec: libminijail[485]: logging seccomp filter failures
04-07 17:24:11.500   485   485 I CodecServiceRegistrant: Creating software Codec2 service...
04-07 17:24:11.500   485   485 D C2Store : Default ION heapmask = -1
04-07 17:24:11.500   485   485 D C2Store : Default ION flags = 0
04-07 17:24:11.500   485   485 D C2Store : Default ION align = 0
04-07 17:24:11.501   485   485 I HidlServiceManagement: Registered android.hardware.media.c2@1.2::IComponentStore/software
04-07 17:24:11.501   485   485 I CodecServiceRegistrant: Preferred Codec2 store is set to "default".
04-07 17:24:11.501   485   485 I CodecServiceRegistrant: Software Codec2 service created and registered.
04-07 17:24:11.511   470   470 I cameraserver: ServiceManager: 0xb400007382287b70
04-07 17:24:11.511   470   470 I CameraService: CameraService started (pid=470)
04-07 17:24:11.512   470   470 I CameraService: CameraService process starting
04-07 17:24:11.512   470   470 W BatteryNotifier: batterystats service unavailable!
04-07 17:24:11.512   470   470 W BatteryNotifier: batterystats service unavailable!
04-07 17:24:11.513   470   470 I cameraserver: Connecting to new camera provider: legacy/0, isRemote? 1
04-07 17:24:11.513   470   470 I CameraProviderManager: Enumerating new camera device: device@3.3/legacy/0
04-07 17:24:11.515   470   470 E cameraserver: HidlDeviceInfo3: Converted ICameraDevice instance to nullptr
04-07 17:24:11.515   470   470 I CameraProviderManager: Camera provider legacy/0 ready with 1 camera devices
04-07 17:24:11.516   222   222 I hwservicemanager: getTransport: Cannot find entry android.hardware.audio.effect@7.1::IEffectsFactory/default in either framework or device VINTF manifest.
04-07 17:24:11.520   222   222 I hwservicemanager: getTransport: Cannot find entry android.hardware.configstore@1.0::ISurfaceFlingerConfigs/default in either framework or device VINTF manifest.
04-07 17:24:11.521   406   406 I AudioFlinger: Using default 3000 mSec as standby time.
04-07 17:24:11.521   221   221 I servicemanager: Could not find android.hardware.health.IHealth/default in the VINTF manifest.
04-07 17:24:11.521   479   479 I MediaExtractorFactory: plugin directory not present (/system/lib64/extractors)
04-07 17:24:11.521   479   479 I MediaExtractorFactory: plugin directory not present (/system_ext/lib64/extractors)
04-07 17:24:11.521   470   470 I cameraserver: Connecting to new camera provider: internal/0, isRemote? 1
04-07 17:24:11.521   482   482 I storaged: Unable to get AIDL health service, trying HIDL...
04-07 17:24:11.521   480   504 I ServiceManager: Waiting for service 'package_native' on '/dev/binder'...
04-07 17:24:11.522   470   470 I CameraProviderManager: Enumerating new camera device: device@1.1/internal/1
04-07 17:24:11.522   377   377 I EmulatedCameraDeviceHwlImpl: Create: Created EmulatedCameraDeviceHwlImpl for camera 1
04-07 17:24:11.522   377   377 D GCH_Utils: FindLibraryPaths: Unable to open directory /vendor/lib64/camera/capture_sessions/ (No such file or directory)
04-07 17:24:11.522   377   377 I GCH_CameraDevice: Create: Created a camera device for public(1)
04-07 17:24:11.522   377   377 W GCH_HalVendorTags: ModifyCharacteristicsKeys: failed to get ANDROID_REQUEST_AVAILABLE_SESSION_KEYS
04-07 17:24:11.522   470   470 E CameraProviderManager: addDynamicDepthTags: Advertised depth exclusive tag but value is not present!
04-07 17:24:11.522   470   470 E cameraserver: AidlDeviceInfo3: Failed appending dynamic depth tags: Invalid argument (-22)
04-07 17:24:11.522   377   377 W GCH_HalVendorTags: ModifyCharacteristicsKeys: failed to get ANDROID_REQUEST_AVAILABLE_SESSION_KEYS
04-07 17:24:11.522   377   377 W GCH_HalVendorTags: ModifyCharacteristicsKeys: failed to get ANDROID_REQUEST_AVAILABLE_SESSION_KEYS
04-07 17:24:11.522   470   470 I CameraProviderManager: Camera provider internal/0 ready with 1 camera devices
04-07 17:24:11.523   482   482 I ServiceManager: Waiting for service 'package_native' on '/dev/binder'...
04-07 17:24:11.523   470   507 W CameraProviderManager: addHidlProviderLocked: Camera provider HAL with name 'legacy/0' already registered
04-07 17:24:11.523   470   470 E CameraFlashlight: Flashlight control not supported by this device!
04-07 17:24:11.523   470   470 E CameraFlashlight: findFlashUnits: failed to create flash control for 0
04-07 17:24:11.523   470   470 I CameraService: onDeviceStatusChanged: Status changed for cameraId=0, newStatus=1
04-07 17:24:11.523   470   470 I CameraService: onDeviceStatusChanged: Unknown camera ID 0, a new camera is added
04-07 17:24:11.523   470   470 I CameraService: onDeviceStatusChanged: Status changed for cameraId=1, newStatus=1
04-07 17:24:11.523   470   470 I CameraService: onDeviceStatusChanged: Unknown camera ID 1, a new camera is added
04-07 17:24:11.523   470   470 I cameraserver: Waiting for activity service
04-07 17:24:11.525   409   409 E SurfaceFlinger: ro.sf.lcd_density must be defined as a build property
04-07 17:24:11.526   370   370 I BTAudioProviderA2dpSoftware: A2dpSoftwareAudioProvider - size of audio buffer 7680 byte(s)
04-07 17:24:11.526   370   370 I BTAudioProviderHearingAid: HearingAidAudioProvider - size of audio buffer 3584 byte(s)
04-07 17:24:11.526   222   222 I hwservicemanager: getTransport: Cannot find entry android.hardware.bluetooth.audio@2.1::IBluetoothAudioProvidersFactory/default in either framework or device VINTF manifest.
04-07 17:24:11.526   370   370 E HidlServiceManagement: Service android.hardware.bluetooth.audio@2.1::IBluetoothAudioProvidersFactory/default must be in VINTF manifest in order to register/get.
04-07 17:24:11.526   370   370 E LegacySupport: Could not register service android.hardware.bluetooth.audio@2.1::IBluetoothAudioProvidersFactory/default (-2147483648).
04-07 17:24:11.526   370   370 E LegacySupport: Could not get passthrough implementation for android.hardware.bluetooth.audio@2.0::IBluetoothAudioProvidersFactory/default.
04-07 17:24:11.526   370   370 W audiohalservice: Could not register Bluetooth Audio API
04-07 17:24:11.526   222   222 I hwservicemanager: getTransport: Cannot find entry android.hardware.bluetooth.a2dp@1.0::IBluetoothAudioOffload/default in either framework or device VINTF manifest.
04-07 17:24:11.526   370   370 E LegacySupport: Could not get passthrough implementation for android.hardware.bluetooth.a2dp@1.0::IBluetoothAudioOffload/default.
04-07 17:24:11.526   370   370 W audiohalservice: Could not register Bluetooth Audio Offload API
04-07 17:24:11.526   370   370 E audiohalservice: Failed to dlopen android.hardware.bluetooth.audio-impl.so: dlopen failed: library "android.hardware.bluetooth.audio-impl.so" not found
04-07 17:24:11.526   370   370 W audiohalservice: createIBluetoothAudioProviderFactory() from android.hardware.bluetooth.audio-impl failed
04-07 17:24:11.526   409   409 I SurfaceFlinger: Using HWComposer service: default
04-07 17:24:11.526   409   409 I SurfaceFlinger: SurfaceFlinger is starting
04-07 17:24:11.529   406   406 D APM_EngineLoader: Loaded engine from libaudiopolicyenginedefault.so
04-07 17:24:11.529   406   406 D APM::AudioPolicyEngine/Base: loadAudioPolicyEngineConfig: No configuration found, using default matching phone experience.
04-07 17:24:11.530   406   406 W APM::AudioPolicyEngine/Base: loadAudioPolicyEngineConfig: No configuration of AUDIO_STREAM_CALL_ASSISTANT found, using default volume configuration
04-07 17:24:11.545   481   481 I mediaserver: ServiceManager: 0xb4000078d821a390
04-07 17:24:11.545   481   481 W BatteryNotifier: batterystats service unavailable!
04-07 17:24:11.545   481   481 W BatteryNotifier: batterystats service unavailable!
04-07 17:24:11.549   409   409 I SurfaceFlinger: SurfaceFlinger's main thread ready to run. Initializing graphics H/W...
04-07 17:24:11.549   409   409 E SurfaceFlinger: Unrecognized RenderEngineType ; ignoring!
04-07 17:24:11.549   409   409 D RenderEngine: Threaded RenderEngine with SkiaGL Backend
04-07 17:24:11.550   221   221 I servicemanager: Found android.hardware.radio.data.IRadioData/slot1 in device VINTF manifest.
04-07 17:24:11.550   406   406 I AudioFlinger: loadHwModule() Loaded primary audio interface, handle 10
04-07 17:24:11.550   221   221 I servicemanager: Found android.hardware.radio.messaging.IRadioMessaging/slot1 in device VINTF manifest.
04-07 17:24:11.550   221   221 I servicemanager: Found android.hardware.radio.modem.IRadioModem/slot1 in device VINTF manifest.
04-07 17:24:11.550   221   221 I servicemanager: Found android.hardware.radio.network.IRadioNetwork/slot1 in device VINTF manifest.
04-07 17:24:11.550   221   221 I servicemanager: Found android.hardware.radio.sim.IRadioSim/slot1 in device VINTF manifest.
04-07 17:24:11.550   221   221 I servicemanager: Found android.hardware.radio.voice.IRadioVoice/slot1 in device VINTF manifest.
04-07 17:24:11.550   221   221 I servicemanager: Found android.hardware.radio.config.IRadioConfig/default in device VINTF manifest.
04-07 17:24:11.551   406   406 I AudioFlinger: openOutput() this 0xb400007bb96a5010, module 10 Device AUDIO_DEVICE_OUT_SPEAKER, @:, SamplingRate 48000, Format 0x000001, Channels 0x3, flags 0x2
04-07 17:24:11.552   406   406 I AudioFlinger: HAL output buffer size 1056 frames, normal sink buffer size 1056 frames
04-07 17:24:11.552   222   222 I hwservicemanager: getTransport: Cannot find entry android.hardware.audio.effect@7.1::IEffectsFactory/default in either framework or device VINTF manifest.
04-07 17:24:11.555   409   525 D libEGL  : loaded /vendor/lib64/egl/libEGL_emulation.so
04-07 17:24:11.556   409   525 D libEGL  : loaded /vendor/lib64/egl/libGLESv1_CM_emulation.so
04-07 17:24:11.557   406   406 I BufferProvider: found effect "Multichannel Downmix To Stereo" from The Android Open Source Project
04-07 17:24:11.557   406   406 D AudioFlinger: Failed to add event callback
04-07 17:24:11.558   406   531 I AudioFlinger: AudioFlinger's thread 0xb400007d4c4509a0 tid=531 ready to run
04-07 17:24:11.558   406   531 W AudioFlinger: no wake lock to update, system not ready yet
04-07 17:24:11.558   406   531 D AudioFlinger: ro.audio.silent is ignored since no output device is set
04-07 17:24:11.558   370   370 E android.hardware.audio@7.1-impl.ranchu: device/generic/goldfish/audio/stream_out.cpp:getPresentationPosition:475 failure: Result::INVALID_STATE
04-07 17:24:11.558   370   498 E android.hardware.audio@7.1-impl.ranchu: device/generic/goldfish/audio/primary_device.cpp:getParameters:211 failure: Result::NOT_SUPPORTED
04-07 17:24:11.558   406   406 E APM_AudioPolicyManager: invalid volume index range
04-07 17:24:11.558   406   406 E APM_AudioPolicyManager: invalid volume index range
04-07 17:24:11.558   406   406 E APM_AudioPolicyManager: invalid volume index range
04-07 17:24:11.558   406   406 V APM_AudioPolicyManager: checkAndSetVolume cannot set volume group 4 volume when is not requested for comm
04-07 17:24:11.558   406   406 E APM_AudioPolicyManager: invalid volume index range
04-07 17:24:11.558   406   406 E APM_AudioPolicyManager: invalid volume index range
04-07 17:24:11.558   406   406 E APM_AudioPolicyManager: invalid volume index range
04-07 17:24:11.558   406   406 E APM_AudioPolicyManager: invalid volume index range
04-07 17:24:11.558   409   525 D libEGL  : loaded /vendor/lib64/egl/libGLESv2_emulation.so
04-07 17:24:11.558   406   531 W AudioFlinger: no wake lock to update, system not ready yet
04-07 17:24:11.558   406   531 D AudioFlinger: ro.audio.silent is ignored since no output device is set
04-07 17:24:11.562   409   525 D HostConnection: createUnique: call
04-07 17:24:11.562   409   525 D HostConnection: HostConnection::get() New Host Connection established 0xb40000739c917810, tid 525
04-07 17:24:11.564   409   525 D HostConnection: HostComposition ext ANDROID_EMU_CHECKSUM_HELPER_v1 ANDROID_EMU_native_sync_v2 ANDROID_EMU_native_sync_v3 ANDROID_EMU_native_sync_v4 ANDROID_EMU_dma_v1 ANDROID_EMU_host_composition_v1 ANDROID_EMU_host_composition_v2 ANDROID_EMU_vulkan ANDROID_EMU_deferred_vulkan_commands ANDROID_EMU_vulkan_null_optional_strings ANDROID_EMU_vulkan_create_resources_with_requirements ANDROID_EMU_YUV_Cache ANDROID_EMU_vulkan_ignored_handles ANDROID_EMU_has_shared_slots_host_memory_allocator ANDROID_EMU_vulkan_free_memory_sync ANDROID_EMU_vulkan_shader_float16_int8 ANDROID_EMU_vulkan_async_queue_submit ANDROID_EMU_vulkan_queue_submit_with_commands ANDROID_EMU_sync_buffer_data ANDROID_EMU_vulkan_async_qsri GL_OES_EGL_image_external_essl3 GL_OES_vertex_array_object ANDROID_EMU_host_side_tracing ANDROID_EMU_gles_max_version_3_0 
04-07 17:24:11.565   406   406 E APM_AudioPolicyManager: invalid volume index range
04-07 17:24:11.565   406   406 E APM_AudioPolicyManager: invalid volume index range
04-07 17:24:11.565   406   406 E APM_AudioPolicyManager: invalid volume index range
04-07 17:24:11.565   406   406 E APM_AudioPolicyManager: invalid volume index range
04-07 17:24:11.565   409   525 I RenderEngine: EGL information:
04-07 17:24:11.565   409   525 I RenderEngine: vendor    : Android
04-07 17:24:11.565   409   525 I RenderEngine: version   : 1.4 Android META-EGL
04-07 17:24:11.565   409   525 I RenderEngine: extensions: EGL_ANDROID_front_buffer_auto_refresh EGL_ANDROID_get_frame_timestamps EGL_ANDROID_get_native_client_buffer EGL_ANDROID_presentation_time EGL_EXT_surface_CTA861_3_metadata EGL_EXT_surface_SMPTE2086_metadata EGL_KHR_get_all_proc_addresses EGL_KHR_swap_buffers_with_damage EGL_ANDROID_image_native_buffer EGL_ANDROID_native_fence_sync EGL_ANDROID_recordable EGL_KHR_create_context EGL_KHR_fence_sync EGL_KHR_gl_texture_2D_image EGL_KHR_image EGL_KHR_image_base EGL_KHR_wait_sync 
04-07 17:24:11.565   409   525 I RenderEngine: Client API: OpenGL_ES
04-07 17:24:11.565   409   525 I RenderEngine: EGLSurface: 8-8-8-8, config=0x2
04-07 17:24:11.565   406   406 W AudioFlinger: moveEffects() bad srcOutput 0
04-07 17:24:11.565   406   406 V APM_AudioPolicyManager: selectOutputForMusicEffects selected output 13
04-07 17:24:11.565   406   406 V APM_AudioPolicyManager: setOutputDevices device {AUDIO_DEVICE_OUT_SPEAKER, @:} delayMs 0
04-07 17:24:11.565   406   406 V APM_AudioPolicyManager: setOutputDevices() prevDevice {AUDIO_DEVICE_OUT_SPEAKER, @:}
04-07 17:24:11.566   406   406 V APM_AudioPolicyManager: setOutputDevices changing device to {AUDIO_DEVICE_OUT_SPEAKER, @:}
04-07 17:24:11.566   409   525 D EGL_emulation: eglCreateContext: 0xb40000739c916310: maj 3 min 0 rcv 3
04-07 17:24:11.566   409   525 D EGL_emulation: eglMakeCurrent: 0xb40000739c916310: ver 3 0 (tinfo 0x75a3451080) (first time)
04-07 17:24:11.575   409   525 D RenderEngine: Background Blurs Enabled
04-07 17:24:11.576   409   525 I RenderEngine: OpenGL ES informations:
04-07 17:24:11.576   409   525 I RenderEngine: vendor    : Google (Apple)
04-07 17:24:11.576   409   525 I RenderEngine: renderer  : Android Emulator OpenGL ES Translator (Apple M3)
04-07 17:24:11.576   409   525 I RenderEngine: version   : OpenGL ES 3.0 (4.1 Metal - 88)
04-07 17:24:11.576   409   525 I RenderEngine: extensions: GL_EXT_debug_marker GL_EXT_robustness GL_OES_EGL_sync GL_OES_EGL_image GL_OES_EGL_image_external GL_OES_depth24 GL_OES_depth32 GL_OES_element_index_uint GL_OES_texture_float GL_OES_texture_float_linear GL_OES_compressed_paletted_texture GL_OES_compressed_ETC1_RGB8_texture GL_OES_depth_texture GL_OES_texture_npot GL_OES_rgb8_rgba8 GL_EXT_color_buffer_float GL_EXT_color_buffer_half_float GL_EXT_texture_format_BGRA8888 GL_APPLE_texture_format_BGRA8888 ANDROID_EMU_CHECKSUM_HELPER_v1 ANDROID_EMU_native_sync_v2 ANDROID_EMU_native_sync_v3 ANDROID_EMU_native_sync_v4 ANDROID_EMU_dma_v1 ANDROID_EMU_host_composition_v1 ANDROID_EMU_host_composition_v2 ANDROID_EMU_vulkan ANDROID_EMU_deferred_vulkan_commands ANDROID_EMU_vulkan_null_optional_strings ANDROID_EMU_vulkan_create_resources_with_requirements ANDROID_EMU_YUV_Cache ANDROID_EMU_vulkan_ignored_handles ANDROID_EMU_has_shared_slots_host_memory_allocator ANDROID_EMU_vulkan_free_memory_sync ANDROID_EMU_vulkan_shader_float16_int8 ANDROID_EMU_vulkan_async_queu
04-07 17:24:11.576   409   525 I RenderEngine: GL_MAX_TEXTURE_SIZE = 16384
04-07 17:24:11.576   409   525 I RenderEngine: GL_MAX_VIEWPORT_DIMS = 16384
04-07 17:24:11.576   221   221 I servicemanager: Could not find android.hardware.graphics.composer3.IComposer/default in the VINTF manifest.
04-07 17:24:11.576   222   222 I hwservicemanager: getTransport: Cannot find entry android.hardware.graphics.mapper@4.0::IMapper/default in either framework or device VINTF manifest.
04-07 17:24:11.576   390   390 I ComposerResources: failed to get mapper 4.0 service, falling back to mapper 3.0
04-07 17:24:11.577   390   390 D HostConnection: createUnique: call
04-07 17:24:11.577   390   390 D HostConnection: HostConnection::get() New Host Connection established 0xb4000079b443f210, tid 390
04-07 17:24:11.577   390   390 D goldfish-address-space: allocate: Ask for block of size 0x100
04-07 17:24:11.577   390   390 D goldfish-address-space: allocate: ioctl allocate returned offset 0x1fbff8000 size 0x8000
04-07 17:24:11.578   390   390 I RanchuHwc: registerCallback hotplug connecting display:0
04-07 17:24:11.578   409   409 I SurfaceFlinger: Connecting HAL display 0
04-07 17:24:11.578   409   409 I HWComposer: Switching to generalized multi-display mode
04-07 17:24:11.579   409   409 W HwcComposer: getPerFrameMetadataKeys failed with 8
04-07 17:24:11.579   222   222 I hwservicemanager: getTransport: Cannot find entry android.hardware.configstore@1.1::ISurfaceFlingerConfigs/default in either framework or device VINTF manifest.
04-07 17:24:11.579   222   222 I hwservicemanager: getTransport: Cannot find entry android.hardware.graphics.mapper@4.0::IMapper/default in either framework or device VINTF manifest.
04-07 17:24:11.579   409   409 I Gralloc4: mapper 4.x is not supported
04-07 17:24:11.580   409   409 D HostConnection: createUnique: call
04-07 17:24:11.580   409   409 D HostConnection: HostConnection::get() New Host Connection established 0xb40000739c916850, tid 409
04-07 17:24:11.580   409   409 D goldfish-address-space: allocate: Ask for block of size 0x100
04-07 17:24:11.580   409   409 D goldfish-address-space: allocate: ioctl allocate returned offset 0x1fbff8000 size 0x8000
04-07 17:24:11.580   222   222 I hwservicemanager: getTransport: Cannot find entry android.hardware.graphics.allocator@4.0::IAllocator/default in either framework or device VINTF manifest.
04-07 17:24:11.580   221   221 I servicemanager: Could not find android.hardware.graphics.allocator.IAllocator/default in the VINTF manifest.
04-07 17:24:11.580   409   409 W Gralloc4: allocator 4.x is not supported
04-07 17:24:11.581   389   463 D goldfish-address-space: claimShared: Ask to claim region [0x1fdc38000 0x1fe5a0000]
04-07 17:24:11.582   409   409 D HostConnection: HostComposition ext ANDROID_EMU_CHECKSUM_HELPER_v1 ANDROID_EMU_native_sync_v2 ANDROID_EMU_native_sync_v3 ANDROID_EMU_native_sync_v4 ANDROID_EMU_dma_v1 ANDROID_EMU_host_composition_v1 ANDROID_EMU_host_composition_v2 ANDROID_EMU_vulkan ANDROID_EMU_deferred_vulkan_commands ANDROID_EMU_vulkan_null_optional_strings ANDROID_EMU_vulkan_create_resources_with_requirements ANDROID_EMU_YUV_Cache ANDROID_EMU_vulkan_ignored_handles ANDROID_EMU_has_shared_slots_host_memory_allocator ANDROID_EMU_vulkan_free_memory_sync ANDROID_EMU_vulkan_shader_float16_int8 ANDROID_EMU_vulkan_async_queue_submit ANDROID_EMU_vulkan_queue_submit_with_commands ANDROID_EMU_sync_buffer_data ANDROID_EMU_vulkan_async_qsri GL_OES_EGL_image_external_essl3 GL_OES_vertex_array_object ANDROID_EMU_host_side_tracing ANDROID_EMU_gles_max_version_3_0 
04-07 17:24:11.582   389   389 D goldfish-address-space: claimShared: Ask to claim region [0x1fe5a0000 0x1fef08000]
04-07 17:24:11.583   409   537 W EventThread: Ignoring VSYNC request while display is disconnected
04-07 17:24:11.583   409   537 W EventThread: Ignoring VSYNC request while display is disconnected
04-07 17:24:11.583   409   538 W EventThread: Ignoring VSYNC request while display is disconnected
04-07 17:24:11.583   409   409 I SurfaceFlinger: Dispatching display hotplug event displayId=4619827259835644672, connected=1
04-07 17:24:11.583   409   537 W EventThread: Ignoring VSYNC request while display is disconnected
04-07 17:24:11.583   409   537 W EventThread: Ignoring VSYNC request while display is disconnected
04-07 17:24:11.583   390   390 E RanchuHwc: registerCallback unhandled callback: VsyncPeriodTimingChanged
04-07 17:24:11.583   390   390 E RanchuHwc: registerCallback unhandled callback: SeamlessPossible
04-07 17:24:11.583   409   541 W SurfaceFlinger: Failed to set thread name on dispatch thread
04-07 17:24:11.583   409   409 I HidlServiceManagement: Registered android.frameworks.displayservice@1.0::IDisplayService/default
04-07 17:24:11.583   409   409 D SurfaceFlinger: Setting power mode 2 on display 4619827259835644672
04-07 17:24:11.583   409   409 D SurfaceFlinger: Finished setting power mode 2 on display 4619827259835644672
04-07 17:24:11.584   389   389 D goldfish-address-space: claimShared: Ask to claim region [0x1fef08000 0x1fef18000]
04-07 17:24:11.584   389   389 D goldfish-address-space: claimShared: Ask to claim region [0x1fef18000 0x1fef28000]
04-07 17:24:11.593   406   406 V APM_AudioPolicyManager: setOutputDevices() AF::createAudioPatch returned 0 patchHandle 12 num_sources 1 num_sinks 1
04-07 17:24:11.593   406   406 E APM_AudioPolicyManager: invalid volume index range
04-07 17:24:11.593   406   406 E APM_AudioPolicyManager: invalid volume index range
04-07 17:24:11.593   406   406 E APM_AudioPolicyManager: invalid volume index range
04-07 17:24:11.593   406   406 V APM_AudioPolicyManager: checkAndSetVolume cannot set volume group 4 volume when is not requested for comm
04-07 17:24:11.593   406   406 E APM_AudioPolicyManager: invalid volume index range
04-07 17:24:11.593   406   406 E APM_AudioPolicyManager: invalid volume index range
04-07 17:24:11.593   406   406 E APM_AudioPolicyManager: invalid volume index range
04-07 17:24:11.593   406   406 E APM_AudioPolicyManager: invalid volume index range
04-07 17:24:11.593   406   406 E APM_AudioPolicyManager: invalid volume index range
04-07 17:24:11.593   406   406 E APM_AudioPolicyManager: invalid volume index range
04-07 17:24:11.593   406   406 E APM_AudioPolicyManager: invalid volume index range
04-07 17:24:11.593   406   406 E APM_AudioPolicyManager: invalid volume index range
04-07 17:24:11.593   406   406 I AudioFlinger: openOutput() this 0xb400007bb96a5010, module 10 Device AUDIO_DEVICE_OUT_TELEPHONY_TX, @:, SamplingRate 48000, Format 0x000001, Channels 0x3, flags 0
04-07 17:24:11.594   406   406 I AudioFlinger: HAL output buffer size 1056 frames, normal sink buffer size 1056 frames
04-07 17:24:11.594   406   406 D AudioFlinger: Failed to add event callback
04-07 17:24:11.595   370   498 E android.hardware.audio@7.1-impl.ranchu: device/generic/goldfish/audio/primary_device.cpp:getParameters:211 failure: Result::NOT_SUPPORTED
04-07 17:24:11.595   406   406 E APM_AudioPolicyManager: invalid volume index range
04-07 17:24:11.595   406   406 E APM_AudioPolicyManager: invalid volume index range
04-07 17:24:11.595   406   406 E APM_AudioPolicyManager: invalid volume index range
04-07 17:24:11.595   406   406 V APM_AudioPolicyManager: checkAndSetVolume cannot set volume group 4 volume when is not requested for comm
04-07 17:24:11.595   406   406 E APM_AudioPolicyManager: invalid volume index range
04-07 17:24:11.595   406   406 E APM_AudioPolicyManager: invalid volume index range
04-07 17:24:11.595   406   406 E APM_AudioPolicyManager: invalid volume index range
04-07 17:24:11.595   406   406 E APM_AudioPolicyManager: invalid volume index range
04-07 17:24:11.596   406   406 E APM_AudioPolicyManager: invalid volume index range
04-07 17:24:11.596   406   406 E APM_AudioPolicyManager: invalid volume index range
04-07 17:24:11.596   406   406 E APM_AudioPolicyManager: invalid volume index range
04-07 17:24:11.596   406   406 E APM_AudioPolicyManager: invalid volume index range
04-07 17:24:11.597   406   406 V APM_AudioPolicyManager: selectOutputForMusicEffects selected output 13
04-07 17:24:11.597   406   406 V APM_AudioPolicyManager: setOutputDevices device {AUDIO_DEVICE_OUT_TELEPHONY_TX, @:} delayMs 0
04-07 17:24:11.597   406   406 V APM_AudioPolicyManager: setOutputDevices() prevDevice {AUDIO_DEVICE_OUT_TELEPHONY_TX, @:}
04-07 17:24:11.597   406   406 V APM_AudioPolicyManager: setOutputDevices changing device to {AUDIO_DEVICE_OUT_TELEPHONY_TX, @:}
04-07 17:24:11.601   406   544 I AudioFlinger: AudioFlinger's thread 0xb400007d4c3a59a0 tid=544 ready to run
04-07 17:24:11.601   406   544 W AudioFlinger: no wake lock to update, system not ready yet
04-07 17:24:11.601   406   544 D AudioFlinger: ro.audio.silent is ignored since no output device is set
04-07 17:24:11.601   406   406 V APM_AudioPolicyManager: setOutputDevices() AF::createAudioPatch returned 0 patchHandle 20 num_sources 1 num_sinks 1
04-07 17:24:11.601   370   498 E android.hardware.audio@7.1-impl.ranchu: device/generic/goldfish/audio/stream_out.cpp:getPresentationPosition:475 failure: Result::INVALID_STATE
04-07 17:24:11.601   406   406 E APM_AudioPolicyManager: invalid volume index range
04-07 17:24:11.601   406   406 E APM_AudioPolicyManager: invalid volume index range
04-07 17:24:11.601   406   406 E APM_AudioPolicyManager: invalid volume index range
04-07 17:24:11.601   406   406 V APM_AudioPolicyManager: checkAndSetVolume cannot set volume group 4 volume when is not requested for comm
04-07 17:24:11.601   406   406 E APM_AudioPolicyManager: invalid volume index range
04-07 17:24:11.601   406   406 E APM_AudioPolicyManager: invalid volume index range
04-07 17:24:11.601   406   406 E APM_AudioPolicyManager: invalid volume index range
04-07 17:24:11.601   406   406 E APM_AudioPolicyManager: invalid volume index range
04-07 17:24:11.601   406   406 E APM_AudioPolicyManager: invalid volume index range
04-07 17:24:11.601   406   406 E APM_AudioPolicyManager: invalid volume index range
04-07 17:24:11.601   406   406 E APM_AudioPolicyManager: invalid volume index range
04-07 17:24:11.601   406   406 E APM_AudioPolicyManager: invalid volume index range
04-07 17:24:11.603   406   546 I AudioFlinger: AudioFlinger's thread 0xb400007d4c318bb0 tid=546 ready to run
04-07 17:24:11.603   406   546 W AudioFlinger: no wake lock to update, system not ready yet
04-07 17:24:11.609   406   546 W AudioFlinger: no wake lock to update, system not ready yet
04-07 17:24:11.611   406   548 I AudioFlinger: AudioFlinger's thread 0xb400007d4c318bb0 tid=548 ready to run
04-07 17:24:11.612   406   548 W AudioFlinger: no wake lock to update, system not ready yet
04-07 17:24:11.612   426   551 I adbd    : host-12: read thread spawning
04-07 17:24:11.613   406   548 W AudioFlinger: no wake lock to update, system not ready yet
04-07 17:24:11.613   426   552 I adbd    : host-12: write thread spawning
04-07 17:24:11.613   426   553 I adbd    : host-18: read thread spawning
04-07 17:24:11.614   426   426 I adbd    : host-18: already offline
04-07 17:24:11.614   426   426 I adbd    : Calling send_auth_request...
04-07 17:24:11.617   426   554 I adbd    : host-18: write thread spawning
04-07 17:24:11.621   406   555 I AudioFlinger: AudioFlinger's thread 0xb400007d4c318bb0 tid=555 ready to run
04-07 17:24:11.621   370   498 E DevicesFactoryHAL: loadAudioInterface couldn't load audio hw module audio.a2dp (No such file or directory)
04-07 17:24:11.621   406   406 W DevicesFactoryHalHidl: The specified device name is not recognized: "a2dp"
04-07 17:24:11.621   406   406 E AudioFlinger: loadHwModule() error -22 loading module a2dp
04-07 17:24:11.621   406   406 W APM_AudioPolicyManager: could not open HW module a2dp
04-07 17:24:11.622   426   426 I adbd    : adbd_auth: loading keys from /data/misc/adb/adb_keys
04-07 17:24:11.623   370   498 I r_submix: adev_open(name=audio_hw_if)
04-07 17:24:11.624   426   426 I adbd    : adb client authorized
04-07 17:24:11.624   370   498 I r_submix: adev_init_check()
04-07 17:24:11.624   406   406 I AudioFlinger: loadHwModule() Loaded r_submix audio interface, handle 18
04-07 17:24:11.624   370   498 D r_submix: adev_open_input_stream(addr=0)
04-07 17:24:11.624   370   498 I r_submix: adev_open_input_stream(): about to create pipe at index 9, rate 48000, pipe size 4096
04-07 17:24:11.624   370   498 D r_submix: submix_audio_device_create_pipe_l(addr=0, idx=9)
04-07 17:24:11.624   370   498 D r_submix:   now using address 0 for route 9
04-07 17:24:11.627   431   431 I perfetto:  probes_producer.cc:311 Connected to the service
04-07 17:24:11.628   406   557 I AudioFlinger: AudioFlinger's thread 0xb400007d4c318bb0 tid=557 ready to run
04-07 17:24:11.628   370   498 I r_submix: in_standby()
04-07 17:24:11.628   406   557 W AudioFlinger: no wake lock to update, system not ready yet
04-07 17:24:11.628   370   498 I r_submix: in_standby()
04-07 17:24:11.628   543   543 D BootAnimation: BootAnimationStartTiming start time: 7207ms
04-07 17:24:11.628   543   543 D BootAnimation: BootAnimationPreloadTiming start time: 7207ms
04-07 17:24:11.631   543   543 D BootAnimation: /product/media/bootanimation.zip is loaded successfully
04-07 17:24:11.632   406   557 W AudioFlinger: no wake lock to update, system not ready yet
04-07 17:24:11.632   370   498 D r_submix: adev_close_input_stream()
04-07 17:24:11.632   370   498 D r_submix: submix_audio_device_release_pipe_l(idx=9) addr=0
04-07 17:24:11.632   370   498 D r_submix: submix_audio_device_destroy_pipe_l(): pipe destroyed
04-07 17:24:11.633   406   406 I AudioFlinger: loadHwModule() Loaded bluetooth audio interface, handle 26
04-07 17:24:11.634   406   406 I audioserver: Waiting for activity service
04-07 17:24:11.634   367   367 D zygote64: Time zone APEX ICU file found: /apex/com.android.tzdata/etc/icu/icu_tzdata.dat
04-07 17:24:11.632   559   559 W atrace  : type=1400 audit(0.0:9): avc: denied { write } for name="enable" dev="tracefs" ino=7096 scontext=u:r:atrace:s0 tcontext=u:object_r:debugfs_tracing_debug:s0 tclass=file permissive=0
04-07 17:24:11.635   367   367 D zygote64: I18n APEX ICU file found: /apex/com.android.i18n/etc/icu/icudt70l.dat
04-07 17:24:11.653   389   389 D goldfish-address-space: claimShared: Ask to claim region [0x1fef28000 0x1fef38000]
04-07 17:24:11.653   389   389 D goldfish-address-space: claimShared: Ask to claim region [0x1fef38000 0x1fef58000]
04-07 17:24:11.673   543   543 D BootAnimation: BootAnimationPreloadStopTiming start time: 7252ms
04-07 17:24:11.677   543   564 D libEGL  : loaded /vendor/lib64/egl/libEGL_emulation.so
04-07 17:24:11.678   543   564 D libEGL  : loaded /vendor/lib64/egl/libGLESv1_CM_emulation.so
04-07 17:24:11.679   543   564 D libEGL  : loaded /vendor/lib64/egl/libGLESv2_emulation.so
04-07 17:24:11.683   367   367 I zygote64: Using memfd for future sealing
04-07 17:24:11.685   543   564 D HostConnection: createUnique: call
04-07 17:24:11.685   543   564 D HostConnection: HostConnection::get() New Host Connection established 0xb40000756d51f0d0, tid 564
04-07 17:24:11.687   543   564 D HostConnection: HostComposition ext ANDROID_EMU_CHECKSUM_HELPER_v1 ANDROID_EMU_native_sync_v2 ANDROID_EMU_native_sync_v3 ANDROID_EMU_native_sync_v4 ANDROID_EMU_dma_v1 ANDROID_EMU_host_composition_v1 ANDROID_EMU_host_composition_v2 ANDROID_EMU_vulkan ANDROID_EMU_deferred_vulkan_commands ANDROID_EMU_vulkan_null_optional_strings ANDROID_EMU_vulkan_create_resources_with_requirements ANDROID_EMU_YUV_Cache ANDROID_EMU_vulkan_ignored_handles ANDROID_EMU_has_shared_slots_host_memory_allocator ANDROID_EMU_vulkan_free_memory_sync ANDROID_EMU_vulkan_shader_float16_int8 ANDROID_EMU_vulkan_async_queue_submit ANDROID_EMU_vulkan_queue_submit_with_commands ANDROID_EMU_sync_buffer_data ANDROID_EMU_vulkan_async_qsri GL_OES_EGL_image_external_essl3 GL_OES_vertex_array_object ANDROID_EMU_host_side_tracing ANDROID_EMU_gles_max_version_3_0 
04-07 17:24:11.688   222   222 I hwservicemanager: getTransport: Cannot find entry android.hardware.graphics.mapper@4.0::IMapper/default in either framework or device VINTF manifest.
04-07 17:24:11.689   543   564 I Gralloc4: mapper 4.x is not supported
04-07 17:24:11.690   543   564 D HostConnection: createUnique: call
04-07 17:24:11.690   543   564 D HostConnection: HostConnection::get() New Host Connection established 0xb40000756d51f6d0, tid 564
04-07 17:24:11.690   543   564 D goldfish-address-space: allocate: Ask for block of size 0x100
04-07 17:24:11.690   543   564 D goldfish-address-space: allocate: ioctl allocate returned offset 0x1fbff8000 size 0x8000
04-07 17:24:11.690   222   222 I hwservicemanager: getTransport: Cannot find entry android.hardware.graphics.allocator@4.0::IAllocator/default in either framework or device VINTF manifest.
04-07 17:24:11.690   221   221 I servicemanager: Could not find android.hardware.graphics.allocator.IAllocator/default in the VINTF manifest.
04-07 17:24:11.690   543   564 W Gralloc4: allocator 4.x is not supported
04-07 17:24:11.691   389   389 D goldfish-address-space: claimShared: Ask to claim region [0x1fef58000 0x1ff8c0000]
04-07 17:24:11.692   543   564 D HostConnection: HostComposition ext ANDROID_EMU_CHECKSUM_HELPER_v1 ANDROID_EMU_native_sync_v2 ANDROID_EMU_native_sync_v3 ANDROID_EMU_native_sync_v4 ANDROID_EMU_dma_v1 ANDROID_EMU_host_composition_v1 ANDROID_EMU_host_composition_v2 ANDROID_EMU_vulkan ANDROID_EMU_deferred_vulkan_commands ANDROID_EMU_vulkan_null_optional_strings ANDROID_EMU_vulkan_create_resources_with_requirements ANDROID_EMU_YUV_Cache ANDROID_EMU_vulkan_ignored_handles ANDROID_EMU_has_shared_slots_host_memory_allocator ANDROID_EMU_vulkan_free_memory_sync ANDROID_EMU_vulkan_shader_float16_int8 ANDROID_EMU_vulkan_async_queue_submit ANDROID_EMU_vulkan_queue_submit_with_commands ANDROID_EMU_sync_buffer_data ANDROID_EMU_vulkan_async_qsri GL_OES_EGL_image_external_essl3 GL_OES_vertex_array_object ANDROID_EMU_host_side_tracing ANDROID_EMU_gles_max_version_3_0 
04-07 17:24:11.694   543   564 D EGL_emulation: eglCreateContext: 0xb40000756d51f9d0: maj 3 min 0 rcv 3
04-07 17:24:11.694   543   564 D EGL_emulation: eglMakeCurrent: 0xb40000756d51f9d0: ver 3 0 (tinfo 0x778b0ce080) (first time)
04-07 17:24:11.701   543   564 E emuglGLESv2_enc: device/generic/goldfish-opengl/system/GLESv2_enc/GL2Encoder.cpp:s_glEnable:4892 GL error 0x500 condition [!GLESv2Validation::allowedEnable(ctx->majorVersion(), ctx->minorVersion(), what)]
04-07 17:24:11.714   543   564 D BootAnimation: BootAnimationShownTiming start time: 7293ms
04-07 17:24:11.714   543   564 D BootAnimation: Playing files = /product/media/bootanimation.zip/part0, Requested repeat = 1, playUntilComplete = true
04-07 17:24:11.720   389   389 D goldfish-address-space: claimShared: Ask to claim region [0x1f8000000 0x1f8968000]
04-07 17:24:11.728   409   409 I SurfaceFlinger: Enter boot animation
