04-07 17:24:13.541   485   506 V C2Store : in init
04-07 17:24:13.541   485   506 V C2Store : loading dll
04-07 17:24:13.541   575   575 I GnssLocationProviderJni: Unable to initialize IGnssGeofencing interface.
04-07 17:24:13.541   575   575 I GnssLocationProviderJni: Unable to initialize IGnssNi interface.
04-07 17:24:13.541   575   575 I GnssLocationProviderJni: Unable to initialize IAGnssRil interface.
04-07 17:24:13.541   575   575 I GnssLocationProviderJni: Unable to initialize IGnssVisibilityControl interface.
04-07 17:24:13.541   575   575 I GnssLocationProviderJni: Unable to initialize IGnssMeasurementCorrections interface.
04-07 17:24:13.542   485   506 V C2Store : in ~ComponentModule
04-07 17:24:13.542   485   506 V C2Store : unloading dll
04-07 17:24:13.542   485   506 V C2Store : in init
04-07 17:24:13.542   485   506 V C2Store : loading dll
04-07 17:24:13.542   814   814 D nativeloader: Configuring classloader-namespace for other apk /data/app/~~_NqPXGn5xagSOvNMIdGtOw==/com.google.android.gms-Uwbmh4SP4kSIZTjQ0bhK2A==/base.apk. target_sdk_version=34, uses_libraries=, library_path=/data/app/~~_NqPXGn5xagSOvNMIdGtOw==/com.google.android.gms-Uwbmh4SP4kSIZTjQ0bhK2A==/lib/arm64:/data/app/~~_NqPXGn5xagSOvNMIdGtOw==/com.google.android.gms-Uwbmh4SP4kSIZTjQ0bhK2A==/base.apk!/lib/arm64-v8a, permitted_path=/data:/mnt/expand:/data/user/0/com.google.android.gms
04-07 17:24:13.544   485   506 V C2Store : in ~ComponentModule
04-07 17:24:13.544   485   506 V C2Store : unloading dll
04-07 17:24:13.544   485   506 V C2Store : in init
04-07 17:24:13.544   485   506 V C2Store : loading dll
04-07 17:24:13.545   575   575 I GnssManager: gnss hal initialized
04-07 17:24:13.545   575   575 I GnssManager: gnss hal started
04-07 17:24:13.545   575   575 E GnssLocationProviderJni: android_location_gnss_hal_GnssNative_start_antenna_info_listening: IGnssAntennaInfo interface not available.
04-07 17:24:13.545   485   506 V C2Store : in ~ComponentModule
04-07 17:24:13.545   485   506 V C2Store : unloading dll
04-07 17:24:13.545   485   506 V C2Store : in init
04-07 17:24:13.545   485   506 V C2Store : loading dll
04-07 17:24:13.546   575   575 E ActivityRecognitionHardware: activity_recognition HAL is deprecated. is_supported is effectively a no-op
04-07 17:24:13.546   485   506 V C2Store : in ~ComponentModule
04-07 17:24:13.546   485   506 V C2Store : unloading dll
04-07 17:24:13.546   575   575 D SystemServerTiming: OnBootPhase_600_com.android.server.timedetector.TimeDetectorService$Lifecycle
04-07 17:24:13.546   575   575 D SystemServerTiming: OnBootPhase_600_com.android.server.timezonedetector.TimeZoneDetectorService$Lifecycle
04-07 17:24:13.546   575   575 D SystemServerTiming: OnBootPhase_600_com.android.server.timezonedetector.location.LocationTimeZoneManagerService$Lifecycle
04-07 17:24:13.546   575   575 D SystemServerTiming: OnBootPhase_600_com.android.server.search.SearchManagerService$Lifecycle
04-07 17:24:13.546   575   575 D SystemServerTiming: OnBootPhase_600_com.android.server.wallpaper.WallpaperManagerService$Lifecycle
04-07 17:24:13.546   575   575 D WallpaperManagerService: Wallpaper_switch-user-0
04-07 17:24:13.546   485   506 V C2Store : in init
04-07 17:24:13.546   485   506 V C2Store : loading dll
04-07 17:24:13.547   575   575 V WallpaperManagerService: bindWallpaperComponentLocked: componentName=ComponentInfo{com.android.systemui/com.android.systemui.wallpapers.ImageWallpaper}
04-07 17:24:13.547   575   590 E GnssUtilsJni: IGnssConfiguration setEsExtensionSec() failed.
04-07 17:24:13.547   575   590 E GnssConfiguration: Unable to set ES_EXTENSION_SEC: 0
04-07 17:24:13.547   575   575 D SystemServerTiming: OnBootPhase_600_com.android.server.wallpapereffectsgeneration.WallpaperEffectsGenerationManagerService
04-07 17:24:13.547   575   575 D SystemServerTiming: OnBootPhase_600_com.android.server.audio.AudioService$Lifecycle
04-07 17:24:13.547   575   575 D SystemServerTiming: OnBootPhase_600_com.android.server.soundtrigger_middleware.SoundTriggerMiddlewareService$Lifecycle
04-07 17:24:13.547   575   575 D SystemServerTiming: OnBootPhase_600_com.android.server.DockObserver
04-07 17:24:13.547   575   575 D SystemServerTiming: OnBootPhase_600_com.android.server.midi.MidiService$Lifecycle
04-07 17:24:13.547   575   575 D SystemServerTiming: OnBootPhase_600_com.android.server.adb.AdbService$Lifecycle
04-07 17:24:13.547   575   575 D SystemServerTiming: OnBootPhase_600_com.android.server.usb.UsbService$Lifecycle
04-07 17:24:13.547   575   575 D SystemServerTiming: OnBootPhase_600_com.android.server.twilight.TwilightService
04-07 17:24:13.547   575   575 D SystemServerTiming: OnBootPhase_600_com.android.server.display.color.ColorDisplayService
04-07 17:24:13.547   575   575 D SystemServerTiming: OnBootPhase_600_com.android.server.job.JobSchedulerService
04-07 17:24:13.547   575   694 D ConnectivityService: NetReassign [no changes] [c 0] [a 0] [i 0]
04-07 17:24:13.547   485   506 V C2Store : in ~ComponentModule
04-07 17:24:13.547   485   506 V C2Store : unloading dll
04-07 17:24:13.547   485   506 V C2Store : in init
04-07 17:24:13.547   485   506 V C2Store : loading dll
04-07 17:24:13.547   575   575 D ConnectivityService: requestNetwork for uid/pid:1000/575 asUid: 10133 activeRequest: null callbackRequest: 14 [NetworkRequest [ REQUEST id=15, [ Capabilities: INTERNET&NOT_RESTRICTED&TRUSTED&NOT_VCN_MANAGED Uid: 10133 RequestorUid: 1000 RequestorPkg: android UnderlyingNetworks: Null] ]] callback flags: 0 order: 2147483647
04-07 17:24:13.547   575   590 D CompatibilityChangeReporter: Compat change id reported: 168936375; UID 1000; state: ENABLED
04-07 17:24:13.547   575   575 D ConnectivityService: requestNetwork for uid/pid:1000/575 asUid: 10132 activeRequest: null callbackRequest: 16 [NetworkRequest [ REQUEST id=17, [ Capabilities: INTERNET&NOT_RESTRICTED&TRUSTED&NOT_VCN_MANAGED Uid: 10132 RequestorUid: 1000 RequestorPkg: android UnderlyingNetworks: Null] ]] callback flags: 0 order: 2147483647
04-07 17:24:13.547   575   575 D ConnectivityService: requestNetwork for uid/pid:1000/575 asUid: 10128 activeRequest: null callbackRequest: 18 [NetworkRequest [ REQUEST id=19, [ Capabilities: INTERNET&NOT_RESTRICTED&TRUSTED&NOT_VCN_MANAGED Uid: 10128 RequestorUid: 1000 RequestorPkg: android UnderlyingNetworks: Null] ]] callback flags: 0 order: 2147483647
04-07 17:24:13.547   575   575 D ConnectivityService: requestNetwork for uid/pid:1000/575 asUid: 10123 activeRequest: null callbackRequest: 20 [NetworkRequest [ REQUEST id=21, [ Capabilities: INTERNET&NOT_RESTRICTED&TRUSTED&NOT_VCN_MANAGED Uid: 10123 RequestorUid: 1000 RequestorPkg: android UnderlyingNetworks: Null] ]] callback flags: 0 order: 2147483647
04-07 17:24:13.547   575   575 D ConnectivityService: requestNetwork for uid/pid:1000/575 asUid: 10121 activeRequest: null callbackRequest: 22 [NetworkRequest [ REQUEST id=23, [ Capabilities: INTERNET&NOT_RESTRICTED&TRUSTED&NOT_VCN_MANAGED Uid: 10121 RequestorUid: 1000 RequestorPkg: android UnderlyingNetworks: Null] ]] callback flags: 0 order: 2147483647
04-07 17:24:13.547   575   694 D ConnectivityService: NetReassign [no changes] [c 0] [a 0] [i 0]
04-07 17:24:13.547   575   694 D ConnectivityService: NetReassign [no changes] [c 0] [a 0] [i 0]
04-07 17:24:13.547   575   694 D ConnectivityService: NetReassign [no changes] [c 0] [a 0] [i 0]
04-07 17:24:13.547   575   694 D ConnectivityService: NetReassign [no changes] [c 0] [a 0] [i 0]
04-07 17:24:13.548   575   694 D ConnectivityService: NetReassign [no changes] [c 0] [a 0] [i 0]
04-07 17:24:13.548   575   575 D ConnectivityService: requestNetwork for uid/pid:1000/575 asUid: 10120 activeRequest: null callbackRequest: 24 [NetworkRequest [ REQUEST id=25, [ Capabilities: INTERNET&NOT_RESTRICTED&TRUSTED&NOT_VCN_MANAGED Uid: 10120 RequestorUid: 1000 RequestorPkg: android UnderlyingNetworks: Null] ]] callback flags: 0 order: 2147483647
04-07 17:24:13.548   575   575 D ConnectivityService: requestNetwork for uid/pid:1000/575 asUid: 10119 activeRequest: null callbackRequest: 26 [NetworkRequest [ REQUEST id=27, [ Capabilities: INTERNET&NOT_RESTRICTED&TRUSTED&NOT_VCN_MANAGED Uid: 10119 RequestorUid: 1000 RequestorPkg: android UnderlyingNetworks: Null] ]] callback flags: 0 order: 2147483647
04-07 17:24:13.548   485   506 V C2Store : in ~ComponentModule
04-07 17:24:13.548   485   506 V C2Store : unloading dll
04-07 17:24:13.548   485   506 V C2Store : in init
04-07 17:24:13.548   485   506 V C2Store : loading dll
04-07 17:24:13.548   575   575 D ConnectivityService: requestNetwork for uid/pid:1000/575 asUid: 10110 activeRequest: null callbackRequest: 28 [NetworkRequest [ REQUEST id=29, [ Capabilities: INTERNET&NOT_RESTRICTED&TRUSTED&NOT_VCN_MANAGED Uid: 10110 RequestorUid: 1000 RequestorPkg: android UnderlyingNetworks: Null] ]] callback flags: 0 order: 2147483647
04-07 17:24:13.548   575   575 D ConnectivityService: requestNetwork for uid/pid:1000/575 asUid: 10108 activeRequest: null callbackRequest: 30 [NetworkRequest [ REQUEST id=31, [ Capabilities: INTERNET&NOT_RESTRICTED&TRUSTED&NOT_VCN_MANAGED Uid: 10108 RequestorUid: 1000 RequestorPkg: android UnderlyingNetworks: Null] ]] callback flags: 0 order: 2147483647
04-07 17:24:13.548   575   575 D ConnectivityService: requestNetwork for uid/pid:1000/575 asUid: 10106 activeRequest: null callbackRequest: 32 [NetworkRequest [ REQUEST id=33, [ Capabilities: INTERNET&NOT_RESTRICTED&TRUSTED&NOT_VCN_MANAGED Uid: 10106 RequestorUid: 1000 RequestorPkg: android UnderlyingNetworks: Null] ]] callback flags: 0 order: 2147483647
04-07 17:24:13.548   575   575 D ConnectivityService: requestNetwork for uid/pid:1000/575 asUid: 10103 activeRequest: null callbackRequest: 34 [NetworkRequest [ REQUEST id=35, [ Capabilities: INTERNET&NOT_RESTRICTED&TRUSTED&NOT_VCN_MANAGED Uid: 10103 RequestorUid: 1000 RequestorPkg: android UnderlyingNetworks: Null] ]] callback flags: 0 order: 2147483647
04-07 17:24:13.548   575   590 D GnssCallbckJni: gnssSetCapabilitesCb: 64u
04-07 17:24:13.548   575   590 D GnssCallbckJni: gnssNameCb: name=Android Studio Emulator GPS
04-07 17:24:13.548   575   590 D GnssCallbckJni: gnssSetSystemInfoCb: yearOfHw=2020
04-07 17:24:13.548   575   575 D ConnectivityService: requestNetwork for uid/pid:1000/575 asUid: 10097 activeRequest: null callbackRequest: 36 [NetworkRequest [ REQUEST id=37, [ Capabilities: INTERNET&NOT_RESTRICTED&TRUSTED&NOT_VCN_MANAGED Uid: 10097 RequestorUid: 1000 RequestorPkg: android UnderlyingNetworks: Null] ]] callback flags: 0 order: 2147483647
04-07 17:24:13.548   575   575 D ConnectivityService: requestNetwork for uid/pid:1000/575 asUid: 10109 activeRequest: null callbackRequest: 38 [NetworkRequest [ REQUEST id=39, [ Capabilities: INTERNET&NOT_RESTRICTED&TRUSTED&NOT_VCN_MANAGED Uid: 10109 RequestorUid: 1000 RequestorPkg: android UnderlyingNetworks: Null] ]] callback flags: 0 order: 2147483647
04-07 17:24:13.548   575   590 I GnssLocationProviderJni: Unable to initialize IGnssPsds interface.
04-07 17:24:13.548   575   590 I GnssLocationProviderJni: Unable to initialize IGnssGeofencing interface.
04-07 17:24:13.548   575   590 I GnssLocationProviderJni: Unable to initialize IGnssNi interface.
04-07 17:24:13.548   575   590 I GnssLocationProviderJni: Unable to initialize IAGnssRil interface.
04-07 17:24:13.548   575   590 I GnssLocationProviderJni: Unable to initialize IGnssVisibilityControl interface.
04-07 17:24:13.548   575   590 I GnssLocationProviderJni: Unable to initialize IGnssMeasurementCorrections interface.
04-07 17:24:13.548   575   694 D ConnectivityService: NetReassign [no changes] [c 0] [a 0] [i 0]
04-07 17:24:13.548   575   590 I GnssBlocklistHelper: Update GNSS satellite blocklist: 
04-07 17:24:13.548   575   694 D ConnectivityService: NetReassign [no changes] [c 0] [a 0] [i 0]
04-07 17:24:13.548   575   694 D ConnectivityService: NetReassign [no changes] [c 0] [a 0] [i 0]
04-07 17:24:13.548   575   694 D ConnectivityService: NetReassign [no changes] [c 0] [a 0] [i 0]
04-07 17:24:13.548   575   694 D ConnectivityService: NetReassign [no changes] [c 0] [a 0] [i 0]
04-07 17:24:13.548   575   694 D ConnectivityService: NetReassign [no changes] [c 0] [a 0] [i 0]
04-07 17:24:13.548   575   694 D ConnectivityService: NetReassign [no changes] [c 0] [a 0] [i 0]
04-07 17:24:13.549   575   694 D ConnectivityService: NetReassign [no changes] [c 0] [a 0] [i 0]
04-07 17:24:13.549   485   506 V C2Store : in ~ComponentModule
04-07 17:24:13.549   485   506 V C2Store : unloading dll
04-07 17:24:13.549   485   506 V C2Store : in init
04-07 17:24:13.549   485   506 V C2Store : loading dll
04-07 17:24:13.549   575   575 D SystemServerTiming: OnBootPhase_600_com.android.server.soundtrigger.SoundTriggerService
04-07 17:24:13.549   575   575 D SoundTriggerService: onBootPhase: 600 : false
04-07 17:24:13.549   575   575 D SystemServerTiming: OnBootPhase_600_com.android.server.trust.TrustManagerService
04-07 17:24:13.549   575   575 D BiometricService: Sensor ID(0), oemStrength: 15, updatedStrength: 15, modality 2, state: 0, cookie: 0, sensorId 0, hasEnrollments: false cannot participate in Keystore operations
04-07 17:24:13.549   575   684 W BestClock: java.time.DateTimeException: Missing NTP fix
04-07 17:24:13.549   240   249 I keystore2: keystore2::authorization: on_lock_screen_event(LockScreenEvent(0), user_id=0, password.is_some()=false, unlocking_sids=Some([]))
04-07 17:24:13.550   575   590 E GnssUtilsJni: IGnssConfiguration setBlocklist() failed.
04-07 17:24:13.550   575   575 D SystemServerTiming: OnBootPhase_600_com.android.server.backup.BackupManagerService$Lifecycle
04-07 17:24:13.550   575   575 D SystemServerTiming: OnBootPhase_600_com.android.server.appwidget.AppWidgetService
04-07 17:24:13.550   575   575 D SystemServerTiming: OnBootPhase_600_com.android.server.voiceinteraction.VoiceInteractionManagerService
04-07 17:24:13.550   575   575 D SystemServerTiming: OnBootPhase_600_com.android.server.apphibernation.AppHibernationService
04-07 17:24:13.550   575   575 D SystemServerTiming: OnBootPhase_600_com.android.server.GestureLauncherService
04-07 17:24:13.550   575   575 D SystemServerTiming: OnBootPhase_600_com.android.server.SensorNotificationService
04-07 17:24:13.550   777   777 V GraphicsEnvironment: ANGLE Developer option for 'com.android.systemui' set to: 'default'
04-07 17:24:13.550   575   575 D SystemServerTiming: OnBootPhase_600_com.android.server.emergency.EmergencyAffordanceService
04-07 17:24:13.550   777   777 V GraphicsEnvironment: ANGLE GameManagerService for com.android.systemui: false
04-07 17:24:13.550   575   575 D SystemServerTiming: OnBootPhase_600_com.android.server.blob.BlobStoreManagerService
04-07 17:24:13.550   777   777 V GraphicsEnvironment: Neither updatable production driver nor prerelease driver is supported.
04-07 17:24:13.551   485   506 V C2Store : in ~ComponentModule
04-07 17:24:13.551   485   506 V C2Store : unloading dll
04-07 17:24:13.551   485   506 V C2Store : in init
04-07 17:24:13.551   485   506 V C2Store : loading dll
04-07 17:24:13.551   777   777 D NetworkSecurityConfig: No Network Security Config specified, using platform default
04-07 17:24:13.553   575   575 D SystemServerTiming: OnBootPhase_600_com.android.server.dreams.DreamManagerService
04-07 17:24:13.553   777   777 D NetworkSecurityConfig: No Network Security Config specified, using platform default
04-07 17:24:13.553   575   575 D SystemServerTiming: OnBootPhase_600_com.android.server.print.PrintManagerService
04-07 17:24:13.553   575   575 D SystemServerTiming: OnBootPhase_600_com.android.server.security.AttestationVerificationManagerService
04-07 17:24:13.553   575   575 D SystemServerTiming: OnBootPhase_600_com.android.server.companion.CompanionDeviceManagerService
04-07 17:24:13.553   575   575 D SystemServerTiming: OnBootPhase_600_com.android.server.companion.virtual.VirtualDeviceManagerService
04-07 17:24:13.553   575   575 D SystemServerTiming: OnBootPhase_600_com.android.server.restrictions.RestrictionsManagerService
04-07 17:24:13.553   575   575 D SystemServerTiming: OnBootPhase_600_com.android.server.media.MediaSessionService
04-07 17:24:13.553   575   575 D SystemServerTiming: OnBootPhase_600_com.android.server.media.MediaResourceMonitorService
04-07 17:24:13.553   575   575 D SystemServerTiming: OnBootPhase_600_com.android.server.biometrics.sensors.fingerprint.FingerprintService
04-07 17:24:13.553   575   575 D SystemServerTiming: OnBootPhase_600_com.android.server.biometrics.BiometricService
04-07 17:24:13.553   575   575 D SystemServerTiming: OnBootPhase_600_com.android.server.biometrics.AuthService
04-07 17:24:13.553   575   575 D SystemServerTiming: OnBootPhase_600_com.android.server.pm.ShortcutService$Lifecycle
04-07 17:24:13.553   575   575 D SystemServerTiming: OnBootPhase_600_com.android.server.pm.LauncherAppsService
04-07 17:24:13.553   575   575 D SystemServerTiming: OnBootPhase_600_com.android.server.pm.CrossProfileAppsService
04-07 17:24:13.553   575   575 D SystemServerTiming: OnBootPhase_600_com.android.server.people.PeopleService
04-07 17:24:13.553   575   575 D SystemServerTiming: OnBootPhase_600_com.android.server.media.metrics.MediaMetricsManagerService
04-07 17:24:13.553   575   575 D SystemServerTiming: OnBootPhase_600_com.android.server.media.projection.MediaProjectionManagerService
04-07 17:24:13.553   575   575 D SystemServerTiming: OnBootPhase_600_com.android.server.slice.SliceManagerService$Lifecycle
04-07 17:24:13.553   575   575 D SystemServerTiming: OnBootPhase_600_com.android.server.stats.StatsCompanion$Lifecycle
04-07 17:24:13.553   575   575 E StatsCompanionService: statsd has already been fetched before
04-07 17:24:13.553   575   575 E StatsCompanionService: java.lang.IllegalStateException: IStatsd object should be null or dead
04-07 17:24:13.553   575   575 E StatsCompanionService: 	at com.android.server.stats.StatsCompanionService.sayHiToStatsd(Unknown Source:25)
04-07 17:24:13.553   575   575 E StatsCompanionService: 	at com.android.server.stats.StatsCompanionService.systemReady(Unknown Source:0)
04-07 17:24:13.553   575   575 E StatsCompanionService: 	at com.android.server.stats.StatsCompanion$Lifecycle.onBootPhase(Unknown Source:9)
04-07 17:24:13.553   575   575 E StatsCompanionService: 	at com.android.server.SystemServiceManager.startBootPhase(SystemServiceManager.java:294)
04-07 17:24:13.553   575   575 E StatsCompanionService: 	at com.android.server.SystemServer.lambda$startOtherServices$5(SystemServer.java:2935)
04-07 17:24:13.553   575   575 E StatsCompanionService: 	at com.android.server.SystemServer.$r8$lambda$jmaWUpWMxP4IiPakY5L6Y7rVWik(Unknown Source:0)
04-07 17:24:13.553   575   575 E StatsCompanionService: 	at com.android.server.SystemServer$$ExternalSyntheticLambda5.run(Unknown Source:30)
04-07 17:24:13.553   575   575 E StatsCompanionService: 	at com.android.server.am.ActivityManagerService.systemReady(ActivityManagerService.java:8135)
04-07 17:24:13.553   575   575 E StatsCompanionService: 	at com.android.server.SystemServer.startOtherServices(SystemServer.java:2808)
04-07 17:24:13.553   575   575 E StatsCompanionService: 	at com.android.server.SystemServer.run(SystemServer.java:941)
04-07 17:24:13.553   575   575 E StatsCompanionService: 	at com.android.server.SystemServer.main(SystemServer.java:651)
04-07 17:24:13.553   575   575 E StatsCompanionService: 	at java.lang.reflect.Method.invoke(Native Method)
04-07 17:24:13.553   575   575 E StatsCompanionService: 	at com.android.internal.os.RuntimeInit$MethodAndArgsCaller.run(RuntimeInit.java:548)
04-07 17:24:13.553   575   575 E StatsCompanionService: 	at com.android.internal.os.ZygoteInit.main(ZygoteInit.java:914)
04-07 17:24:13.553   575   575 D SystemServerTiming: OnBootPhase_600_com.android.server.scheduling.RebootReadinessManagerService$Lifecycle
04-07 17:24:13.553   575   575 D SystemServerTiming: OnBootPhase_600_com.android.server.stats.pull.StatsPullAtomService
04-07 17:24:13.553   575   575 D SystemServerTiming: OnBootPhase_600_com.android.server.stats.bootstrap.StatsBootstrapAtomService$Lifecycle
04-07 17:24:13.553   575   575 D SystemServerTiming: OnBootPhase_600_com.android.server.incident.IncidentCompanionService
04-07 17:24:13.553   575   575 D SystemServerTiming: OnBootPhase_600_com.android.server.sdksandbox.SdkSandboxManagerService$Lifecycle
04-07 17:24:13.553   575   575 D SystemServerTiming: OnBootPhase_600_com.android.server.adservices.AdServicesManagerService$Lifecycle
04-07 17:24:13.553   575   575 D SystemServerTiming: OnBootPhase_600_com.android.server.MmsServiceBroker
04-07 17:24:13.553   575   575 D SystemServerTiming: OnBootPhase_600_com.android.server.autofill.AutofillManagerService
04-07 17:24:13.553   575   600 D StatsPullAtomService: Registering NetworkStats pullers with statsd
04-07 17:24:13.553   575   575 D SystemServerTiming: OnBootPhase_600_com.android.server.translation.TranslationManagerService
04-07 17:24:13.553   575   575 D SystemServerTiming: OnBootPhase_600_com.android.server.selectiontoolbar.SelectionToolbarManagerService
04-07 17:24:13.553   575   575 D SystemServerTiming: OnBootPhase_600_com.android.server.clipboard.ClipboardService
04-07 17:24:13.553   575   575 D SystemServerTiming: OnBootPhase_600_com.android.server.appbinding.AppBindingService$Lifecycle
04-07 17:24:13.553   575   575 D SystemServerTiming: OnBootPhase_600_com.android.server.tracing.TracingServiceProxy
04-07 17:24:13.553   575   575 D SystemServerTiming: OnBootPhase_600_com.android.server.policy.PermissionPolicyService
04-07 17:24:13.553   575   575 D SystemServerTiming: OnBootPhase_600_com.android.server.pm.StagingManager$Lifecycle
04-07 17:24:13.554   575   575 D SystemServerTiming: OnBootPhase_600_com.android.server.app.GameManagerService$Lifecycle
04-07 17:24:13.554   575   575 D SystemServerTiming: OnBootPhase_600_com.android.safetycenter.SafetyCenterService
04-07 17:24:13.554   575   575 D SystemServerTiming: OnBootPhase_600_com.android.server.appsearch.AppSearchModule$Lifecycle
04-07 17:24:13.554   575   575 D SystemServerTiming: OnBootPhase_600_com.android.server.media.MediaCommunicationService
04-07 17:24:13.554   575   575 D SystemServerTiming: OnBootPhase_600_com.android.server.compat.overrides.AppCompatOverridesService$Lifecycle
04-07 17:24:13.554   575   575 D SystemServerTiming: StartNetworkStack
04-07 17:24:13.554   575   575 D ConnectivityModuleConnector: Starting networking module android.net.INetworkStackConnector
04-07 17:24:13.554   575   575 D ConnectivityModuleConnector: Starting networking module in network_stack process
04-07 17:24:13.554   575   600 W BestClock: java.time.DateTimeException: Missing NTP fix
04-07 17:24:13.554   575   575 D CompatibilityChangeReporter: Compat change id reported: 135634846; UID 1073; state: DISABLED
04-07 17:24:13.554   575   575 D CompatibilityChangeReporter: Compat change id reported: 177438394; UID 1073; state: DISABLED
04-07 17:24:13.554   575   575 D CompatibilityChangeReporter: Compat change id reported: 135772972; UID 1073; state: DISABLED
04-07 17:24:13.554   575   575 D CompatibilityChangeReporter: Compat change id reported: 135754954; UID 1073; state: ENABLED
04-07 17:24:13.554   575   575 D ConnectivityModuleConnector: Networking module service start requested
04-07 17:24:13.554   575   575 D SystemServerTiming: StartTethering
04-07 17:24:13.554   575   575 D ConnectivityModuleConnector: Starting networking module android.net.ITetheringConnector
04-07 17:24:13.554   575   575 D ConnectivityModuleConnector: Starting networking module in network_stack process
04-07 17:24:13.555   575   575 D ConnectivityModuleConnector: Networking module service start requested
04-07 17:24:13.555   575   575 D SystemServerTiming: MakeCountryDetectionServiceReady
04-07 17:24:13.555   575   575 D SystemServerTiming: MakeNetworkTimeUpdateReady
04-07 17:24:13.555   575   575 D ConnectivityService: requestNetwork for uid/pid:1000/575 activeRequest: null callbackRequest: 40 [NetworkRequest [ REQUEST id=41, [ Capabilities: INTERNET&NOT_RESTRICTED&TRUSTED&NOT_VCN_MANAGED Uid: 1000 RequestorUid: 1000 RequestorPkg: android UnderlyingNetworks: Null] ]] callback flags: 0 order: 2147483647
04-07 17:24:13.555   575   694 D ConnectivityService: NetReassign [no changes] [c 0] [a 0] [i 0]
04-07 17:24:13.555   575   575 D SystemServerTiming: MakeInputManagerServiceReady
04-07 17:24:13.556   575   575 D SystemServerTiming: MakeTelephonyRegistryReady
04-07 17:24:13.556   485   506 I mediaswcodec: missing struct descriptor #Param::CoreIndex(--004) for field values of struct #Param::CoreIndex(F-12004)
04-07 17:24:13.556   575   575 D SystemServerTiming: MakeMediaRouterServiceReady
04-07 17:24:13.556   575   575 D SystemServerTiming: MakeMmsServiceReady
04-07 17:24:13.556   575   575 I MmsServiceBroker: Delay connecting to MmsService until an API is called
04-07 17:24:13.556   575   575 D SystemServerTiming: IncidentDaemonReady
04-07 17:24:13.556   485   506 I mediaswcodec: missing struct descriptor #Param::CoreIndex(--1812) for field values of struct #Param::CoreIndex(F-11812)
04-07 17:24:13.556   485   506 V C2Store : in ~ComponentModule
04-07 17:24:13.556   485   506 V C2Store : unloading dll
04-07 17:24:13.556   485   506 V C2Store : in init
04-07 17:24:13.556   485   506 V C2Store : loading dll
04-07 17:24:13.556   575   575 D SystemServerTiming: MakeIncrementalServiceReady
04-07 17:24:13.556   575   575 D SystemServerTiming: OdsignStatsLogger
04-07 17:24:13.556   575   575 D SystemServerTiming: getCurrentUser
04-07 17:24:13.556   575   575 I ActivityManager: Current user:0
04-07 17:24:13.556   575   575 D SystemServerTiming: ActivityManagerStartApps
04-07 17:24:13.556   575   575 D SystemServerTiming: ssm.StartUser-0
04-07 17:24:13.556   575   575 I SystemServiceManager: Calling onStartUser 0
04-07 17:24:13.556   575   575 D SystemServerTiming: ssm.onStartUser-0_com.android.server.security.FileIntegrityService
04-07 17:24:13.556   575   575 D SystemServerTiming: ssm.onStartUser-0_com.android.server.pm.Installer
04-07 17:24:13.556   575   575 D SystemServerTiming: ssm.onStartUser-0_com.android.server.os.DeviceIdentifiersPolicyService
04-07 17:24:13.556   575   575 D SystemServerTiming: ssm.onStartUser-0_com.android.server.uri.UriGrantsManagerService$Lifecycle
04-07 17:24:13.556   575   575 D SystemServerTiming: ssm.onStartUser-0_com.android.server.powerstats.PowerStatsService
04-07 17:24:13.556   575   575 D SystemServerTiming: ssm.onStartUser-0_com.android.server.wm.ActivityTaskManagerService$Lifecycle
04-07 17:24:13.556   575   575 D SystemServerTiming: ssm.onStartUser-0_com.android.server.am.ActivityManagerService$Lifecycle
04-07 17:24:13.556   575   575 D SystemServerTiming: ssm.onStartUser-0_com.android.server.pm.DataLoaderManagerService
04-07 17:24:13.556   575   575 D SystemServerTiming: ssm.onStartUser-0_com.android.server.power.PowerManagerService
04-07 17:24:13.556   575   575 D SystemServerTiming: ssm.onStartUser-0_com.android.server.power.ThermalManagerService
04-07 17:24:13.556   575   575 D SystemServerTiming: ssm.onStartUser-0_com.android.server.power.hint.HintManagerService
04-07 17:24:13.556   575   575 D SystemServerTiming: ssm.onStartUser-0_com.android.server.recoverysystem.RecoverySystemService$Lifecycle
04-07 17:24:13.556   575   575 D SystemServerTiming: ssm.onStartUser-0_com.android.server.lights.LightsService
04-07 17:24:13.556   575   575 D SystemServerTiming: ssm.onStartUser-0_com.android.server.display.DisplayManagerService
04-07 17:24:13.556   575   575 D SystemServerTiming: ssm.onStartUser-0_com.android.server.pm.verify.domain.DomainVerificationService
04-07 17:24:13.556   575   575 D SystemServerTiming: ssm.onStartUser-0_com.android.server.pm.PackageInstallerService$Lifecycle
04-07 17:24:13.556   575   575 D SystemServerTiming: ssm.onStartUser-0_com.android.server.pm.UserManagerService$LifeCycle
04-07 17:24:13.556   575   575 D SystemServerTiming: ssm.onStartUser-0_com.android.server.om.OverlayManagerService
04-07 17:24:13.556   575   575 D SystemServerTiming: ssm.onStartUser-0_com.android.server.resources.ResourcesManagerService
04-07 17:24:13.556   575   575 D SystemServerTiming: ssm.onStartUser-0_com.android.server.sensorprivacy.SensorPrivacyService
04-07 17:24:13.556   575   575 D SystemServerTiming: ssm.onStartUser-0_com.android.server.sensors.SensorService
04-07 17:24:13.556   575   575 D SystemServerTiming: ssm.onStartUser-0_com.android.server.SystemConfigService
04-07 17:24:13.556   575   575 D SystemServerTiming: ssm.onStartUser-0_com.android.server.BatteryService
04-07 17:24:13.556   575   575 D SystemServerTiming: ssm.onStartUser-0_com.android.server.usage.UsageStatsService
04-07 17:24:13.556   575   575 D SystemServerTiming: ssm.onStartUser-0_com.android.server.webkit.WebViewUpdateService
04-07 17:24:13.556   575   575 D SystemServerTiming: ssm.onStartUser-0_com.android.server.CachedDeviceStateService
04-07 17:24:13.556   575   575 D SystemServerTiming: ssm.onStartUser-0_com.android.server.BinderCallsStatsService$LifeCycle
04-07 17:24:13.556   575   575 D SystemServerTiming: ssm.onStartUser-0_com.android.server.LooperStatsService$Lifecycle
04-07 17:24:13.556   575   575 D SystemServerTiming: ssm.onStartUser-0_com.android.server.rollback.RollbackManagerService
04-07 17:24:13.556   575   575 D SystemServerTiming: ssm.onStartUser-0_com.android.server.os.NativeTombstoneManagerService
04-07 17:24:13.556   575   575 D SystemServerTiming: ssm.onStartUser-0_com.android.server.os.BugreportManagerService
04-07 17:24:13.556   575   575 D SystemServerTiming: ssm.onStartUser-0_com.android.server.gpu.GpuService
04-07 17:24:13.556   575   575 D SystemServerTiming: ssm.onStartUser-0_com.android.server.security.KeyChainSystemService
04-07 17:24:13.556   575   575 D SystemServerTiming: ssm.onStartUser-0_com.android.server.BinaryTransparencyService
04-07 17:24:13.556   575   575 D SystemServerTiming: ssm.onStartUser-0_com.android.server.telecom.TelecomLoaderService
04-07 17:24:13.556   575   575 D SystemServerTiming: ssm.onStartUser-0_com.android.server.accounts.AccountManagerService$Lifecycle
04-07 17:24:13.556   575   575 D SystemServerTiming: ssm.onStartUser-0_com.android.server.content.ContentService$Lifecycle
04-07 17:24:13.556   575   575 D SystemServerTiming: ssm.onStartUser-0_com.android.server.DropBoxManagerService
04-07 17:24:13.556   575   575 D SystemServerTiming: ssm.onStartUser-0_com.android.role.RoleService
04-07 17:24:13.556   367   367 D Zygote  : Forked child process 842
04-07 17:24:13.556   575   602 I ActivityManager: Start proc 842:com.android.networkstack.process/1073 for service {com.google.android.networkstack/com.android.server.NetworkStackService}
04-07 17:24:13.557   575   661 I InputReader: Reconfiguring input devices, changes=KEYBOARD_LAYOUTS | DEVICE_ALIAS | 
04-07 17:24:13.557   777   777 V SystemUIService: SystemUIApplication constructed.
04-07 17:24:13.557   485   506 V C2Store : in ~ComponentModule
04-07 17:24:13.557   485   506 V C2Store : unloading dll
04-07 17:24:13.558   575   575 D SystemServerTiming: ssm.onStartUser-0_com.android.server.vibrator.VibratorManagerService$Lifecycle
04-07 17:24:13.558   575   575 D SystemServerTiming: ssm.onStartUser-0_com.android.server.tare.InternalResourceService
04-07 17:24:13.558   575   575 D SystemServerTiming: ssm.onStartUser-0_com.android.server.alarm.AlarmManagerService
04-07 17:24:13.558   575   575 D SystemServerTiming: ssm.onStartUser-0_com.android.server.devicestate.DeviceStateManagerService
04-07 17:24:13.558   575   575 D SystemServerTiming: ssm.onStartUser-0_com.android.server.camera.CameraServiceProxy
04-07 17:24:13.558   575   575 D SystemServerTiming: ssm.onStartUser-0_com.android.server.bluetooth.BluetoothService
04-07 17:24:13.558   575   575 D BluetoothManagerService: Bluetooth boot completed
04-07 17:24:13.558   575   575 D BluetoothManagerService: Auto-enabling Bluetooth.
04-07 17:24:13.558   575   663 D BluetoothManagerService: MESSAGE_ENABLE(0): mBluetooth = null
04-07 17:24:13.558   575   663 D BluetoothManagerService: Persisting Bluetooth Setting: 1
04-07 17:24:13.558   485   506 V C2Store : in init
04-07 17:24:13.558   485   506 V C2Store : loading dll
04-07 17:24:13.558   575   800 D CompatibilityChangeReporter: Compat change id reported: 135634846; UID 10125; state: DISABLED
04-07 17:24:13.558   575   800 D CompatibilityChangeReporter: Compat change id reported: 177438394; UID 10125; state: DISABLED
04-07 17:24:13.558   575   800 D CompatibilityChangeReporter: Compat change id reported: 135772972; UID 10125; state: DISABLED
04-07 17:24:13.558   575   800 D CompatibilityChangeReporter: Compat change id reported: 135754954; UID 10125; state: ENABLED
04-07 17:24:13.558   575   800 D CompatibilityChangeReporter: Compat change id reported: 207557677; UID 10125; state: ENABLED
04-07 17:24:13.558   575   663 D BluetoothManagerService: binding Bluetooth service
04-07 17:24:13.558   367   367 W Zygote  : forkRepeatedly terminated due to non-simple command
04-07 17:24:13.558   367   367 D Zygote  : mbuffer starts with 14, nice name is webview_zygote, mEnd = 397, mNext = 165, mLinesLeft = 6, mFd = 5
04-07 17:24:13.559   485   506 V C2Store : in ~ComponentModule
04-07 17:24:13.559   485   506 V C2Store : unloading dll
04-07 17:24:13.559   485   506 V C2Store : in init
04-07 17:24:13.559   485   506 V C2Store : loading dll
04-07 17:24:13.559   575   663 D CompatibilityChangeReporter: Compat change id reported: 135634846; UID 1002; state: DISABLED
04-07 17:24:13.559   803   803 I WebViewLoader-a: System.exit called, status: 0
04-07 17:24:13.559   803   803 I AndroidRuntime: VM exiting with result code 0, cleanup skipped.
04-07 17:24:13.559   575   575 D BluetoothA2dp: Binding service...
04-07 17:24:13.560   575   575 D BluetoothLeAudio: Binding service...
04-07 17:24:13.560   575   575 I BluetoothAirplaneModeListener: start
04-07 17:24:13.560   485   506 V C2Store : in ~ComponentModule
04-07 17:24:13.560   485   506 V C2Store : unloading dll
04-07 17:24:13.560   485   506 V C2Store : in init
04-07 17:24:13.560   485   506 V C2Store : loading dll
04-07 17:24:13.560   575   575 D SystemServerTiming: ssm.onStartUser-0_com.android.server.connectivity.IpConnectivityMetrics
04-07 17:24:13.560   575   575 D SystemServerTiming: ssm.onStartUser-0_com.android.server.net.watchlist.NetworkWatchlistService$Lifecycle
04-07 17:24:13.560   575   575 D SystemServerTiming: ssm.onStartUser-0_com.android.server.PinnerService
04-07 17:24:13.560   575   575 D SystemServerTiming: ssm.onStartUser-0_com.android.server.integrity.AppIntegrityManagerService
04-07 17:24:13.560   575   575 D SystemServerTiming: ssm.onStartUser-0_com.android.server.logcat.LogcatManagerService
04-07 17:24:13.560   575   575 D SystemServerTiming: ssm.onStartUser-0_com.android.server.inputmethod.InputMethodManagerService$Lifecycle
04-07 17:24:13.560   575   575 D SystemServerTiming: ssm.onStartUser-0_com.android.server.accessibility.AccessibilityManagerService$Lifecycle
04-07 17:24:13.560   575   575 D SystemServerTiming: ssm.onStartUser-0_com.android.server.StorageManagerService$Lifecycle
04-07 17:24:13.560   575   758 W StorageManagerService: No primary storage defined yet; hacking together a stub
04-07 17:24:13.561   485   506 V C2Store : in ~ComponentModule
04-07 17:24:13.561   485   506 V C2Store : unloading dll
04-07 17:24:13.561   485   506 V C2Store : in init
04-07 17:24:13.561   485   506 V C2Store : loading dll
04-07 17:24:13.563   575   575 V StorageManagerService: Package com.google.android.networkstack.tethering does not have legacy storage
04-07 17:24:13.563   575   575 V StorageManagerService: Package com.android.cts.priv.ctsshim does not have legacy storage
04-07 17:24:13.563   575   575 V StorageManagerService: Package com.google.android.youtube does not have legacy storage
04-07 17:24:13.563   575   575 V StorageManagerService: Package com.android.uwb.resources does not have legacy storage
04-07 17:24:13.563   575   575 V StorageManagerService: Package com.android.internal.display.cutout.emulation.corner does not have legacy storage
04-07 17:24:13.563   575   575 V StorageManagerService: Package com.google.android.ext.services does not have legacy storage
04-07 17:24:13.563   575   575 V StorageManagerService: Package com.android.internal.display.cutout.emulation.double does not have legacy storage
04-07 17:24:13.563   575   575 V StorageManagerService: Package com.android.providers.telephony does not have legacy storage
04-07 17:24:13.563   575   575 V StorageManagerService: Package com.android.dynsystem does not have legacy storage
04-07 17:24:13.563   575   575 V StorageManagerService: Package com.google.android.googlequicksearchbox does not have legacy storage
04-07 17:24:13.563   575   575 V StorageManagerService: Package com.google.android.cellbroadcastservice does not have legacy storage
04-07 17:24:13.563   575   575 V StorageManagerService: Package com.android.providers.calendar does not have legacy storage
04-07 17:24:13.563   575   575 V StorageManagerService: Package com.android.providers.media does not have legacy storage
04-07 17:24:13.563   575   575 V StorageManagerService: Package com.google.android.onetimeinitializer does not have legacy storage
04-07 17:24:13.563   575   575 V StorageManagerService: Package com.google.android.ext.shared does not have legacy storage
04-07 17:24:13.563   575   575 V StorageManagerService: Package com.android.internal.systemui.navbar.gestural_wide_back does not have legacy storage
04-07 17:24:13.563   575   575 V StorageManagerService: Package com.android.wallpapercropper does not have legacy storage
04-07 17:24:13.563   575   575 V StorageManagerService: Package com.android.managedprovisioning.auto_generated_rro_product__ does not have legacy storage
04-07 17:24:13.563   575   575 V StorageManagerService: Package com.android.carrierconfig.auto_generated_rro_vendor__ does not have legacy storage
04-07 17:24:13.563   575   575 V StorageManagerService: Package com.android.systemui.emulation.pixel_3_xl does not have legacy storage
04-07 17:24:13.563   575   575 V StorageManagerService: Package com.android.systemui.emulation.pixel_4_xl does not have legacy storage
04-07 17:24:13.563   575   575 V StorageManagerService: Package com.android.simappdialog.auto_generated_rro_product__ does not have legacy storage
04-07 17:24:13.563   575   575 V StorageManagerService: Package com.android.externalstorage does not have legacy storage
04-07 17:24:13.563   575   575 V StorageManagerService: Package com.android.htmlviewer does not have legacy storage
04-07 17:24:13.563   575   575 V StorageManagerService: Package com.android.companiondevicemanager does not have legacy storage
04-07 17:24:13.563   575   575 V StorageManagerService: Package com.android.mms.service does not have legacy storage
04-07 17:24:13.563   575   575 V StorageManagerService: Package com.android.providers.downloads does not have legacy storage
04-07 17:24:13.563   575   575 V StorageManagerService: Package com.android.systemui.auto_generated_rro_product__ does not have legacy storage
04-07 17:24:13.563   575   575 V StorageManagerService: Package com.google.android.apps.messaging does not have legacy storage
04-07 17:24:13.563   575   575 V StorageManagerService: Package com.google.android.soundpicker does not have legacy storage
04-07 17:24:13.563   575   575 V StorageManagerService: Package com.breel.wallpapers18 does not have legacy storage
04-07 17:24:13.563   575   575 V StorageManagerService: Package com.google.android.configupdater does not have legacy storage
04-07 17:24:13.563   575   575 V StorageManagerService: Package com.android.internal.emulation.pixel_3a_xl does not have legacy storage
04-07 17:24:13.563   575   575 V StorageManagerService: Package com.google.android.providers.media.module does not have legacy storage
04-07 17:24:13.563   575   575 V StorageManagerService: Package com.android.internal.emulation.pixel_3a does not have legacy storage
04-07 17:24:13.563   575   575 V StorageManagerService: Package com.android.internal.emulation.pixel_4a does not have legacy storage
04-07 17:24:13.563   575   575 V StorageManagerService: Package com.google.android.overlay.googlewebview does not have legacy storage
04-07 17:24:13.563   575   575 V StorageManagerService: Package com.android.systemui.plugin.globalactions.wallet does not have legacy storage
04-07 17:24:13.563   575   575 V StorageManagerService: Package com.android.providers.downloads.ui does not have legacy storage
04-07 17:24:13.563   575   575 V StorageManagerService: Package com.google.android.hotspot2.osulogin does not have legacy storage
04-07 17:24:13.564   575   575 V StorageManagerService: Package com.android.vending does not have legacy storage
04-07 17:24:13.564   575   575 V StorageManagerService: Package com.android.pacprocessor does not have legacy storage
04-07 17:24:13.564   575   575 V StorageManagerService: Package com.android.simappdialog does not have legacy storage
04-07 17:24:13.564   575   575 V StorageManagerService: Package com.google.android.adservices.api does not have legacy storage
04-07 17:24:13.564   575   575 V StorageManagerService: Package com.android.internal.display.cutout.emulation.hole does not have legacy storage
04-07 17:24:13.564   575   575 V StorageManagerService: Package com.android.internal.display.cutout.emulation.tall does not have legacy storage
04-07 17:24:13.564   575   575 V StorageManagerService: Package com.android.certinstaller does not have legacy storage
04-07 17:24:13.564   575   575 V StorageManagerService: Package com.android.carrierconfig does not have legacy storage
04-07 17:24:13.564   575   575 V StorageManagerService: Package com.android.internal.systemui.navbar.threebutton does not have legacy storage
04-07 17:24:13.564   575   575 V StorageManagerService: Package android does not have legacy storage
04-07 17:24:13.564   575   575 V StorageManagerService: Package com.android.camera2 does not have legacy storage
04-07 17:24:13.564   575   575 V StorageManagerService: Package com.google.android.sdksandbox does not have legacy storage
04-07 17:24:13.564   575   575 V StorageManagerService: Package com.android.egg does not have legacy storage
04-07 17:24:13.564   575   575 V StorageManagerService: Package com.android.mtp does not have legacy storage
04-07 17:24:13.564   575   575 V StorageManagerService: Package com.android.nfc does not have legacy storage
04-07 17:24:13.564   575   575 V StorageManagerService: Package com.android.ons does not have legacy storage
04-07 17:24:13.564   575   575 V StorageManagerService: Package com.android.stk does not have legacy storage
04-07 17:24:13.564   575   575 V StorageManagerService: Package com.android.backupconfirm does not have legacy storage
04-07 17:24:13.564   575   575 V StorageManagerService: Package com.android.systemui.auto_generated_rro_vendor__ does not have legacy storage
04-07 17:24:13.564   575   575 V StorageManagerService: Package com.google.android.deskclock does not have legacy storage
04-07 17:24:13.564   575   575 V StorageManagerService: Package com.android.internal.systemui.navbar.twobutton does not have legacy storage
04-07 17:24:13.564   575   575 V StorageManagerService: Package com.iskcon.birkrishnagoswami does not have legacy storage
04-07 17:24:13.564   575   575 V StorageManagerService: Package com.google.android.as does not have legacy storage
04-07 17:24:13.564   575   575 V StorageManagerService: Package com.google.android.gm does not have legacy storage
04-07 17:24:13.564   575   575 V StorageManagerService: Package com.android.internal.systemui.navbar.gestural_extra_wide_back does not have legacy storage
04-07 17:24:13.564   575   575 V StorageManagerService: Package com.google.android.permissioncontroller does not have legacy storage
04-07 17:24:13.564   575   575 V StorageManagerService: Package com.android.systemui.emulation.pixel_3 does not have legacy storage
04-07 17:24:13.564   575   575 V StorageManagerService: Package com.android.systemui.emulation.pixel_4 does not have legacy storage
04-07 17:24:13.564   575   575 V StorageManagerService: Package com.android.systemui.emulation.pixel_5 does not have legacy storage
04-07 17:24:13.564   575   575 V StorageManagerService: Package com.google.android.setupwizard does not have legacy storage
04-07 17:24:13.564   575   575 V StorageManagerService: Package com.android.emulator.radio.config does not have legacy storage
04-07 17:24:13.564   575   575 V StorageManagerService: Package com.android.providers.settings does not have legacy storage
04-07 17:24:13.564   575   575 V StorageManagerService: Package com.android.sharedstoragebackup does not have legacy storage
04-07 17:24:13.564   575   575 V StorageManagerService: Package com.android.nfc.auto_generated_rro_product__ does not have legacy storage
04-07 17:24:13.564   575   575 V StorageManagerService: Package com.android.printspooler does not have legacy storage
04-07 17:24:13.564   575   575 V StorageManagerService: Package com.android.emergency.auto_generated_rro_product__ does not have legacy storage
04-07 17:24:13.564   575   575 V StorageManagerService: Package com.google.android.connectivity.resources.goldfish.overlay does not have legacy storage
04-07 17:24:13.564   575   575 V StorageManagerService: Package com.android.dreams.basic does not have legacy storage
04-07 17:24:13.564   575   575 V StorageManagerService: Package com.google.android.networkstack.tethering.emulator does not have legacy storage
04-07 17:24:13.564   575   575 V StorageManagerService: Package com.android.providers.settings.auto_generated_rro_product__ does not have legacy storage
04-07 17:24:13.564   575   575 V StorageManagerService: Package com.google.android.as.oss does not have legacy storage
04-07 17:24:13.564   575   575 V StorageManagerService: Package com.android.se does not have legacy storage
04-07 17:24:13.564   575   575 V StorageManagerService: Package com.android.inputdevices does not have legacy storage
04-07 17:24:13.564   575   575 V StorageManagerService: Package com.android.traceur.auto_generated_rro_product__ does not have legacy storage
04-07 17:24:13.564   575   575 V StorageManagerService: Package com.google.android.apps.wellbeing does not have legacy storage
04-07 17:24:13.564   575   575 V StorageManagerService: Package com.google.android.dialer does not have legacy storage
04-07 17:24:13.564   575   575 V StorageManagerService: Package com.android.bips does not have legacy storage
04-07 17:24:13.564   575   575 V StorageManagerService: Package com.android.internal.emulation.pixel_3 does not have legacy storage
04-07 17:24:13.564   575   575 V StorageManagerService: Package com.android.internal.emulation.pixel_4 does not have legacy storage
04-07 17:24:13.564   575   575 V StorageManagerService: Package com.android.internal.emulation.pixel_5 does not have legacy storage
04-07 17:24:13.564   575   575 V StorageManagerService: Package com.google.android.captiveportallogin does not have legacy storage
04-07 17:24:13.564   575   575 V StorageManagerService: Package com.android.musicfx does not have legacy storage
04-07 17:24:13.564   575   575 V StorageManagerService: Package com.google.android.apps.docs does not have legacy storage
04-07 17:24:13.564   575   575 V StorageManagerService: Package com.google.android.apps.maps does not have legacy storage
04-07 17:24:13.564   575   575 V StorageManagerService: Package com.google.android.modulemetadata does not have legacy storage
04-07 17:24:13.564   575   575 V StorageManagerService: Package com.android.internal.display.cutout.emulation.emu01 does not have legacy storage
04-07 17:24:13.564   575   575 V StorageManagerService: Package com.google.android.markup does not have legacy storage
04-07 17:24:13.564   575   575 V StorageManagerService: Package com.android.providers.settings.auto_generated_rro_vendor__ does not have legacy storage
04-07 17:24:13.564   575   575 V StorageManagerService: Package com.android.cellbroadcastreceiver does not have legacy storage
04-07 17:24:13.564   575   575 V StorageManagerService: Package com.google.android.webview does not have legacy storage
04-07 17:24:13.564   575   575 V StorageManagerService: Package com.google.android.bluetooth.services does not have legacy storage
04-07 17:24:13.564   575   575 V StorageManagerService: Package com.google.android.networkstack does not have legacy storage
04-07 17:24:13.564   575   575 V StorageManagerService: Package host.exp.exponent does not have legacy storage
04-07 17:24:13.564   575   575 V StorageManagerService: Package com.google.android.contacts does not have legacy storage
04-07 17:24:13.564   575   575 V StorageManagerService: Package com.android.server.telecom does not have legacy storage
04-07 17:24:13.564   575   575 V StorageManagerService: Package com.android.keychain does not have legacy storage
04-07 17:24:13.564   575   575 V StorageManagerService: Package com.android.server.telecom.auto_generated_rro_product__ does not have legacy storage
04-07 17:24:13.564   575   575 V StorageManagerService: Package com.google.android.overlay.googleconfig does not have legacy storage
04-07 17:24:13.564   575   575 V StorageManagerService: Package com.android.chrome does not have legacy storage
04-07 17:24:13.564   575   575 V StorageManagerService: Package com.android.bips.auto_generated_rro_product__ does not have legacy storage
04-07 17:24:13.564   575   575 V StorageManagerService: Package com.google.android.packageinstaller does not have legacy storage
04-07 17:24:13.564   575   575 V StorageManagerService: Package com.google.android.apps.customization.pixel does not have legacy storage
04-07 17:24:13.564   575   575 V StorageManagerService: Package com.google.android.gms does not have legacy storage
