04-07 17:24:13.349   575   575 D SystemServerTiming: OnBootPhase_520_com.android.server.people.PeopleService
04-07 17:24:13.349   575   575 D SystemServerTiming: OnBootPhase_520_com.android.server.media.metrics.MediaMetricsManagerService
04-07 17:24:13.349   575   575 D SystemServerTiming: OnBootPhase_520_com.android.server.media.projection.MediaProjectionManagerService
04-07 17:24:13.349   575   575 D SystemServerTiming: OnBootPhase_520_com.android.server.slice.SliceManagerService$Lifecycle
04-07 17:24:13.349   575   575 D SystemServerTiming: OnBootPhase_520_com.android.server.stats.StatsCompanion$Lifecycle
04-07 17:24:13.349   575   575 D SystemServerTiming: OnBootPhase_520_com.android.server.scheduling.RebootReadinessManagerService$Lifecycle
04-07 17:24:13.349   575   575 D SystemServerTiming: OnBootPhase_520_com.android.server.stats.pull.StatsPullAtomService
04-07 17:24:13.349   575   575 D SystemServerTiming: OnBootPhase_520_com.android.server.stats.bootstrap.StatsBootstrapAtomService$Lifecycle
04-07 17:24:13.349   575   575 D SystemServerTiming: OnBootPhase_520_com.android.server.incident.IncidentCompanionService
04-07 17:24:13.349   575   575 D SystemServerTiming: OnBootPhase_520_com.android.server.sdksandbox.SdkSandboxManagerService$Lifecycle
04-07 17:24:13.349   575   575 D SystemServerTiming: OnBootPhase_520_com.android.server.adservices.AdServicesManagerService$Lifecycle
04-07 17:24:13.349   575   575 D SystemServerTiming: OnBootPhase_520_com.android.server.MmsServiceBroker
04-07 17:24:13.349   575   575 D SystemServerTiming: OnBootPhase_520_com.android.server.autofill.AutofillManagerService
04-07 17:24:13.349   575   575 D SystemServerTiming: OnBootPhase_520_com.android.server.translation.TranslationManagerService
04-07 17:24:13.349   575   575 D SystemServerTiming: OnBootPhase_520_com.android.server.selectiontoolbar.SelectionToolbarManagerService
04-07 17:24:13.349   575   575 D SystemServerTiming: OnBootPhase_520_com.android.server.clipboard.ClipboardService
04-07 17:24:13.349   575   575 D SystemServerTiming: OnBootPhase_520_com.android.server.appbinding.AppBindingService$Lifecycle
04-07 17:24:13.349   575   575 D SystemServerTiming: OnBootPhase_520_com.android.server.tracing.TracingServiceProxy
04-07 17:24:13.349   575   575 D SystemServerTiming: OnBootPhase_520_com.android.server.policy.PermissionPolicyService
04-07 17:24:13.349   575   575 D SystemServerTiming: OnBootPhase_520_com.android.server.pm.StagingManager$Lifecycle
04-07 17:24:13.349   575   575 D SystemServerTiming: OnBootPhase_520_com.android.server.app.GameManagerService$Lifecycle
04-07 17:24:13.349   575   575 D SystemServerTiming: StartSafetyCenterService
04-07 17:24:13.349   399   399 W android.hardware.wifi@1.0-service: No active wlan interfaces in use! Using default
04-07 17:24:13.349   575   575 I SystemServiceManager: Starting com.android.safetycenter.SafetyCenterService
04-07 17:24:13.349   399   399 I android.hardware.wifi@1.0-service: Adding interface handle for wlan0
04-07 17:24:13.349   399   399 E android.hardware.wifi@1.0-service: Failed to set DFS flag; DFS channels may be unavailable.
04-07 17:24:13.349   575   575 I SafetyCenterResContext: Found Safety Center resources APK at: com.google.android.safetycenter.resources
04-07 17:24:13.349   575   687 D HalDevMgr: updateRttController: no one is interested in RTT controllers
04-07 17:24:13.350   575   687 D WifiNl80211Manager: Setting up interface for client mode: wlan0
04-07 17:24:13.351   483   483 I wificond: createClientInterface: wiphy_index 1 iface_name wlan0
04-07 17:24:13.351   483   483 I wificond: create scanner for interface with index: 16
04-07 17:24:13.351   483   483 I wificond: subscribe scan result for interface with index: 16
04-07 17:24:13.351   483   483 I wificond: add channel type 0 support at wiphy index: 1
04-07 17:24:13.351   483   483 I wificond: add channel type 1 support at wiphy index: 1
04-07 17:24:13.352   575   687 I WifiNative: Interface state changed on Iface:{Name=wlan0,Id=0,Type=STA_SCAN}, isUp=true
04-07 17:24:13.352   575   687 I WifiNative: Successfully setup Iface:{Name=wlan0,Id=0,Type=STA_SCAN}
04-07 17:24:13.352   575   687 E SupplicantStaIfaceHalAidlImpl: Can't call getKeyMgmtCapabilities, ISupplicantStaIface is null for iface=wlan0
04-07 17:24:13.353   575   575 I SafetyCenterConfigReade: SafetyCenterConfig read successfully
04-07 17:24:13.353   575   687 E SupplicantStaIfaceHalAidlImpl: Can't call getWpaDriverCapabilities, ISupplicantStaIface is null for iface=wlan0
04-07 17:24:13.353   575   687 D WifiClientModeManager[wlan0]: entering StartedState
04-07 17:24:13.353   575   575 I SafetyCenterIssuesPersi: File not found: /data/misc/apexdata/com.android.permission/safety_center_issues.xml
04-07 17:24:13.353   575   575 I SafetyCenterService: Safety Center persisted issues read successfully
04-07 17:24:13.354   575   575 D SystemServerTiming: AppSearchModule
04-07 17:24:13.355   575   687 D WifiConfigStore: Writing to stores completed in 1 ms.
04-07 17:24:13.355   221   221 I servicemanager: Found android.hardware.wifi.supplicant.ISupplicant/default in device VINTF manifest.
04-07 17:24:13.355   221   221 I servicemanager: Found android.hardware.wifi.supplicant.ISupplicant/default in device VINTF manifest.
04-07 17:24:13.355   221   221 I servicemanager: Since 'android.hardware.wifi.supplicant.ISupplicant/default' could not be found, trying to start it as a lazy AIDL service
04-07 17:24:13.356   575   575 I SystemServiceManager: Starting com.android.server.appsearch.AppSearchModule$Lifecycle
04-07 17:24:13.358   575   575 D SystemServerTiming: StartMediaCommunicationService
04-07 17:24:13.358   575   575 I SystemServiceManager: Starting com.android.server.media.MediaCommunicationService
04-07 17:24:13.358   575   575 D SystemServerTiming: AppCompatOverridesService
04-07 17:24:13.358   575   575 I SystemServiceManager: Starting com.android.server.compat.overrides.AppCompatOverridesService$Lifecycle
04-07 17:24:13.358   575   575 D SystemServerTiming: PhaseActivityManagerReady
04-07 17:24:13.358   575   575 D SystemServerTiming: controllersReady
04-07 17:24:13.359   575   628 D SystemServerTimingAsync: InitThreadPoolExec:Update app-ops uidState in case package com.iskcon.birkrishnagoswami changed
04-07 17:24:13.359   575   637 D SystemServerTimingAsync: InitThreadPoolExec:Update app-ops uidState in case package host.exp.exponent changed
04-07 17:24:13.359   575   649 D SystemServerTimingAsync: InitThreadPoolExec:Update app-ops uidState in case package com.google.android.cellbroadcastreceiver changed
04-07 17:24:13.359   575   597 D SystemServerTimingAsync: InitThreadPoolExec:Update app-ops uidState in case package com.google.android.providers.media.module changed
04-07 17:24:13.359   575   637 D SystemServerTimingAsync: InitThreadPoolExec:Update app-ops uidState in case package com.google.android.permissioncontroller changed
04-07 17:24:13.359   575   637 D SystemServerTimingAsync: InitThreadPoolExec:Update app-ops uidState in case package com.android.systemui changed
04-07 17:24:13.359   575   637 D SystemServerTimingAsync: InitThreadPoolExec:Update app-ops uidState in case package com.google.android.apps.nexuslauncher changed
04-07 17:24:13.359   575   637 D SystemServerTimingAsync: InitThreadPoolExec:Update app-ops uidState in case package com.google.android.sdksetup changed
04-07 17:24:13.359   575   637 D SystemServerTimingAsync: InitThreadPoolExec:Update app-ops uidState in case package com.google.android.calendar changed
04-07 17:24:13.359   575   649 D SystemServerTimingAsync: InitThreadPoolExec:Update app-ops uidState in case package com.google.android.apps.wallpaper changed
04-07 17:24:13.359   575   597 D SystemServerTimingAsync: InitThreadPoolExec:Update app-ops uidState in case package com.google.android.youtube changed
04-07 17:24:13.359   575   597 D SystemServerTimingAsync: InitThreadPoolExec:Update app-ops uidState in case package com.google.android.tts changed
04-07 17:24:13.359   575   649 D SystemServerTimingAsync: InitThreadPoolExec:Update app-ops uidState in case package com.google.android.inputmethod.latin changed
04-07 17:24:13.359   575   597 D SystemServerTimingAsync: InitThreadPoolExec:Update app-ops uidState in case package com.google.android.deskclock changed
04-07 17:24:13.359   575   649 D SystemServerTimingAsync: InitThreadPoolExec:Update app-ops uidState in case package com.google.android.contacts changed
04-07 17:24:13.359   575   597 D SystemServerTimingAsync: InitThreadPoolExec:Update app-ops uidState in case package com.google.android.apps.docs changed
04-07 17:24:13.359   575   597 D SystemServerTimingAsync: InitThreadPoolExec:Update app-ops uidState in case package com.android.chrome changed
04-07 17:24:13.359   575   649 D SystemServerTimingAsync: InitThreadPoolExec:Update app-ops uidState in case package com.google.android.apps.photos changed
04-07 17:24:13.359   575   597 D SystemServerTimingAsync: InitThreadPoolExec:Update app-ops uidState in case package com.google.android.apps.maps changed
04-07 17:24:13.359   575   597 D SystemServerTimingAsync: InitThreadPoolExec:Update app-ops uidState in case package com.google.android.googlequicksearchbox changed
04-07 17:24:13.359   575   649 D SystemServerTimingAsync: InitThreadPoolExec:Update app-ops uidState in case package com.google.android.apps.youtube.music changed
04-07 17:24:13.359   575   649 D SystemServerTimingAsync: InitThreadPoolExec:Update app-ops uidState in case package com.google.android.gms changed
04-07 17:24:13.359   575   597 D SystemServerTimingAsync: InitThreadPoolExec:Update app-ops uidState in case package com.google.android.gsf changed
04-07 17:24:13.359   575   597 D SystemServerTimingAsync: InitThreadPoolExec:Update app-ops uidState in case package com.android.vending changed
04-07 17:24:13.359   575   597 D SystemServerTimingAsync: InitThreadPoolExec:Update app-ops uidState in case package com.google.android.apps.wellbeing changed
04-07 17:24:13.359   575   597 D SystemServerTimingAsync: InitThreadPoolExec:Update app-ops uidState in case package com.google.android.apps.messaging changed
04-07 17:24:13.359   575   597 D SystemServerTimingAsync: InitThreadPoolExec:Update app-ops uidState in case package com.google.android.as changed
04-07 17:24:13.359   575   597 D SystemServerTimingAsync: InitThreadPoolExec:Update app-ops uidState in case package com.google.android.ims changed
04-07 17:24:13.359   575   597 D SystemServerTimingAsync: InitThreadPoolExec:Update app-ops uidState in case package com.google.android.projection.gearhead changed
04-07 17:24:13.359   575   597 D SystemServerTimingAsync: InitThreadPoolExec:Update app-ops uidState in case package com.google.android.setupwizard changed
04-07 17:24:13.359   575   597 D SystemServerTimingAsync: InitThreadPoolExec:Update app-ops uidState in case package com.google.android.dialer changed
04-07 17:24:13.359   575   597 D SystemServerTimingAsync: InitThreadPoolExec:Update app-ops uidState in case package com.google.android.configupdater changed
04-07 17:24:13.359   575   597 D SystemServerTimingAsync: InitThreadPoolExec:Update app-ops uidState in case package com.android.imsserviceentitlement changed
04-07 17:24:13.359   575   597 D SystemServerTimingAsync: InitThreadPoolExec:Update app-ops uidState in case package com.android.providers.calendar changed
04-07 17:24:13.359   575   597 D SystemServerTimingAsync: InitThreadPoolExec:Update app-ops uidState in case package com.android.providers.blockednumber changed
04-07 17:24:13.359   575   649 D SystemServerTimingAsync: InitThreadPoolExec:Update app-ops uidState in case package com.android.providers.userdictionary changed
04-07 17:24:13.359   575   649 D SystemServerTimingAsync: InitThreadPoolExec:Update app-ops uidState in case package com.android.cellbroadcastreceiver changed
04-07 17:24:13.359   575   649 D SystemServerTimingAsync: InitThreadPoolExec:Update app-ops uidState in case package com.android.providers.downloads changed
04-07 17:24:13.359   575   649 D SystemServerTimingAsync: InitThreadPoolExec:Update app-ops uidState in case package com.android.mtp changed
04-07 17:24:13.359   575   597 D SystemServerTimingAsync: InitThreadPoolExec:Update app-ops uidState in case package com.android.providers.contacts changed
04-07 17:24:13.359   575   649 D SystemServerTimingAsync: InitThreadPoolExec:Update app-ops uidState in case package com.google.android.networkstack.tethering changed
04-07 17:24:13.359   575   597 D SystemServerTimingAsync: InitThreadPoolExec:Update app-ops uidState in case package com.google.android.cellbroadcastservice changed
04-07 17:24:13.359   575   649 D SystemServerTimingAsync: InitThreadPoolExec:Update app-ops uidState in case package com.android.bluetooth changed
04-07 17:24:13.359   575   597 D SystemServerTimingAsync: InitThreadPoolExec:Update app-ops uidState in case package com.android.ons changed
04-07 17:24:13.359   575   649 D SystemServerTimingAsync: InitThreadPoolExec:Update app-ops uidState in case package com.android.phone changed
04-07 17:24:13.359   575   597 D SystemServerTimingAsync: InitThreadPoolExec:Update app-ops uidState in case package android changed
04-07 17:24:13.359   575   649 D SystemServerTimingAsync: InitThreadPoolExec:Update app-ops uidState in case package com.android.providers.settings changed
04-07 17:24:13.359   575   597 D SystemServerTimingAsync: InitThreadPoolExec:Update app-ops uidState in case package com.android.inputdevices changed
04-07 17:24:13.359   575   628 D SystemServerTimingAsync: InitThreadPoolExec:Update app-ops uidState in case package com.android.keychain changed
04-07 17:24:13.359   575   597 D SystemServerTimingAsync: InitThreadPoolExec:Update app-ops uidState in case package com.android.emulator.multidisplay changed
04-07 17:24:13.359   575   628 D SystemServerTimingAsync: InitThreadPoolExec:Update app-ops uidState in case package com.android.settings changed
04-07 17:24:13.359   575   637 D SystemServerTimingAsync: InitThreadPoolExec:Update app-ops uidState in case package com.google.android.gm changed
04-07 17:24:13.359   575   649 D SystemServerTimingAsync: InitThreadPoolExec:Update app-ops uidState in case package com.android.server.telecom changed
04-07 17:24:13.363   575   575 D SystemServerTiming: killProcesses
04-07 17:24:13.363   575   575 I ActivityManager: System now ready
04-07 17:24:13.363   575   575 D SystemServerTiming: updateTopComponentForFactoryTest
04-07 17:24:13.363   575   575 D SystemServerTiming: registerActivityLaunchObserver
04-07 17:24:13.363   575   575 D SystemServerTiming: watchDeviceProvisioning
04-07 17:24:13.367   575   575 D SystemServerTiming: retrieveSettings
04-07 17:24:13.367   575   575 I ActivityTaskManager: Config changes=10000000 {1.0 ?mcc?mnc [en_US] ldltr sw393dp w393dp h829dp 440dpi nrml long port finger qwerty/v/v dpad/v winConfig={ mBounds=Rect(0, 0 - 1080, 2280) mAppBounds=Rect(0, 0 - 1080, 2280) mMaxBounds=Rect(0, 0 - 1080, 2280) mDisplayRotation=ROTATION_0 mWindowingMode=fullscreen mDisplayWindowingMode=fullscreen mActivityType=undefined mAlwaysOnTop=undefined mRotation=ROTATION_0} s.8 fontWeightAdjustment=0}
04-07 17:24:13.367   575   575 I WindowManager: Override config changes=10000000 {1.0 ?mcc?mnc [en_US] ldltr sw393dp w393dp h829dp 440dpi nrml long port finger qwerty/v/v dpad/v winConfig={ mBounds=Rect(0, 0 - 1080, 2280) mAppBounds=Rect(0, 0 - 1080, 2280) mMaxBounds=Rect(0, 0 - 1080, 2280) mDisplayRotation=ROTATION_0 mWindowingMode=fullscreen mDisplayWindowingMode=fullscreen mActivityType=undefined mAlwaysOnTop=undefined mRotation=ROTATION_0} s.8 fontWeightAdjustment=0} for displayId=0
04-07 17:24:13.368   575   575 D SystemServerTiming: Ugm.onSystemReady
04-07 17:24:13.368   364   364 I ServiceManager: Waiting for service 'statscompanion' on '/dev/binder' successful after waiting 2107ms
04-07 17:24:13.368   575   575 D SystemServerTiming: updateForceBackgroundCheck
04-07 17:24:13.368   575   575 I SystemServer: Making services ready
04-07 17:24:13.368   575   575 D SystemServerTiming: StartActivityManagerReadyPhase
04-07 17:24:13.368   575   575 I SystemServiceManager: Starting phase 550
04-07 17:24:13.368   575   575 D SystemServerTiming: OnBootPhase_550
04-07 17:24:13.368   575   575 D SystemServerTiming: OnBootPhase_550_com.android.server.security.FileIntegrityService
04-07 17:24:13.368   575   575 D SystemServerTiming: OnBootPhase_550_com.android.server.pm.Installer
04-07 17:24:13.368   575   575 D SystemServerTiming: OnBootPhase_550_com.android.server.os.DeviceIdentifiersPolicyService
04-07 17:24:13.368   575   575 D SystemServerTiming: OnBootPhase_550_com.android.server.uri.UriGrantsManagerService$Lifecycle
04-07 17:24:13.368   575   575 D SystemServerTiming: OnBootPhase_550_com.android.server.powerstats.PowerStatsService
04-07 17:24:13.368   575   575 D SystemServerTiming: OnBootPhase_550_com.android.server.wm.ActivityTaskManagerService$Lifecycle
04-07 17:24:13.368   575   575 D SystemServerTiming: OnBootPhase_550_com.android.server.am.ActivityManagerService$Lifecycle
04-07 17:24:13.368   575   630 W AlarmManager: Unrecognized alarm listener com.android.server.stats.StatsCompanionService$PullingAlarmListener@c415c9d
04-07 17:24:13.368   575   630 W AlarmManager: Unrecognized alarm listener com.android.server.stats.StatsCompanionService$PeriodicAlarmListener@7a7512
04-07 17:24:13.368   575   575 D SystemServerTiming: OnBootPhase_550_com.android.server.pm.DataLoaderManagerService
04-07 17:24:13.368   575   575 D SystemServerTiming: OnBootPhase_550_com.android.server.power.PowerManagerService
04-07 17:24:13.368   575   575 D SystemServerTiming: OnBootPhase_550_com.android.server.power.ThermalManagerService
04-07 17:24:13.368   364   364 I statsd  : Statsd starts to listen to socket.
04-07 17:24:13.369   575   630 W ContentService: Ignoring content changes for content://settings/config/statsd_java from 1066: Failed to find PID 0
04-07 17:24:13.369   575   630 I StatsCompanionService: Told statsd that StatsCompanionService is alive.
04-07 17:24:13.369   575   601 D CompatibilityChangeReporter: Compat change id reported: 135634846; UID 1000; state: DISABLED
04-07 17:24:13.370   575   601 D CompatibilityChangeReporter: Compat change id reported: 177438394; UID 1000; state: DISABLED
04-07 17:24:13.370   575   601 D CompatibilityChangeReporter: Compat change id reported: 135772972; UID 1000; state: DISABLED
04-07 17:24:13.370   575   601 D CompatibilityChangeReporter: Compat change id reported: 135754954; UID 1000; state: ENABLED
04-07 17:24:13.371   367   367 I Zygote  : Entering forkRepeatedly native zygote loop
04-07 17:24:13.371   575   575 I android_os_HwBinder: HwBinder: Starting thread pool for getting: android.hardware.thermal@2.0::IThermal/default
04-07 17:24:13.371   397   397 I android.hardware.thermal@2.0-service-mock: A callback has been registered to ThermalHAL, isFilter: 0 Type: CPU
04-07 17:24:13.371   575   575 I ThermalHalWrapper: Thermal HAL 2.0 service connected.
04-07 17:24:13.371   575   575 D SystemServerTiming: OnBootPhase_550_com.android.server.power.hint.HintManagerService
04-07 17:24:13.371   575   575 D SystemServerTiming: OnBootPhase_550_com.android.server.recoverysystem.RecoverySystemService$Lifecycle
04-07 17:24:13.371   575   575 D SystemServerTiming: OnBootPhase_550_com.android.server.lights.LightsService
04-07 17:24:13.371   575   575 D SystemServerTiming: OnBootPhase_550_com.android.server.display.DisplayManagerService
04-07 17:24:13.371   575   575 D SystemServerTiming: OnBootPhase_550_com.android.server.pm.verify.domain.DomainVerificationService
04-07 17:24:13.371   575   575 D SystemServerTiming: OnBootPhase_550_com.android.server.pm.PackageInstallerService$Lifecycle
04-07 17:24:13.371   575   575 D SystemServerTiming: OnBootPhase_550_com.android.server.pm.UserManagerService$LifeCycle
04-07 17:24:13.371   575   575 D SystemServerTiming: OnBootPhase_550_com.android.server.om.OverlayManagerService
04-07 17:24:13.371   575   575 D SystemServerTiming: OnBootPhase_550_com.android.server.resources.ResourcesManagerService
04-07 17:24:13.371   575   575 D SystemServerTiming: OnBootPhase_550_com.android.server.sensorprivacy.SensorPrivacyService
04-07 17:24:13.372   575   575 D SystemServerTiming: OnBootPhase_550_com.android.server.sensors.SensorService
04-07 17:24:13.372   575   575 D SystemServerTiming: OnBootPhase_550_com.android.server.SystemConfigService
04-07 17:24:13.372   575   575 D SystemServerTiming: OnBootPhase_550_com.android.server.BatteryService
04-07 17:24:13.372   575   575 D SystemServerTiming: OnBootPhase_550_com.android.server.usage.UsageStatsService
04-07 17:24:13.372   575   575 D SystemServerTiming: OnBootPhase_550_com.android.server.webkit.WebViewUpdateService
04-07 17:24:13.372   575   575 D SystemServerTiming: OnBootPhase_550_com.android.server.CachedDeviceStateService
04-07 17:24:13.372   575   575 D SystemServerTiming: OnBootPhase_550_com.android.server.BinderCallsStatsService$LifeCycle
04-07 17:24:13.372   575   575 D SystemServerTiming: OnBootPhase_550_com.android.server.LooperStatsService$Lifecycle
04-07 17:24:13.372   575   575 D SystemServerTiming: OnBootPhase_550_com.android.server.rollback.RollbackManagerService
04-07 17:24:13.372   575   575 D SystemServerTiming: OnBootPhase_550_com.android.server.os.NativeTombstoneManagerService
04-07 17:24:13.372   575   575 D SystemServerTiming: OnBootPhase_550_com.android.server.os.BugreportManagerService
04-07 17:24:13.372   575   575 D SystemServerTiming: OnBootPhase_550_com.android.server.gpu.GpuService
04-07 17:24:13.372   575   575 D SystemServerTiming: OnBootPhase_550_com.android.server.security.KeyChainSystemService
04-07 17:24:13.372   575   575 D SystemServerTiming: OnBootPhase_550_com.android.server.BinaryTransparencyService
04-07 17:24:13.372   575   575 D SystemServerTiming: OnBootPhase_550_com.android.server.telecom.TelecomLoaderService
04-07 17:24:13.372   367   367 D Zygote  : Forked child process 757
04-07 17:24:13.372   575   575 W ActivityManager: Too early to start/bind service in system_server: Phase=550 ComponentInfo{com.android.server.telecom/com.android.server.telecom.components.TelecomService}
04-07 17:24:13.372   575   575 D CompatibilityChangeReporter: Compat change id reported: 168419799; UID 1000; state: DISABLED
04-07 17:24:13.372   575   575 W ActivityManager: Too early to start/bind service in system_server: Phase=550 ComponentInfo{com.android.server.telecom/com.android.server.telecom.components.TelecomService}
04-07 17:24:13.372   575   646 E NativeTombstoneManager: Tombstone's UID (0) not an app, ignoring
04-07 17:24:13.373   575   575 D SystemServerTiming: OnBootPhase_550_com.android.server.accounts.AccountManagerService$Lifecycle
04-07 17:24:13.373   575   575 D SystemServerTiming: OnBootPhase_550_com.android.server.content.ContentService$Lifecycle
04-07 17:24:13.373   575   602 I ActivityManager: Start proc 757:com.android.settings/1000 for broadcast {com.android.settings/com.android.settings.fuelgauge.batterytip.AnomalyConfigReceiver}
04-07 17:24:13.376   575   646 E NativeTombstoneManager: Tombstone's UID (0) not an app, ignoring
04-07 17:24:13.378   749   749 I wpa_supplicant: Processing aidl events on FD 3
04-07 17:24:13.378   749   749 I wpa_supplicant: Starting AIDL supplicant
04-07 17:24:13.378   757   757 E ndroid.settings: Not starting debugger since process cannot load the jdwp agent.
04-07 17:24:13.380   221   221 I servicemanager: Found android.hardware.wifi.supplicant.ISupplicant/default in device VINTF manifest.
04-07 17:24:13.380   749   749 I wpa_supplicant: Successfully initialized wpa_supplicant
04-07 17:24:13.380   221   221 I BpBinder: onLastStrongRef automatically unlinking death recipients: <uncached descriptor>
04-07 17:24:13.380   575   687 I SupplicantStaIfaceHalAidlImpl: Obtained ISupplicant binder.
04-07 17:24:13.380   575   687 I SupplicantStaIfaceHalAidlImpl: Local Version: 1
04-07 17:24:13.381   749   749 I wpa_supplicant: rfkill: Cannot open RFKILL control device
04-07 17:24:13.387   757   757 D CompatibilityChangeReporter: Compat change id reported: 171979766; UID 1000; state: ENABLED
04-07 17:24:13.392   757   757 D nativeloader: Configuring classloader-namespace-shared for other apk /system/framework/org.apache.http.legacy.jar. target_sdk_version=33, uses_libraries=ALL, library_path=/system_ext/priv-app/SettingsGoogle/lib/arm64:/system_ext/priv-app/SettingsGoogle/SettingsGoogle.apk!/lib/arm64-v8a:/system/lib64:/system_ext/lib64, permitted_path=/data:/mnt/expand:/data/user_de/0/com.android.settings:/system_ext/priv-app/SettingsGoogle:/system/lib64:/system_ext/lib64
04-07 17:24:13.393   757   757 D nativeloader: Configuring classloader-namespace-shared for other apk /system_ext/framework/androidx.window.extensions.jar. target_sdk_version=33, uses_libraries=ALL, library_path=/system_ext/priv-app/SettingsGoogle/lib/arm64:/system_ext/priv-app/SettingsGoogle/SettingsGoogle.apk!/lib/arm64-v8a:/system/lib64:/system_ext/lib64, permitted_path=/data:/mnt/expand:/data/user_de/0/com.android.settings:/system_ext/priv-app/SettingsGoogle:/system/lib64:/system_ext/lib64
04-07 17:24:13.395   757   757 D nativeloader: Configuring classloader-namespace-shared for other apk /system_ext/framework/androidx.window.sidecar.jar. target_sdk_version=33, uses_libraries=ALL, library_path=/system_ext/priv-app/SettingsGoogle/lib/arm64:/system_ext/priv-app/SettingsGoogle/SettingsGoogle.apk!/lib/arm64-v8a:/system/lib64:/system_ext/lib64, permitted_path=/data:/mnt/expand:/data/user_de/0/com.android.settings:/system_ext/priv-app/SettingsGoogle:/system/lib64:/system_ext/lib64
04-07 17:24:13.398   757   757 D nativeloader: Configuring classloader-namespace-shared for other apk /system_ext/priv-app/SettingsGoogle/SettingsGoogle.apk. target_sdk_version=33, uses_libraries=, library_path=/system_ext/priv-app/SettingsGoogle/lib/arm64:/system_ext/priv-app/SettingsGoogle/SettingsGoogle.apk!/lib/arm64-v8a:/system/lib64:/system_ext/lib64, permitted_path=/data:/mnt/expand:/data/user_de/0/com.android.settings:/system_ext/priv-app/SettingsGoogle:/system/lib64:/system_ext/lib64
04-07 17:24:13.407   749   749 I wpa_supplicant: rfkill: Cannot get wiphy information
04-07 17:24:13.408   575   687 I SupplicantStaIfaceHalAidlImpl: Remote Version: 1
04-07 17:24:13.409   749   749 I wpa_supplicant: Iface already exists, return existing
04-07 17:24:13.410   575   687 I WifiNative: Successfully switched to connectivity mode on iface=Iface:{Name=wlan0,Id=0,Type=STA_CONNECTIVITY}
04-07 17:24:13.410   575   687 D WifiClientModeManager[wlan0]: entering ConnectModeState, starting ClientModeImpl
04-07 17:24:13.411   575   687 D WifiScoreReport: setShouldReduceNetworkScore=false mNetworkAgent is null? true
04-07 17:24:13.411   575   687 V WifiClientModeManager[wlan0]: ClientModeManager started in role: Role: ROLE_CLIENT_PRIMARY, RequestorWs: WorkSource{1000 com.android.settings}, ModeListener: com.android.server.wifi.ActiveModeWarden$ClientListener@ef5f745
04-07 17:24:13.412   575   687 D WifiScanRequestProxy: Sending scan available broadcast: true
04-07 17:24:13.412   575   687 I WifiScanRequestProxy: Scanning is enabled
04-07 17:24:13.412   575   687 I WifiScanRequestProxy: Scanning for hidden networks is enabled
04-07 17:24:13.412   575   691 I WifiScanningService: Received a request to enable scanning, UID = 1000
04-07 17:24:13.413   575   687 E WifiVendorHal: setMultiStaUseCase(l.24) failed {.code = ERROR_NOT_SUPPORTED, .description = }
04-07 17:24:13.413   575   687 E WifiVendorHal: setMultiStaPrimaryConnection(l.31) failed {.code = ERROR_NOT_SUPPORTED, .description = }
04-07 17:24:13.413   575   691 E WifiVendorHal: lambda$getBgScanCapabilities$0(l.0) failed {.code = ERROR_NOT_SUPPORTED, .description = }
04-07 17:24:13.413   575   687 D WifiCountryCode: evaluateAllCmmStateAndApplyIfAllReady: {ConcreteClientModeManager{id=8913 iface=wlan0 role=ROLE_CLIENT_PRIMARY}=true}
04-07 17:24:13.413   575   687 D WifiCountryCode: Reading country code from telephony
04-07 17:24:13.413   575   687 D WifiCountryCode: Set telephony country code to: 
04-07 17:24:13.413   575   687 D WifiCountryCode: updateCountryCode to null
04-07 17:24:13.414   575   687 D WakeupController: onWifiEnabled()
04-07 17:24:13.414   575   687 W WifiClientModeImpl: No cached packet filter to apply
04-07 17:24:13.414   575   687 D WifiClientModeImpl[wlan0]: entering ConnectableState: ifaceName = wlan0
04-07 17:24:13.414   575   691 I WifiScanningService: Created a new impl for wlan0
04-07 17:24:13.415   575   687 D WifiClientModeImpl[wlan0]: Start makeIpClient ifaceName = wlan0
04-07 17:24:13.415   575   691 I WifiScanningService: wifi driver loaded with scan capabilities: max buckets=16
04-07 17:24:13.416   575   586 W System  : A resource failed to call close. 
04-07 17:24:13.416   575   586 W System  : A resource failed to call close. 
04-07 17:24:13.416   575   586 W System  : A resource failed to call close. 
04-07 17:24:13.435   575   575 W SyncManager: Failure adding authority: auth=com.google.android.gms.plus.action enabled=false syncable=1
04-07 17:24:13.435   575   575 W SyncManager: Failure adding authority: auth=com.google.android.gms.drive.sync enabled=false syncable=-1
04-07 17:24:13.435   575   575 W SyncManager: Failure adding authority: auth=com.google.android.location.reporting enabled=false syncable=-1
04-07 17:24:13.437   575   575 W SystemServiceManager: Service com.android.server.content.ContentService$Lifecycle took 64 ms in onBootPhase
04-07 17:24:13.437   575   575 D SystemServerTiming: OnBootPhase_550_com.android.server.DropBoxManagerService
04-07 17:24:13.437   575   575 D SystemServerTiming: OnBootPhase_550_com.android.role.RoleService
04-07 17:24:13.437   575   575 D SystemServerTiming: OnBootPhase_550_com.android.server.vibrator.VibratorManagerService$Lifecycle
04-07 17:24:13.437   575   575 D SystemServerTiming: OnBootPhase_550_com.android.server.tare.InternalResourceService
04-07 17:24:13.437   575   575 D SystemServerTiming: OnBootPhase_550_com.android.server.alarm.AlarmManagerService
04-07 17:24:13.437   575   575 D SystemServerTiming: OnBootPhase_550_com.android.server.devicestate.DeviceStateManagerService
04-07 17:24:13.437   575   575 D SystemServerTiming: OnBootPhase_550_com.android.server.camera.CameraServiceProxy
04-07 17:24:13.437   575   575 D SystemServerTiming: OnBootPhase_550_com.android.server.bluetooth.BluetoothService
04-07 17:24:13.437   575   575 D SystemServerTiming: OnBootPhase_550_com.android.server.connectivity.IpConnectivityMetrics
04-07 17:24:13.437   575   575 D SystemServerTiming: OnBootPhase_550_com.android.server.net.watchlist.NetworkWatchlistService$Lifecycle
04-07 17:24:13.437   575   575 D SystemServerTiming: OnBootPhase_550_com.android.server.PinnerService
04-07 17:24:13.437   575   575 D SystemServerTiming: OnBootPhase_550_com.android.server.integrity.AppIntegrityManagerService
04-07 17:24:13.437   575   575 D SystemServerTiming: OnBootPhase_550_com.android.server.logcat.LogcatManagerService
04-07 17:24:13.437   575   575 D SystemServerTiming: OnBootPhase_550_com.android.server.inputmethod.InputMethodManagerService$Lifecycle
04-07 17:24:13.438   575   597 D SystemServerTimingAsync: InitThreadPoolExec:Lazily initialize IMMS#mImeDrawsImeNavBarRes
04-07 17:24:13.441   575   575 W InputMethodUtils: getApplicationInfo failed. packageName=com.google.android.apps.inputmethod.hindi userId=0
04-07 17:24:13.441   575   575 W InputMethodUtils: android.content.pm.PackageManager$NameNotFoundException: com.google.android.apps.inputmethod.hindi
04-07 17:24:13.441   575   575 W InputMethodUtils: 	at android.app.ApplicationPackageManager.getApplicationInfoAsUser(ApplicationPackageManager.java:504)
04-07 17:24:13.441   575   575 W InputMethodUtils: 	at android.app.ApplicationPackageManager.getApplicationInfo(ApplicationPackageManager.java:487)
04-07 17:24:13.441   575   575 W InputMethodUtils: 	at com.android.server.inputmethod.InputMethodUtils.setNonSelectedSystemImesDisabledUntilUsed(InputMethodUtils.java:706)
04-07 17:24:13.441   575   575 W InputMethodUtils: 	at com.android.server.inputmethod.InputMethodManagerService.systemRunning(InputMethodManagerService.java:2031)
04-07 17:24:13.441   575   575 W InputMethodUtils: 	at com.android.server.inputmethod.InputMethodManagerService$Lifecycle.onBootPhase(InputMethodManagerService.java:1684)
04-07 17:24:13.441   575   575 W InputMethodUtils: 	at com.android.server.SystemServiceManager.startBootPhase(SystemServiceManager.java:294)
04-07 17:24:13.441   575   575 W InputMethodUtils: 	at com.android.server.SystemServer.lambda$startOtherServices$5(SystemServer.java:2811)
04-07 17:24:13.441   575   575 W InputMethodUtils: 	at com.android.server.SystemServer.$r8$lambda$jmaWUpWMxP4IiPakY5L6Y7rVWik(Unknown Source:0)
04-07 17:24:13.441   575   575 W InputMethodUtils: 	at com.android.server.SystemServer$$ExternalSyntheticLambda5.run(Unknown Source:30)
04-07 17:24:13.441   575   575 W InputMethodUtils: 	at com.android.server.am.ActivityManagerService.systemReady(ActivityManagerService.java:8135)
04-07 17:24:13.441   575   575 W InputMethodUtils: 	at com.android.server.SystemServer.startOtherServices(SystemServer.java:2808)
04-07 17:24:13.441   575   575 W InputMethodUtils: 	at com.android.server.SystemServer.run(SystemServer.java:941)
04-07 17:24:13.441   575   575 W InputMethodUtils: 	at com.android.server.SystemServer.main(SystemServer.java:651)
04-07 17:24:13.441   575   575 W InputMethodUtils: 	at java.lang.reflect.Method.invoke(Native Method)
04-07 17:24:13.441   575   575 W InputMethodUtils: 	at com.android.internal.os.RuntimeInit$MethodAndArgsCaller.run(RuntimeInit.java:548)
04-07 17:24:13.441   575   575 W InputMethodUtils: 	at com.android.internal.os.ZygoteInit.main(ZygoteInit.java:914)
04-07 17:24:13.441   575   575 W InputMethodUtils: getApplicationInfo failed. packageName=com.google.android.inputmethod.japanese userId=0
04-07 17:24:13.441   575   575 W InputMethodUtils: android.content.pm.PackageManager$NameNotFoundException: com.google.android.inputmethod.japanese
04-07 17:24:13.441   575   575 W InputMethodUtils: 	at android.app.ApplicationPackageManager.getApplicationInfoAsUser(ApplicationPackageManager.java:504)
04-07 17:24:13.441   575   575 W InputMethodUtils: 	at android.app.ApplicationPackageManager.getApplicationInfo(ApplicationPackageManager.java:487)
04-07 17:24:13.441   575   575 W InputMethodUtils: 	at com.android.server.inputmethod.InputMethodUtils.setNonSelectedSystemImesDisabledUntilUsed(InputMethodUtils.java:706)
04-07 17:24:13.441   575   575 W InputMethodUtils: 	at com.android.server.inputmethod.InputMethodManagerService.systemRunning(InputMethodManagerService.java:2031)
04-07 17:24:13.441   575   575 W InputMethodUtils: 	at com.android.server.inputmethod.InputMethodManagerService$Lifecycle.onBootPhase(InputMethodManagerService.java:1684)
04-07 17:24:13.441   575   575 W InputMethodUtils: 	at com.android.server.SystemServiceManager.startBootPhase(SystemServiceManager.java:294)
04-07 17:24:13.441   575   575 W InputMethodUtils: 	at com.android.server.SystemServer.lambda$startOtherServices$5(SystemServer.java:2811)
04-07 17:24:13.441   575   575 W InputMethodUtils: 	at com.android.server.SystemServer.$r8$lambda$jmaWUpWMxP4IiPakY5L6Y7rVWik(Unknown Source:0)
04-07 17:24:13.441   575   575 W InputMethodUtils: 	at com.android.server.SystemServer$$ExternalSyntheticLambda5.run(Unknown Source:30)
04-07 17:24:13.441   575   575 W InputMethodUtils: 	at com.android.server.am.ActivityManagerService.systemReady(ActivityManagerService.java:8135)
04-07 17:24:13.441   575   575 W InputMethodUtils: 	at com.android.server.SystemServer.startOtherServices(SystemServer.java:2808)
04-07 17:24:13.441   575   575 W InputMethodUtils: 	at com.android.server.SystemServer.run(SystemServer.java:941)
04-07 17:24:13.441   575   575 W InputMethodUtils: 	at com.android.server.SystemServer.main(SystemServer.java:651)
04-07 17:24:13.441   575   575 W InputMethodUtils: 	at java.lang.reflect.Method.invoke(Native Method)
04-07 17:24:13.441   575   575 W InputMethodUtils: 	at com.android.internal.os.RuntimeInit$MethodAndArgsCaller.run(RuntimeInit.java:548)
04-07 17:24:13.441   575   575 W InputMethodUtils: 	at com.android.internal.os.ZygoteInit.main(ZygoteInit.java:914)
04-07 17:24:13.441   575   575 W InputMethodUtils: getApplicationInfo failed. packageName=com.google.android.inputmethod.korean userId=0
04-07 17:24:13.441   575   575 W InputMethodUtils: android.content.pm.PackageManager$NameNotFoundException: com.google.android.inputmethod.korean
04-07 17:24:13.441   575   575 W InputMethodUtils: 	at android.app.ApplicationPackageManager.getApplicationInfoAsUser(ApplicationPackageManager.java:504)
04-07 17:24:13.441   575   575 W InputMethodUtils: 	at android.app.ApplicationPackageManager.getApplicationInfo(ApplicationPackageManager.java:487)
04-07 17:24:13.441   575   575 W InputMethodUtils: 	at com.android.server.inputmethod.InputMethodUtils.setNonSelectedSystemImesDisabledUntilUsed(InputMethodUtils.java:706)
04-07 17:24:13.441   575   575 W InputMethodUtils: 	at com.android.server.inputmethod.InputMethodManagerService.systemRunning(InputMethodManagerService.java:2031)
04-07 17:24:13.441   575   575 W InputMethodUtils: 	at com.android.server.inputmethod.InputMethodManagerService$Lifecycle.onBootPhase(InputMethodManagerService.java:1684)
04-07 17:24:13.441   575   575 W InputMethodUtils: 	at com.android.server.SystemServiceManager.startBootPhase(SystemServiceManager.java:294)
04-07 17:24:13.441   575   575 W InputMethodUtils: 	at com.android.server.SystemServer.lambda$startOtherServices$5(SystemServer.java:2811)
04-07 17:24:13.441   575   575 W InputMethodUtils: 	at com.android.server.SystemServer.$r8$lambda$jmaWUpWMxP4IiPakY5L6Y7rVWik(Unknown Source:0)
04-07 17:24:13.441   575   575 W InputMethodUtils: 	at com.android.server.SystemServer$$ExternalSyntheticLambda5.run(Unknown Source:30)
04-07 17:24:13.441   575   575 W InputMethodUtils: 	at com.android.server.am.ActivityManagerService.systemReady(ActivityManagerService.java:8135)
04-07 17:24:13.441   575   575 W InputMethodUtils: 	at com.android.server.SystemServer.startOtherServices(SystemServer.java:2808)
04-07 17:24:13.441   575   575 W InputMethodUtils: 	at com.android.server.SystemServer.run(SystemServer.java:941)
04-07 17:24:13.441   575   575 W InputMethodUtils: 	at com.android.server.SystemServer.main(SystemServer.java:651)
04-07 17:24:13.441   575   575 W InputMethodUtils: 	at java.lang.reflect.Method.invoke(Native Method)
04-07 17:24:13.441   575   575 W InputMethodUtils: 	at com.android.internal.os.RuntimeInit$MethodAndArgsCaller.run(RuntimeInit.java:548)
04-07 17:24:13.441   575   575 W InputMethodUtils: 	at com.android.internal.os.ZygoteInit.main(ZygoteInit.java:914)
04-07 17:24:13.441   575   575 W InputMethodUtils: getApplicationInfo failed. packageName=com.google.android.inputmethod.pinyin userId=0
04-07 17:24:13.441   575   575 W InputMethodUtils: android.content.pm.PackageManager$NameNotFoundException: com.google.android.inputmethod.pinyin
04-07 17:24:13.441   575   575 W InputMethodUtils: 	at android.app.ApplicationPackageManager.getApplicationInfoAsUser(ApplicationPackageManager.java:504)
04-07 17:24:13.441   575   575 W InputMethodUtils: 	at android.app.ApplicationPackageManager.getApplicationInfo(ApplicationPackageManager.java:487)
04-07 17:24:13.441   575   575 W InputMethodUtils: 	at com.android.server.inputmethod.InputMethodUtils.setNonSelectedSystemImesDisabledUntilUsed(InputMethodUtils.java:706)
04-07 17:24:13.441   575   575 W InputMethodUtils: 	at com.android.server.inputmethod.InputMethodManagerService.systemRunning(InputMethodManagerService.java:2031)
04-07 17:24:13.441   575   575 W InputMethodUtils: 	at com.android.server.inputmethod.InputMethodManagerService$Lifecycle.onBootPhase(InputMethodManagerService.java:1684)
04-07 17:24:13.441   575   575 W InputMethodUtils: 	at com.android.server.SystemServiceManager.startBootPhase(SystemServiceManager.java:294)
04-07 17:24:13.441   575   575 W InputMethodUtils: 	at com.android.server.SystemServer.lambda$startOtherServices$5(SystemServer.java:2811)
04-07 17:24:13.441   575   575 W InputMethodUtils: 	at com.android.server.SystemServer.$r8$lambda$jmaWUpWMxP4IiPakY5L6Y7rVWik(Unknown Source:0)
04-07 17:24:13.441   575   575 W InputMethodUtils: 	at com.android.server.SystemServer$$ExternalSyntheticLambda5.run(Unknown Source:30)
04-07 17:24:13.441   575   575 W InputMethodUtils: 	at com.android.server.am.ActivityManagerService.systemReady(ActivityManagerService.java:8135)
04-07 17:24:13.441   575   575 W InputMethodUtils: 	at com.android.server.SystemServer.startOtherServices(SystemServer.java:2808)
04-07 17:24:13.441   575   575 W InputMethodUtils: 	at com.android.server.SystemServer.run(SystemServer.java:941)
04-07 17:24:13.441   575   575 W InputMethodUtils: 	at com.android.server.SystemServer.main(SystemServer.java:651)
04-07 17:24:13.441   575   575 W InputMethodUtils: 	at java.lang.reflect.Method.invoke(Native Method)
04-07 17:24:13.441   575   575 W InputMethodUtils: 	at com.android.internal.os.RuntimeInit$MethodAndArgsCaller.run(RuntimeInit.java:548)
04-07 17:24:13.441   575   575 W InputMethodUtils: 	at com.android.internal.os.ZygoteInit.main(ZygoteInit.java:914)
04-07 17:24:13.441   575   575 W InputMethodUtils: getApplicationInfo failed. packageName=jp.co.omronsoft.iwnnime.ml userId=0
04-07 17:24:13.441   575   575 W InputMethodUtils: android.content.pm.PackageManager$NameNotFoundException: jp.co.omronsoft.iwnnime.ml
04-07 17:24:13.441   575   575 W InputMethodUtils: 	at android.app.ApplicationPackageManager.getApplicationInfoAsUser(ApplicationPackageManager.java:504)
04-07 17:24:13.441   575   575 W InputMethodUtils: 	at android.app.ApplicationPackageManager.getApplicationInfo(ApplicationPackageManager.java:487)
04-07 17:24:13.441   575   575 W InputMethodUtils: 	at com.android.server.inputmethod.InputMethodUtils.setNonSelectedSystemImesDisabledUntilUsed(InputMethodUtils.java:706)
04-07 17:24:13.441   575   575 W InputMethodUtils: 	at com.android.server.inputmethod.InputMethodManagerService.systemRunning(InputMethodManagerService.java:2031)
04-07 17:24:13.441   575   575 W InputMethodUtils: 	at com.android.server.inputmethod.InputMethodManagerService$Lifecycle.onBootPhase(InputMethodManagerService.java:1684)
04-07 17:24:13.441   575   575 W InputMethodUtils: 	at com.android.server.SystemServiceManager.startBootPhase(SystemServiceManager.java:294)
04-07 17:24:13.441   575   575 W InputMethodUtils: 	at com.android.server.SystemServer.lambda$startOtherServices$5(SystemServer.java:2811)
04-07 17:24:13.441   575   575 W InputMethodUtils: 	at com.android.server.SystemServer.$r8$lambda$jmaWUpWMxP4IiPakY5L6Y7rVWik(Unknown Source:0)
04-07 17:24:13.441   575   575 W InputMethodUtils: 	at com.android.server.SystemServer$$ExternalSyntheticLambda5.run(Unknown Source:30)
04-07 17:24:13.441   575   575 W InputMethodUtils: 	at com.android.server.am.ActivityManagerService.systemReady(ActivityManagerService.java:8135)
04-07 17:24:13.441   575   575 W InputMethodUtils: 	at com.android.server.SystemServer.startOtherServices(SystemServer.java:2808)
04-07 17:24:13.441   575   575 W InputMethodUtils: 	at com.android.server.SystemServer.run(SystemServer.java:941)
04-07 17:24:13.441   575   575 W InputMethodUtils: 	at com.android.server.SystemServer.main(SystemServer.java:651)
04-07 17:24:13.441   575   575 W InputMethodUtils: 	at java.lang.reflect.Method.invoke(Native Method)
04-07 17:24:13.441   575   575 W InputMethodUtils: 	at com.android.internal.os.RuntimeInit$MethodAndArgsCaller.run(RuntimeInit.java:548)
04-07 17:24:13.441   575   575 W InputMethodUtils: 	at com.android.internal.os.ZygoteInit.main(ZygoteInit.java:914)
04-07 17:24:13.441   575   575 W InputMethodUtils: getApplicationInfo failed. packageName=com.nuance.xt9.input userId=0
04-07 17:24:13.441   575   575 W InputMethodUtils: android.content.pm.PackageManager$NameNotFoundException: com.nuance.xt9.input
04-07 17:24:13.441   575   575 W InputMethodUtils: 	at android.app.ApplicationPackageManager.getApplicationInfoAsUser(ApplicationPackageManager.java:504)
04-07 17:24:13.441   575   575 W InputMethodUtils: 	at android.app.ApplicationPackageManager.getApplicationInfo(ApplicationPackageManager.java:487)
04-07 17:24:13.441   575   575 W InputMethodUtils: 	at com.android.server.inputmethod.InputMethodUtils.setNonSelectedSystemImesDisabledUntilUsed(InputMethodUtils.java:706)
04-07 17:24:13.441   575   575 W InputMethodUtils: 	at com.android.server.inputmethod.InputMethodManagerService.systemRunning(InputMethodManagerService.java:2031)
04-07 17:24:13.441   575   575 W InputMethodUtils: 	at com.android.server.inputmethod.InputMethodManagerService$Lifecycle.onBootPhase(InputMethodManagerService.java:1684)
04-07 17:24:13.441   575   575 W InputMethodUtils: 	at com.android.server.SystemServiceManager.startBootPhase(SystemServiceManager.java:294)
04-07 17:24:13.441   575   575 W InputMethodUtils: 	at com.android.server.SystemServer.lambda$startOtherServices$5(SystemServer.java:2811)
04-07 17:24:13.441   575   575 W InputMethodUtils: 	at com.android.server.SystemServer.$r8$lambda$jmaWUpWMxP4IiPakY5L6Y7rVWik(Unknown Source:0)
04-07 17:24:13.441   575   575 W InputMethodUtils: 	at com.android.server.SystemServer$$ExternalSyntheticLambda5.run(Unknown Source:30)
04-07 17:24:13.441   575   575 W InputMethodUtils: 	at com.android.server.am.ActivityManagerService.systemReady(ActivityManagerService.java:8135)
04-07 17:24:13.441   575   575 W InputMethodUtils: 	at com.android.server.SystemServer.startOtherServices(SystemServer.java:2808)
04-07 17:24:13.441   575   575 W InputMethodUtils: 	at com.android.server.SystemServer.run(SystemServer.java:941)
04-07 17:24:13.441   575   575 W InputMethodUtils: 	at com.android.server.SystemServer.main(SystemServer.java:651)
04-07 17:24:13.441   575   575 W InputMethodUtils: 	at java.lang.reflect.Method.invoke(Native Method)
04-07 17:24:13.441   575   575 W InputMethodUtils: 	at com.android.internal.os.RuntimeInit$MethodAndArgsCaller.run(RuntimeInit.java:548)
04-07 17:24:13.441   575   575 W InputMethodUtils: 	at com.android.internal.os.ZygoteInit.main(ZygoteInit.java:914)
04-07 17:24:13.441   575   575 D SystemServerTiming: OnBootPhase_550_com.android.server.accessibility.AccessibilityManagerService$Lifecycle
04-07 17:24:13.441   575   575 D SystemServerTiming: OnBootPhase_550_com.android.server.StorageManagerService$Lifecycle
04-07 17:24:13.441   575   575 D SystemServerTiming: OnBootPhase_550_com.android.server.usage.StorageStatsService$Lifecycle
04-07 17:24:13.441   575   575 D SystemServerTiming: OnBootPhase_550_com.android.server.UiModeManagerService
04-07 17:24:13.441   575   575 D SystemServerTiming: OnBootPhase_550_com.android.server.locales.LocaleManagerService
04-07 17:24:13.441   575   575 D SystemServerTiming: OnBootPhase_550_com.android.server.locksettings.LockSettingsService$Lifecycle
04-07 17:24:13.441   575   575 I RebootEscrowManager: No reboot escrow data found for users, skipping loading escrow data
04-07 17:24:13.442   575   575 D SystemServerTiming: OnBootPhase_550_com.android.server.testharness.TestHarnessModeService
04-07 17:24:13.442   575   575 D SystemServerTiming: OnBootPhase_550_com.android.server.DeviceIdleController
04-07 17:24:13.442   575   575 D SystemServerTiming: OnBootPhase_550_com.android.server.devicepolicy.DevicePolicyManagerService$Lifecycle
04-07 17:24:13.442   575   575 D SystemServerTiming: OnBootPhase_550_com.android.server.musicrecognition.MusicRecognitionManagerService
04-07 17:24:13.442   575   575 D SystemServerTiming: OnBootPhase_550_com.android.server.contentcapture.ContentCaptureManagerService
04-07 17:24:13.442   575   575 D SystemServerTiming: OnBootPhase_550_com.android.server.systemcaptions.SystemCaptionsManagerService
04-07 17:24:13.442   575   575 D SystemServerTiming: OnBootPhase_550_com.android.server.texttospeech.TextToSpeechManagerService
04-07 17:24:13.442   575   575 D SystemServerTiming: OnBootPhase_550_com.android.server.ambientcontext.AmbientContextManagerService
04-07 17:24:13.442   575   575 D SystemServerTiming: OnBootPhase_550_com.android.server.speech.SpeechRecognitionManagerService
04-07 17:24:13.442   575   575 D SystemServerTiming: OnBootPhase_550_com.android.server.appprediction.AppPredictionManagerService
04-07 17:24:13.442   575   575 D SystemServerTiming: OnBootPhase_550_com.android.server.contentsuggestions.ContentSuggestionsManagerService
04-07 17:24:13.442   575   575 D SystemServerTiming: OnBootPhase_550_com.android.server.searchui.SearchUiManagerService
04-07 17:24:13.442   575   575 D SystemServerTiming: OnBootPhase_550_com.android.server.smartspace.SmartspaceManagerService
04-07 17:24:13.442   575   575 D SystemServerTiming: OnBootPhase_550_com.android.server.cloudsearch.CloudSearchManagerService
04-07 17:24:13.442   575   575 D SystemServerTiming: OnBootPhase_550_com.android.server.graphics.fonts.FontManagerService$Lifecycle
04-07 17:24:13.442   575   575 D SystemServerTiming: OnBootPhase_550_com.android.server.textservices.TextServicesManagerService$Lifecycle
04-07 17:24:13.442   575   575 D SystemServerTiming: OnBootPhase_550_com.android.server.textclassifier.TextClassificationManagerService$Lifecycle
04-07 17:24:13.442   575   575 D SystemServerTiming: OnBootPhase_550_com.android.server.NetworkScoreService$Lifecycle
04-07 17:24:13.442   575   575 D SystemServerTiming: OnBootPhase_550_com.android.server.NetworkStatsServiceInitializer
04-07 17:24:13.448   575   575 W BestClock: java.time.DateTimeException: Missing NTP fix
04-07 17:24:13.458   757   757 V GraphicsEnvironment: ANGLE Developer option for 'com.android.settings' set to: 'default'
