04-08 12:27:38.286   569   643 E AppOps  : 	at com.android.server.SystemServerInitThreadPool.lambda$submitTask$0(SystemServerInitThreadPool.java:106)
04-08 12:27:38.286   569   643 E AppOps  : 	at com.android.server.SystemServerInitThreadPool.$r8$lambda$aGlXt69ihU44Qi7EB_RNeu8pnrY(Unknown Source:0)
04-08 12:27:38.286   569   643 E AppOps  : 	at com.android.server.SystemServerInitThreadPool$$ExternalSyntheticLambda0.run(Unknown Source:6)
04-08 12:27:38.286   569   643 E AppOps  : 	at java.util.concurrent.Executors$RunnableAdapter.call(Executors.java:463)
04-08 12:27:38.286   569   643 E AppOps  : 	at java.util.concurrent.FutureTask.run(FutureTask.java:264)
04-08 12:27:38.286   569   643 E AppOps  : 	at java.util.concurrent.ThreadPoolExecutor.runWorker(ThreadPoolExecutor.java:1137)
04-08 12:27:38.286   569   643 E AppOps  : 	at java.util.concurrent.ThreadPoolExecutor$Worker.run(ThreadPoolExecutor.java:637)
04-08 12:27:38.286   569   643 E AppOps  : 	at com.android.internal.util.ConcurrentUtils$1$1.run(ConcurrentUtils.java:65)
04-08 12:27:38.286   569   643 D CompatibilityChangeReporter: Compat change id reported: 135634846; UID 1000; state: DISABLED
04-08 12:27:38.286   569   643 D CompatibilityChangeReporter: Compat change id reported: 177438394; UID 1000; state: DISABLED
04-08 12:27:38.286   569   643 D CompatibilityChangeReporter: Compat change id reported: 135772972; UID 1000; state: DISABLED
04-08 12:27:38.286   569   643 D CompatibilityChangeReporter: Compat change id reported: 178038272; UID 1000; state: DISABLED
04-08 12:27:38.287   569   603 W BatteryExternalStatsWorker: error reading modem stats:ERROR_PHONE_NOT_AVAILABLE
04-08 12:27:38.288   365   365 D Zygote  : Forked child process 797
04-08 12:27:38.288   569   598 I ActivityManager: Start proc 797:WebViewLoader-arm64-v8a/1037 [android.webkit.WebViewLibraryLoader$RelroFileCreator] for 
04-08 12:27:38.289   569   569 D PermissionMonitor: Users: 1, UidToNetworkPerm: 39
04-08 12:27:38.290   569   682 W NetworkPolicy: setRestrictBackgroundUL: already false
04-08 12:27:38.291   569   569 D SystemServerTiming: MakeVpnManagerServiceReady
04-08 12:27:38.291   797   797 I libc    : SetHeapTaggingLevel: tag level set to 0
04-08 12:27:38.291   569   691 D ConnectivityService: NetReassign [no changes] [c 0] [a 0] [i 0]
04-08 12:27:38.291   569   682 D CompatibilityChangeReporter: Compat change id reported: 218533173; UID 10128; state: ENABLED
04-08 12:27:38.291   569   682 D CompatibilityChangeReporter: Compat change id reported: 218533173; UID 10118; state: ENABLED
04-08 12:27:38.292   569   682 D CompatibilityChangeReporter: Compat change id reported: 218533173; UID 10067; state: ENABLED
04-08 12:27:38.292   569   682 D CompatibilityChangeReporter: Compat change id reported: 218533173; UID 10121; state: ENABLED
04-08 12:27:38.292   569   682 D CompatibilityChangeReporter: Compat change id reported: 218533173; UID 10124; state: ENABLED
04-08 12:27:38.292   569   682 D CompatibilityChangeReporter: Compat change id reported: 218533173; UID 10123; state: ENABLED
04-08 12:27:38.292   569   682 D CompatibilityChangeReporter: Compat change id reported: 218533173; UID 10097; state: ENABLED
04-08 12:27:38.292   569   682 D CompatibilityChangeReporter: Compat change id reported: 218533173; UID 10132; state: DISABLED
04-08 12:27:38.292   569   682 D CompatibilityChangeReporter: Compat change id reported: 218533173; UID 10114; state: ENABLED
04-08 12:27:38.292   569   682 D CompatibilityChangeReporter: Compat change id reported: 218533173; UID 10131; state: ENABLED
04-08 12:27:38.293   569   569 D SystemServerTiming: MakeVcnManagementServiceReady
04-08 12:27:38.294   569   569 D SystemServerTiming: MakeNetworkPolicyServiceReady
04-08 12:27:38.294   385   444 I GoldfishComponentStore: Create()
04-08 12:27:38.295   385   444 I GoldfishComponentStore: created interface
04-08 12:27:38.295   569   682 W BestClock: java.time.DateTimeException: Missing NTP fix
04-08 12:27:38.295   385   444 I GoldfishComponentStore: in ~ComponentModule
04-08 12:27:38.295   385   444 I GoldfishComponentStore: unloading dll
04-08 12:27:38.295   385   444 I GoldfishComponentStore: in init
04-08 12:27:38.295   385   444 I GoldfishComponentStore: loading dll of path libcodec2_goldfish_hevcdec.so
04-08 12:27:38.295   569   691 D ConnectivityService: Got NetworkProvider Messenger for VcnNetworkProvider
04-08 12:27:38.281   769   769 D CompatibilityChangeReporter: Compat change id reported: 171979766; UID 10145; state: ENABLED
04-08 12:27:38.295   569   696 I VcnManagementService: new snapshot: TelephonySubscriptionSnapshot{ mActiveDataSubId=-1, mSubIdToInfoMap={}, mSubIdToCarrierConfigMap={}, mPrivilegedPackages={} }
04-08 12:27:38.295   569   682 D NetworkStatsObservers: Registering observer for RequestInfo from pid/uid:569/1000(android) for DataUsageRequest [ requestId=1, networkTemplate=NetworkTemplate: matchRule=MOBILE_WILDCARD, matchSubscriberIds=[], matchWifiNetworkKeys=[], subscriberIdMatchRule=ALL, thresholdInBytes=0 ] accessLevel:3
04-08 12:27:38.295   569   682 D NetworkStatsObservers: Registering observer for RequestInfo from pid/uid:569/1000(android) for DataUsageRequest [ requestId=2, networkTemplate=NetworkTemplate: matchRule=WIFI_WILDCARD, matchSubscriberIds=[], matchWifiNetworkKeys=[], subscriberIdMatchRule=ALL, thresholdInBytes=0 ] accessLevel:3
04-08 12:27:38.296   751   751 V GraphicsEnvironment: ANGLE Developer option for 'com.android.settings' set to: 'default'
04-08 12:27:38.296   385   444 I GoldfishComponentStore: Create()
04-08 12:27:38.296   751   751 V GraphicsEnvironment: ANGLE GameManagerService for com.android.settings: false
04-08 12:27:38.296   751   751 V GraphicsEnvironment: Neither updatable production driver nor prerelease driver is supported.
04-08 12:27:38.296   385   444 I GoldfishComponentStore: created interface
04-08 12:27:38.296   385   444 I GoldfishComponentStore: in ~ComponentModule
04-08 12:27:38.296   385   444 I GoldfishComponentStore: unloading dll
04-08 12:27:38.296   385   444 I GoldfishComponentStore: in init
04-08 12:27:38.296   385   444 I GoldfishComponentStore: loading dll of path libcodec2_goldfish_vp8dec.so
04-08 12:27:38.296   569   691 D ConnectivityService: register offer from providerId 1 : NetworkOffer [ Provider Id (1) Score(Policies : TRANSPORT_PRIMARY&EVER_VALIDATED_NOT_AVOIDED_WHEN_BAD&IS_UNMETERED&IS_VALIDATED ; KeepConnected : 0) Caps [ Transports: CELLULAR Capabilities: MMS&SUPL&DUN&FOTA&IMS&CBS&IA&RCS&XCAP&EIMS&INTERNET&NOT_RESTRICTED&TRUSTED&NOT_VPN&MCX&NOT_VCN_MANAGED UnderlyingNetworks: Null] Needed by []]
04-08 12:27:38.296   569   691 D ConnectivityService: NetReassign [no changes] [c 0] [a 0] [i 0]
04-08 12:27:38.296   569   691 D ConnectivityService: NetReassign [no changes] [c 0] [a 0] [i 0]
04-08 12:27:38.296   569   691 D ConnectivityService: NetReassign [no changes] [c 0] [a 0] [i 0]
04-08 12:27:38.296   569   569 D SystemServerTiming: PhaseThirdPartyAppsCanStart
04-08 12:27:38.296   569   569 I SystemServiceManager: Starting phase 600
04-08 12:27:38.296   569   569 D SystemServerTiming: OnBootPhase_600
04-08 12:27:38.296   569   569 D SystemServerTiming: OnBootPhase_600_com.android.server.security.FileIntegrityService
04-08 12:27:38.296   569   569 D SystemServerTiming: OnBootPhase_600_com.android.server.pm.Installer
04-08 12:27:38.296   569   569 D SystemServerTiming: OnBootPhase_600_com.android.server.os.DeviceIdentifiersPolicyService
04-08 12:27:38.296   569   569 D SystemServerTiming: OnBootPhase_600_com.android.server.uri.UriGrantsManagerService$Lifecycle
04-08 12:27:38.296   569   569 D SystemServerTiming: OnBootPhase_600_com.android.server.powerstats.PowerStatsService
04-08 12:27:38.296   569   569 D SystemServerTiming: OnBootPhase_600_com.android.server.wm.ActivityTaskManagerService$Lifecycle
04-08 12:27:38.296   569   569 D SystemServerTiming: OnBootPhase_600_com.android.server.am.ActivityManagerService$Lifecycle
04-08 12:27:38.296   751   751 D NetworkSecurityConfig: No Network Security Config specified, using platform default
04-08 12:27:38.297   569   569 I ExplicitHealthCheckController: Explicit health checks enabled.
04-08 12:27:38.297   569   569 I PackageWatchdog: Syncing state, reason: health check state enabled
04-08 12:27:38.297   569   569 I PackageWatchdog: Discarding observer rollback-observer. All packages expired
04-08 12:27:38.297   569   569 D SystemServerTiming: OnBootPhase_600_com.android.server.pm.DataLoaderManagerService
04-08 12:27:38.297   569   569 D SystemServerTiming: OnBootPhase_600_com.android.server.power.PowerManagerService
04-08 12:27:38.297   751   751 D NetworkSecurityConfig: No Network Security Config specified, using platform default
04-08 12:27:38.297   569   596 I PackageWatchdog: Saving observer state to file
04-08 12:27:38.297   569   681 W BestClock: java.time.DateTimeException: Missing NTP fix
04-08 12:27:38.297   385   444 I GoldfishComponentStore: Create()
04-08 12:27:38.297   385   444 I C2GoldfishVpxDec: platform store is 0xb400007801994ca8, reflector is 0xb4000077a198ff08
04-08 12:27:38.298   385   444 I GoldfishComponentStore: created interface
04-08 12:27:38.298   385   444 I GoldfishComponentStore: in ~ComponentModule
04-08 12:27:38.298   385   444 I GoldfishComponentStore: unloading dll
04-08 12:27:38.298   385   444 I GoldfishComponentStore: in init
04-08 12:27:38.298   385   444 I GoldfishComponentStore: loading dll of path libcodec2_goldfish_vp9dec.so
04-08 12:27:38.298   569   569 D SystemServerTiming: OnBootPhase_600_com.android.server.power.ThermalManagerService
04-08 12:27:38.298   569   569 D SystemServerTiming: OnBootPhase_600_com.android.server.power.hint.HintManagerService
04-08 12:27:38.298   569   569 D SystemServerTiming: OnBootPhase_600_com.android.server.recoverysystem.RecoverySystemService$Lifecycle
04-08 12:27:38.298   797   797 E WebViewLoader-a: Not starting debugger since process cannot load the jdwp agent.
04-08 12:27:38.298   569   569 D SystemServerTiming: OnBootPhase_600_com.android.server.lights.LightsService
04-08 12:27:38.298   569   569 D SystemServerTiming: OnBootPhase_600_com.android.server.display.DisplayManagerService
04-08 12:27:38.298   569   569 D SystemServerTiming: OnBootPhase_600_com.android.server.pm.verify.domain.DomainVerificationService
04-08 12:27:38.298   569   569 D SystemServerTiming: OnBootPhase_600_com.android.server.pm.PackageInstallerService$Lifecycle
04-08 12:27:38.298   569   569 D SystemServerTiming: OnBootPhase_600_com.android.server.pm.UserManagerService$LifeCycle
04-08 12:27:38.298   569   569 D SystemServerTiming: OnBootPhase_600_com.android.server.om.OverlayManagerService
04-08 12:27:38.298   569   569 D SystemServerTiming: OnBootPhase_600_com.android.server.resources.ResourcesManagerService
04-08 12:27:38.298   569   569 D SystemServerTiming: OnBootPhase_600_com.android.server.sensorprivacy.SensorPrivacyService
04-08 12:27:38.298   569   569 D SystemServerTiming: OnBootPhase_600_com.android.server.sensors.SensorService
04-08 12:27:38.298   569   569 D SystemServerTiming: OnBootPhase_600_com.android.server.SystemConfigService
04-08 12:27:38.298   569   569 D SystemServerTiming: OnBootPhase_600_com.android.server.BatteryService
04-08 12:27:38.298   569   569 D SystemServerTiming: OnBootPhase_600_com.android.server.usage.UsageStatsService
04-08 12:27:38.298   569   569 D SystemServerTiming: OnBootPhase_600_com.android.server.webkit.WebViewUpdateService
04-08 12:27:38.298   569   569 D SystemServerTiming: OnBootPhase_600_com.android.server.CachedDeviceStateService
04-08 12:27:38.298   569   569 D SystemServerTiming: OnBootPhase_600_com.android.server.BinderCallsStatsService$LifeCycle
04-08 12:27:38.298   569   569 D SystemServerTiming: OnBootPhase_600_com.android.server.LooperStatsService$Lifecycle
04-08 12:27:38.298   569   569 D SystemServerTiming: OnBootPhase_600_com.android.server.rollback.RollbackManagerService
04-08 12:27:38.298   569   569 D SystemServerTiming: OnBootPhase_600_com.android.server.os.NativeTombstoneManagerService
04-08 12:27:38.298   569   569 D SystemServerTiming: OnBootPhase_600_com.android.server.os.BugreportManagerService
04-08 12:27:38.298   569   569 D SystemServerTiming: OnBootPhase_600_com.android.server.gpu.GpuService
04-08 12:27:38.298   569   569 D SystemServerTiming: OnBootPhase_600_com.android.server.security.KeyChainSystemService
04-08 12:27:38.298   569   569 D SystemServerTiming: OnBootPhase_600_com.android.server.BinaryTransparencyService
04-08 12:27:38.298   569   569 D SystemServerTiming: OnBootPhase_600_com.android.server.telecom.TelecomLoaderService
04-08 12:27:38.298   569   569 D SystemServerTiming: OnBootPhase_600_com.android.server.accounts.AccountManagerService$Lifecycle
04-08 12:27:38.298   569   569 D SystemServerTiming: OnBootPhase_600_com.android.server.content.ContentService$Lifecycle
04-08 12:27:38.298   569   569 D SystemServerTiming: OnBootPhase_600_com.android.server.DropBoxManagerService
04-08 12:27:38.298   569   569 D SystemServerTiming: OnBootPhase_600_com.android.role.RoleService
04-08 12:27:38.298   569   569 D SystemServerTiming: OnBootPhase_600_com.android.server.vibrator.VibratorManagerService$Lifecycle
04-08 12:27:38.298   569   569 D SystemServerTiming: OnBootPhase_600_com.android.server.tare.InternalResourceService
04-08 12:27:38.298   569   569 D SystemServerTiming: OnBootPhase_600_com.android.server.alarm.AlarmManagerService
04-08 12:27:38.298   569   569 D SystemServerTiming: OnBootPhase_600_com.android.server.devicestate.DeviceStateManagerService
04-08 12:27:38.298   569   569 D SystemServerTiming: OnBootPhase_600_com.android.server.camera.CameraServiceProxy
04-08 12:27:38.298   569   569 D SystemServerTiming: OnBootPhase_600_com.android.server.bluetooth.BluetoothService
04-08 12:27:38.298   569   569 D SystemServerTiming: OnBootPhase_600_com.android.server.connectivity.IpConnectivityMetrics
04-08 12:27:38.298   569   569 D SystemServerTiming: OnBootPhase_600_com.android.server.net.watchlist.NetworkWatchlistService$Lifecycle
04-08 12:27:38.298   569   569 D SystemServerTiming: OnBootPhase_600_com.android.server.PinnerService
04-08 12:27:38.298   569   569 D SystemServerTiming: OnBootPhase_600_com.android.server.integrity.AppIntegrityManagerService
04-08 12:27:38.298   569   569 D SystemServerTiming: OnBootPhase_600_com.android.server.logcat.LogcatManagerService
04-08 12:27:38.298   569   569 D SystemServerTiming: OnBootPhase_600_com.android.server.inputmethod.InputMethodManagerService$Lifecycle
04-08 12:27:38.298   569   569 D SystemServerTiming: OnBootPhase_600_com.android.server.accessibility.AccessibilityManagerService$Lifecycle
04-08 12:27:38.298   385   444 I GoldfishComponentStore: Create()
04-08 12:27:38.298   385   444 I C2GoldfishVpxDec: platform store is 0xb4000078019950c8, reflector is 0xb4000077a198f878
04-08 12:27:38.298   385   444 I GoldfishComponentStore: created interface
04-08 12:27:38.298   385   444 I GoldfishComponentStore: in ~ComponentModule
04-08 12:27:38.298   385   444 I GoldfishComponentStore: unloading dll
04-08 12:27:38.299   569   569 D SystemServerTiming: OnBootPhase_600_com.android.server.StorageManagerService$Lifecycle
04-08 12:27:38.299   569   569 D SystemServerTiming: OnBootPhase_600_com.android.server.usage.StorageStatsService$Lifecycle
04-08 12:27:38.299   569   569 D SystemServerTiming: OnBootPhase_600_com.android.server.UiModeManagerService
04-08 12:27:38.299   569   569 D SystemServerTiming: OnBootPhase_600_com.android.server.locales.LocaleManagerService
04-08 12:27:38.299   569   569 D SystemServerTiming: OnBootPhase_600_com.android.server.locksettings.LockSettingsService$Lifecycle
04-08 12:27:38.299   569   569 D SystemServerTiming: OnBootPhase_600_com.android.server.testharness.TestHarnessModeService
04-08 12:27:38.299   569   569 D SystemServerTiming: OnBootPhase_600_com.android.server.DeviceIdleController
04-08 12:27:38.299   569   569 D SystemServerTiming: OnBootPhase_600_com.android.server.devicepolicy.DevicePolicyManagerService$Lifecycle
04-08 12:27:38.299   569   569 D SystemServerTiming: OnBootPhase_600_com.android.server.musicrecognition.MusicRecognitionManagerService
04-08 12:27:38.299   569   569 D SystemServerTiming: OnBootPhase_600_com.android.server.contentcapture.ContentCaptureManagerService
04-08 12:27:38.299   569   569 D SystemServerTiming: OnBootPhase_600_com.android.server.systemcaptions.SystemCaptionsManagerService
04-08 12:27:38.299   569   569 D SystemServerTiming: OnBootPhase_600_com.android.server.texttospeech.TextToSpeechManagerService
04-08 12:27:38.299   569   569 D SystemServerTiming: OnBootPhase_600_com.android.server.ambientcontext.AmbientContextManagerService
04-08 12:27:38.299   569   569 D SystemServerTiming: OnBootPhase_600_com.android.server.speech.SpeechRecognitionManagerService
04-08 12:27:38.299   569   569 D SystemServerTiming: OnBootPhase_600_com.android.server.appprediction.AppPredictionManagerService
04-08 12:27:38.299   569   569 D SystemServerTiming: OnBootPhase_600_com.android.server.contentsuggestions.ContentSuggestionsManagerService
04-08 12:27:38.299   569   569 D SystemServerTiming: OnBootPhase_600_com.android.server.searchui.SearchUiManagerService
04-08 12:27:38.299   569   569 D SystemServerTiming: OnBootPhase_600_com.android.server.smartspace.SmartspaceManagerService
04-08 12:27:38.299   569   569 D SystemServerTiming: OnBootPhase_600_com.android.server.cloudsearch.CloudSearchManagerService
04-08 12:27:38.299   569   569 D SystemServerTiming: OnBootPhase_600_com.android.server.graphics.fonts.FontManagerService$Lifecycle
04-08 12:27:38.299   569   569 D SystemServerTiming: OnBootPhase_600_com.android.server.textservices.TextServicesManagerService$Lifecycle
04-08 12:27:38.299   569   569 D SystemServerTiming: OnBootPhase_600_com.android.server.textclassifier.TextClassificationManagerService$Lifecycle
04-08 12:27:38.299   569   569 D SystemServerTiming: OnBootPhase_600_com.android.server.NetworkScoreService$Lifecycle
04-08 12:27:38.299   569   569 D SystemServerTiming: OnBootPhase_600_com.android.server.NetworkStatsServiceInitializer
04-08 12:27:38.299   569   569 D SystemServerTiming: OnBootPhase_600_com.android.server.wifi.WifiService
04-08 12:27:38.299   569   569 D SystemServerTiming: OnBootPhase_600_com.android.server.wifi.scanner.WifiScanningService
04-08 12:27:38.299   569   569 D SystemServerTiming: OnBootPhase_600_com.android.server.wifi.p2p.WifiP2pService
04-08 12:27:38.299   569   569 D SystemServerTiming: OnBootPhase_600_com.android.server.ConnectivityServiceInitializer
04-08 12:27:38.299   569   569 D FastPairService: fail to initiate the fast pair proxy provider
04-08 12:27:38.299   569   569 W FastPairDataProvider: no proxy fast pair data provider found
04-08 12:27:38.299   569   569 D SystemServerTiming: OnBootPhase_600_com.android.server.notification.NotificationManagerService
04-08 12:27:38.300   569   569 D SystemServerTiming: OnBootPhase_600_com.android.server.storage.DeviceStorageMonitorService
04-08 12:27:38.300   569   569 D SystemServerTiming: OnBootPhase_600_com.android.server.location.LocationManagerService$Lifecycle
04-08 12:27:38.300   484   484 V C2Store : in init
04-08 12:27:38.300   484   484 V C2Store : loading dll
04-08 12:27:38.300   569   569 I ServiceWatcher: [fused] chose new implementation 1000/com.android.location.fused/.FusedLocationService@0
04-08 12:27:38.300   219   219 I servicemanager: Could not find android.hardware.gnss.IGnss/default in the VINTF manifest.
04-08 12:27:38.300   569   569 D GnssJni : Trying IGnss_V2_1::getService()
04-08 12:27:38.300   569   586 D CompatibilityChangeReporter: Compat change id reported: 168419799; UID 1000; state: DISABLED
04-08 12:27:38.300   220   220 I hwservicemanager: getTransport: Cannot find entry android.hardware.gnss@2.1::IGnss/default in either framework or device VINTF manifest.
04-08 12:27:38.300   569   569 D GnssJni : gnssHal 2.1 was null, trying 2.0
04-08 12:27:38.301   220   220 I hwservicemanager: Since android.hardware.gnss@2.0::IGnss/default is not registered, trying to start it as a lazy HAL.
04-08 12:27:38.301   220   220 I hwservicemanager: Since android.hardware.gnss@2.0::IGnss/default is not registered, trying to start it as a lazy HAL.
04-08 12:27:38.301   569   569 I HidlServiceManagement: getService: Trying again for android.hardware.gnss@2.0::IGnss/default...
04-08 12:27:38.302   769   769 D nativeloader: Configuring classloader-namespace-shared for other apk /system_ext/priv-app/SystemUIGoogle/SystemUIGoogle.apk. target_sdk_version=33, uses_libraries=, library_path=/system_ext/priv-app/SystemUIGoogle/lib/arm64:/system_ext/priv-app/SystemUIGoogle/SystemUIGoogle.apk!/lib/arm64-v8a:/system/lib64:/system_ext/lib64, permitted_path=/data:/mnt/expand:/data/user_de/0/com.android.systemui:/system_ext/priv-app/SystemUIGoogle:/system/lib64:/system_ext/lib64
04-08 12:27:38.306   797   797 V WebViewLibraryLoader: RelroFileCreator (64bit = true), package: com.google.android.webview library: libmonochrome_64.so
04-08 12:27:38.307   484   484 V C2Store : in ~ComponentModule
04-08 12:27:38.307   484   484 V C2Store : unloading dll
04-08 12:27:38.307   484   484 V C2Store : in init
04-08 12:27:38.307   484   484 V C2Store : loading dll
04-08 12:27:38.308   751   751 V BatteryUsageContentProvider: initialize provider
04-08 12:27:38.310   797   797 W ziparchive: Unable to open '/data/app/~~HN88tOpvgQy_VuyDA85myg==/com.google.android.trichromelibrary_631209933-tGJCTyoJ2NEipT9E_Slsxg==/base.dm': No such file or directory
04-08 12:27:38.310   797   797 W ziparchive: Unable to open '/data/app/~~HN88tOpvgQy_VuyDA85myg==/com.google.android.trichromelibrary_631209933-tGJCTyoJ2NEipT9E_Slsxg==/base.dm': No such file or directory
04-08 12:27:38.310   484   484 V C2Store : in ~ComponentModule
04-08 12:27:38.310   484   484 V C2Store : unloading dll
04-08 12:27:38.310   484   484 V C2Store : in init
04-08 12:27:38.310   484   484 V C2Store : loading dll
04-08 12:27:38.311   797   797 W WebViewLoader-a: Entry not found
04-08 12:27:38.312   797   797 D nativeloader: Configuring classloader-namespace for other apk /data/app/~~HN88tOpvgQy_VuyDA85myg==/com.google.android.trichromelibrary_631209933-tGJCTyoJ2NEipT9E_Slsxg==/base.apk. target_sdk_version=34, uses_libraries=ALL, library_path=/data/app/~~1X-alg5lhR1H9qjdT9yiMA==/com.google.android.webview-Zf-Ike634pFWEgfedH7z_Q==/lib/arm64:/data/app/~~1X-alg5lhR1H9qjdT9yiMA==/com.google.android.webview-Zf-Ike634pFWEgfedH7z_Q==/base.apk!/lib/arm64-v8a:/data/app/~~HN88tOpvgQy_VuyDA85myg==/com.google.android.trichromelibrary_631209933-tGJCTyoJ2NEipT9E_Slsxg==/base.apk!/lib/arm64-v8a, permitted_path=/data:/mnt/expand
04-08 12:27:38.313   797   797 D nativeloader: Configuring classloader-namespace for other apk /system_ext/framework/androidx.window.extensions.jar. target_sdk_version=34, uses_libraries=ALL, library_path=/data/app/~~1X-alg5lhR1H9qjdT9yiMA==/com.google.android.webview-Zf-Ike634pFWEgfedH7z_Q==/lib/arm64:/data/app/~~1X-alg5lhR1H9qjdT9yiMA==/com.google.android.webview-Zf-Ike634pFWEgfedH7z_Q==/base.apk!/lib/arm64-v8a:/data/app/~~HN88tOpvgQy_VuyDA85myg==/com.google.android.trichromelibrary_631209933-tGJCTyoJ2NEipT9E_Slsxg==/base.apk!/lib/arm64-v8a, permitted_path=/data:/mnt/expand
04-08 12:27:38.313   569   702 W PackageManager: Loading a package that does not exist for the calling user. package=null, user=0
04-08 12:27:38.314   484   484 V C2Store : in ~ComponentModule
04-08 12:27:38.314   484   484 V C2Store : unloading dll
04-08 12:27:38.314   484   484 V C2Store : in init
04-08 12:27:38.314   484   484 V C2Store : loading dll
04-08 12:27:38.315   484   484 V C2Store : in ~ComponentModule
04-08 12:27:38.315   484   484 V C2Store : unloading dll
04-08 12:27:38.315   484   484 V C2Store : in init
04-08 12:27:38.315   484   484 V C2Store : loading dll
04-08 12:27:38.316   484   484 V C2Store : in ~ComponentModule
04-08 12:27:38.316   484   484 V C2Store : unloading dll
04-08 12:27:38.316   484   484 V C2Store : in init
04-08 12:27:38.316   484   484 V C2Store : loading dll
04-08 12:27:38.316   814   814 I HidlLazyUtils: Registering HAL: android.hardware.gnss@2.0::IGnss with name: default
04-08 12:27:38.317   569   747 W PackageManager: Loading a package that does not exist for the calling user. package=null, user=0
04-08 12:27:38.317   814   814 I HidlServiceManagement: Registered android.hardware.gnss@2.0::IGnss/default
04-08 12:27:38.317   814   814 I HidlServiceManagement: Removing namespace from process name android.hardware.gnss@2.0-service.ranchu to gnss@2.0-service.ranchu.
04-08 12:27:38.317   797   797 D nativeloader: Configuring classloader-namespace for other apk /data/app/~~1X-alg5lhR1H9qjdT9yiMA==/com.google.android.webview-Zf-Ike634pFWEgfedH7z_Q==/base.apk. target_sdk_version=34, uses_libraries=, library_path=/data/app/~~1X-alg5lhR1H9qjdT9yiMA==/com.google.android.webview-Zf-Ike634pFWEgfedH7z_Q==/lib/arm64:/data/app/~~1X-alg5lhR1H9qjdT9yiMA==/com.google.android.webview-Zf-Ike634pFWEgfedH7z_Q==/base.apk!/lib/arm64-v8a:/data/app/~~HN88tOpvgQy_VuyDA85myg==/com.google.android.trichromelibrary_631209933-tGJCTyoJ2NEipT9E_Slsxg==/base.apk!/lib/arm64-v8a, permitted_path=/data:/mnt/expand
04-08 12:27:38.317   220   220 I hw-BpHwBinder: onLastStrongRef automatically unlinking death recipients
04-08 12:27:38.318   484   484 V C2Store : in ~ComponentModule
04-08 12:27:38.318   484   484 V C2Store : unloading dll
04-08 12:27:38.318   484   484 V C2Store : in init
04-08 12:27:38.318   484   484 V C2Store : loading dll
04-08 12:27:38.319   569   569 D CompatibilityChangeReporter: Compat change id reported: 157233955; UID 1000; state: ENABLED
04-08 12:27:38.321   220   220 I hwservicemanager: getTransport: Cannot find entry android.hardware.graphics.mapper@4.0::IMapper/default in either framework or device VINTF manifest.
04-08 12:27:38.321   484   484 I Gralloc4: mapper 4.x is not supported
04-08 12:27:38.321   569   569 D GnssJni : Link to death notification successful
04-08 12:27:38.321   769   769 V GraphicsEnvironment: ANGLE Developer option for 'com.android.systemui' set to: 'default'
04-08 12:27:38.321   769   769 V GraphicsEnvironment: ANGLE GameManagerService for com.android.systemui: false
04-08 12:27:38.321   769   769 V GraphicsEnvironment: Neither updatable production driver nor prerelease driver is supported.
04-08 12:27:38.322   769   769 D NetworkSecurityConfig: No Network Security Config specified, using platform default
04-08 12:27:38.322   769   769 D NetworkSecurityConfig: No Network Security Config specified, using platform default
04-08 12:27:38.322   569   569 D GnssCallbckJni: gnssSetCapabilitesCb: 64u
04-08 12:27:38.322   569   569 I GnssManager: gnss capabilities changed to [NONE]
04-08 12:27:38.323   569   569 D GnssCallbckJni: gnssNameCb: name=Android Studio Emulator GPS
04-08 12:27:38.323   569   569 D GnssCallbckJni: gnssSetSystemInfoCb: yearOfHw=2020
04-08 12:27:38.323   569   569 I GnssLocationProviderJni: Unable to initialize IGnssPsds interface.
04-08 12:27:38.323   569   569 I GnssLocationProviderJni: Unable to initialize IGnssGeofencing interface.
04-08 12:27:38.323   569   569 I GnssLocationProviderJni: Unable to initialize IGnssNi interface.
04-08 12:27:38.323   569   569 I GnssLocationProviderJni: Unable to initialize IAGnssRil interface.
04-08 12:27:38.323   569   569 I GnssLocationProviderJni: Unable to initialize IGnssVisibilityControl interface.
04-08 12:27:38.323   569   569 I GnssLocationProviderJni: Unable to initialize IGnssMeasurementCorrections interface.
04-08 12:27:38.324   569   569 I GnssManager: gnss hal initialized
04-08 12:27:38.324   569   569 I GnssManager: gnss hal started
04-08 12:27:38.324   569   569 E GnssLocationProviderJni: android_location_gnss_hal_GnssNative_start_antenna_info_listening: IGnssAntennaInfo interface not available.
04-08 12:27:38.325   569   569 E ActivityRecognitionHardware: activity_recognition HAL is deprecated. is_supported is effectively a no-op
04-08 12:27:38.326   569   586 E GnssUtilsJni: IGnssConfiguration setEsExtensionSec() failed.
04-08 12:27:38.326   569   586 E GnssConfiguration: Unable to set ES_EXTENSION_SEC: 0
04-08 12:27:38.326   484   484 D HostConnection: createUnique: call
04-08 12:27:38.326   484   484 D HostConnection: HostConnection::get() New Host Connection established 0xb400006df76248d0, tid 484
04-08 12:27:38.327   484   484 D goldfish-address-space: allocate: Ask for block of size 0x100
04-08 12:27:38.327   484   484 D goldfish-address-space: allocate: ioctl allocate returned offset 0x1f7ff8000 size 0x8000
04-08 12:27:38.327   569   681 W BestClock: java.time.DateTimeException: Missing NTP fix
04-08 12:27:38.327   484   484 V C2Store : in ~ComponentModule
04-08 12:27:38.327   484   484 V C2Store : unloading dll
04-08 12:27:38.327   484   484 V C2Store : in init
04-08 12:27:38.327   484   484 V C2Store : loading dll
04-08 12:27:38.327   569   681 W BestClock: java.time.DateTimeException: Missing NTP fix
04-08 12:27:38.328   769   769 V SystemUIService: SystemUIApplication constructed.
04-08 12:27:38.330   569   569 D SystemServerTiming: OnBootPhase_600_com.android.server.timedetector.TimeDetectorService$Lifecycle
04-08 12:27:38.330   569   569 D SystemServerTiming: OnBootPhase_600_com.android.server.timezonedetector.TimeZoneDetectorService$Lifecycle
04-08 12:27:38.330   569   569 D SystemServerTiming: OnBootPhase_600_com.android.server.timezonedetector.location.LocationTimeZoneManagerService$Lifecycle
04-08 12:27:38.330   569   569 D SystemServerTiming: OnBootPhase_600_com.android.server.search.SearchManagerService$Lifecycle
04-08 12:27:38.330   569   569 D SystemServerTiming: OnBootPhase_600_com.android.server.wallpaper.WallpaperManagerService$Lifecycle
04-08 12:27:38.330   569   569 D WallpaperManagerService: Wallpaper_switch-user-0
04-08 12:27:38.330   569   569 V WallpaperManagerService: bindWallpaperComponentLocked: componentName=ComponentInfo{com.android.systemui/com.android.systemui.wallpapers.ImageWallpaper}
04-08 12:27:38.330   569   586 D CompatibilityChangeReporter: Compat change id reported: 168936375; UID 1000; state: ENABLED
04-08 12:27:38.330   569   569 D SystemServerTiming: OnBootPhase_600_com.android.server.wallpapereffectsgeneration.WallpaperEffectsGenerationManagerService
04-08 12:27:38.330   569   569 D SystemServerTiming: OnBootPhase_600_com.android.server.audio.AudioService$Lifecycle
04-08 12:27:38.330   569   569 D SystemServerTiming: OnBootPhase_600_com.android.server.soundtrigger_middleware.SoundTriggerMiddlewareService$Lifecycle
04-08 12:27:38.330   569   569 D SystemServerTiming: OnBootPhase_600_com.android.server.DockObserver
04-08 12:27:38.330   569   569 D SystemServerTiming: OnBootPhase_600_com.android.server.midi.MidiService$Lifecycle
04-08 12:27:38.330   569   569 D SystemServerTiming: OnBootPhase_600_com.android.server.adb.AdbService$Lifecycle
04-08 12:27:38.330   569   569 D SystemServerTiming: OnBootPhase_600_com.android.server.usb.UsbService$Lifecycle
04-08 12:27:38.330   569   569 D SystemServerTiming: OnBootPhase_600_com.android.server.twilight.TwilightService
04-08 12:27:38.330   569   569 D SystemServerTiming: OnBootPhase_600_com.android.server.display.color.ColorDisplayService
04-08 12:27:38.330   569   569 D SystemServerTiming: OnBootPhase_600_com.android.server.job.JobSchedulerService
04-08 12:27:38.330   569   691 D ConnectivityService: NetReassign [no changes] [c 0] [a 0] [i 0]
04-08 12:27:38.331   569   569 D ConnectivityService: requestNetwork for uid/pid:1000/569 asUid: 10133 activeRequest: null callbackRequest: 14 [NetworkRequest [ REQUEST id=15, [ Capabilities: INTERNET&NOT_RESTRICTED&TRUSTED&NOT_VCN_MANAGED Uid: 10133 RequestorUid: 1000 RequestorPkg: android UnderlyingNetworks: Null] ]] callback flags: 0 order: 2147483647
04-08 12:27:38.331   569   569 D ConnectivityService: requestNetwork for uid/pid:1000/569 asUid: 10132 activeRequest: null callbackRequest: 16 [NetworkRequest [ REQUEST id=17, [ Capabilities: INTERNET&NOT_RESTRICTED&TRUSTED&NOT_VCN_MANAGED Uid: 10132 RequestorUid: 1000 RequestorPkg: android UnderlyingNetworks: Null] ]] callback flags: 0 order: 2147483647
04-08 12:27:38.331   569   569 D ConnectivityService: requestNetwork for uid/pid:1000/569 asUid: 10128 activeRequest: null callbackRequest: 18 [NetworkRequest [ REQUEST id=19, [ Capabilities: INTERNET&NOT_RESTRICTED&TRUSTED&NOT_VCN_MANAGED Uid: 10128 RequestorUid: 1000 RequestorPkg: android UnderlyingNetworks: Null] ]] callback flags: 0 order: 2147483647
04-08 12:27:38.331   569   569 D ConnectivityService: requestNetwork for uid/pid:1000/569 asUid: 10123 activeRequest: null callbackRequest: 20 [NetworkRequest [ REQUEST id=21, [ Capabilities: INTERNET&NOT_RESTRICTED&TRUSTED&NOT_VCN_MANAGED Uid: 10123 RequestorUid: 1000 RequestorPkg: android UnderlyingNetworks: Null] ]] callback flags: 0 order: 2147483647
04-08 12:27:38.331   569   569 D ConnectivityService: requestNetwork for uid/pid:1000/569 asUid: 10121 activeRequest: null callbackRequest: 22 [NetworkRequest [ REQUEST id=23, [ Capabilities: INTERNET&NOT_RESTRICTED&TRUSTED&NOT_VCN_MANAGED Uid: 10121 RequestorUid: 1000 RequestorPkg: android UnderlyingNetworks: Null] ]] callback flags: 0 order: 2147483647
04-08 12:27:38.331   569   569 D ConnectivityService: requestNetwork for uid/pid:1000/569 asUid: 10120 activeRequest: null callbackRequest: 24 [NetworkRequest [ REQUEST id=25, [ Capabilities: INTERNET&NOT_RESTRICTED&TRUSTED&NOT_VCN_MANAGED Uid: 10120 RequestorUid: 1000 RequestorPkg: android UnderlyingNetworks: Null] ]] callback flags: 0 order: 2147483647
04-08 12:27:38.331   569   569 D ConnectivityService: requestNetwork for uid/pid:1000/569 asUid: 10119 activeRequest: null callbackRequest: 26 [NetworkRequest [ REQUEST id=27, [ Capabilities: INTERNET&NOT_RESTRICTED&TRUSTED&NOT_VCN_MANAGED Uid: 10119 RequestorUid: 1000 RequestorPkg: android UnderlyingNetworks: Null] ]] callback flags: 0 order: 2147483647
04-08 12:27:38.331   569   569 D ConnectivityService: requestNetwork for uid/pid:1000/569 asUid: 10110 activeRequest: null callbackRequest: 28 [NetworkRequest [ REQUEST id=29, [ Capabilities: INTERNET&NOT_RESTRICTED&TRUSTED&NOT_VCN_MANAGED Uid: 10110 RequestorUid: 1000 RequestorPkg: android UnderlyingNetworks: Null] ]] callback flags: 0 order: 2147483647
04-08 12:27:38.331   569   569 D ConnectivityService: requestNetwork for uid/pid:1000/569 asUid: 10108 activeRequest: null callbackRequest: 30 [NetworkRequest [ REQUEST id=31, [ Capabilities: INTERNET&NOT_RESTRICTED&TRUSTED&NOT_VCN_MANAGED Uid: 10108 RequestorUid: 1000 RequestorPkg: android UnderlyingNetworks: Null] ]] callback flags: 0 order: 2147483647
04-08 12:27:38.331   569   569 D ConnectivityService: requestNetwork for uid/pid:1000/569 asUid: 10106 activeRequest: null callbackRequest: 32 [NetworkRequest [ REQUEST id=33, [ Capabilities: INTERNET&NOT_RESTRICTED&TRUSTED&NOT_VCN_MANAGED Uid: 10106 RequestorUid: 1000 RequestorPkg: android UnderlyingNetworks: Null] ]] callback flags: 0 order: 2147483647
04-08 12:27:38.331   569   569 D ConnectivityService: requestNetwork for uid/pid:1000/569 asUid: 10103 activeRequest: null callbackRequest: 34 [NetworkRequest [ REQUEST id=35, [ Capabilities: INTERNET&NOT_RESTRICTED&TRUSTED&NOT_VCN_MANAGED Uid: 10103 RequestorUid: 1000 RequestorPkg: android UnderlyingNetworks: Null] ]] callback flags: 0 order: 2147483647
04-08 12:27:38.331   569   586 D GnssCallbckJni: gnssSetCapabilitesCb: 64u
04-08 12:27:38.331   569   586 D GnssCallbckJni: gnssNameCb: name=Android Studio Emulator GPS
04-08 12:27:38.331   569   586 D GnssCallbckJni: gnssSetSystemInfoCb: yearOfHw=2020
04-08 12:27:38.331   569   569 D ConnectivityService: requestNetwork for uid/pid:1000/569 asUid: 10109 activeRequest: null callbackRequest: 36 [NetworkRequest [ REQUEST id=37, [ Capabilities: INTERNET&NOT_RESTRICTED&TRUSTED&NOT_VCN_MANAGED Uid: 10109 RequestorUid: 1000 RequestorPkg: android UnderlyingNetworks: Null] ]] callback flags: 0 order: 2147483647
04-08 12:27:38.331   569   586 I GnssLocationProviderJni: Unable to initialize IGnssPsds interface.
04-08 12:27:38.331   569   586 I GnssLocationProviderJni: Unable to initialize IGnssGeofencing interface.
04-08 12:27:38.331   569   569 D SystemServerTiming: OnBootPhase_600_com.android.server.soundtrigger.SoundTriggerService
04-08 12:27:38.331   569   569 D SoundTriggerService: onBootPhase: 600 : false
04-08 12:27:38.331   569   569 D SystemServerTiming: OnBootPhase_600_com.android.server.trust.TrustManagerService
04-08 12:27:38.331   569   586 I GnssLocationProviderJni: Unable to initialize IGnssNi interface.
04-08 12:27:38.331   569   586 I GnssLocationProviderJni: Unable to initialize IAGnssRil interface.
04-08 12:27:38.331   569   586 I GnssLocationProviderJni: Unable to initialize IGnssVisibilityControl interface.
04-08 12:27:38.331   569   586 I GnssLocationProviderJni: Unable to initialize IGnssMeasurementCorrections interface.
04-08 12:27:38.331   569   586 I GnssBlocklistHelper: Update GNSS satellite blocklist: 
04-08 12:27:38.331   569   691 D ConnectivityService: NetReassign [no changes] [c 0] [a 0] [i 0]
04-08 12:27:38.332   569   691 D ConnectivityService: NetReassign [no changes] [c 0] [a 0] [i 0]
04-08 12:27:38.332   569   691 D ConnectivityService: NetReassign [no changes] [c 0] [a 0] [i 0]
04-08 12:27:38.332   569   691 D ConnectivityService: NetReassign [no changes] [c 0] [a 0] [i 0]
04-08 12:27:38.332   569   691 D ConnectivityService: NetReassign [no changes] [c 0] [a 0] [i 0]
04-08 12:27:38.332   569   691 D ConnectivityService: NetReassign [no changes] [c 0] [a 0] [i 0]
04-08 12:27:38.332   569   691 D ConnectivityService: NetReassign [no changes] [c 0] [a 0] [i 0]
04-08 12:27:38.332   569   691 D ConnectivityService: NetReassign [no changes] [c 0] [a 0] [i 0]
04-08 12:27:38.332   569   691 D ConnectivityService: NetReassign [no changes] [c 0] [a 0] [i 0]
04-08 12:27:38.332   569   691 D ConnectivityService: NetReassign [no changes] [c 0] [a 0] [i 0]
04-08 12:27:38.332   569   691 D ConnectivityService: NetReassign [no changes] [c 0] [a 0] [i 0]
04-08 12:27:38.332   569   691 D ConnectivityService: NetReassign [no changes] [c 0] [a 0] [i 0]
04-08 12:27:38.332   569   569 D BiometricService: Sensor ID(0), oemStrength: 15, updatedStrength: 15, modality 2, state: 0, cookie: 0, sensorId 0, hasEnrollments: false cannot participate in Keystore operations
04-08 12:27:38.332   569   586 E GnssUtilsJni: IGnssConfiguration setBlocklist() failed.
04-08 12:27:38.332   238   238 I keystore2: keystore2::authorization: on_lock_screen_event(LockScreenEvent(0), user_id=0, password.is_some()=false, unlocking_sids=Some([]))
04-08 12:27:38.333   484   484 V C2Store : in ~ComponentModule
04-08 12:27:38.333   569   569 D SystemServerTiming: OnBootPhase_600_com.android.server.backup.BackupManagerService$Lifecycle
04-08 12:27:38.333   484   484 V C2Store : unloading dll
04-08 12:27:38.333   569   569 D SystemServerTiming: OnBootPhase_600_com.android.server.appwidget.AppWidgetService
04-08 12:27:38.333   569   569 D SystemServerTiming: OnBootPhase_600_com.android.server.voiceinteraction.VoiceInteractionManagerService
04-08 12:27:38.333   484   484 V C2Store : in init
04-08 12:27:38.333   484   484 V C2Store : loading dll
04-08 12:27:38.333   569   569 D SystemServerTiming: OnBootPhase_600_com.android.server.apphibernation.AppHibernationService
04-08 12:27:38.333   569   569 D SystemServerTiming: OnBootPhase_600_com.android.server.GestureLauncherService
04-08 12:27:38.333   569   569 D SystemServerTiming: OnBootPhase_600_com.android.server.SensorNotificationService
04-08 12:27:38.333   569   569 D SystemServerTiming: OnBootPhase_600_com.android.server.emergency.EmergencyAffordanceService
04-08 12:27:38.333   751   751 D SettingsSliceProvider: init
04-08 12:27:38.333   751   751 D SettingsSliceProvider: onCreateSliceProvider
04-08 12:27:38.334   569   747 W StorageManagerService: No primary storage defined yet; hacking together a stub
04-08 12:27:38.334   569   569 D SystemServerTiming: OnBootPhase_600_com.android.server.blob.BlobStoreManagerService
04-08 12:27:38.335   484   484 I mediaswcodec: missing struct descriptor #Param::CoreIndex(--004) for field values of struct #Param::CoreIndex(F-12004)
04-08 12:27:38.335   484   484 I mediaswcodec: missing struct descriptor #Param::CoreIndex(--1812) for field values of struct #Param::CoreIndex(F-11812)
04-08 12:27:38.335   484   484 V C2Store : in ~ComponentModule
04-08 12:27:38.335   484   484 V C2Store : unloading dll
04-08 12:27:38.335   484   484 V C2Store : in init
04-08 12:27:38.335   484   484 V C2Store : loading dll
04-08 12:27:38.336   484   484 V C2Store : in ~ComponentModule
04-08 12:27:38.336   484   484 V C2Store : unloading dll
04-08 12:27:38.336   484   484 V C2Store : in init
04-08 12:27:38.336   484   484 V C2Store : loading dll
04-08 12:27:38.336   569   569 D SystemServerTiming: OnBootPhase_600_com.android.server.dreams.DreamManagerService
04-08 12:27:38.337   484   484 V C2Store : in ~ComponentModule
04-08 12:27:38.337   484   484 V C2Store : unloading dll
04-08 12:27:38.337   484   484 V C2Store : in init
04-08 12:27:38.337   484   484 V C2Store : loading dll
04-08 12:27:38.337   569   569 D SystemServerTiming: OnBootPhase_600_com.android.server.print.PrintManagerService
04-08 12:27:38.337   569   569 D SystemServerTiming: OnBootPhase_600_com.android.server.security.AttestationVerificationManagerService
04-08 12:27:38.337   569   569 D SystemServerTiming: OnBootPhase_600_com.android.server.companion.CompanionDeviceManagerService
04-08 12:27:38.337   569   569 D SystemServerTiming: OnBootPhase_600_com.android.server.companion.virtual.VirtualDeviceManagerService
04-08 12:27:38.337   569   569 D SystemServerTiming: OnBootPhase_600_com.android.server.restrictions.RestrictionsManagerService
04-08 12:27:38.337   569   569 D SystemServerTiming: OnBootPhase_600_com.android.server.media.MediaSessionService
04-08 12:27:38.337   569   569 D SystemServerTiming: OnBootPhase_600_com.android.server.media.MediaResourceMonitorService
04-08 12:27:38.337   569   569 D SystemServerTiming: OnBootPhase_600_com.android.server.biometrics.sensors.fingerprint.FingerprintService
04-08 12:27:38.337   569   569 D SystemServerTiming: OnBootPhase_600_com.android.server.biometrics.BiometricService
04-08 12:27:38.337   569   569 D SystemServerTiming: OnBootPhase_600_com.android.server.biometrics.AuthService
04-08 12:27:38.337   569   569 D SystemServerTiming: OnBootPhase_600_com.android.server.pm.ShortcutService$Lifecycle
04-08 12:27:38.337   569   569 D SystemServerTiming: OnBootPhase_600_com.android.server.pm.LauncherAppsService
04-08 12:27:38.337   569   569 D SystemServerTiming: OnBootPhase_600_com.android.server.pm.CrossProfileAppsService
04-08 12:27:38.337   569   569 D SystemServerTiming: OnBootPhase_600_com.android.server.people.PeopleService
04-08 12:27:38.337   569   569 D SystemServerTiming: OnBootPhase_600_com.android.server.media.metrics.MediaMetricsManagerService
04-08 12:27:38.337   569   569 D SystemServerTiming: OnBootPhase_600_com.android.server.media.projection.MediaProjectionManagerService
04-08 12:27:38.337   569   569 D SystemServerTiming: OnBootPhase_600_com.android.server.slice.SliceManagerService$Lifecycle
04-08 12:27:38.337   569   569 D SystemServerTiming: OnBootPhase_600_com.android.server.stats.StatsCompanion$Lifecycle
04-08 12:27:38.337   569   569 E StatsCompanionService: statsd has already been fetched before
04-08 12:27:38.337   569   569 E StatsCompanionService: java.lang.IllegalStateException: IStatsd object should be null or dead
04-08 12:27:38.337   569   569 E StatsCompanionService: 	at com.android.server.stats.StatsCompanionService.sayHiToStatsd(Unknown Source:25)
04-08 12:27:38.337   569   569 E StatsCompanionService: 	at com.android.server.stats.StatsCompanionService.systemReady(Unknown Source:0)
04-08 12:27:38.337   569   569 E StatsCompanionService: 	at com.android.server.stats.StatsCompanion$Lifecycle.onBootPhase(Unknown Source:9)
04-08 12:27:38.337   569   569 E StatsCompanionService: 	at com.android.server.SystemServiceManager.startBootPhase(SystemServiceManager.java:294)
04-08 12:27:38.337   569   569 E StatsCompanionService: 	at com.android.server.SystemServer.lambda$startOtherServices$5(SystemServer.java:2935)
04-08 12:27:38.337   569   569 E StatsCompanionService: 	at com.android.server.SystemServer.$r8$lambda$jmaWUpWMxP4IiPakY5L6Y7rVWik(Unknown Source:0)
04-08 12:27:38.337   569   569 E StatsCompanionService: 	at com.android.server.SystemServer$$ExternalSyntheticLambda5.run(Unknown Source:30)
04-08 12:27:38.337   569   569 E StatsCompanionService: 	at com.android.server.am.ActivityManagerService.systemReady(ActivityManagerService.java:8135)
04-08 12:27:38.337   569   569 E StatsCompanionService: 	at com.android.server.SystemServer.startOtherServices(SystemServer.java:2808)
04-08 12:27:38.337   569   569 E StatsCompanionService: 	at com.android.server.SystemServer.run(SystemServer.java:941)
04-08 12:27:38.337   569   569 E StatsCompanionService: 	at com.android.server.SystemServer.main(SystemServer.java:651)
04-08 12:27:38.337   569   569 E StatsCompanionService: 	at java.lang.reflect.Method.invoke(Native Method)
04-08 12:27:38.337   569   569 E StatsCompanionService: 	at com.android.internal.os.RuntimeInit$MethodAndArgsCaller.run(RuntimeInit.java:548)
04-08 12:27:38.337   569   569 E StatsCompanionService: 	at com.android.internal.os.ZygoteInit.main(ZygoteInit.java:914)
04-08 12:27:38.337   569   569 D SystemServerTiming: OnBootPhase_600_com.android.server.scheduling.RebootReadinessManagerService$Lifecycle
04-08 12:27:38.337   569   569 D SystemServerTiming: OnBootPhase_600_com.android.server.stats.pull.StatsPullAtomService
04-08 12:27:38.337   569   569 D SystemServerTiming: OnBootPhase_600_com.android.server.stats.bootstrap.StatsBootstrapAtomService$Lifecycle
04-08 12:27:38.337   569   569 D SystemServerTiming: OnBootPhase_600_com.android.server.incident.IncidentCompanionService
04-08 12:27:38.337   569   569 D SystemServerTiming: OnBootPhase_600_com.android.server.sdksandbox.SdkSandboxManagerService$Lifecycle
04-08 12:27:38.337   569   569 D SystemServerTiming: OnBootPhase_600_com.android.server.adservices.AdServicesManagerService$Lifecycle
04-08 12:27:38.337   569   569 D SystemServerTiming: OnBootPhase_600_com.android.server.MmsServiceBroker
04-08 12:27:38.337   569   569 D SystemServerTiming: OnBootPhase_600_com.android.server.autofill.AutofillManagerService
04-08 12:27:38.337   569   596 D StatsPullAtomService: Registering NetworkStats pullers with statsd
04-08 12:27:38.337   484   484 V C2Store : in ~ComponentModule
04-08 12:27:38.337   484   484 V C2Store : unloading dll
04-08 12:27:38.337   484   484 V C2Store : in init
04-08 12:27:38.337   484   484 V C2Store : loading dll
04-08 12:27:38.337   569   569 D SystemServerTiming: OnBootPhase_600_com.android.server.translation.TranslationManagerService
04-08 12:27:38.337   569   569 D SystemServerTiming: OnBootPhase_600_com.android.server.selectiontoolbar.SelectionToolbarManagerService
04-08 12:27:38.337   569   569 D SystemServerTiming: OnBootPhase_600_com.android.server.clipboard.ClipboardService
04-08 12:27:38.337   569   569 D SystemServerTiming: OnBootPhase_600_com.android.server.appbinding.AppBindingService$Lifecycle
04-08 12:27:38.337   569   569 D SystemServerTiming: OnBootPhase_600_com.android.server.tracing.TracingServiceProxy
04-08 12:27:38.337   569   569 D SystemServerTiming: OnBootPhase_600_com.android.server.policy.PermissionPolicyService
04-08 12:27:38.337   569   569 D SystemServerTiming: OnBootPhase_600_com.android.server.pm.StagingManager$Lifecycle
04-08 12:27:38.337   569   569 D SystemServerTiming: OnBootPhase_600_com.android.server.app.GameManagerService$Lifecycle
04-08 12:27:38.337   569   569 D SystemServerTiming: OnBootPhase_600_com.android.safetycenter.SafetyCenterService
04-08 12:27:38.337   569   569 D SystemServerTiming: OnBootPhase_600_com.android.server.appsearch.AppSearchModule$Lifecycle
04-08 12:27:38.337   569   569 D SystemServerTiming: OnBootPhase_600_com.android.server.media.MediaCommunicationService
04-08 12:27:38.337   569   569 D SystemServerTiming: OnBootPhase_600_com.android.server.compat.overrides.AppCompatOverridesService$Lifecycle
04-08 12:27:38.337   569   569 D SystemServerTiming: StartNetworkStack
04-08 12:27:38.337   569   569 D ConnectivityModuleConnector: Starting networking module android.net.INetworkStackConnector
04-08 12:27:38.337   569   569 D ConnectivityModuleConnector: Starting networking module in network_stack process
04-08 12:27:38.337   484   484 V C2Store : in ~ComponentModule
04-08 12:27:38.338   484   484 V C2Store : unloading dll
04-08 12:27:38.338   484   484 V C2Store : in init
04-08 12:27:38.338   484   484 V C2Store : loading dll
04-08 12:27:38.338   569   569 D CompatibilityChangeReporter: Compat change id reported: 135634846; UID 1073; state: DISABLED
04-08 12:27:38.338   569   569 D CompatibilityChangeReporter: Compat change id reported: 177438394; UID 1073; state: DISABLED
04-08 12:27:38.338   569   569 D CompatibilityChangeReporter: Compat change id reported: 135772972; UID 1073; state: DISABLED
04-08 12:27:38.338   569   569 D CompatibilityChangeReporter: Compat change id reported: 135754954; UID 1073; state: ENABLED
04-08 12:27:38.338   484   484 V C2Store : in ~ComponentModule
04-08 12:27:38.338   484   484 V C2Store : unloading dll
04-08 12:27:38.338   484   484 V C2Store : in init
04-08 12:27:38.338   484   484 V C2Store : loading dll
04-08 12:27:38.339   569   681 W BestClock: java.time.DateTimeException: Missing NTP fix
04-08 12:27:38.339   569   596 W BestClock: java.time.DateTimeException: Missing NTP fix
04-08 12:27:38.339   484   484 V C2Store : in ~ComponentModule
04-08 12:27:38.339   484   484 V C2Store : unloading dll
