04-08 12:07:02.031   567   567 W InputMethodUtils: 	at com.android.server.SystemServer.$r8$lambda$jmaWUpWMxP4IiPakY5L6Y7rVWik(Unknown Source:0)
04-08 12:07:02.031   567   567 W InputMethodUtils: 	at com.android.server.SystemServer$$ExternalSyntheticLambda5.run(Unknown Source:30)
04-08 12:07:02.031   567   567 W InputMethodUtils: 	at com.android.server.am.ActivityManagerService.systemReady(ActivityManagerService.java:8135)
04-08 12:07:02.031   567   567 W InputMethodUtils: 	at com.android.server.SystemServer.startOtherServices(SystemServer.java:2808)
04-08 12:07:02.031   567   567 W InputMethodUtils: 	at com.android.server.SystemServer.run(SystemServer.java:941)
04-08 12:07:02.031   567   567 W InputMethodUtils: 	at com.android.server.SystemServer.main(SystemServer.java:651)
04-08 12:07:02.031   567   567 W InputMethodUtils: 	at java.lang.reflect.Method.invoke(Native Method)
04-08 12:07:02.031   567   567 W InputMethodUtils: 	at com.android.internal.os.RuntimeInit$MethodAndArgsCaller.run(RuntimeInit.java:548)
04-08 12:07:02.031   567   567 W InputMethodUtils: 	at com.android.internal.os.ZygoteInit.main(ZygoteInit.java:914)
04-08 12:07:02.031   567   567 W InputMethodUtils: getApplicationInfo failed. packageName=com.google.android.inputmethod.korean userId=0
04-08 12:07:02.031   567   567 W InputMethodUtils: android.content.pm.PackageManager$NameNotFoundException: com.google.android.inputmethod.korean
04-08 12:07:02.031   567   567 W InputMethodUtils: 	at android.app.ApplicationPackageManager.getApplicationInfoAsUser(ApplicationPackageManager.java:504)
04-08 12:07:02.031   567   567 W InputMethodUtils: 	at android.app.ApplicationPackageManager.getApplicationInfo(ApplicationPackageManager.java:487)
04-08 12:07:02.031   567   567 W InputMethodUtils: 	at com.android.server.inputmethod.InputMethodUtils.setNonSelectedSystemImesDisabledUntilUsed(InputMethodUtils.java:706)
04-08 12:07:02.031   567   567 W InputMethodUtils: 	at com.android.server.inputmethod.InputMethodManagerService.systemRunning(InputMethodManagerService.java:2031)
04-08 12:07:02.031   567   567 W InputMethodUtils: 	at com.android.server.inputmethod.InputMethodManagerService$Lifecycle.onBootPhase(InputMethodManagerService.java:1684)
04-08 12:07:02.031   567   567 W InputMethodUtils: 	at com.android.server.SystemServiceManager.startBootPhase(SystemServiceManager.java:294)
04-08 12:07:02.031   567   567 W InputMethodUtils: 	at com.android.server.SystemServer.lambda$startOtherServices$5(SystemServer.java:2811)
04-08 12:07:02.031   567   567 W InputMethodUtils: 	at com.android.server.SystemServer.$r8$lambda$jmaWUpWMxP4IiPakY5L6Y7rVWik(Unknown Source:0)
04-08 12:07:02.031   567   567 W InputMethodUtils: 	at com.android.server.SystemServer$$ExternalSyntheticLambda5.run(Unknown Source:30)
04-08 12:07:02.031   567   567 W InputMethodUtils: 	at com.android.server.am.ActivityManagerService.systemReady(ActivityManagerService.java:8135)
04-08 12:07:02.031   567   567 W InputMethodUtils: 	at com.android.server.SystemServer.startOtherServices(SystemServer.java:2808)
04-08 12:07:02.031   567   567 W InputMethodUtils: 	at com.android.server.SystemServer.run(SystemServer.java:941)
04-08 12:07:02.031   567   567 W InputMethodUtils: 	at com.android.server.SystemServer.main(SystemServer.java:651)
04-08 12:07:02.031   567   567 W InputMethodUtils: 	at java.lang.reflect.Method.invoke(Native Method)
04-08 12:07:02.031   567   567 W InputMethodUtils: 	at com.android.internal.os.RuntimeInit$MethodAndArgsCaller.run(RuntimeInit.java:548)
04-08 12:07:02.031   567   567 W InputMethodUtils: 	at com.android.internal.os.ZygoteInit.main(ZygoteInit.java:914)
04-08 12:07:02.031   567   567 W InputMethodUtils: getApplicationInfo failed. packageName=com.google.android.inputmethod.pinyin userId=0
04-08 12:07:02.031   567   567 W InputMethodUtils: android.content.pm.PackageManager$NameNotFoundException: com.google.android.inputmethod.pinyin
04-08 12:07:02.031   567   567 W InputMethodUtils: 	at android.app.ApplicationPackageManager.getApplicationInfoAsUser(ApplicationPackageManager.java:504)
04-08 12:07:02.031   567   567 W InputMethodUtils: 	at android.app.ApplicationPackageManager.getApplicationInfo(ApplicationPackageManager.java:487)
04-08 12:07:02.031   567   567 W InputMethodUtils: 	at com.android.server.inputmethod.InputMethodUtils.setNonSelectedSystemImesDisabledUntilUsed(InputMethodUtils.java:706)
04-08 12:07:02.031   567   567 W InputMethodUtils: 	at com.android.server.inputmethod.InputMethodManagerService.systemRunning(InputMethodManagerService.java:2031)
04-08 12:07:02.031   567   567 W InputMethodUtils: 	at com.android.server.inputmethod.InputMethodManagerService$Lifecycle.onBootPhase(InputMethodManagerService.java:1684)
04-08 12:07:02.031   567   567 W InputMethodUtils: 	at com.android.server.SystemServiceManager.startBootPhase(SystemServiceManager.java:294)
04-08 12:07:02.031   567   567 W InputMethodUtils: 	at com.android.server.SystemServer.lambda$startOtherServices$5(SystemServer.java:2811)
04-08 12:07:02.031   567   567 W InputMethodUtils: 	at com.android.server.SystemServer.$r8$lambda$jmaWUpWMxP4IiPakY5L6Y7rVWik(Unknown Source:0)
04-08 12:07:02.031   567   567 W InputMethodUtils: 	at com.android.server.SystemServer$$ExternalSyntheticLambda5.run(Unknown Source:30)
04-08 12:07:02.031   567   567 W InputMethodUtils: 	at com.android.server.am.ActivityManagerService.systemReady(ActivityManagerService.java:8135)
04-08 12:07:02.031   567   567 W InputMethodUtils: 	at com.android.server.SystemServer.startOtherServices(SystemServer.java:2808)
04-08 12:07:02.031   567   567 W InputMethodUtils: 	at com.android.server.SystemServer.run(SystemServer.java:941)
04-08 12:07:02.031   567   567 W InputMethodUtils: 	at com.android.server.SystemServer.main(SystemServer.java:651)
04-08 12:07:02.031   567   567 W InputMethodUtils: 	at java.lang.reflect.Method.invoke(Native Method)
04-08 12:07:02.031   567   567 W InputMethodUtils: 	at com.android.internal.os.RuntimeInit$MethodAndArgsCaller.run(RuntimeInit.java:548)
04-08 12:07:02.031   567   567 W InputMethodUtils: 	at com.android.internal.os.ZygoteInit.main(ZygoteInit.java:914)
04-08 12:07:02.031   567   567 W InputMethodUtils: getApplicationInfo failed. packageName=jp.co.omronsoft.iwnnime.ml userId=0
04-08 12:07:02.031   567   567 W InputMethodUtils: android.content.pm.PackageManager$NameNotFoundException: jp.co.omronsoft.iwnnime.ml
04-08 12:07:02.031   567   567 W InputMethodUtils: 	at android.app.ApplicationPackageManager.getApplicationInfoAsUser(ApplicationPackageManager.java:504)
04-08 12:07:02.031   567   567 W InputMethodUtils: 	at android.app.ApplicationPackageManager.getApplicationInfo(ApplicationPackageManager.java:487)
04-08 12:07:02.031   567   567 W InputMethodUtils: 	at com.android.server.inputmethod.InputMethodUtils.setNonSelectedSystemImesDisabledUntilUsed(InputMethodUtils.java:706)
04-08 12:07:02.031   567   567 W InputMethodUtils: 	at com.android.server.inputmethod.InputMethodManagerService.systemRunning(InputMethodManagerService.java:2031)
04-08 12:07:02.031   567   567 W InputMethodUtils: 	at com.android.server.inputmethod.InputMethodManagerService$Lifecycle.onBootPhase(InputMethodManagerService.java:1684)
04-08 12:07:02.031   567   567 W InputMethodUtils: 	at com.android.server.SystemServiceManager.startBootPhase(SystemServiceManager.java:294)
04-08 12:07:02.031   567   567 W InputMethodUtils: 	at com.android.server.SystemServer.lambda$startOtherServices$5(SystemServer.java:2811)
04-08 12:07:02.031   567   567 W InputMethodUtils: 	at com.android.server.SystemServer.$r8$lambda$jmaWUpWMxP4IiPakY5L6Y7rVWik(Unknown Source:0)
04-08 12:07:02.031   567   567 W InputMethodUtils: 	at com.android.server.SystemServer$$ExternalSyntheticLambda5.run(Unknown Source:30)
04-08 12:07:02.031   567   567 W InputMethodUtils: 	at com.android.server.am.ActivityManagerService.systemReady(ActivityManagerService.java:8135)
04-08 12:07:02.031   567   567 W InputMethodUtils: 	at com.android.server.SystemServer.startOtherServices(SystemServer.java:2808)
04-08 12:07:02.031   567   567 W InputMethodUtils: 	at com.android.server.SystemServer.run(SystemServer.java:941)
04-08 12:07:02.031   567   567 W InputMethodUtils: 	at com.android.server.SystemServer.main(SystemServer.java:651)
04-08 12:07:02.031   567   567 W InputMethodUtils: 	at java.lang.reflect.Method.invoke(Native Method)
04-08 12:07:02.031   567   567 W InputMethodUtils: 	at com.android.internal.os.RuntimeInit$MethodAndArgsCaller.run(RuntimeInit.java:548)
04-08 12:07:02.031   567   567 W InputMethodUtils: 	at com.android.internal.os.ZygoteInit.main(ZygoteInit.java:914)
04-08 12:07:02.031   567   567 W InputMethodUtils: getApplicationInfo failed. packageName=com.nuance.xt9.input userId=0
04-08 12:07:02.031   567   567 W InputMethodUtils: android.content.pm.PackageManager$NameNotFoundException: com.nuance.xt9.input
04-08 12:07:02.031   567   567 W InputMethodUtils: 	at android.app.ApplicationPackageManager.getApplicationInfoAsUser(ApplicationPackageManager.java:504)
04-08 12:07:02.031   567   567 W InputMethodUtils: 	at android.app.ApplicationPackageManager.getApplicationInfo(ApplicationPackageManager.java:487)
04-08 12:07:02.031   567   567 W InputMethodUtils: 	at com.android.server.inputmethod.InputMethodUtils.setNonSelectedSystemImesDisabledUntilUsed(InputMethodUtils.java:706)
04-08 12:07:02.031   567   567 W InputMethodUtils: 	at com.android.server.inputmethod.InputMethodManagerService.systemRunning(InputMethodManagerService.java:2031)
04-08 12:07:02.031   567   567 W InputMethodUtils: 	at com.android.server.inputmethod.InputMethodManagerService$Lifecycle.onBootPhase(InputMethodManagerService.java:1684)
04-08 12:07:02.031   567   567 W InputMethodUtils: 	at com.android.server.SystemServiceManager.startBootPhase(SystemServiceManager.java:294)
04-08 12:07:02.031   567   567 W InputMethodUtils: 	at com.android.server.SystemServer.lambda$startOtherServices$5(SystemServer.java:2811)
04-08 12:07:02.031   567   567 W InputMethodUtils: 	at com.android.server.SystemServer.$r8$lambda$jmaWUpWMxP4IiPakY5L6Y7rVWik(Unknown Source:0)
04-08 12:07:02.031   567   567 W InputMethodUtils: 	at com.android.server.SystemServer$$ExternalSyntheticLambda5.run(Unknown Source:30)
04-08 12:07:02.031   567   567 W InputMethodUtils: 	at com.android.server.am.ActivityManagerService.systemReady(ActivityManagerService.java:8135)
04-08 12:07:02.031   567   567 W InputMethodUtils: 	at com.android.server.SystemServer.startOtherServices(SystemServer.java:2808)
04-08 12:07:02.031   567   567 W InputMethodUtils: 	at com.android.server.SystemServer.run(SystemServer.java:941)
04-08 12:07:02.031   567   567 W InputMethodUtils: 	at com.android.server.SystemServer.main(SystemServer.java:651)
04-08 12:07:02.031   567   567 W InputMethodUtils: 	at java.lang.reflect.Method.invoke(Native Method)
04-08 12:07:02.031   567   567 W InputMethodUtils: 	at com.android.internal.os.RuntimeInit$MethodAndArgsCaller.run(RuntimeInit.java:548)
04-08 12:07:02.031   567   567 W InputMethodUtils: 	at com.android.internal.os.ZygoteInit.main(ZygoteInit.java:914)
04-08 12:07:02.031   567   567 D SystemServerTiming: OnBootPhase_550_com.android.server.accessibility.AccessibilityManagerService$Lifecycle
04-08 12:07:02.031   567   567 D SystemServerTiming: OnBootPhase_550_com.android.server.StorageManagerService$Lifecycle
04-08 12:07:02.031   567   567 D SystemServerTiming: OnBootPhase_550_com.android.server.usage.StorageStatsService$Lifecycle
04-08 12:07:02.031   567   567 D SystemServerTiming: OnBootPhase_550_com.android.server.UiModeManagerService
04-08 12:07:02.031   567   567 D SystemServerTiming: OnBootPhase_550_com.android.server.locales.LocaleManagerService
04-08 12:07:02.031   567   567 D SystemServerTiming: OnBootPhase_550_com.android.server.locksettings.LockSettingsService$Lifecycle
04-08 12:07:02.031   567   567 I RebootEscrowManager: No reboot escrow data found for users, skipping loading escrow data
04-08 12:07:02.033   567   567 D SystemServerTiming: OnBootPhase_550_com.android.server.testharness.TestHarnessModeService
04-08 12:07:02.033   567   567 D SystemServerTiming: OnBootPhase_550_com.android.server.DeviceIdleController
04-08 12:07:02.033   567   567 D SystemServerTiming: OnBootPhase_550_com.android.server.devicepolicy.DevicePolicyManagerService$Lifecycle
04-08 12:07:02.033   567   567 D SystemServerTiming: OnBootPhase_550_com.android.server.musicrecognition.MusicRecognitionManagerService
04-08 12:07:02.033   567   567 D SystemServerTiming: OnBootPhase_550_com.android.server.contentcapture.ContentCaptureManagerService
04-08 12:07:02.033   567   567 D SystemServerTiming: OnBootPhase_550_com.android.server.systemcaptions.SystemCaptionsManagerService
04-08 12:07:02.033   567   567 D SystemServerTiming: OnBootPhase_550_com.android.server.texttospeech.TextToSpeechManagerService
04-08 12:07:02.033   567   567 D SystemServerTiming: OnBootPhase_550_com.android.server.ambientcontext.AmbientContextManagerService
04-08 12:07:02.033   567   567 D SystemServerTiming: OnBootPhase_550_com.android.server.speech.SpeechRecognitionManagerService
04-08 12:07:02.033   567   567 D SystemServerTiming: OnBootPhase_550_com.android.server.appprediction.AppPredictionManagerService
04-08 12:07:02.033   567   567 D SystemServerTiming: OnBootPhase_550_com.android.server.contentsuggestions.ContentSuggestionsManagerService
04-08 12:07:02.033   567   567 D SystemServerTiming: OnBootPhase_550_com.android.server.searchui.SearchUiManagerService
04-08 12:07:02.033   567   567 D SystemServerTiming: OnBootPhase_550_com.android.server.smartspace.SmartspaceManagerService
04-08 12:07:02.033   567   567 D SystemServerTiming: OnBootPhase_550_com.android.server.cloudsearch.CloudSearchManagerService
04-08 12:07:02.033   567   567 D SystemServerTiming: OnBootPhase_550_com.android.server.graphics.fonts.FontManagerService$Lifecycle
04-08 12:07:02.033   567   567 D SystemServerTiming: OnBootPhase_550_com.android.server.textservices.TextServicesManagerService$Lifecycle
04-08 12:07:02.033   567   567 D SystemServerTiming: OnBootPhase_550_com.android.server.textclassifier.TextClassificationManagerService$Lifecycle
04-08 12:07:02.033   567   567 D SystemServerTiming: OnBootPhase_550_com.android.server.NetworkScoreService$Lifecycle
04-08 12:07:02.033   567   567 D SystemServerTiming: OnBootPhase_550_com.android.server.NetworkStatsServiceInitializer
04-08 12:07:02.034   752   752 D nativeloader: Configuring classloader-namespace-shared for other apk /system/framework/org.apache.http.legacy.jar. target_sdk_version=33, uses_libraries=ALL, library_path=/system_ext/priv-app/SettingsGoogle/lib/arm64:/system_ext/priv-app/SettingsGoogle/SettingsGoogle.apk!/lib/arm64-v8a:/system/lib64:/system_ext/lib64, permitted_path=/data:/mnt/expand:/data/user_de/0/com.android.settings:/system_ext/priv-app/SettingsGoogle:/system/lib64:/system_ext/lib64
04-08 12:07:02.035   752   752 D nativeloader: Configuring classloader-namespace-shared for other apk /system_ext/framework/androidx.window.extensions.jar. target_sdk_version=33, uses_libraries=ALL, library_path=/system_ext/priv-app/SettingsGoogle/lib/arm64:/system_ext/priv-app/SettingsGoogle/SettingsGoogle.apk!/lib/arm64-v8a:/system/lib64:/system_ext/lib64, permitted_path=/data:/mnt/expand:/data/user_de/0/com.android.settings:/system_ext/priv-app/SettingsGoogle:/system/lib64:/system_ext/lib64
04-08 12:07:02.036   752   752 D nativeloader: Configuring classloader-namespace-shared for other apk /system_ext/framework/androidx.window.sidecar.jar. target_sdk_version=33, uses_libraries=ALL, library_path=/system_ext/priv-app/SettingsGoogle/lib/arm64:/system_ext/priv-app/SettingsGoogle/SettingsGoogle.apk!/lib/arm64-v8a:/system/lib64:/system_ext/lib64, permitted_path=/data:/mnt/expand:/data/user_de/0/com.android.settings:/system_ext/priv-app/SettingsGoogle:/system/lib64:/system_ext/lib64
04-08 12:07:02.038   567   567 W BestClock: java.time.DateTimeException: Missing NTP fix
04-08 12:07:02.039   752   752 D nativeloader: Configuring classloader-namespace-shared for other apk /system_ext/priv-app/SettingsGoogle/SettingsGoogle.apk. target_sdk_version=33, uses_libraries=, library_path=/system_ext/priv-app/SettingsGoogle/lib/arm64:/system_ext/priv-app/SettingsGoogle/SettingsGoogle.apk!/lib/arm64-v8a:/system/lib64:/system_ext/lib64, permitted_path=/data:/mnt/expand:/data/user_de/0/com.android.settings:/system_ext/priv-app/SettingsGoogle:/system/lib64:/system_ext/lib64
04-08 12:07:02.064   537   559 D BootAnimation: Playing files = /product/media/bootanimation.zip/part1, Requested repeat = 1, playUntilComplete = true
04-08 12:07:02.065   567   567 I TetheringManager: registerTetheringEventCallback caller:android
04-08 12:07:02.066   567   567 D SystemServerTiming: OnBootPhase_550_com.android.server.wifi.WifiService
04-08 12:07:02.066   567   567 D SystemServerTiming: OnBootPhase_550_com.android.server.wifi.scanner.WifiScanningService
04-08 12:07:02.066   567   567 D SystemServerTiming: OnBootPhase_550_com.android.server.wifi.p2p.WifiP2pService
04-08 12:07:02.066   567   567 D SystemServerTiming: OnBootPhase_550_com.android.server.ConnectivityServiceInitializer
04-08 12:07:02.066   567   567 D SystemServerTiming: OnBootPhase_550_com.android.server.notification.NotificationManagerService
04-08 12:07:02.066   567   567 D SystemServerTiming: OnBootPhase_550_com.android.server.storage.DeviceStorageMonitorService
04-08 12:07:02.066   567   567 D SystemServerTiming: OnBootPhase_550_com.android.server.location.LocationManagerService$Lifecycle
04-08 12:07:02.066   567   567 D SystemServerTiming: OnBootPhase_550_com.android.server.timedetector.TimeDetectorService$Lifecycle
04-08 12:07:02.066   567   567 D SystemServerTiming: OnBootPhase_550_com.android.server.timezonedetector.TimeZoneDetectorService$Lifecycle
04-08 12:07:02.066   567   567 D SystemServerTiming: OnBootPhase_550_com.android.server.timezonedetector.location.LocationTimeZoneManagerService$Lifecycle
04-08 12:07:02.066   567   567 D SystemServerTiming: OnBootPhase_550_com.android.server.search.SearchManagerService$Lifecycle
04-08 12:07:02.066   567   567 D SystemServerTiming: OnBootPhase_550_com.android.server.wallpaper.WallpaperManagerService$Lifecycle
04-08 12:07:02.066   567   567 I WallpaperManagerService: No static wallpaper imagery; defaults will be shown
04-08 12:07:02.066   567   567 V WallpaperManagerService: bindWallpaperComponentLocked: componentName=ComponentInfo{com.android.systemui/com.android.systemui.wallpapers.ImageWallpaper}
04-08 12:07:02.067   567   567 D CompatibilityChangeReporter: Compat change id reported: 135634846; UID 10145; state: DISABLED
04-08 12:07:02.067   567   567 D CompatibilityChangeReporter: Compat change id reported: 177438394; UID 10145; state: DISABLED
04-08 12:07:02.067   567   567 D CompatibilityChangeReporter: Compat change id reported: 135772972; UID 10145; state: DISABLED
04-08 12:07:02.067   567   567 D CompatibilityChangeReporter: Compat change id reported: 135754954; UID 10145; state: ENABLED
04-08 12:07:02.067   567   596 D CompatibilityChangeReporter: Compat change id reported: 143937733; UID 10145; state: ENABLED
04-08 12:07:02.068   382   492 D goldfish-address-space: claimShared: Ask to claim region [0x1f8968000 0x1f92d0000]
04-08 12:07:02.069   567   567 E BitmapFactory: Unable to decode stream: java.io.FileNotFoundException: /data/system/users/0/wallpaper_orig: open failed: ENOENT (No such file or directory)
04-08 12:07:02.069   567   567 W WallpaperManagerService: Invalid wallpaper data
04-08 12:07:02.069   567   567 E WallpaperManagerService: Unable to apply new wallpaper
04-08 12:07:02.069   567   567 D SystemServerTiming: OnBootPhase_550_com.android.server.wallpapereffectsgeneration.WallpaperEffectsGenerationManagerService
04-08 12:07:02.069   567   567 D SystemServerTiming: OnBootPhase_550_com.android.server.audio.AudioService$Lifecycle
04-08 12:07:02.069   567   567 D SystemServerTiming: OnBootPhase_550_com.android.server.soundtrigger_middleware.SoundTriggerMiddlewareService$Lifecycle
04-08 12:07:02.069   567   567 D SystemServerTiming: OnBootPhase_550_com.android.server.DockObserver
04-08 12:07:02.069   567   567 D SystemServerTiming: OnBootPhase_550_com.android.server.midi.MidiService$Lifecycle
04-08 12:07:02.069   567   567 D SystemServerTiming: OnBootPhase_550_com.android.server.adb.AdbService$Lifecycle
04-08 12:07:02.069   366   366 D Zygote  : Forked child process 769
04-08 12:07:02.069   567   567 D SystemServerTiming: OnBootPhase_550_com.android.server.usb.UsbService$Lifecycle
04-08 12:07:02.069   567   567 D SystemServerTiming: OnBootPhase_550_com.android.server.twilight.TwilightService
04-08 12:07:02.069   567   567 D SystemServerTiming: OnBootPhase_550_com.android.server.display.color.ColorDisplayService
04-08 12:07:02.069   567   567 D SystemServerTiming: OnBootPhase_550_com.android.server.job.JobSchedulerService
04-08 12:07:02.069   567   567 D SystemServerTiming: OnBootPhase_550_com.android.server.soundtrigger.SoundTriggerService
04-08 12:07:02.069   567   567 D SoundTriggerService: onBootPhase: 550 : false
04-08 12:07:02.069   567   567 D SystemServerTiming: OnBootPhase_550_com.android.server.trust.TrustManagerService
04-08 12:07:02.069   567   567 D SystemServerTiming: OnBootPhase_550_com.android.server.backup.BackupManagerService$Lifecycle
04-08 12:07:02.069   567   567 D SystemServerTiming: OnBootPhase_550_com.android.server.appwidget.AppWidgetService
04-08 12:07:02.069   567   567 D SystemServerTiming: OnBootPhase_550_com.android.server.voiceinteraction.VoiceInteractionManagerService
04-08 12:07:02.069   567   567 D SystemServerTiming: OnBootPhase_550_com.android.server.apphibernation.AppHibernationService
04-08 12:07:02.069   567   567 D SystemServerTiming: OnBootPhase_550_com.android.server.GestureLauncherService
04-08 12:07:02.069   567   567 D SystemServerTiming: OnBootPhase_550_com.android.server.SensorNotificationService
04-08 12:07:02.069   567   567 D SystemServerTiming: OnBootPhase_550_com.android.server.emergency.EmergencyAffordanceService
04-08 12:07:02.069   567   567 D SystemServerTiming: OnBootPhase_550_com.android.server.blob.BlobStoreManagerService
04-08 12:07:02.069   567   596 I ActivityManager: Start proc 769:com.android.systemui/u0a145 for service {com.android.systemui/com.android.systemui.wallpapers.ImageWallpaper}
04-08 12:07:02.069   567   634 D SystemServerTimingAsync: InitThreadPoolExec:UsbService$Lifecycle#onBootPhase
04-08 12:07:02.069   567   567 D SystemServerTiming: OnBootPhase_550_com.android.server.dreams.DreamManagerService
04-08 12:07:02.069   567   567 D SystemServerTiming: OnBootPhase_550_com.android.server.print.PrintManagerService
04-08 12:07:02.069   567   567 D SystemServerTiming: OnBootPhase_550_com.android.server.security.AttestationVerificationManagerService
04-08 12:07:02.069   567   567 D SystemServerTiming: OnBootPhase_550_com.android.server.companion.CompanionDeviceManagerService
04-08 12:07:02.069   567   567 D SystemServerTiming: OnBootPhase_550_com.android.server.companion.virtual.VirtualDeviceManagerService
04-08 12:07:02.069   567   567 D SystemServerTiming: OnBootPhase_550_com.android.server.restrictions.RestrictionsManagerService
04-08 12:07:02.069   567   567 D SystemServerTiming: OnBootPhase_550_com.android.server.media.MediaSessionService
04-08 12:07:02.069   391   391 E android.hardware.usb@1.0-service: Failed to open /sys/class/dual_role_usb
04-08 12:07:02.069   567   716 E UsbPortManager: port status enquiry failed
04-08 12:07:02.070   567   567 D SystemServerTiming: OnBootPhase_550_com.android.server.media.MediaResourceMonitorService
04-08 12:07:02.070   567   567 D SystemServerTiming: OnBootPhase_550_com.android.server.biometrics.sensors.fingerprint.FingerprintService
04-08 12:07:02.070   567   567 D SystemServerTiming: OnBootPhase_550_com.android.server.biometrics.BiometricService
04-08 12:07:02.070   567   567 D SystemServerTiming: OnBootPhase_550_com.android.server.biometrics.AuthService
04-08 12:07:02.070   567   567 D SystemServerTiming: OnBootPhase_550_com.android.server.pm.ShortcutService$Lifecycle
04-08 12:07:02.070   567   567 D SystemServerTiming: OnBootPhase_550_com.android.server.pm.LauncherAppsService
04-08 12:07:02.070   567   567 D SystemServerTiming: OnBootPhase_550_com.android.server.pm.CrossProfileAppsService
04-08 12:07:02.070   567   567 D SystemServerTiming: OnBootPhase_550_com.android.server.people.PeopleService
04-08 12:07:02.070   567   567 D SystemServerTiming: OnBootPhase_550_com.android.server.media.metrics.MediaMetricsManagerService
04-08 12:07:02.070   567   567 D SystemServerTiming: OnBootPhase_550_com.android.server.media.projection.MediaProjectionManagerService
04-08 12:07:02.070   567   567 D SystemServerTiming: OnBootPhase_550_com.android.server.slice.SliceManagerService$Lifecycle
04-08 12:07:02.070   567   567 D SystemServerTiming: OnBootPhase_550_com.android.server.stats.StatsCompanion$Lifecycle
04-08 12:07:02.070   567   567 D SystemServerTiming: OnBootPhase_550_com.android.server.scheduling.RebootReadinessManagerService$Lifecycle
04-08 12:07:02.070   567   567 D SystemServerTiming: OnBootPhase_550_com.android.server.stats.pull.StatsPullAtomService
04-08 12:07:02.070   567   567 D SystemServerTiming: OnBootPhase_550_com.android.server.stats.bootstrap.StatsBootstrapAtomService$Lifecycle
04-08 12:07:02.070   567   567 D SystemServerTiming: OnBootPhase_550_com.android.server.incident.IncidentCompanionService
04-08 12:07:02.070   567   567 D SystemServerTiming: OnBootPhase_550_com.android.server.sdksandbox.SdkSandboxManagerService$Lifecycle
04-08 12:07:02.070   567   567 D SystemServerTiming: OnBootPhase_550_com.android.server.adservices.AdServicesManagerService$Lifecycle
04-08 12:07:02.070   567   567 D SystemServerTiming: OnBootPhase_550_com.android.server.MmsServiceBroker
04-08 12:07:02.070   567   567 D SystemServerTiming: OnBootPhase_550_com.android.server.autofill.AutofillManagerService
04-08 12:07:02.070   567   567 D SystemServerTiming: OnBootPhase_550_com.android.server.translation.TranslationManagerService
04-08 12:07:02.070   567   567 D SystemServerTiming: OnBootPhase_550_com.android.server.selectiontoolbar.SelectionToolbarManagerService
04-08 12:07:02.070   567   567 D SystemServerTiming: OnBootPhase_550_com.android.server.clipboard.ClipboardService
04-08 12:07:02.070   567   567 D SystemServerTiming: OnBootPhase_550_com.android.server.appbinding.AppBindingService$Lifecycle
04-08 12:07:02.070   567   567 I AppBindingService: Updating constants with: null
04-08 12:07:02.070   567   567 D SystemServerTiming: OnBootPhase_550_com.android.server.tracing.TracingServiceProxy
04-08 12:07:02.070   567   567 D SystemServerTiming: OnBootPhase_550_com.android.server.policy.PermissionPolicyService
04-08 12:07:02.070   567   567 D SystemServerTiming: Permission_grant_default_permissions-0
04-08 12:07:02.070   567   567 D SystemServerTiming: Permission_synchronize_permissions-0
04-08 12:07:02.070   567   567 D SystemServerTiming: Permission_synchronize_addPackages-0
04-08 12:07:02.073   567   703 D BluetoothManagerService: Trying to bind to profile: 1, while Bluetooth was disabled
04-08 12:07:02.073   567   703 D BluetoothA2dp: Binding service...
04-08 12:07:02.073   567   703 D BluetoothLeAudio: Binding service...
04-08 12:07:02.074   567   567 D SystemServerTiming: Permission_syncPackages-0
04-08 12:07:02.074   403   626 I AudioFlinger: systemReady
04-08 12:07:02.074   567   704 I AS.AudioDeviceInventory: removePreferredDevicesForStrategySync, strategy: 15
04-08 12:07:02.074   567   704 I AS.AudioDeviceInventory: removePreferredDevicesForStrategySync, strategy: 18
04-08 12:07:02.077   567   567 D SystemServerTiming: Permission_onInitialized-0
04-08 12:07:02.077   567   567 I PackageManager: Permission ownership changed. Updating all permissions.
04-08 12:07:02.079   426   443 I adbd    : jdwp connection from 769
04-08 12:07:02.080   567   748 D CompatibilityChangeReporter: Compat change id reported: 168419799; UID 10145; state: DISABLED
04-08 12:07:02.081   769   769 D CompatibilityChangeReporter: Compat change id reported: 171979766; UID 10145; state: ENABLED
04-08 12:07:02.086   567   567 D SystemServerTiming: OnBootPhase_550_com.android.server.pm.StagingManager$Lifecycle
04-08 12:07:02.086   567   567 D SystemServerTiming: OnBootPhase_550_com.android.server.app.GameManagerService$Lifecycle
04-08 12:07:02.086   567   567 D SystemServerTiming: OnBootPhase_550_com.android.safetycenter.SafetyCenterService
04-08 12:07:02.086   567   567 D SystemServerTiming: OnBootPhase_550_com.android.server.appsearch.AppSearchModule$Lifecycle
04-08 12:07:02.086   567   567 D SystemServerTiming: OnBootPhase_550_com.android.server.media.MediaCommunicationService
04-08 12:07:02.086   567   567 D SystemServerTiming: OnBootPhase_550_com.android.server.compat.overrides.AppCompatOverridesService$Lifecycle
04-08 12:07:02.086   567   567 D SystemServerTiming: StartObservingNativeCrashes
04-08 12:07:02.086   567   567 D SystemServerTiming: RegisterAppOpsPolicy
04-08 12:07:02.086   567   567 D SystemServerTiming: MakeNetworkManagementServiceReady
04-08 12:07:02.086   567   567 W NetworkManagement: setDataSaverMode(): already false
04-08 12:07:02.086   567   644 D SystemServerTimingAsync: InitThreadPoolExec:WebViewFactoryPreparation
04-08 12:07:02.086   567   644 I SystemServer: WebViewFactoryPreparation
04-08 12:07:02.086   567   644 D SystemServerTimingAsync: WebViewFactoryPreparation
04-08 12:07:02.086   567   567 D SystemServerTiming: MakeConnectivityServiceReady
04-08 12:07:02.087   567   567 D PermissionMonitor: Monitoring
04-08 12:07:02.087   567   601 W BatteryExternalStatsWorker: error reading modem stats:ERROR_PHONE_NOT_AVAILABLE
04-08 12:07:02.087   567   644 E AppOps  : Bad call made by uid 1000. Package "android" does not belong to uid 1037.
04-08 12:07:02.088   567   644 E AppOps  : checkOperation
04-08 12:07:02.088   567   644 E AppOps  : java.lang.SecurityException: Specified package "android" under uid 1037 but it is not
04-08 12:07:02.088   567   644 E AppOps  : 	at com.android.server.appop.AppOpsService.verifyAndGetBypass(AppOpsService.java:4694)
04-08 12:07:02.088   567   644 E AppOps  : 	at com.android.server.appop.AppOpsService.verifyAndGetBypass(AppOpsService.java:4562)
04-08 12:07:02.088   567   644 E AppOps  : 	at com.android.server.appop.AppOpsService.checkOperationUnchecked(AppOpsService.java:3251)
04-08 12:07:02.088   567   644 E AppOps  : 	at com.android.server.appop.AppOpsService.checkOperationImpl(AppOpsService.java:3234)
04-08 12:07:02.088   567   644 E AppOps  : 	at com.android.server.appop.AppOpsService.-$$Nest$mcheckOperationImpl(Unknown Source:0)
04-08 12:07:02.088   567   644 E AppOps  : 	at com.android.server.appop.AppOpsService$CheckOpsDelegateDispatcher.lambda$checkOperation$0(AppOpsService.java:7594)
04-08 12:07:02.088   567   644 E AppOps  : 	at com.android.server.appop.AppOpsService$CheckOpsDelegateDispatcher.$r8$lambda$KrwrxMLmGzFSEjEyo0aJ63o5J9E(Unknown Source:0)
04-08 12:07:02.088   567   644 E AppOps  : 	at com.android.server.appop.AppOpsService$CheckOpsDelegateDispatcher$$ExternalSyntheticLambda9.apply(Unknown Source:24)
04-08 12:07:02.088   567   644 E AppOps  : 	at com.android.server.policy.AppOpsPolicy.checkOperation(AppOpsPolicy.java:213)
04-08 12:07:02.088   567   644 E AppOps  : 	at com.android.server.appop.AppOpsService$CheckOpsDelegateDispatcher.checkOperation(AppOpsService.java:7593)
04-08 12:07:02.088   567   644 E AppOps  : 	at com.android.server.appop.AppOpsService.checkOperation(AppOpsService.java:3221)
04-08 12:07:02.088   567   644 E AppOps  : 	at com.android.server.StorageManagerService$StorageManagerInternalImpl.hasExternalStorageAccess(StorageManagerService.java:4835)
04-08 12:07:02.088   567   644 E AppOps  : 	at com.android.server.am.ProcessList.startProcessLocked(ProcessList.java:1690)
04-08 12:07:02.088   567   644 E AppOps  : 	at com.android.server.am.ProcessList.startProcessLocked(ProcessList.java:2359)
04-08 12:07:02.088   567   644 E AppOps  : 	at com.android.server.am.ProcessList.startProcessLocked(ProcessList.java:2499)
04-08 12:07:02.088   567   644 E AppOps  : 	at com.android.server.am.ActivityManagerService.startIsolatedProcess(ActivityManagerService.java:2804)
04-08 12:07:02.088   567   644 E AppOps  : 	at com.android.server.am.ActivityManagerService$LocalService.startIsolatedProcess(ActivityManagerService.java:16412)
04-08 12:07:02.088   567   644 E AppOps  : 	at android.webkit.WebViewLibraryLoader.createRelroFile(WebViewLibraryLoader.java:126)
04-08 12:07:02.088   567   644 E AppOps  : 	at android.webkit.WebViewLibraryLoader.createRelros(WebViewLibraryLoader.java:170)
04-08 12:07:02.088   567   644 E AppOps  : 	at android.webkit.WebViewLibraryLoader.prepareNativeLibraries(WebViewLibraryLoader.java:152)
04-08 12:07:02.088   567   644 E AppOps  : 	at android.webkit.WebViewFactory.onWebViewProviderChanged(WebViewFactory.java:555)
04-08 12:07:02.088   567   644 E AppOps  : 	at com.android.server.webkit.SystemImpl.onWebViewProviderChanged(SystemImpl.java:174)
04-08 12:07:02.088   567   644 E AppOps  : 	at com.android.server.webkit.WebViewUpdateServiceImpl.onWebViewProviderChanged(WebViewUpdateServiceImpl.java:351)
04-08 12:07:02.088   567   644 E AppOps  : 	at com.android.server.webkit.WebViewUpdateServiceImpl.prepareWebViewInSystemServer(WebViewUpdateServiceImpl.java:182)
04-08 12:07:02.088   567   644 E AppOps  : 	at com.android.server.webkit.WebViewUpdateService.prepareWebViewInSystemServer(WebViewUpdateService.java:129)
04-08 12:07:02.088   567   644 E AppOps  : 	at com.android.server.SystemServer.lambda$startOtherServices$3(SystemServer.java:2840)
04-08 12:07:02.088   567   644 E AppOps  : 	at com.android.server.SystemServer.$r8$lambda$nG7XwJlwV2eNiP3C-iTim-mbKmM(Unknown Source:0)
04-08 12:07:02.088   567   644 E AppOps  : 	at com.android.server.SystemServer$$ExternalSyntheticLambda6.run(Unknown Source:2)
04-08 12:07:02.088   567   644 E AppOps  : 	at com.android.server.SystemServerInitThreadPool.lambda$submitTask$0(SystemServerInitThreadPool.java:106)
04-08 12:07:02.088   567   644 E AppOps  : 	at com.android.server.SystemServerInitThreadPool.$r8$lambda$aGlXt69ihU44Qi7EB_RNeu8pnrY(Unknown Source:0)
04-08 12:07:02.088   567   644 E AppOps  : 	at com.android.server.SystemServerInitThreadPool$$ExternalSyntheticLambda0.run(Unknown Source:6)
04-08 12:07:02.088   567   644 E AppOps  : 	at java.util.concurrent.Executors$RunnableAdapter.call(Executors.java:463)
04-08 12:07:02.088   567   644 E AppOps  : 	at java.util.concurrent.FutureTask.run(FutureTask.java:264)
04-08 12:07:02.088   567   644 E AppOps  : 	at java.util.concurrent.ThreadPoolExecutor.runWorker(ThreadPoolExecutor.java:1137)
04-08 12:07:02.088   567   644 E AppOps  : 	at java.util.concurrent.ThreadPoolExecutor$Worker.run(ThreadPoolExecutor.java:637)
04-08 12:07:02.088   567   644 E AppOps  : 	at com.android.internal.util.ConcurrentUtils$1$1.run(ConcurrentUtils.java:65)
04-08 12:07:02.088   567   644 D CompatibilityChangeReporter: Compat change id reported: 135634846; UID 1000; state: DISABLED
04-08 12:07:02.088   567   644 D CompatibilityChangeReporter: Compat change id reported: 177438394; UID 1000; state: DISABLED
04-08 12:07:02.088   567   644 D CompatibilityChangeReporter: Compat change id reported: 135772972; UID 1000; state: DISABLED
04-08 12:07:02.088   567   644 D CompatibilityChangeReporter: Compat change id reported: 178038272; UID 1000; state: DISABLED
04-08 12:07:02.089   567   567 D PermissionMonitor: Users: 1, UidToNetworkPerm: 39
04-08 12:07:02.090   567   567 D SystemServerTiming: MakeVpnManagerServiceReady
04-08 12:07:02.090   366   366 D Zygote  : Forked child process 791
04-08 12:07:02.090   567   693 D ConnectivityService: NetReassign [no changes] [c 0] [a 0] [i 0]
04-08 12:07:02.090   567   596 I ActivityManager: Start proc 791:WebViewLoader-arm64-v8a/1037 [android.webkit.WebViewLibraryLoader$RelroFileCreator] for 
04-08 12:07:02.091   567   684 W NetworkPolicy: setRestrictBackgroundUL: already false
04-08 12:07:02.091   567   567 D SystemServerTiming: MakeVcnManagementServiceReady
04-08 12:07:02.091   567   693 D ConnectivityService: Got NetworkProvider Messenger for VcnNetworkProvider
04-08 12:07:02.091   567   693 D ConnectivityService: register offer from providerId 1 : NetworkOffer [ Provider Id (1) Score(Policies : TRANSPORT_PRIMARY&EVER_VALIDATED_NOT_AVOIDED_WHEN_BAD&IS_UNMETERED&IS_VALIDATED ; KeepConnected : 0) Caps [ Transports: CELLULAR Capabilities: MMS&SUPL&DUN&FOTA&IMS&CBS&IA&RCS&XCAP&EIMS&INTERNET&NOT_RESTRICTED&TRUSTED&NOT_VPN&MCX&NOT_VCN_MANAGED UnderlyingNetworks: Null] Needed by []]
04-08 12:07:02.092   567   693 D ConnectivityService: NetReassign [no changes] [c 0] [a 0] [i 0]
04-08 12:07:02.092   567   567 D SystemServerTiming: MakeNetworkPolicyServiceReady
04-08 12:07:02.092   567   698 I VcnManagementService: new snapshot: TelephonySubscriptionSnapshot{ mActiveDataSubId=-1, mSubIdToInfoMap={}, mSubIdToCarrierConfigMap={}, mPrivilegedPackages={} }
04-08 12:07:02.092   567   684 D CompatibilityChangeReporter: Compat change id reported: 218533173; UID 10128; state: ENABLED
04-08 12:07:02.092   567   684 D CompatibilityChangeReporter: Compat change id reported: 218533173; UID 10118; state: ENABLED
04-08 12:07:02.093   567   684 D CompatibilityChangeReporter: Compat change id reported: 218533173; UID 10067; state: ENABLED
04-08 12:07:02.093   567   684 D CompatibilityChangeReporter: Compat change id reported: 218533173; UID 10121; state: ENABLED
04-08 12:07:02.093   567   684 D CompatibilityChangeReporter: Compat change id reported: 218533173; UID 10124; state: ENABLED
04-08 12:07:02.093   567   684 D CompatibilityChangeReporter: Compat change id reported: 218533173; UID 10123; state: ENABLED
04-08 12:07:02.093   567   684 D CompatibilityChangeReporter: Compat change id reported: 218533173; UID 10097; state: ENABLED
04-08 12:07:02.093   567   684 D CompatibilityChangeReporter: Compat change id reported: 218533173; UID 10132; state: DISABLED
04-08 12:07:02.094   567   684 D CompatibilityChangeReporter: Compat change id reported: 218533173; UID 10114; state: ENABLED
04-08 12:07:02.094   567   684 D CompatibilityChangeReporter: Compat change id reported: 218533173; UID 10131; state: ENABLED
04-08 12:07:02.094   791   791 I libc    : SetHeapTaggingLevel: tag level set to 0
04-08 12:07:02.096   567   684 W BestClock: java.time.DateTimeException: Missing NTP fix
04-08 12:07:02.096   567   684 D NetworkStatsObservers: Registering observer for RequestInfo from pid/uid:567/1000(android) for DataUsageRequest [ requestId=1, networkTemplate=NetworkTemplate: matchRule=MOBILE_WILDCARD, matchSubscriberIds=[], matchWifiNetworkKeys=[], subscriberIdMatchRule=ALL, thresholdInBytes=0 ] accessLevel:3
04-08 12:07:02.097   567   683 W BestClock: java.time.DateTimeException: Missing NTP fix
04-08 12:07:02.097   567   684 D NetworkStatsObservers: Registering observer for RequestInfo from pid/uid:567/1000(android) for DataUsageRequest [ requestId=2, networkTemplate=NetworkTemplate: matchRule=WIFI_WILDCARD, matchSubscriberIds=[], matchWifiNetworkKeys=[], subscriberIdMatchRule=ALL, thresholdInBytes=0 ] accessLevel:3
04-08 12:07:02.097   567   693 D ConnectivityService: NetReassign [no changes] [c 0] [a 0] [i 0]
04-08 12:07:02.098   456   498 D MediaCodecList: Allowing only non-surface-encoder OMX codecs
04-08 12:07:02.099   769   769 D nativeloader: Configuring classloader-namespace-shared for other apk /system_ext/priv-app/SystemUIGoogle/SystemUIGoogle.apk. target_sdk_version=33, uses_libraries=, library_path=/system_ext/priv-app/SystemUIGoogle/lib/arm64:/system_ext/priv-app/SystemUIGoogle/SystemUIGoogle.apk!/lib/arm64-v8a:/system/lib64:/system_ext/lib64, permitted_path=/data:/mnt/expand:/data/user_de/0/com.android.systemui:/system_ext/priv-app/SystemUIGoogle:/system/lib64:/system_ext/lib64
04-08 12:07:02.099   220   220 I hwservicemanager: getTransport: Cannot find entry android.hardware.media.omx@1.0::IOmxStore/default in either framework or device VINTF manifest.
04-08 12:07:02.099   456   498 E OmxInfoBuilder: Cannot find an IOmxStore service.
04-08 12:07:02.099   456   498 D MediaCodecList: ignored failed builder
04-08 12:07:02.099   791   791 E WebViewLoader-a: Not starting debugger since process cannot load the jdwp agent.
04-08 12:07:02.101   456   498 I Codec2Client: Available Codec2 services: "default" "software"
04-08 12:07:02.102   385   458 I GoldfishComponentStore: in init
04-08 12:07:02.102   385   458 I GoldfishComponentStore: loading dll of path libcodec2_goldfish_avcdec.so
04-08 12:07:02.104   567   748 D CompatibilityChangeReporter: Compat change id reported: 168419799; UID 1000; state: DISABLED
04-08 12:07:02.105   791   791 V WebViewLibraryLoader: RelroFileCreator (64bit = true), package: com.google.android.webview library: libmonochrome_64.so
04-08 12:07:02.105   385   458 I GoldfishComponentStore: Create()
04-08 12:07:02.106   385   458 I GoldfishComponentStore: created interface
04-08 12:07:02.106   385   458 I GoldfishComponentStore: in ~ComponentModule
04-08 12:07:02.106   385   458 I GoldfishComponentStore: unloading dll
04-08 12:07:02.106   385   458 I GoldfishComponentStore: in init
04-08 12:07:02.106   385   458 I GoldfishComponentStore: loading dll of path libcodec2_goldfish_hevcdec.so
04-08 12:07:02.106   791   791 W ziparchive: Unable to open '/data/app/~~HN88tOpvgQy_VuyDA85myg==/com.google.android.trichromelibrary_631209933-tGJCTyoJ2NEipT9E_Slsxg==/base.dm': No such file or directory
04-08 12:07:02.106   791   791 W ziparchive: Unable to open '/data/app/~~HN88tOpvgQy_VuyDA85myg==/com.google.android.trichromelibrary_631209933-tGJCTyoJ2NEipT9E_Slsxg==/base.dm': No such file or directory
04-08 12:07:02.107   567   693 D ConnectivityService: NetReassign [no changes] [c 0] [a 0] [i 0]
04-08 12:07:02.107   567   567 D SystemServerTiming: PhaseThirdPartyAppsCanStart
04-08 12:07:02.107   567   567 I SystemServiceManager: Starting phase 600
04-08 12:07:02.107   567   567 D SystemServerTiming: OnBootPhase_600
04-08 12:07:02.107   567   567 D SystemServerTiming: OnBootPhase_600_com.android.server.security.FileIntegrityService
04-08 12:07:02.107   567   567 D SystemServerTiming: OnBootPhase_600_com.android.server.pm.Installer
04-08 12:07:02.107   567   567 D SystemServerTiming: OnBootPhase_600_com.android.server.os.DeviceIdentifiersPolicyService
04-08 12:07:02.107   567   567 D SystemServerTiming: OnBootPhase_600_com.android.server.uri.UriGrantsManagerService$Lifecycle
04-08 12:07:02.107   567   567 D SystemServerTiming: OnBootPhase_600_com.android.server.powerstats.PowerStatsService
04-08 12:07:02.107   567   567 D SystemServerTiming: OnBootPhase_600_com.android.server.wm.ActivityTaskManagerService$Lifecycle
04-08 12:07:02.107   567   567 D SystemServerTiming: OnBootPhase_600_com.android.server.am.ActivityManagerService$Lifecycle
04-08 12:07:02.107   385   458 I GoldfishComponentStore: Create()
04-08 12:07:02.107   567   567 I ExplicitHealthCheckController: Explicit health checks enabled.
04-08 12:07:02.107   567   567 I PackageWatchdog: Syncing state, reason: health check state enabled
04-08 12:07:02.107   567   567 I PackageWatchdog: Discarding observer rollback-observer. All packages expired
04-08 12:07:02.107   567   594 I PackageWatchdog: Saving observer state to file
04-08 12:07:02.107   567   567 D SystemServerTiming: OnBootPhase_600_com.android.server.pm.DataLoaderManagerService
04-08 12:07:02.107   567   567 D SystemServerTiming: OnBootPhase_600_com.android.server.power.PowerManagerService
04-08 12:07:02.107   385   458 I GoldfishComponentStore: created interface
04-08 12:07:02.107   385   458 I GoldfishComponentStore: in ~ComponentModule
04-08 12:07:02.107   385   458 I GoldfishComponentStore: unloading dll
04-08 12:07:02.107   385   458 I GoldfishComponentStore: in init
04-08 12:07:02.107   385   458 I GoldfishComponentStore: loading dll of path libcodec2_goldfish_vp8dec.so
04-08 12:07:02.107   567   567 D SystemServerTiming: OnBootPhase_600_com.android.server.power.ThermalManagerService
04-08 12:07:02.107   567   567 D SystemServerTiming: OnBootPhase_600_com.android.server.power.hint.HintManagerService
04-08 12:07:02.107   567   567 D SystemServerTiming: OnBootPhase_600_com.android.server.recoverysystem.RecoverySystemService$Lifecycle
04-08 12:07:02.107   567   567 D SystemServerTiming: OnBootPhase_600_com.android.server.lights.LightsService
04-08 12:07:02.107   567   567 D SystemServerTiming: OnBootPhase_600_com.android.server.display.DisplayManagerService
04-08 12:07:02.107   567   567 D SystemServerTiming: OnBootPhase_600_com.android.server.pm.verify.domain.DomainVerificationService
04-08 12:07:02.107   567   567 D SystemServerTiming: OnBootPhase_600_com.android.server.pm.PackageInstallerService$Lifecycle
04-08 12:07:02.107   567   567 D SystemServerTiming: OnBootPhase_600_com.android.server.pm.UserManagerService$LifeCycle
04-08 12:07:02.107   567   567 D SystemServerTiming: OnBootPhase_600_com.android.server.om.OverlayManagerService
04-08 12:07:02.107   567   567 D SystemServerTiming: OnBootPhase_600_com.android.server.resources.ResourcesManagerService
04-08 12:07:02.107   567   567 D SystemServerTiming: OnBootPhase_600_com.android.server.sensorprivacy.SensorPrivacyService
04-08 12:07:02.107   567   567 D SystemServerTiming: OnBootPhase_600_com.android.server.sensors.SensorService
04-08 12:07:02.107   567   567 D SystemServerTiming: OnBootPhase_600_com.android.server.SystemConfigService
04-08 12:07:02.107   567   567 D SystemServerTiming: OnBootPhase_600_com.android.server.BatteryService
04-08 12:07:02.107   567   567 D SystemServerTiming: OnBootPhase_600_com.android.server.usage.UsageStatsService
04-08 12:07:02.107   567   567 D SystemServerTiming: OnBootPhase_600_com.android.server.webkit.WebViewUpdateService
04-08 12:07:02.107   567   567 D SystemServerTiming: OnBootPhase_600_com.android.server.CachedDeviceStateService
04-08 12:07:02.107   567   567 D SystemServerTiming: OnBootPhase_600_com.android.server.BinderCallsStatsService$LifeCycle
04-08 12:07:02.107   567   567 D SystemServerTiming: OnBootPhase_600_com.android.server.LooperStatsService$Lifecycle
04-08 12:07:02.107   567   567 D SystemServerTiming: OnBootPhase_600_com.android.server.rollback.RollbackManagerService
04-08 12:07:02.107   567   567 D SystemServerTiming: OnBootPhase_600_com.android.server.os.NativeTombstoneManagerService
04-08 12:07:02.107   567   567 D SystemServerTiming: OnBootPhase_600_com.android.server.os.BugreportManagerService
04-08 12:07:02.107   567   567 D SystemServerTiming: OnBootPhase_600_com.android.server.gpu.GpuService
04-08 12:07:02.107   567   567 D SystemServerTiming: OnBootPhase_600_com.android.server.security.KeyChainSystemService
04-08 12:07:02.107   567   567 D SystemServerTiming: OnBootPhase_600_com.android.server.BinaryTransparencyService
04-08 12:07:02.107   567   567 D SystemServerTiming: OnBootPhase_600_com.android.server.telecom.TelecomLoaderService
04-08 12:07:02.107   567   567 D SystemServerTiming: OnBootPhase_600_com.android.server.accounts.AccountManagerService$Lifecycle
04-08 12:07:02.107   567   567 D SystemServerTiming: OnBootPhase_600_com.android.server.content.ContentService$Lifecycle
04-08 12:07:02.107   567   567 D SystemServerTiming: OnBootPhase_600_com.android.server.DropBoxManagerService
04-08 12:07:02.107   567   567 D SystemServerTiming: OnBootPhase_600_com.android.role.RoleService
04-08 12:07:02.107   567   567 D SystemServerTiming: OnBootPhase_600_com.android.server.vibrator.VibratorManagerService$Lifecycle
04-08 12:07:02.107   567   567 D SystemServerTiming: OnBootPhase_600_com.android.server.tare.InternalResourceService
04-08 12:07:02.107   567   567 D SystemServerTiming: OnBootPhase_600_com.android.server.alarm.AlarmManagerService
04-08 12:07:02.107   567   567 D SystemServerTiming: OnBootPhase_600_com.android.server.devicestate.DeviceStateManagerService
04-08 12:07:02.107   567   567 D SystemServerTiming: OnBootPhase_600_com.android.server.camera.CameraServiceProxy
04-08 12:07:02.107   567   567 D SystemServerTiming: OnBootPhase_600_com.android.server.bluetooth.BluetoothService
04-08 12:07:02.107   567   567 D SystemServerTiming: OnBootPhase_600_com.android.server.connectivity.IpConnectivityMetrics
04-08 12:07:02.107   567   567 D SystemServerTiming: OnBootPhase_600_com.android.server.net.watchlist.NetworkWatchlistService$Lifecycle
04-08 12:07:02.107   567   567 D SystemServerTiming: OnBootPhase_600_com.android.server.PinnerService
04-08 12:07:02.107   567   567 D SystemServerTiming: OnBootPhase_600_com.android.server.integrity.AppIntegrityManagerService
04-08 12:07:02.107   567   567 D SystemServerTiming: OnBootPhase_600_com.android.server.logcat.LogcatManagerService
04-08 12:07:02.107   567   567 D SystemServerTiming: OnBootPhase_600_com.android.server.inputmethod.InputMethodManagerService$Lifecycle
04-08 12:07:02.107   567   567 D SystemServerTiming: OnBootPhase_600_com.android.server.accessibility.AccessibilityManagerService$Lifecycle
04-08 12:07:02.107   567   683 W BestClock: java.time.DateTimeException: Missing NTP fix
04-08 12:07:02.108   567   567 D SystemServerTiming: OnBootPhase_600_com.android.server.StorageManagerService$Lifecycle
04-08 12:07:02.108   567   567 D SystemServerTiming: OnBootPhase_600_com.android.server.usage.StorageStatsService$Lifecycle
04-08 12:07:02.108   567   567 D SystemServerTiming: OnBootPhase_600_com.android.server.UiModeManagerService
04-08 12:07:02.108   567   567 D SystemServerTiming: OnBootPhase_600_com.android.server.locales.LocaleManagerService
04-08 12:07:02.108   567   567 D SystemServerTiming: OnBootPhase_600_com.android.server.locksettings.LockSettingsService$Lifecycle
