04-08 12:07:01.431   567   567 D PackageManager: Directories scanned as system partitions: [/system:0, /vendor:524288, /odm:4194304, /oem:262144, /product:1048576, /system_ext:2097152, /apex/com.android.adbd:8388608, /apex/com.android.media.swcodec:8388608, /apex/com.android.appsearch:8388608, /apex/com.android.conscrypt:8388608, /apex/com.android.mediaprovider:8388608, /apex/com.android.permission:8388608, /apex/com.android.art:8388608, /apex/com.android.runtime:8388608, /apex/com.android.resolv:8388608, /apex/com.android.vndk.v33:8388608, /apex/com.android.uwb:8388608, /apex/com.android.cellbroadcast:8388608, /apex/com.android.ondevicepersonalization:8388608, /apex/com.android.os.statsd:8388608, /apex/com.android.ipsec:8388608, /apex/com.android.extservices:8388608, /apex/com.android.apex.cts.shim:8388608, /apex/com.android.tethering:8388608, /apex/com.android.i18n:8388608, /apex/com.android.wifi:8388608, /apex/com.android.sdkext:8388608, /apex/com.android.btservices:8388608, /apex/com.android.adservices:8388608, /apex/com.android.media:8388608, /apex/com.android.neuralnetworks:8388608, /apex/com.google.mainline.primary.libs:8388608, /apex/com.android.tzdata:8388608, /apex/com.android.scheduling:8388608]
04-08 12:07:01.431   567   567 D PackageManager: Keeping known cache 1f028c613421c4c302d5b0866cc14e0eeb60b387
04-08 12:07:01.437   567   567 D PackageManager: No files in app dir /system_ext/overlay
04-08 12:07:01.438   567   567 I PackageBackwardCompatibility: Loaded android.content.pm.AndroidTestBaseUpdater
04-08 12:07:01.438   567   567 D CompatibilityChangeReporter: Compat change id reported: 143539591; UID -1; state: DISABLED
04-08 12:07:01.438   567   567 D CompatibilityChangeReporter: Compat change id reported: 168782947; UID -1; state: ENABLED
04-08 12:07:01.442   567   567 D PackageManager: No files in app dir /oem/overlay
04-08 12:07:01.442   567   567 D PackageManager: No files in app dir /odm/overlay
04-08 12:07:01.443   567   567 W PackageManager: Failed to parse /system/framework/arm64: Missing base APK in /system/framework/arm64
04-08 12:07:01.443   567   567 W PackageManager: Failed to parse /system/framework/oat: Missing base APK in /system/framework/oat/arm64
04-08 12:07:01.460   567   567 D PackageManager: No files in app dir /vendor/priv-app
04-08 12:07:01.460   567   567 D PackageManager: No files in app dir /vendor/app
04-08 12:07:01.460   567   567 D PackageManager: No files in app dir /odm/priv-app
04-08 12:07:01.460   567   567 D PackageManager: No files in app dir /odm/app
04-08 12:07:01.460   567   567 D PackageManager: No files in app dir /oem/app
04-08 12:07:01.462   567   567 W PackageManager: Skipping provider name com.google.android.settings.intelligence (in package com.google.android.settings.intelligence): name already used by com.google.android.settings.intelligence
04-08 12:07:01.466   567   567 W PackageManager: Failed to scan /product/priv-app/Phonesky: Package com.android.vending at /product/priv-app/Phonesky ignored: updated version 84032830 better than this 83042010
04-08 12:07:01.467   567   567 W PackageManager: Failed to scan /product/priv-app/PrebuiltGmsCore: Package com.google.android.gms at /product/priv-app/PrebuiltGmsCore ignored: updated version 241017038 better than this 221821044
04-08 12:07:01.468   567   567 D CompatibilityChangeReporter: Compat change id reported: 168782947; UID -1; state: DISABLED
04-08 12:07:01.469   567   567 W PackageManager: Failed to scan /product/app/TrichromeLibrary-Stub: Package com.google.android.trichromelibrary_506007134 at /product/app/TrichromeLibrary-Stub ignored: updated version 506007134 better than this 506007134
04-08 12:07:01.469   567   567 W PackageManager: Failed to scan /product/app/YouTubeMusicPrebuilt: Package com.google.android.apps.youtube.music at /product/app/YouTubeMusicPrebuilt ignored: updated version 64652240 better than this 50451240
04-08 12:07:01.472   567   567 W PackageManager: Failed to parse /product/app/Chrome: Missing base APK in /product/app/Chrome
04-08 12:07:01.472   567   567 W PackageManager: Failed to parse /product/app/TrichromeLibrary: Missing base APK in /product/app/TrichromeLibrary
04-08 12:07:01.472   567   567 W PackageManager: Failed to parse /product/app/WebViewGoogle: Missing base APK in /product/app/WebViewGoogle
04-08 12:07:01.472   567   567 W PackageManager: Failed to scan /product/app/Chrome-Stub: Package com.android.chrome at /product/app/Chrome-Stub ignored: updated version 506007134 better than this 506007134
04-08 12:07:01.473   567   567 W PackageManager: Failed to scan /product/app/WebViewGoogle-Stub: Package com.google.android.webview at /product/app/WebViewGoogle-Stub ignored: updated version 631209933 better than this 506007134
04-08 12:07:01.475   567   567 W PackageManager: Failed to scan /product/app/YouTube: Package com.google.android.youtube at /product/app/YouTube ignored: updated version 1545332160 better than this 1529081304
04-08 12:07:01.481   567   567 D PackageManager: No files in app dir /system_ext/app
04-08 12:07:01.481   567   567 D PackageManager: No files in app dir /apex/com.android.adbd/priv-app
04-08 12:07:01.481   567   567 D PackageManager: No files in app dir /apex/com.android.adbd/app
04-08 12:07:01.481   567   567 D PackageManager: No files in app dir /apex/com.android.media.swcodec/priv-app
04-08 12:07:01.481   567   567 D PackageManager: No files in app dir /apex/com.android.media.swcodec/app
04-08 12:07:01.481   567   567 D PackageManager: No files in app dir /apex/com.android.appsearch/priv-app
04-08 12:07:01.481   567   567 D PackageManager: No files in app dir /apex/com.android.appsearch/app
04-08 12:07:01.481   567   567 D PackageManager: No files in app dir /apex/com.android.conscrypt/priv-app
04-08 12:07:01.481   567   567 D PackageManager: No files in app dir /apex/com.android.conscrypt/app
04-08 12:07:01.482   567   567 I ApexManager: Registering com.google.android.providers.media.module as apk-in-apex of com.android.mediaprovider
04-08 12:07:01.482   567   567 D PackageManager: No files in app dir /apex/com.android.mediaprovider/app
04-08 12:07:01.483   567   567 I ApexManager: Registering com.google.android.safetycenter.resources as apk-in-apex of com.android.permission
04-08 12:07:01.484   567   567 I ApexManager: Registering com.google.android.permissioncontroller as apk-in-apex of com.android.permission
04-08 12:07:01.484   567   567 D PackageManager: No files in app dir /apex/com.android.permission/app
04-08 12:07:01.484   567   567 D PackageManager: No files in app dir /apex/com.android.art/priv-app
04-08 12:07:01.484   567   567 D PackageManager: No files in app dir /apex/com.android.art/app
04-08 12:07:01.484   567   567 D PackageManager: No files in app dir /apex/com.android.runtime/priv-app
04-08 12:07:01.484   567   567 D PackageManager: No files in app dir /apex/com.android.runtime/app
04-08 12:07:01.484   567   567 D PackageManager: No files in app dir /apex/com.android.resolv/priv-app
04-08 12:07:01.484   567   567 D PackageManager: No files in app dir /apex/com.android.resolv/app
04-08 12:07:01.484   567   567 D PackageManager: No files in app dir /apex/com.android.vndk.v33/priv-app
04-08 12:07:01.484   567   567 D PackageManager: No files in app dir /apex/com.android.vndk.v33/app
04-08 12:07:01.485   567   567 I ApexManager: Registering com.android.uwb.resources as apk-in-apex of com.android.uwb
04-08 12:07:01.485   567   567 D PackageManager: No files in app dir /apex/com.android.uwb/app
04-08 12:07:01.486   567   567 I ApexManager: Registering com.google.android.cellbroadcastservice as apk-in-apex of com.android.cellbroadcast
04-08 12:07:01.486   567   567 I ApexManager: Registering com.google.android.cellbroadcastreceiver as apk-in-apex of com.android.cellbroadcast
04-08 12:07:01.486   567   567 D PackageManager: No files in app dir /apex/com.android.cellbroadcast/app
04-08 12:07:01.486   567   567 D PackageManager: No files in app dir /apex/com.android.ondevicepersonalization/priv-app
04-08 12:07:01.486   567   567 I ApexManager: Registering com.google.android.ondevicepersonalization.services as apk-in-apex of com.android.ondevicepersonalization
04-08 12:07:01.486   567   567 D PackageManager: No files in app dir /apex/com.android.os.statsd/priv-app
04-08 12:07:01.486   567   567 D PackageManager: No files in app dir /apex/com.android.os.statsd/app
04-08 12:07:01.486   567   567 D PackageManager: No files in app dir /apex/com.android.ipsec/priv-app
04-08 12:07:01.486   567   567 D PackageManager: No files in app dir /apex/com.android.ipsec/app
04-08 12:07:01.487   567   567 I ApexManager: Registering com.google.android.ext.services as apk-in-apex of com.android.extservices
04-08 12:07:01.487   567   567 D PackageManager: No files in app dir /apex/com.android.extservices/app
04-08 12:07:01.487   567   567 I ApexManager: Registering com.android.cts.priv.ctsshim as apk-in-apex of com.android.apex.cts.shim
04-08 12:07:01.488   567   567 I ApexManager: Registering com.android.cts.ctsshim as apk-in-apex of com.android.apex.cts.shim
04-08 12:07:01.489   567   567 I ApexManager: Registering com.google.android.connectivity.resources as apk-in-apex of com.android.tethering
04-08 12:07:01.489   567   567 I ApexManager: Registering com.google.android.networkstack.tethering as apk-in-apex of com.android.tethering
04-08 12:07:01.489   567   567 I ApexManager: Registering com.google.android.nearby.halfsheet as apk-in-apex of com.android.tethering
04-08 12:07:01.489   567   567 D PackageManager: No files in app dir /apex/com.android.i18n/priv-app
04-08 12:07:01.489   567   567 D PackageManager: No files in app dir /apex/com.android.i18n/app
04-08 12:07:01.490   567   567 I ApexManager: Registering com.google.android.wifi.resources as apk-in-apex of com.android.wifi
04-08 12:07:01.491   567   567 I ApexManager: Registering com.google.android.hotspot2.osulogin as apk-in-apex of com.android.wifi
04-08 12:07:01.491   567   567 I ApexManager: Registering com.google.android.wifi.dialog as apk-in-apex of com.android.wifi
04-08 12:07:01.491   567   567 D PackageManager: No files in app dir /apex/com.android.sdkext/priv-app
04-08 12:07:01.491   567   567 D PackageManager: No files in app dir /apex/com.android.sdkext/app
04-08 12:07:01.491   567   567 D PackageManager: No files in app dir /apex/com.android.btservices/priv-app
04-08 12:07:01.492   567   567 I ApexManager: Registering com.android.bluetooth as apk-in-apex of com.android.btservices
04-08 12:07:01.492   567   567 I ApexManager: Registering com.google.android.adservices.api as apk-in-apex of com.android.adservices
04-08 12:07:01.493   567   567 I ApexManager: Registering com.google.android.sdksandbox as apk-in-apex of com.android.adservices
04-08 12:07:01.493   567   567 D PackageManager: No files in app dir /apex/com.android.media/priv-app
04-08 12:07:01.493   567   567 D PackageManager: No files in app dir /apex/com.android.media/app
04-08 12:07:01.493   567   567 D PackageManager: No files in app dir /apex/com.android.neuralnetworks/priv-app
04-08 12:07:01.493   567   567 D PackageManager: No files in app dir /apex/com.android.neuralnetworks/app
04-08 12:07:01.493   567   567 D PackageManager: No files in app dir /apex/com.google.mainline.primary.libs/priv-app
04-08 12:07:01.493   567   567 D PackageManager: No files in app dir /apex/com.google.mainline.primary.libs/app
04-08 12:07:01.493   567   567 D PackageManager: No files in app dir /apex/com.android.tzdata/priv-app
04-08 12:07:01.493   567   567 D PackageManager: No files in app dir /apex/com.android.tzdata/app
04-08 12:07:01.493   567   567 D PackageManager: No files in app dir /apex/com.android.scheduling/priv-app
04-08 12:07:01.493   567   567 D PackageManager: No files in app dir /apex/com.android.scheduling/app
04-08 12:07:01.494   567   567 I PackageManager: Finished scanning system apps. Time: 63 ms, packageCount: 187 , timePerPackage: 0 , cached: 222
04-08 12:07:01.496   567   567 W PackageManager: Relax SCAN_REQUIRE_KNOWN requirement for package com.google.android.trichromelibrary_506007134
04-08 12:07:01.497   567   567 D CompatibilityChangeReporter: Compat change id reported: 133396946; UID -1; state: ENABLED
04-08 12:07:01.499   567   567 W PackageManager: Relax SCAN_REQUIRE_KNOWN requirement for package com.google.android.apps.youtube.music
04-08 12:07:01.500   567   567 W PackageManager: Relax SCAN_REQUIRE_KNOWN requirement for package com.android.chrome
04-08 12:07:01.501   567   567 W PackageManager: Relax SCAN_REQUIRE_KNOWN requirement for package com.google.android.youtube
04-08 12:07:01.501   567   567 W PackageManager: Relax SCAN_REQUIRE_KNOWN requirement for package com.android.vending
04-08 12:07:01.502   567   567 W PackageManager: Skipping provider name host.exp.exponent.fileprovider (in package host.exp.exponent): name already used by host.exp.exponent
04-08 12:07:01.502   567   567 W PackageManager: Skipping provider name host.exp.exponent.fileprovider (in package host.exp.exponent): name already used by host.exp.exponent
04-08 12:07:01.502   567   567 W PackageManager: Skipping provider name host.exp.exponent.fileprovider (in package host.exp.exponent): name already used by host.exp.exponent
04-08 12:07:01.502   567   567 W PackageManager: Relax SCAN_REQUIRE_KNOWN requirement for package com.google.android.webview
04-08 12:07:01.503   567   567 W PackageManager: Relax SCAN_REQUIRE_KNOWN requirement for package com.google.android.gms
04-08 12:07:01.506   567   567 I PackageManager: Finished scanning non-system apps. Time: 12 ms, packageCount: 10 , timePerPackage: 1 , cached: 9
04-08 12:07:01.507   567   567 I PackageManager: Time to scan packages: 0.076 seconds
04-08 12:07:01.507   567   567 I PackageManager: Permission ownership changed. Updating all permissions.
04-08 12:07:01.513   567   567 V PackageManager: reconcileAppsData for null u0 0x1 migrateAppData=true
04-08 12:07:01.515   453   500 I SELinux : SELinux: Loaded file_contexts
04-08 12:07:01.520   567   567 V PackageManager: reconcileAppsData finished 25 packages
04-08 12:07:01.520   567   567 D PackageManagerTiming: write settings
04-08 12:07:01.520   567   622 D SystemServerTimingAsync: InitThreadPoolExec:prepareAppData
04-08 12:07:01.527   567   567 I SELinux : SELinux: Loaded file_contexts
04-08 12:07:01.535   567   567 D PackageManagerTiming: GC
04-08 12:07:01.535   567   567 I PackageManager: Fix for b/169414761 is applied
04-08 12:07:01.535   567   567 V UserSystemPackageInstaller: Checking that all system packages are whitelisted.
04-08 12:07:01.536   567   567 W UserSystemPackageInstaller: checkWhitelistedSystemPackages(mode=d) has 51 warnings:
04-08 12:07:01.536   567   567 W UserSystemPackageInstaller: com.android.theme.color.amethyst is allowlisted but not present.
04-08 12:07:01.536   567   567 W UserSystemPackageInstaller: com.android.theme.icon.pebble is allowlisted but not present.
04-08 12:07:01.536   567   567 W UserSystemPackageInstaller: com.android.theme.color.sand is allowlisted but not present.
04-08 12:07:01.536   567   567 W UserSystemPackageInstaller: com.android.theme.icon.vessel is allowlisted but not present.
04-08 12:07:01.536   567   567 W UserSystemPackageInstaller: com.android.theme.color.cinnamon is allowlisted but not present.
04-08 12:07:01.536   567   567 W UserSystemPackageInstaller: com.android.theme.icon_pack.victor.settings is allowlisted but not present.
04-08 12:07:01.536   567   567 W UserSystemPackageInstaller: com.android.theme.icon_pack.rounded.systemui is allowlisted but not present.
04-08 12:07:01.536   567   567 W UserSystemPackageInstaller: com.android.theme.icon.taperedrect is allowlisted but not present.
04-08 12:07:01.536   567   567 W UserSystemPackageInstaller: com.android.theme.icon_pack.rounded.android is allowlisted but not present.
04-08 12:07:01.536   567   567 W UserSystemPackageInstaller: com.android.internal.systemui.onehanded.gestural is allowlisted but not present.
04-08 12:07:01.536   567   567 W UserSystemPackageInstaller: com.android.theme.icon_pack.victor.systemui is allowlisted but not present.
04-08 12:07:01.536   567   567 W UserSystemPackageInstaller: com.android.theme.icon_pack.circular.themepicker is allowlisted but not present.
04-08 12:07:01.536   567   567 W UserSystemPackageInstaller: com.android.theme.color.tangerine is allowlisted but not present.
04-08 12:07:01.536   567   567 W UserSystemPackageInstaller: com.android.theme.color.aquamarine is allowlisted but not present.
04-08 12:07:01.536   567   567 W UserSystemPackageInstaller: com.android.theme.color.black is allowlisted but not present.
04-08 12:07:01.536   567   567 W UserSystemPackageInstaller: com.android.theme.color.green is allowlisted but not present.
04-08 12:07:01.536   567   567 W UserSystemPackageInstaller: com.android.theme.color.ocean is allowlisted but not present.
04-08 12:07:01.536   567   567 W UserSystemPackageInstaller: com.android.theme.color.space is allowlisted but not present.
04-08 12:07:01.536   567   567 W UserSystemPackageInstaller: com.android.theme.icon_pack.rounded.launcher is allowlisted but not present.
04-08 12:07:01.536   567   567 W UserSystemPackageInstaller: com.android.theme.icon_pack.kai.settings is allowlisted but not present.
04-08 12:07:01.536   567   567 W UserSystemPackageInstaller: com.android.theme.icon_pack.sam.settings is allowlisted but not present.
04-08 12:07:01.536   567   567 W UserSystemPackageInstaller: com.android.theme.icon_pack.kai.themepicker is allowlisted but not present.
04-08 12:07:01.536   567   567 W UserSystemPackageInstaller: com.android.theme.icon_pack.victor.launcher is allowlisted but not present.
04-08 12:07:01.536   567   567 W UserSystemPackageInstaller: com.android.theme.icon_pack.filled.settings is allowlisted but not present.
04-08 12:07:01.536   567   567 W UserSystemPackageInstaller: com.android.theme.icon_pack.kai.systemui is allowlisted but not present.
04-08 12:07:01.536   567   567 W UserSystemPackageInstaller: com.android.theme.icon_pack.circular.settings is allowlisted but not present.
04-08 12:07:01.536   567   567 W UserSystemPackageInstaller: com.android.theme.icon_pack.sam.systemui is allowlisted but not present.
04-08 12:07:01.536   567   567 W UserSystemPackageInstaller: com.android.theme.icon.teardrop is allowlisted but not present.
04-08 12:07:01.536   567   567 W UserSystemPackageInstaller: com.android.theme.icon_pack.rounded.themepicker is allowlisted but not present.
04-08 12:07:01.536   567   567 W UserSystemPackageInstaller: com.android.theme.icon_pack.filled.systemui is allowlisted but not present.
04-08 12:07:01.536   567   567 W UserSystemPackageInstaller: com.android.theme.icon_pack.sam.android is allowlisted but not present.
04-08 12:07:01.536   567   567 W UserSystemPackageInstaller: com.android.theme.icon_pack.filled.android is allowlisted but not present.
04-08 12:07:01.536   567   567 W UserSystemPackageInstaller: com.android.theme.icon_pack.circular.systemui is allowlisted but not present.
04-08 12:07:01.536   567   567 W UserSystemPackageInstaller: com.android.theme.icon_pack.kai.android is allowlisted but not present.
04-08 12:07:01.536   567   567 W UserSystemPackageInstaller: com.android.theme.icon_pack.kai.launcher is allowlisted but not present.
04-08 12:07:01.536   567   567 W UserSystemPackageInstaller: com.android.theme.icon_pack.sam.launcher is allowlisted but not present.
04-08 12:07:01.536   567   567 W UserSystemPackageInstaller: com.android.theme.icon.squircle is allowlisted but not present.
04-08 12:07:01.536   567   567 W UserSystemPackageInstaller: com.android.theme.icon_pack.victor.android is allowlisted but not present.
04-08 12:07:01.536   567   567 W UserSystemPackageInstaller: com.android.theme.color.palette is allowlisted but not present.
04-08 12:07:01.536   567   567 W UserSystemPackageInstaller: com.android.theme.icon_pack.filled.launcher is allowlisted but not present.
04-08 12:07:01.536   567   567 W UserSystemPackageInstaller: com.android.theme.color.carbon is allowlisted but not present.
04-08 12:07:01.536   567   567 W UserSystemPackageInstaller: com.android.theme.icon_pack.circular.launcher is allowlisted but not present.
04-08 12:07:01.536   567   567 W UserSystemPackageInstaller: com.android.theme.icon_pack.filled.themepicker is allowlisted but not present.
04-08 12:07:01.536   567   567 W UserSystemPackageInstaller: com.android.theme.icon_pack.victor.themepicker is allowlisted but not present.
04-08 12:07:01.536   567   567 W UserSystemPackageInstaller: com.android.theme.color.orchid is allowlisted but not present.
04-08 12:07:01.536   567   567 W UserSystemPackageInstaller: com.android.theme.color.purple is allowlisted but not present.
04-08 12:07:01.536   567   567 W UserSystemPackageInstaller: com.android.theme.icon_pack.sam.themepicker is allowlisted but not present.
04-08 12:07:01.536   567   567 W UserSystemPackageInstaller: com.android.wallpaperpicker is allowlisted but not present.
04-08 12:07:01.536   567   567 W UserSystemPackageInstaller: com.android.theme.icon.roundedrect is allowlisted but not present.
04-08 12:07:01.536   567   567 W UserSystemPackageInstaller: com.android.theme.icon_pack.rounded.settings is allowlisted but not present.
04-08 12:07:01.536   567   567 W UserSystemPackageInstaller: com.android.theme.icon_pack.circular.android is allowlisted but not present.
04-08 12:07:01.536   567   567 I Watchdog: Resuming HandlerChecker: main thread for reason: packagemanagermain. Pause count: 0
04-08 12:07:01.536   567   567 I SystemServerDexLoadReporter: Configuring system server dex reporter
04-08 12:07:01.536   567   567 D SystemServerTiming: StartOtaDexOptService
04-08 12:07:01.537   567   567 I Watchdog: Pausing HandlerChecker: main thread for reason: moveab. Pause count: 1
04-08 12:07:01.537   567   567 D OTADexopt: No upgrade, skipping A/B artifacts check.
04-08 12:07:01.537   567   567 I Watchdog: Resuming HandlerChecker: main thread for reason: moveab. Pause count: 0
04-08 12:07:01.537   567   567 D SystemServerTiming: StartUserManagerService
04-08 12:07:01.537   567   567 I SystemServiceManager: Starting com.android.server.pm.UserManagerService$LifeCycle
04-08 12:07:01.537   567   567 D SystemServerTiming: InitAttributerCache
04-08 12:07:01.537   567   567 D SystemServerTiming: SetSystemProcess
04-08 12:07:01.539   567   581 V HistoricalRegistry: Interaction before persistence initialized
04-08 12:07:01.539   567   580 V HistoricalRegistry: Interaction before persistence initialized
04-08 12:07:01.539   450   450 I cameraserver: Waiting for sensor privacy service
04-08 12:07:01.539   403   403 I audioserver: Waiting for sensor privacy service
04-08 12:07:01.539   567   597 I ActivityManager: Connection with lmkd established
04-08 12:07:01.539   218   218 I lowmemorykiller: lmkd data connection established
04-08 12:07:01.540   567   567 D CompatibilityChangeReporter: Compat change id reported: 161145287; UID 1000; state: DISABLED
04-08 12:07:01.540   567   567 D SystemServerTiming: InitWatchdog
04-08 12:07:01.562   567   567 D SystemServerTiming: StartOverlayManagerService
04-08 12:07:01.566   451   499 W idmap2d : failed to parse idmap header of '/data/resource-cache/product@overlay@ManagedProvisioning__auto_generated_rro_product.apk@idmap'
04-08 12:07:01.571   451   499 W idmap2d : failed to find resource 'array/vendor_required_apps_managed_device'
04-08 12:07:01.571   451   499 W idmap2d : failed to find resource 'array/vendor_required_apps_managed_profile'
04-08 12:07:01.571   451   499 W idmap2d : failed to find resource 'array/vendor_required_apps_managed_user'
04-08 12:07:01.571   451   499 E idmap2d : no resources were overlaid
04-08 12:07:01.578   455   481 I ServiceManager: Waiting for service 'package_native' on '/dev/binder' successful after waiting 1213ms
04-08 12:07:01.581   567   622 W PackageManager: Skipping preparing app data for com.google.android.sdksandbox
04-08 12:07:01.582   451   499 W idmap2d : failed to parse idmap header of '/data/resource-cache/vendor@overlay@SystemUIGoogle__auto_generated_rro_vendor.apk@idmap'
04-08 12:07:01.589   453   500 W cutils  : Expected path /data/user_de/0/com.google.android.gms with mode 700 but found 711
04-08 12:07:01.594   567   622 I PackageManager: Deferred reconcileAppsData finished 172 packages
04-08 12:07:01.596   451   499 W idmap2d : failed to find resource 'bool/config_show4GForLTE'
04-08 12:07:01.596   451   499 E idmap2d : no resources were overlaid
04-08 12:07:01.598   457   457 I ServiceManager: Waiting for service 'package_native' on '/dev/binder' successful after waiting 1308ms
04-08 12:07:01.598   457   632 I storaged: storaged: Start
04-08 12:07:01.636   451   499 W idmap2d : active ffro iterator was not previously released
04-08 12:07:01.641   567   567 D SystemServerTiming: StartResourcesManagerService
04-08 12:07:01.641   567   567 D SystemServerTiming: StartSensorPrivacyService
04-08 12:07:01.641   567   584 W ActivityTaskManager: Skip updateConfiguration because mWindowManager isn't set
04-08 12:07:01.642   567   567 D SystemServerTiming: StartSensorService
04-08 12:07:01.642   567   567 I SystemServiceManager: Starting com.android.server.sensors.SensorService
04-08 12:07:01.642   567   567 D SystemServerTiming: startCoreServices
04-08 12:07:01.642   567   567 D SystemServerTiming: StartSystemConfigService
04-08 12:07:01.642   567   567 I SystemServiceManager: Starting com.android.server.SystemConfigService
04-08 12:07:01.642   567   634 D SystemServerTimingAsync: InitThreadPoolExec:StartNativeSensorService
04-08 12:07:01.642   567   567 D SystemServerTiming: StartBatteryService
04-08 12:07:01.642   567   567 I SystemServiceManager: Starting com.android.server.BatteryService
04-08 12:07:01.642   567   634 D SystemServerTimingAsync: StartNativeSensorService
04-08 12:07:01.642   567   634 D SensorService: nuSensorService starting...
04-08 12:07:01.642   219   219 I servicemanager: Could not find android.hardware.sensors.ISensors/default in the VINTF manifest.
04-08 12:07:01.643   219   219 I servicemanager: Could not find android.hardware.health.IHealth/default in the VINTF manifest.
04-08 12:07:01.643   567   567 I android_os_HwBinder: HwBinder: Starting thread pool for getting: android.hardware.health@2.0::IHealth/default
04-08 12:07:01.644   567   601 E BluetoothAdapter: Bluetooth service is null
04-08 12:07:01.644   567   634 W SensorService: Goldfish 3-axis Accelerometer's max range 39.299999237061 is not a multiple of the resolution 0.000248015887 - updated to 39.300102233887
04-08 12:07:01.644   567   634 I SensorService: Goldfish Ambient Temperature sensor's reported power 0.000000 invalid, clamped to 0.001000
04-08 12:07:01.644   567   567 I android_os_HwBinder: HwBinder: Starting thread pool for getting: android.hidl.manager@1.0::IServiceManager/default
04-08 12:07:01.644   567   567 I HealthServiceWrapperHidl: health: HealthServiceWrapper listening to instance default
04-08 12:07:01.645   567   567 I BatteryService: health: Waited 0ms and received the update.
04-08 12:07:01.645   567   639 D SensorService: nuSensorService thread starting...
04-08 12:07:01.645   567   638 D SensorService: new thread SensorEventAckReceiver
04-08 12:07:01.645   567   567 D SystemServerTiming: StartUsageService
04-08 12:07:01.645   567   567 I SystemServiceManager: Starting com.android.server.usage.UsageStatsService
04-08 12:07:01.645   567   637 I android_os_HwBinder: HwBinder: Starting thread pool for getting: android.hardware.health@2.0::IHealth/default
04-08 12:07:01.646   567   634 V HistoricalRegistry: Interaction before persistence initialized
04-08 12:07:01.646   567   567 D SystemServerTiming: StartWebViewUpdateService
04-08 12:07:01.647   567   567 I SystemServiceManager: Starting com.android.server.webkit.WebViewUpdateService
04-08 12:07:01.647   567   567 D SystemServerTiming: StartCachedDeviceStateService
04-08 12:07:01.647   567   567 I SystemServiceManager: Starting com.android.server.CachedDeviceStateService
04-08 12:07:01.647   567   567 D SystemServerTiming: StartBinderCallsStatsService
04-08 12:07:01.647   567   567 I SystemServiceManager: Starting com.android.server.BinderCallsStatsService$LifeCycle
04-08 12:07:01.647   567   567 D SystemServerTiming: StartLooperStatsService
04-08 12:07:01.647   567   567 I SystemServiceManager: Starting com.android.server.LooperStatsService$Lifecycle
04-08 12:07:01.647   567   567 D SystemServerTiming: StartRollbackManagerService
04-08 12:07:01.647   567   567 I SystemServiceManager: Starting com.android.server.rollback.RollbackManagerService
04-08 12:07:01.647   453   500 D installd: Found quota mount /dev/block/dm-32 at /data
04-08 12:07:01.647   453   500 D installd: Found quota mount /dev/block/dm-32 at /data/user/0
04-08 12:07:01.648   567   567 I PackageWatchdog: Syncing state, reason: added new observer
04-08 12:07:01.648   567   567 I PackageWatchdog: Not pruning observers, elapsed time: 0ms
04-08 12:07:01.648   567   594 I PackageWatchdog: Saving observer state to file
04-08 12:07:01.649   567   567 D SystemServerTiming: StartNativeTombstoneManagerService
04-08 12:07:01.649   567   567 I SystemServiceManager: Starting com.android.server.os.NativeTombstoneManagerService
04-08 12:07:01.649   567   567 D SystemServerTiming: StartBugreportManagerService
04-08 12:07:01.649   567   567 I SystemServiceManager: Starting com.android.server.os.BugreportManagerService
04-08 12:07:01.649   567   567 D SystemServerTiming: GpuService
04-08 12:07:01.649   567   567 I SystemServiceManager: Starting com.android.server.gpu.GpuService
04-08 12:07:01.649   567   567 D SystemServerTiming: startOtherServices
04-08 12:07:01.649   567   567 D SystemServerTiming: StartKeyAttestationApplicationIdProviderService
04-08 12:07:01.649   567   644 D SystemServerTimingAsync: InitThreadPoolExec:SecondaryZygotePreload
04-08 12:07:01.649   567   644 I SystemServer: SecondaryZygotePreload
04-08 12:07:01.649   567   644 D SystemServerTimingAsync: SecondaryZygotePreload
04-08 12:07:01.649   567   567 D SystemServerTiming: StartKeyChainSystemService
04-08 12:07:01.649   567   567 I SystemServiceManager: Starting com.android.server.security.KeyChainSystemService
04-08 12:07:01.649   567   567 D SystemServerTiming: StartBinaryTransparencyService
04-08 12:07:01.649   567   567 I SystemServiceManager: Starting com.android.server.BinaryTransparencyService
04-08 12:07:01.649   567   567 I TransparencyService: Started BinaryTransparencyService
04-08 12:07:01.649   567   567 D SystemServerTiming: StartSchedulingPolicyService
04-08 12:07:01.649   567   591 D SystemServerTimingAsync: InitThreadPoolExec:SchedulingPolicyService.<init>
04-08 12:07:01.649   567   567 D SystemServerTiming: StartTelecomLoaderService
04-08 12:07:01.649   567   567 I SystemServiceManager: Starting com.android.server.telecom.TelecomLoaderService
04-08 12:07:01.650   567   567 D SystemServerTiming: StartTelephonyRegistry
04-08 12:07:01.650   567   591 I SchedulingPolicyService: Moving 461 back to group default
04-08 12:07:01.650   567   567 D SystemServerTiming: StartEntropyMixer
04-08 12:07:01.650   567   567 I EntropyMixer: Loaded existing seed file
04-08 12:07:01.651   567   567 I EntropyMixer: Updated seed file
04-08 12:07:01.651   567   567 D SystemServerTiming: StartAccountManagerService
04-08 12:07:01.651   567   567 I SystemServiceManager: Starting com.android.server.accounts.AccountManagerService$Lifecycle
04-08 12:07:01.651   567   567 D CompatibilityChangeReporter: Compat change id reported: 148180766; UID 1000; state: ENABLED
04-08 12:07:01.652   567   567 D SystemServerTiming: StartContentService
04-08 12:07:01.652   567   567 I SystemServiceManager: Starting com.android.server.content.ContentService$Lifecycle
04-08 12:07:01.652   567   567 D SystemServerTiming: InstallSystemProviders
04-08 12:07:01.654   567   567 D nativeloader: Configuring classloader-namespace-shared for other apk /system/priv-app/SettingsProvider/SettingsProvider.apk. target_sdk_version=33, uses_libraries=, library_path=/system/priv-app/SettingsProvider/lib/arm64:/system/priv-app/SettingsProvider/SettingsProvider.apk!/lib/arm64-v8a:/system/lib64:/system_ext/lib64, permitted_path=/data:/mnt/expand:/data/user_de/0/com.android.providers.settings:/system/priv-app/SettingsProvider:/system/lib64:/system_ext/lib64
04-08 12:07:01.663   567   595 D ActivityManager: Freezer enabled
04-08 12:07:01.663   567   595 D ActivityManager: freezer override set to false
04-08 12:07:01.663   567   567 D SystemServerTiming: UpdateWatchdogTimeout
04-08 12:07:01.663   567   567 I Watchdog: Watchdog timeout updated to 60000 millis
04-08 12:07:01.663   567   567 D SystemServerTiming: StartDropBoxManager
04-08 12:07:01.663   567   567 I SystemServiceManager: Starting com.android.server.DropBoxManagerService
04-08 12:07:01.663   567   567 D SystemServerTiming: StartRoleManagerService
04-08 12:07:01.663   567   567 I SystemServiceManager: Starting com.android.role.RoleService
04-08 12:07:01.666   403   403 D audioserver: Do not init aaudio service, status 0, policy info size 1
04-08 12:07:01.666   455   629 W AudioAnalytics: onAudioServerStart: (key=audio.policy) AudioPolicy ctor, loadTimeMs:1300.005493
04-08 12:07:01.666   450   450 I HidlServiceManagement: Registered android.frameworks.cameraservice.service@2.2::ICameraService/default
04-08 12:07:01.667   450   450 I CameraService: CameraService pinged cameraservice proxy
04-08 12:07:01.667   450   450 I cameraserver: ServiceManager: 0xb4000077ca6f9350 done instantiate
04-08 12:07:01.683   450   450 W CameraProviderManager: addAidlProviderLocked: Camera provider HAL with name 'android.hardware.camera.provider.ICameraProvider/internal/0' already registered
04-08 12:07:01.683   567   567 D SystemServerTiming: StartVibratorManagerService
04-08 12:07:01.683   567   567 I SystemServiceManager: Starting com.android.server.vibrator.VibratorManagerService$Lifecycle
04-08 12:07:01.684   219   219 I servicemanager: Found android.hardware.vibrator.IVibratorManager/default in device VINTF manifest.
04-08 12:07:01.684   401   401 I android.hardware.vibrator-service.example: Vibrator manager reporting capabilities
04-08 12:07:01.684   401   401 I android.hardware.vibrator-service.example: Vibrator manager getting vibrator ids
04-08 12:07:01.685   401   401 I android.hardware.vibrator-service.example: Vibrator manager getting vibrator 1
04-08 12:07:01.686   401   401 I android.hardware.vibrator-service.example: Vibrator Manager cancel synced
04-08 12:07:01.686   401   401 I android.hardware.vibrator-service.example: Vibrator manager getting vibrator 1
04-08 12:07:01.686   567   567 D SystemServerTiming: StartDynamicSystemService
04-08 12:07:01.686   567   567 D SystemServerTiming: StartConsumerIrService
04-08 12:07:01.687   219   219 I servicemanager: Could not find android.hardware.ir.IConsumerIr/default in the VINTF manifest.
04-08 12:07:01.687   220   220 I hwservicemanager: getTransport: Cannot find entry android.hardware.ir@1.0::IConsumerIr/default in either framework or device VINTF manifest.
04-08 12:07:01.687   567   567 D SystemServerTiming: StartResourceEconomy
04-08 12:07:01.687   567   567 I SystemServiceManager: Starting com.android.server.tare.InternalResourceService
04-08 12:07:01.687   567   567 D SystemServerTiming: StartAlarmManagerService
04-08 12:07:01.687   567   567 I SystemServiceManager: Starting com.android.server.alarm.AlarmManagerService
04-08 12:07:01.688   567   567 D AlarmManagerService: Kernel timezone updated to 240 minutes west of GMT
04-08 12:07:01.688   567   567 D CompatibilityChangeReporter: Compat change id reported: 160794467; UID 1000; state: ENABLED
04-08 12:07:01.688   567   567 D SystemServerTiming: StartInputManagerService
04-08 12:07:01.689   364   407 I ServiceManager: Waiting for service 'statscompanion' on '/dev/binder'...
04-08 12:07:01.689   567   567 I InputManager: Initializing input manager, mUseDevInputEventForAudioJack=true
04-08 12:07:01.689   567   567 D SystemServerTiming: DeviceStateManagerService
04-08 12:07:01.689   567   567 I SystemServiceManager: Starting com.android.server.devicestate.DeviceStateManagerService
04-08 12:07:01.690   567   567 D SystemServerTiming: StartCameraServiceProxy
04-08 12:07:01.690   567   567 I SystemServiceManager: Starting com.android.server.camera.CameraServiceProxy
04-08 12:07:01.691   567   567 D SystemServerTiming: StartWindowManagerService
04-08 12:07:01.691   567   567 I SystemServiceManager: Starting phase 200
04-08 12:07:01.691   567   567 D SystemServerTiming: OnBootPhase_200
04-08 12:07:01.691   567   567 D SystemServerTiming: OnBootPhase_200_com.android.server.security.FileIntegrityService
04-08 12:07:01.691   567   567 D SystemServerTiming: OnBootPhase_200_com.android.server.pm.Installer
04-08 12:07:01.691   567   567 D SystemServerTiming: OnBootPhase_200_com.android.server.os.DeviceIdentifiersPolicyService
04-08 12:07:01.691   567   567 D SystemServerTiming: OnBootPhase_200_com.android.server.uri.UriGrantsManagerService$Lifecycle
04-08 12:07:01.691   567   567 D SystemServerTiming: OnBootPhase_200_com.android.server.powerstats.PowerStatsService
04-08 12:07:01.691   567   567 D SystemServerTiming: OnBootPhase_200_com.android.server.wm.ActivityTaskManagerService$Lifecycle
04-08 12:07:01.691   567   567 D SystemServerTiming: OnBootPhase_200_com.android.server.am.ActivityManagerService$Lifecycle
04-08 12:07:01.691   567   567 D SystemServerTiming: OnBootPhase_200_com.android.server.pm.DataLoaderManagerService
04-08 12:07:01.691   567   567 D SystemServerTiming: OnBootPhase_200_com.android.server.power.PowerManagerService
04-08 12:07:01.691   567   567 D SystemServerTiming: OnBootPhase_200_com.android.server.power.ThermalManagerService
04-08 12:07:01.691   567   567 D SystemServerTiming: OnBootPhase_200_com.android.server.power.hint.HintManagerService
04-08 12:07:01.691   567   567 D SystemServerTiming: OnBootPhase_200_com.android.server.recoverysystem.RecoverySystemService$Lifecycle
04-08 12:07:01.691   567   567 D SystemServerTiming: OnBootPhase_200_com.android.server.lights.LightsService
04-08 12:07:01.691   567   567 D SystemServerTiming: OnBootPhase_200_com.android.server.display.DisplayManagerService
04-08 12:07:01.691   567   567 D SystemServerTiming: OnBootPhase_200_com.android.server.pm.verify.domain.DomainVerificationService
04-08 12:07:01.691   567   567 D SystemServerTiming: OnBootPhase_200_com.android.server.pm.PackageInstallerService$Lifecycle
04-08 12:07:01.691   567   567 D SystemServerTiming: OnBootPhase_200_com.android.server.pm.UserManagerService$LifeCycle
04-08 12:07:01.691   567   567 D SystemServerTiming: OnBootPhase_200_com.android.server.om.OverlayManagerService
04-08 12:07:01.691   567   567 D SystemServerTiming: OnBootPhase_200_com.android.server.resources.ResourcesManagerService
04-08 12:07:01.691   567   567 D SystemServerTiming: OnBootPhase_200_com.android.server.sensorprivacy.SensorPrivacyService
04-08 12:07:01.691   567   567 D SystemServerTiming: OnBootPhase_200_com.android.server.sensors.SensorService
04-08 12:07:01.691   567   567 D SystemServerTiming: OnBootPhase_200_com.android.server.SystemConfigService
04-08 12:07:01.691   567   567 D SystemServerTiming: OnBootPhase_200_com.android.server.BatteryService
04-08 12:07:01.691   567   567 D SystemServerTiming: OnBootPhase_200_com.android.server.usage.UsageStatsService
04-08 12:07:01.691   567   567 D SystemServerTiming: OnBootPhase_200_com.android.server.webkit.WebViewUpdateService
04-08 12:07:01.691   567   567 D SystemServerTiming: OnBootPhase_200_com.android.server.CachedDeviceStateService
04-08 12:07:01.691   567   567 D SystemServerTiming: OnBootPhase_200_com.android.server.BinderCallsStatsService$LifeCycle
04-08 12:07:01.691   567   567 D SystemServerTiming: OnBootPhase_200_com.android.server.LooperStatsService$Lifecycle
04-08 12:07:01.691   567   567 D SystemServerTiming: OnBootPhase_200_com.android.server.rollback.RollbackManagerService
04-08 12:07:01.691   567   567 D SystemServerTiming: OnBootPhase_200_com.android.server.os.NativeTombstoneManagerService
04-08 12:07:01.691   567   567 D SystemServerTiming: OnBootPhase_200_com.android.server.os.BugreportManagerService
04-08 12:07:01.691   567   567 D SystemServerTiming: OnBootPhase_200_com.android.server.gpu.GpuService
04-08 12:07:01.691   567   567 D SystemServerTiming: OnBootPhase_200_com.android.server.security.KeyChainSystemService
04-08 12:07:01.691   567   567 D SystemServerTiming: OnBootPhase_200_com.android.server.BinaryTransparencyService
04-08 12:07:01.691   567   567 D SystemServerTiming: OnBootPhase_200_com.android.server.telecom.TelecomLoaderService
04-08 12:07:01.691   567   567 D SystemServerTiming: OnBootPhase_200_com.android.server.accounts.AccountManagerService$Lifecycle
04-08 12:07:01.691   567   567 D SystemServerTiming: OnBootPhase_200_com.android.server.content.ContentService$Lifecycle
04-08 12:07:01.691   567   567 D SystemServerTiming: OnBootPhase_200_com.android.server.DropBoxManagerService
04-08 12:07:01.691   567   567 D SystemServerTiming: OnBootPhase_200_com.android.role.RoleService
04-08 12:07:01.691   567   567 D SystemServerTiming: OnBootPhase_200_com.android.server.vibrator.VibratorManagerService$Lifecycle
04-08 12:07:01.691   567   567 D SystemServerTiming: OnBootPhase_200_com.android.server.tare.InternalResourceService
04-08 12:07:01.691   567   567 D SystemServerTiming: OnBootPhase_200_com.android.server.alarm.AlarmManagerService
04-08 12:07:01.691   567   567 D SystemServerTiming: OnBootPhase_200_com.android.server.devicestate.DeviceStateManagerService
04-08 12:07:01.691   567   567 D SystemServerTiming: OnBootPhase_200_com.android.server.camera.CameraServiceProxy
04-08 12:07:01.692   567   567 I WindowManager: No existing display settings, starting empty
04-08 12:07:01.693   567   587 I WindowTracing: Setting window tracing log level to 1
04-08 12:07:01.693   567   587 I WindowTracing: Setting window tracing buffer capacity to 10485760bytes
04-08 12:07:01.694   567   567 D SystemServerTiming: SetWindowManagerService
04-08 12:07:01.701   567   567 I ActivityTaskManager: Loaded persisted task ids for user 0
04-08 12:07:01.701   567   567 D SystemServerTiming: WindowManagerServiceOnInitReady
04-08 12:07:01.725   567   585 W WindowManager: Unable to add bookmark: com.google.android.talk/com.google.android.talk.SigningInActivity not found.
04-08 12:07:01.740   567   567 D SystemServerTiming: StartInputManager
04-08 12:07:01.740   567   622 D SystemServerTimingAsync: InitThreadPoolExec:StartHidlServices
04-08 12:07:01.740   567   622 D SystemServerTimingAsync: StartHidlServices
04-08 12:07:01.740   567   567 I InputManager: Starting input manager
04-08 12:07:01.740   567   622 I HidlServiceManagement: Registered android.frameworks.sensorservice@1.0::ISensorManager/default
04-08 12:07:01.740   567   567 I InputManager: Enabling motion classifier because just booted: feature enabled, long press timeout = 400
04-08 12:07:01.740   567   567 I InputClassifier: Enabling motion classifier
04-08 12:07:01.740   567   622 I HidlServiceManagement: Registered android.frameworks.schedulerservice@1.0::ISchedulingPolicyService/default
04-08 12:07:01.740   567   567 D SystemServerTiming: DisplayManagerWindowManagerAndInputReady
04-08 12:07:01.740   219   219 I servicemanager: Could not find android.hardware.input.processor.IInputProcessor/default in the VINTF manifest.
04-08 12:07:01.740   567   567 D SystemServerTiming: StartBluetoothService
04-08 12:07:01.740   567   661 I InputClassifier: HAL android.hardware.input.processor.IInputProcessor/default is not declared
04-08 12:07:01.741   567   587 I LogicalDisplayMapper: Requesting Transition to state: 0, from state=-1, interactive=true
04-08 12:07:01.741   567   587 I LogicalDisplayMapper: Applying layout: [{addr: {port=0, model=0x401cec6a7a2b7b}, dispId: 0(ON)}], Previous layout: [{addr: {port=0, model=0x401cec6a7a2b7b}, dispId: 0(ON)}]
04-08 12:07:01.741   567   660 I EventHub: usingClockIoctl=true
04-08 12:07:01.741   567   660 I EventHub: New device: id=1, fd=197, path='/dev/input/event10', name='virtio_input_multi_touch_10', classes=TOUCH | TOUCH_MT | SWITCH, configuration='/vendor/usr/idc/virtio_input_multi_touch_10.idc', keyLayout='', keyCharacterMap='', builtinKeyboard=false, 
04-08 12:07:01.741   567   660 I EventHub: usingClockIoctl=true
04-08 12:07:01.741   567   660 I EventHub: New device: id=2, fd=198, path='/dev/input/event6', name='virtio_input_multi_touch_6', classes=TOUCH | TOUCH_MT | SWITCH, configuration='/vendor/usr/idc/virtio_input_multi_touch_6.idc', keyLayout='', keyCharacterMap='', builtinKeyboard=false, 
04-08 12:07:01.742   567   660 I EventHub: usingClockIoctl=true
04-08 12:07:01.742   567   660 I EventHub: New device: id=3, fd=199, path='/dev/input/event11', name='virtio_input_multi_touch_11', classes=TOUCH | TOUCH_MT | SWITCH, configuration='/vendor/usr/idc/virtio_input_multi_touch_11.idc', keyLayout='', keyCharacterMap='', builtinKeyboard=false, 
04-08 12:07:01.742   567   660 I EventHub: usingClockIoctl=true
04-08 12:07:01.742   567   660 I EventHub: New device: id=4, fd=200, path='/dev/input/event8', name='virtio_input_multi_touch_8', classes=TOUCH | TOUCH_MT | SWITCH, configuration='/vendor/usr/idc/virtio_input_multi_touch_8.idc', keyLayout='', keyCharacterMap='', builtinKeyboard=false, 
04-08 12:07:01.742   567   660 I EventHub: usingClockIoctl=true
04-08 12:07:01.742   567   660 I EventHub: New device: id=5, fd=201, path='/dev/input/event4', name='virtio_input_multi_touch_4', classes=TOUCH | TOUCH_MT | SWITCH, configuration='/vendor/usr/idc/virtio_input_multi_touch_4.idc', keyLayout='', keyCharacterMap='', builtinKeyboard=false, 
04-08 12:07:01.742   567   660 I EventHub: usingClockIoctl=true
04-08 12:07:01.742   567   660 I EventHub: New device: id=6, fd=202, path='/dev/input/event1', name='virtio_input_multi_touch_1', classes=TOUCH | TOUCH_MT | SWITCH, configuration='/vendor/usr/idc/virtio_input_multi_touch_1.idc', keyLayout='', keyCharacterMap='', builtinKeyboard=false, 
04-08 12:07:01.743   567   567 I SystemServiceManager: Starting com.android.server.bluetooth.BluetoothService
04-08 12:07:01.744   567   567 D BluetoothManagerService: Loading stored name and address
04-08 12:07:01.744   567   567 D BluetoothManagerService: Stored bluetooth Name=sdk_gphone64_arm64,Address=DA:4C:10:DE:17:00
04-08 12:07:01.744   567   567 D BluetoothManagerService: Bluetooth persisted state: 1
04-08 12:07:01.744   567   567 D BluetoothManagerService: Startup: Bluetooth persisted state is ON.
04-08 12:07:01.744   567   567 D BluetoothManagerService: Detected SystemUiUid: 10145
04-08 12:07:01.744   567   567 D SystemServerTiming: IpConnectivityMetrics
04-08 12:07:01.744   567   567 I SystemServiceManager: Starting com.android.server.connectivity.IpConnectivityMetrics
04-08 12:07:01.744   567   567 D SystemServerTiming: NetworkWatchlistService
04-08 12:07:01.744   567   567 I SystemServiceManager: Starting com.android.server.net.watchlist.NetworkWatchlistService$Lifecycle
04-08 12:07:01.744   567   660 I EventHub: usingClockIoctl=true
04-08 12:07:01.744   567   660 I EventHub: New device: id=7, fd=203, path='/dev/input/event12', name='qwerty2', classes=KEYBOARD | ALPHAKEY | DPAD, configuration='/vendor/usr/idc/qwerty2.idc', keyLayout='/vendor/usr/keylayout/qwerty.kl', keyCharacterMap='/system/usr/keychars/qwerty2.kcm', builtinKeyboard=true, 
04-08 12:07:01.744   567   660 I EventHub: usingClockIoctl=true
04-08 12:07:01.744   567   660 I EventHub: New device: id=8, fd=204, path='/dev/input/event7', name='virtio_input_multi_touch_7', classes=TOUCH | TOUCH_MT | SWITCH, configuration='/vendor/usr/idc/virtio_input_multi_touch_7.idc', keyLayout='', keyCharacterMap='', builtinKeyboard=false, 
04-08 12:07:01.745   567   660 I EventHub: usingClockIoctl=true
04-08 12:07:01.745   567   660 I EventHub: New device: id=9, fd=207, path='/dev/input/event2', name='virtio_input_multi_touch_2', classes=TOUCH | TOUCH_MT | SWITCH, configuration='/vendor/usr/idc/virtio_input_multi_touch_2.idc', keyLayout='', keyCharacterMap='', builtinKeyboard=false, 
04-08 12:07:01.745   567   660 I EventHub: usingClockIoctl=true
04-08 12:07:01.745   567   660 I EventHub: New device: id=10, fd=208, path='/dev/input/event3', name='virtio_input_multi_touch_3', classes=TOUCH | TOUCH_MT | SWITCH, configuration='/vendor/usr/idc/virtio_input_multi_touch_3.idc', keyLayout='', keyCharacterMap='', builtinKeyboard=false, 
04-08 12:07:01.745   567   660 I EventHub: usingClockIoctl=true
04-08 12:07:01.745   567   660 I EventHub: New device: id=11, fd=209, path='/dev/input/event9', name='virtio_input_multi_touch_9', classes=TOUCH | TOUCH_MT | SWITCH, configuration='/vendor/usr/idc/virtio_input_multi_touch_9.idc', keyLayout='', keyCharacterMap='', builtinKeyboard=false, 
04-08 12:07:01.745   567   660 I EventHub: usingClockIoctl=true
04-08 12:07:01.745   567   660 I EventHub: New device: id=12, fd=212, path='/dev/input/event5', name='virtio_input_multi_touch_5', classes=TOUCH | TOUCH_MT | SWITCH, configuration='/vendor/usr/idc/virtio_input_multi_touch_5.idc', keyLayout='', keyCharacterMap='', builtinKeyboard=false, 
04-08 12:07:01.745   567   660 D EventHub: No input device configuration file found for device 'gpio-keys'.
04-08 12:07:01.745   567   567 I WatchlistSettings: Reload watchlist settings done
04-08 12:07:01.746   567   663 I WatchlistLoggingHandler: No need to aggregate record yet.
04-08 12:07:01.746   567   663 I WatchlistLoggingHandler: Milliseconds spent on tryAggregateRecords(): 0
04-08 12:07:01.746   567   567 D SystemServerTiming: PinnerService
04-08 12:07:01.746   567   567 I SystemServiceManager: Starting com.android.server.PinnerService
