04-08 12:27:38.048   569   643 I UsbPortManager: USB HAL HIDL present
04-08 12:27:38.048   569   569 D JobStore: Start tag: job-info
04-08 12:27:38.048   569   643 I android_os_HwBinder: HwBinder: Starting thread pool for getting: android.hidl.manager@1.0::IServiceManager/default
04-08 12:27:38.048   569   594 I UsbPortManager: Usb hal service started android.hardware.usb@1.0::IUsb default
04-08 12:27:38.049   569   643 I android_os_HwBinder: HwBinder: Starting thread pool for getting: android.hardware.usb@1.0::IUsb/default
04-08 12:27:38.049   569   643 D UsbPortManager: getInstance done
04-08 12:27:38.049   391   391 I android.hardware.usb@1.0-service: registering callback
04-08 12:27:38.049   391   391 E android.hardware.usb@1.0-service: Failed to open /sys/class/dual_role_usb
04-08 12:27:38.049   391   714 E android.hardware.usb@1.0-service: creating thread
04-08 12:27:38.050   569   569 I JobStore: Read 119 jobs
04-08 12:27:38.051   569   691 D ConnectivityService: NetReassign [no changes] [c 0] [a 0] [i 0]
04-08 12:27:38.051   569   569 V HistoricalRegistry: Interaction before persistence initialized
04-08 12:27:38.051   569   569 V HistoricalRegistry: Interaction before persistence initialized
04-08 12:27:38.051   569   569 D SystemServerTiming: StartSoundTrigger
04-08 12:27:38.051   569   569 I SystemServiceManager: Starting com.android.server.soundtrigger.SoundTriggerService
04-08 12:27:38.052   569   569 D SystemServerTiming: StartTrustManager
04-08 12:27:38.052   569   569 I SystemServiceManager: Starting com.android.server.trust.TrustManagerService
04-08 12:27:38.052   569   569 D SystemServerTiming: StartBackupManager
04-08 12:27:38.052   569   569 I SystemServiceManager: Starting com.android.server.backup.BackupManagerService$Lifecycle
04-08 12:27:38.052   569   569 D SystemServerTiming: StartAppWidgetService
04-08 12:27:38.052   569   569 I SystemServiceManager: Starting com.android.server.appwidget.AppWidgetService
04-08 12:27:38.052   569   701 E AS.AudioService: error reading spatial audio device settings
04-08 12:27:38.052   569   701 I AS.SpatializerHelper: init effectExpected=false
04-08 12:27:38.052   569   701 I AS.SpatializerHelper: init(): setting state to STATE_NOT_SUPPORTED due to effect not expected
04-08 12:27:38.052   569   701 I AS.SpatializerHelper: setFeatureEnabled(false) was featureEnabled:false
04-08 12:27:38.053   569   569 D SystemServerTiming: StartVoiceRecognitionManager
04-08 12:27:38.053   569   569 I SystemServiceManager: Starting com.android.server.voiceinteraction.VoiceInteractionManagerService
04-08 12:27:38.107   569   569 D SystemServerTiming: StartAppHibernationService
04-08 12:27:38.107   569   569 I SystemServiceManager: Starting com.android.server.apphibernation.AppHibernationService
04-08 12:27:38.107   569   569 D SystemServerTiming: StartGestureLauncher
04-08 12:27:38.107   569   569 I SystemServiceManager: Starting com.android.server.GestureLauncherService
04-08 12:27:38.107   569   569 D SystemServerTiming: StartSensorNotification
04-08 12:27:38.107   569   569 I SystemServiceManager: Starting com.android.server.SensorNotificationService
04-08 12:27:38.107   569   569 D SystemServerTiming: StartDiskStatsService
04-08 12:27:38.107   569   569 D CompatibilityChangeReporter: Compat change id reported: 194532703; UID 1000; state: ENABLED
04-08 12:27:38.107   569   569 D CompatibilityChangeReporter: Compat change id reported: 194532703; UID 1000; state: ENABLED
04-08 12:27:38.107   569   569 D SystemServerTiming: RuntimeService
04-08 12:27:38.108   569   569 D SystemServerTiming: StartNetworkTimeUpdateService
04-08 12:27:38.108   569   569 D SystemServerTiming: CertBlacklister
04-08 12:27:38.108   569   569 D SystemServerTiming: StartEmergencyAffordanceService
04-08 12:27:38.108   569   569 I SystemServiceManager: Starting com.android.server.emergency.EmergencyAffordanceService
04-08 12:27:38.108   569   569 D SystemServerTiming: startBlobStoreManagerService
04-08 12:27:38.108   569   569 I SystemServiceManager: Starting com.android.server.blob.BlobStoreManagerService
04-08 12:27:38.108   569   569 D SystemServerTiming: StartDreamManager
04-08 12:27:38.108   569   569 I SystemServiceManager: Starting com.android.server.dreams.DreamManagerService
04-08 12:27:38.108   569   569 D SystemServerTiming: AddGraphicsStatsService
04-08 12:27:38.109   569   569 D SystemServerTiming: StartPrintManager
04-08 12:27:38.109   569   569 I SystemServiceManager: Starting com.android.server.print.PrintManagerService
04-08 12:27:38.109   569   569 D SystemServerTiming: StartAttestationVerificationService
04-08 12:27:38.109   569   569 I SystemServiceManager: Starting com.android.server.security.AttestationVerificationManagerService
04-08 12:27:38.109   569   569 D AVF     : Started
04-08 12:27:38.109   569   569 D SystemServerTiming: StartCompanionDeviceManager
04-08 12:27:38.109   569   569 I SystemServiceManager: Starting com.android.server.companion.CompanionDeviceManagerService
04-08 12:27:38.109   569   569 I CompanionDevice_PersistentDataStore: Reading associations for user 0 from disk
04-08 12:27:38.109   569   569 D SystemServerTiming: StartVirtualDeviceManager
04-08 12:27:38.110   569   569 I SystemServiceManager: Starting com.android.server.companion.virtual.VirtualDeviceManagerService
04-08 12:27:38.110   569   569 D SystemServerTiming: StartRestrictionManager
04-08 12:27:38.110   569   569 I SystemServiceManager: Starting com.android.server.restrictions.RestrictionsManagerService
04-08 12:27:38.110   569   569 D SystemServerTiming: StartMediaSessionService
04-08 12:27:38.110   569   569 I SystemServiceManager: Starting com.android.server.media.MediaSessionService
04-08 12:27:38.110   569   569 D SystemServerTiming: StartMediaResourceMonitor
04-08 12:27:38.110   569   569 I SystemServiceManager: Starting com.android.server.media.MediaResourceMonitorService
04-08 12:27:38.110   569   569 D SystemServerTiming: StartMediaRouterService
04-08 12:27:38.110   569   569 V HistoricalRegistry: Interaction before persistence initialized
04-08 12:27:38.111   569   569 D SystemServerTiming: StartFingerprintSensor
04-08 12:27:38.111   569   569 I SystemServiceManager: Starting com.android.server.biometrics.sensors.fingerprint.FingerprintService
04-08 12:27:38.111   569   569 D SystemServerTiming: StartBiometricService
04-08 12:27:38.111   569   569 I SystemServiceManager: Starting com.android.server.biometrics.BiometricService
04-08 12:27:38.111   569   569 D SystemServerTiming: StartAuthService
04-08 12:27:38.111   569   569 I SystemServiceManager: Starting com.android.server.biometrics.AuthService
04-08 12:27:38.111   569   569 D AuthService: Registering HIDL ID: 0 Modality: 2 Strength: 15
04-08 12:27:38.112   569   569 D SystemServerTiming: StartDynamicCodeLoggingService
04-08 12:27:38.112   569   569 D SystemServerTiming: StartPruneInstantAppsJobService
04-08 12:27:38.112   569   569 D SystemServerTiming: StartShortcutServiceLifecycle
04-08 12:27:38.112   569   569 I SystemServiceManager: Starting com.android.server.pm.ShortcutService$Lifecycle
04-08 12:27:38.112   569   723 D BiometricService: Registering ID: 0 Modality: 2 Strength: 15
04-08 12:27:38.112   569   723 D BiometricStrengthController: updateStrengths: revert sensorId=0 to oemStrength=15
04-08 12:27:38.112   569   723 D BiometricService/Sensor: updateStrength: Before(ID(0), oemStrength: 15, updatedStrength: 15, modality 2, state: 0, cookie: 0) After(ID(0), oemStrength: 15, updatedStrength: 15, modality 2, state: 0, cookie: 0)
04-08 12:27:38.112   569   569 V HistoricalRegistry: Interaction before persistence initialized
04-08 12:27:38.112   569   569 D SystemServerTiming: StartLauncherAppsService
04-08 12:27:38.112   569   569 I SystemServiceManager: Starting com.android.server.pm.LauncherAppsService
04-08 12:27:38.113   569   569 D SystemServerTiming: StartCrossProfileAppsService
04-08 12:27:38.113   569   569 I SystemServiceManager: Starting com.android.server.pm.CrossProfileAppsService
04-08 12:27:38.113   569   569 D SystemServerTiming: StartPeopleService
04-08 12:27:38.113   569   569 I SystemServiceManager: Starting com.android.server.people.PeopleService
04-08 12:27:38.113   569   569 D SystemServerTiming: StartMediaMetricsManager
04-08 12:27:38.113   569   569 I SystemServiceManager: Starting com.android.server.media.metrics.MediaMetricsManagerService
04-08 12:27:38.113   569   569 D SystemServerTiming: StartMediaProjectionManager
04-08 12:27:38.113   569   569 I SystemServiceManager: Starting com.android.server.media.projection.MediaProjectionManagerService
04-08 12:27:38.114   569   569 V MediaRouter: Selecting route: RouteInfo{ name=Phone, description=null, status=null, category=RouteCategory{ name=System types=ROUTE_TYPE_LIVE_AUDIO ROUTE_TYPE_LIVE_VIDEO  groupable=false }, supportedTypes=ROUTE_TYPE_LIVE_AUDIO ROUTE_TYPE_LIVE_VIDEO , presentationDisplay=null }
04-08 12:27:38.114   569   569 I MediaRouter: Skip setBluetoothA2dpOn(): types=8388615, isPlaybackActive()=false, BT route=null
04-08 12:27:38.114   569   569 D SystemServerTiming: StartSliceManagerService
04-08 12:27:38.114   569   569 I SystemServiceManager: Starting com.android.server.slice.SliceManagerService$Lifecycle
04-08 12:27:38.114   569   569 D SystemServerTiming: StartStatsCompanion
04-08 12:27:38.114   569   569 I SystemServiceManager: Starting com.android.server.stats.StatsCompanion$Lifecycle
04-08 12:27:38.114   569   569 D SystemServerTiming: StartRebootReadinessManagerService
04-08 12:27:38.115   569   569 I SystemServiceManager: Starting com.android.server.scheduling.RebootReadinessManagerService$Lifecycle
04-08 12:27:38.115   569   569 I TetheringManager: registerTetheringEventCallback:android
04-08 12:27:38.115   569   569 I TetheringManager: registerTetheringEventCallback caller:android
04-08 12:27:38.115   569   569 D SystemServerTiming: StartStatsPullAtomService
04-08 12:27:38.115   569   569 I SystemServiceManager: Starting com.android.server.stats.pull.StatsPullAtomService
04-08 12:27:38.115   569   569 D SystemServerTiming: StatsBootstrapAtomService
04-08 12:27:38.115   569   569 I SystemServiceManager: Starting com.android.server.stats.bootstrap.StatsBootstrapAtomService$Lifecycle
04-08 12:27:38.115   569   569 D SystemServerTiming: StartIncidentCompanionService
04-08 12:27:38.115   569   569 I SystemServiceManager: Starting com.android.server.incident.IncidentCompanionService
04-08 12:27:38.115   569   569 D SystemServerTiming: StarSdkSandboxManagerService
04-08 12:27:38.115   569   569 I SystemServiceManager: Starting com.android.server.sdksandbox.SdkSandboxManagerService$Lifecycle
04-08 12:27:38.116   569   569 D SystemServerTiming: StartAdServicesManagerService
04-08 12:27:38.116   569   569 I SystemServiceManager: Starting com.android.server.adservices.AdServicesManagerService$Lifecycle
04-08 12:27:38.116   569   569 I AdServicesManagerService: AdServicesManagerService started!
04-08 12:27:38.116   569   569 D SystemServerTiming: StartMmsService
04-08 12:27:38.116   569   569 I SystemServiceManager: Starting com.android.server.MmsServiceBroker
04-08 12:27:38.116   569   569 D SystemServerTiming: StartAutoFillService
04-08 12:27:38.116   569   569 I SystemServiceManager: Starting com.android.server.autofill.AutofillManagerService
04-08 12:27:38.116   569   569 E AutofillManagerServiceImpl: Bad service name: com.google.android.gms/.autofill.service.AutofillService
04-08 12:27:38.116   569   569 E RemoteAugmentedAutofillService: Bad service name for flags 1048704: com.google.android.as/com.google.android.apps.miphone.aiai.app.AiAiAugmentedAutofillService
04-08 12:27:38.116   569   569 D SystemServerTiming: StartTranslationManagerService
04-08 12:27:38.116   569   569 I SystemServiceManager: Starting com.android.server.translation.TranslationManagerService
04-08 12:27:38.116   569   569 D SystemServerTiming: StartSelectionToolbarManagerService
04-08 12:27:38.116   569   569 I SystemServiceManager: Starting com.android.server.selectiontoolbar.SelectionToolbarManagerService
04-08 12:27:38.117   569   569 D SystemServerTiming: StartClipboardService
04-08 12:27:38.117   569   569 I SystemServiceManager: Starting com.android.server.clipboard.ClipboardService
04-08 12:27:38.117   569   569 D SystemServerTiming: AppServiceManager
04-08 12:27:38.117   569   569 I SystemServiceManager: Starting com.android.server.appbinding.AppBindingService$Lifecycle
04-08 12:27:38.117   569   569 D SystemServerTiming: startTracingServiceProxy
04-08 12:27:38.117   569   569 I SystemServiceManager: Starting com.android.server.tracing.TracingServiceProxy
04-08 12:27:38.118   569   569 D SystemServerTiming: MakeLockSettingsServiceReady
04-08 12:27:38.119   220   220 I hwservicemanager: getTransport: Cannot find entry android.hardware.weaver@1.0::IWeaver/default in either framework or device VINTF manifest.
04-08 12:27:38.119   569   569 I SyntheticPasswordManager: Device does not support weaver
04-08 12:27:38.119   569   569 I android_os_HwBinder: HwBinder: Starting thread pool for getting: android.hardware.authsecret@1.0::IAuthSecret/default
04-08 12:27:38.119   569   569 D SystemServerTiming: StartBootPhaseLockSettingsReady
04-08 12:27:38.119   569   569 I SystemServiceManager: Starting phase 480
04-08 12:27:38.119   569   569 D SystemServerTiming: OnBootPhase_480
04-08 12:27:38.119   569   569 D SystemServerTiming: OnBootPhase_480_com.android.server.security.FileIntegrityService
04-08 12:27:38.119   569   569 D SystemServerTiming: OnBootPhase_480_com.android.server.pm.Installer
04-08 12:27:38.119   569   569 D SystemServerTiming: OnBootPhase_480_com.android.server.os.DeviceIdentifiersPolicyService
04-08 12:27:38.119   569   569 D SystemServerTiming: OnBootPhase_480_com.android.server.uri.UriGrantsManagerService$Lifecycle
04-08 12:27:38.119   569   569 D SystemServerTiming: OnBootPhase_480_com.android.server.powerstats.PowerStatsService
04-08 12:27:38.119   569   569 D SystemServerTiming: OnBootPhase_480_com.android.server.wm.ActivityTaskManagerService$Lifecycle
04-08 12:27:38.119   569   569 D SystemServerTiming: OnBootPhase_480_com.android.server.am.ActivityManagerService$Lifecycle
04-08 12:27:38.119   569   569 D SystemServerTiming: OnBootPhase_480_com.android.server.pm.DataLoaderManagerService
04-08 12:27:38.119   569   569 D SystemServerTiming: OnBootPhase_480_com.android.server.power.PowerManagerService
04-08 12:27:38.119   569   569 D SystemServerTiming: OnBootPhase_480_com.android.server.power.ThermalManagerService
04-08 12:27:38.119   569   569 D SystemServerTiming: OnBootPhase_480_com.android.server.power.hint.HintManagerService
04-08 12:27:38.119   569   569 D SystemServerTiming: OnBootPhase_480_com.android.server.recoverysystem.RecoverySystemService$Lifecycle
04-08 12:27:38.119   569   569 D SystemServerTiming: OnBootPhase_480_com.android.server.lights.LightsService
04-08 12:27:38.119   569   569 D SystemServerTiming: OnBootPhase_480_com.android.server.display.DisplayManagerService
04-08 12:27:38.119   569   569 D SystemServerTiming: OnBootPhase_480_com.android.server.pm.verify.domain.DomainVerificationService
04-08 12:27:38.119   569   569 D SystemServerTiming: OnBootPhase_480_com.android.server.pm.PackageInstallerService$Lifecycle
04-08 12:27:38.119   569   569 D SystemServerTiming: OnBootPhase_480_com.android.server.pm.UserManagerService$LifeCycle
04-08 12:27:38.119   569   569 D SystemServerTiming: OnBootPhase_480_com.android.server.om.OverlayManagerService
04-08 12:27:38.119   569   569 D SystemServerTiming: OnBootPhase_480_com.android.server.resources.ResourcesManagerService
04-08 12:27:38.119   569   569 D SystemServerTiming: OnBootPhase_480_com.android.server.sensorprivacy.SensorPrivacyService
04-08 12:27:38.119   569   569 D SystemServerTiming: OnBootPhase_480_com.android.server.sensors.SensorService
04-08 12:27:38.119   569   569 D SystemServerTiming: OnBootPhase_480_com.android.server.SystemConfigService
04-08 12:27:38.119   569   569 D SystemServerTiming: OnBootPhase_480_com.android.server.BatteryService
04-08 12:27:38.119   569   569 D SystemServerTiming: OnBootPhase_480_com.android.server.usage.UsageStatsService
04-08 12:27:38.119   569   569 D SystemServerTiming: OnBootPhase_480_com.android.server.webkit.WebViewUpdateService
04-08 12:27:38.119   569   569 D SystemServerTiming: OnBootPhase_480_com.android.server.CachedDeviceStateService
04-08 12:27:38.119   569   569 D SystemServerTiming: OnBootPhase_480_com.android.server.BinderCallsStatsService$LifeCycle
04-08 12:27:38.119   569   569 D SystemServerTiming: OnBootPhase_480_com.android.server.LooperStatsService$Lifecycle
04-08 12:27:38.119   569   569 D SystemServerTiming: OnBootPhase_480_com.android.server.rollback.RollbackManagerService
04-08 12:27:38.119   569   569 D SystemServerTiming: OnBootPhase_480_com.android.server.os.NativeTombstoneManagerService
04-08 12:27:38.119   569   569 D SystemServerTiming: OnBootPhase_480_com.android.server.os.BugreportManagerService
04-08 12:27:38.119   569   569 D SystemServerTiming: OnBootPhase_480_com.android.server.gpu.GpuService
04-08 12:27:38.119   569   569 D SystemServerTiming: OnBootPhase_480_com.android.server.security.KeyChainSystemService
04-08 12:27:38.119   569   569 D SystemServerTiming: OnBootPhase_480_com.android.server.BinaryTransparencyService
04-08 12:27:38.119   569   569 D SystemServerTiming: OnBootPhase_480_com.android.server.telecom.TelecomLoaderService
04-08 12:27:38.119   569   569 D SystemServerTiming: OnBootPhase_480_com.android.server.accounts.AccountManagerService$Lifecycle
04-08 12:27:38.119   569   569 D SystemServerTiming: OnBootPhase_480_com.android.server.content.ContentService$Lifecycle
04-08 12:27:38.119   569   569 D SystemServerTiming: OnBootPhase_480_com.android.server.DropBoxManagerService
04-08 12:27:38.119   569   569 D SystemServerTiming: OnBootPhase_480_com.android.role.RoleService
04-08 12:27:38.119   569   569 D SystemServerTiming: OnBootPhase_480_com.android.server.vibrator.VibratorManagerService$Lifecycle
04-08 12:27:38.119   569   569 D SystemServerTiming: OnBootPhase_480_com.android.server.tare.InternalResourceService
04-08 12:27:38.119   569   569 D SystemServerTiming: OnBootPhase_480_com.android.server.alarm.AlarmManagerService
04-08 12:27:38.119   569   569 D SystemServerTiming: OnBootPhase_480_com.android.server.devicestate.DeviceStateManagerService
04-08 12:27:38.119   569   569 D SystemServerTiming: OnBootPhase_480_com.android.server.camera.CameraServiceProxy
04-08 12:27:38.119   569   569 D SystemServerTiming: OnBootPhase_480_com.android.server.bluetooth.BluetoothService
04-08 12:27:38.119   569   569 D SystemServerTiming: OnBootPhase_480_com.android.server.connectivity.IpConnectivityMetrics
04-08 12:27:38.119   569   569 D SystemServerTiming: OnBootPhase_480_com.android.server.net.watchlist.NetworkWatchlistService$Lifecycle
04-08 12:27:38.119   569   569 D SystemServerTiming: OnBootPhase_480_com.android.server.PinnerService
04-08 12:27:38.119   569   569 D SystemServerTiming: OnBootPhase_480_com.android.server.integrity.AppIntegrityManagerService
04-08 12:27:38.119   569   569 D SystemServerTiming: OnBootPhase_480_com.android.server.logcat.LogcatManagerService
04-08 12:27:38.119   569   569 D SystemServerTiming: OnBootPhase_480_com.android.server.inputmethod.InputMethodManagerService$Lifecycle
04-08 12:27:38.119   569   569 D SystemServerTiming: OnBootPhase_480_com.android.server.accessibility.AccessibilityManagerService$Lifecycle
04-08 12:27:38.119   569   569 D SystemServerTiming: OnBootPhase_480_com.android.server.StorageManagerService$Lifecycle
04-08 12:27:38.119   569   569 D SystemServerTiming: OnBootPhase_480_com.android.server.usage.StorageStatsService$Lifecycle
04-08 12:27:38.119   569   569 D SystemServerTiming: OnBootPhase_480_com.android.server.UiModeManagerService
04-08 12:27:38.119   569   569 D SystemServerTiming: OnBootPhase_480_com.android.server.locales.LocaleManagerService
04-08 12:27:38.119   569   569 D SystemServerTiming: OnBootPhase_480_com.android.server.locksettings.LockSettingsService$Lifecycle
04-08 12:27:38.119   569   569 D SystemServerTiming: OnBootPhase_480_com.android.server.testharness.TestHarnessModeService
04-08 12:27:38.119   569   569 D SystemServerTiming: OnBootPhase_480_com.android.server.DeviceIdleController
04-08 12:27:38.119   569   569 D SystemServerTiming: OnBootPhase_480_com.android.server.devicepolicy.DevicePolicyManagerService$Lifecycle
04-08 12:27:38.120   569   569 I UsbPortManager: USB HAL HIDL version: 10
04-08 12:27:38.120   569   569 D SystemServerTiming: OnBootPhase_480_com.android.server.musicrecognition.MusicRecognitionManagerService
04-08 12:27:38.120   569   569 D SystemServerTiming: OnBootPhase_480_com.android.server.contentcapture.ContentCaptureManagerService
04-08 12:27:38.120   569   569 D SystemServerTiming: OnBootPhase_480_com.android.server.systemcaptions.SystemCaptionsManagerService
04-08 12:27:38.120   569   569 D SystemServerTiming: OnBootPhase_480_com.android.server.texttospeech.TextToSpeechManagerService
04-08 12:27:38.120   569   569 D SystemServerTiming: OnBootPhase_480_com.android.server.ambientcontext.AmbientContextManagerService
04-08 12:27:38.120   569   569 D SystemServerTiming: OnBootPhase_480_com.android.server.speech.SpeechRecognitionManagerService
04-08 12:27:38.120   569   569 D SystemServerTiming: OnBootPhase_480_com.android.server.appprediction.AppPredictionManagerService
04-08 12:27:38.120   569   569 D SystemServerTiming: OnBootPhase_480_com.android.server.contentsuggestions.ContentSuggestionsManagerService
04-08 12:27:38.120   569   593 D SystemServerTimingAsync: InitThreadPoolExec:DevicePolicyManager
04-08 12:27:38.120   569   569 D SystemServerTiming: OnBootPhase_480_com.android.server.searchui.SearchUiManagerService
04-08 12:27:38.120   569   569 D SystemServerTiming: OnBootPhase_480_com.android.server.smartspace.SmartspaceManagerService
04-08 12:27:38.120   569   569 D SystemServerTiming: OnBootPhase_480_com.android.server.cloudsearch.CloudSearchManagerService
04-08 12:27:38.120   569   569 D SystemServerTiming: OnBootPhase_480_com.android.server.graphics.fonts.FontManagerService$Lifecycle
04-08 12:27:38.120   569   569 D SystemServerTiming: OnBootPhase_480_com.android.server.textservices.TextServicesManagerService$Lifecycle
04-08 12:27:38.120   569   569 D SystemServerTiming: OnBootPhase_480_com.android.server.textclassifier.TextClassificationManagerService$Lifecycle
04-08 12:27:38.120   569   569 D SystemServerTiming: OnBootPhase_480_com.android.server.NetworkScoreService$Lifecycle
04-08 12:27:38.120   569   569 D SystemServerTiming: OnBootPhase_480_com.android.server.NetworkStatsServiceInitializer
04-08 12:27:38.120   569   569 D SystemServerTiming: OnBootPhase_480_com.android.server.wifi.WifiService
04-08 12:27:38.120   569   569 D SystemServerTiming: OnBootPhase_480_com.android.server.wifi.scanner.WifiScanningService
04-08 12:27:38.120   569   569 D SystemServerTiming: OnBootPhase_480_com.android.server.wifi.p2p.WifiP2pService
04-08 12:27:38.120   569   569 D SystemServerTiming: OnBootPhase_480_com.android.server.ConnectivityServiceInitializer
04-08 12:27:38.120   569   569 D SystemServerTiming: OnBootPhase_480_com.android.server.notification.NotificationManagerService
04-08 12:27:38.120   569   569 D SystemServerTiming: OnBootPhase_480_com.android.server.storage.DeviceStorageMonitorService
04-08 12:27:38.120   569   569 D SystemServerTiming: OnBootPhase_480_com.android.server.location.LocationManagerService$Lifecycle
04-08 12:27:38.120   569   569 D SystemServerTiming: OnBootPhase_480_com.android.server.timedetector.TimeDetectorService$Lifecycle
04-08 12:27:38.120   569   569 D SystemServerTiming: OnBootPhase_480_com.android.server.timezonedetector.TimeZoneDetectorService$Lifecycle
04-08 12:27:38.120   569   569 D SystemServerTiming: OnBootPhase_480_com.android.server.timezonedetector.location.LocationTimeZoneManagerService$Lifecycle
04-08 12:27:38.120   569   569 D SystemServerTiming: OnBootPhase_480_com.android.server.search.SearchManagerService$Lifecycle
04-08 12:27:38.121   569   569 D SystemServerTiming: OnBootPhase_480_com.android.server.wallpaper.WallpaperManagerService$Lifecycle
04-08 12:27:38.121   569   569 D SystemServerTiming: OnBootPhase_480_com.android.server.wallpapereffectsgeneration.WallpaperEffectsGenerationManagerService
04-08 12:27:38.121   569   569 D SystemServerTiming: OnBootPhase_480_com.android.server.audio.AudioService$Lifecycle
04-08 12:27:38.121   569   569 D SystemServerTiming: OnBootPhase_480_com.android.server.soundtrigger_middleware.SoundTriggerMiddlewareService$Lifecycle
04-08 12:27:38.121   569   569 D SystemServerTiming: OnBootPhase_480_com.android.server.DockObserver
04-08 12:27:38.121   569   569 D SystemServerTiming: OnBootPhase_480_com.android.server.midi.MidiService$Lifecycle
04-08 12:27:38.121   569   569 D SystemServerTiming: OnBootPhase_480_com.android.server.adb.AdbService$Lifecycle
04-08 12:27:38.121   569   569 D SystemServerTiming: OnBootPhase_480_com.android.server.usb.UsbService$Lifecycle
04-08 12:27:38.121   569   569 D SystemServerTiming: OnBootPhase_480_com.android.server.twilight.TwilightService
04-08 12:27:38.121   569   569 D SystemServerTiming: OnBootPhase_480_com.android.server.display.color.ColorDisplayService
04-08 12:27:38.121   569   569 D SystemServerTiming: OnBootPhase_480_com.android.server.job.JobSchedulerService
04-08 12:27:38.121   569   569 D SystemServerTiming: OnBootPhase_480_com.android.server.soundtrigger.SoundTriggerService
04-08 12:27:38.121   569   569 D SoundTriggerService: onBootPhase: 480 : false
04-08 12:27:38.121   569   569 D SystemServerTiming: OnBootPhase_480_com.android.server.trust.TrustManagerService
04-08 12:27:38.121   569   569 D SystemServerTiming: OnBootPhase_480_com.android.server.backup.BackupManagerService$Lifecycle
04-08 12:27:38.121   569   569 D SystemServerTiming: OnBootPhase_480_com.android.server.appwidget.AppWidgetService
04-08 12:27:38.121   569   569 D SystemServerTiming: OnBootPhase_480_com.android.server.voiceinteraction.VoiceInteractionManagerService
04-08 12:27:38.121   569   569 D SystemServerTiming: OnBootPhase_480_com.android.server.apphibernation.AppHibernationService
04-08 12:27:38.121   569   569 D SystemServerTiming: OnBootPhase_480_com.android.server.GestureLauncherService
04-08 12:27:38.121   569   569 D SystemServerTiming: OnBootPhase_480_com.android.server.SensorNotificationService
04-08 12:27:38.121   569   569 D SystemServerTiming: OnBootPhase_480_com.android.server.emergency.EmergencyAffordanceService
04-08 12:27:38.121   569   569 D SystemServerTiming: OnBootPhase_480_com.android.server.blob.BlobStoreManagerService
04-08 12:27:38.121   569   569 D SystemServerTiming: OnBootPhase_480_com.android.server.dreams.DreamManagerService
04-08 12:27:38.121   569   569 D SystemServerTiming: OnBootPhase_480_com.android.server.print.PrintManagerService
04-08 12:27:38.121   569   569 D SystemServerTiming: OnBootPhase_480_com.android.server.security.AttestationVerificationManagerService
04-08 12:27:38.121   569   569 D SystemServerTiming: OnBootPhase_480_com.android.server.companion.CompanionDeviceManagerService
04-08 12:27:38.121   569   569 D SystemServerTiming: OnBootPhase_480_com.android.server.companion.virtual.VirtualDeviceManagerService
04-08 12:27:38.121   569   569 D SystemServerTiming: OnBootPhase_480_com.android.server.restrictions.RestrictionsManagerService
04-08 12:27:38.121   569   569 D SystemServerTiming: OnBootPhase_480_com.android.server.media.MediaSessionService
04-08 12:27:38.121   569   569 D SystemServerTiming: OnBootPhase_480_com.android.server.media.MediaResourceMonitorService
04-08 12:27:38.121   569   569 D SystemServerTiming: OnBootPhase_480_com.android.server.biometrics.sensors.fingerprint.FingerprintService
04-08 12:27:38.121   569   569 D SystemServerTiming: OnBootPhase_480_com.android.server.biometrics.BiometricService
04-08 12:27:38.121   569   569 D SystemServerTiming: OnBootPhase_480_com.android.server.biometrics.AuthService
04-08 12:27:38.121   569   569 D SystemServerTiming: OnBootPhase_480_com.android.server.pm.ShortcutService$Lifecycle
04-08 12:27:38.121   569   569 D SystemServerTiming: OnBootPhase_480_com.android.server.pm.LauncherAppsService
04-08 12:27:38.121   569   569 D SystemServerTiming: OnBootPhase_480_com.android.server.pm.CrossProfileAppsService
04-08 12:27:38.121   569   569 D SystemServerTiming: OnBootPhase_480_com.android.server.people.PeopleService
04-08 12:27:38.121   569   569 D SystemServerTiming: OnBootPhase_480_com.android.server.media.metrics.MediaMetricsManagerService
04-08 12:27:38.121   569   569 D SystemServerTiming: OnBootPhase_480_com.android.server.media.projection.MediaProjectionManagerService
04-08 12:27:38.121   569   569 D SystemServerTiming: OnBootPhase_480_com.android.server.slice.SliceManagerService$Lifecycle
04-08 12:27:38.121   569   569 D SystemServerTiming: OnBootPhase_480_com.android.server.stats.StatsCompanion$Lifecycle
04-08 12:27:38.121   569   569 D SystemServerTiming: OnBootPhase_480_com.android.server.scheduling.RebootReadinessManagerService$Lifecycle
04-08 12:27:38.121   569   569 D SystemServerTiming: OnBootPhase_480_com.android.server.stats.pull.StatsPullAtomService
04-08 12:27:38.121   569   569 D SystemServerTiming: OnBootPhase_480_com.android.server.stats.bootstrap.StatsBootstrapAtomService$Lifecycle
04-08 12:27:38.121   569   569 D SystemServerTiming: OnBootPhase_480_com.android.server.incident.IncidentCompanionService
04-08 12:27:38.121   569   569 D SystemServerTiming: OnBootPhase_480_com.android.server.sdksandbox.SdkSandboxManagerService$Lifecycle
04-08 12:27:38.121   569   569 D SystemServerTiming: OnBootPhase_480_com.android.server.adservices.AdServicesManagerService$Lifecycle
04-08 12:27:38.121   569   569 D SystemServerTiming: OnBootPhase_480_com.android.server.MmsServiceBroker
04-08 12:27:38.121   569   569 D SystemServerTiming: OnBootPhase_480_com.android.server.autofill.AutofillManagerService
04-08 12:27:38.121   569   569 D SystemServerTiming: OnBootPhase_480_com.android.server.translation.TranslationManagerService
04-08 12:27:38.121   569   569 D SystemServerTiming: OnBootPhase_480_com.android.server.selectiontoolbar.SelectionToolbarManagerService
04-08 12:27:38.121   569   569 D SystemServerTiming: OnBootPhase_480_com.android.server.clipboard.ClipboardService
04-08 12:27:38.121   569   569 D SystemServerTiming: OnBootPhase_480_com.android.server.appbinding.AppBindingService$Lifecycle
04-08 12:27:38.121   569   569 D SystemServerTiming: OnBootPhase_480_com.android.server.tracing.TracingServiceProxy
04-08 12:27:38.121   569   569 D SystemServerTiming: StartBootPhaseSystemServicesReady
04-08 12:27:38.121   569   569 I SystemServiceManager: Starting phase 500
04-08 12:27:38.121   569   569 D SystemServerTiming: OnBootPhase_500
04-08 12:27:38.121   569   569 D SystemServerTiming: OnBootPhase_500_com.android.server.security.FileIntegrityService
04-08 12:27:38.121   569   569 D SystemServerTiming: OnBootPhase_500_com.android.server.pm.Installer
04-08 12:27:38.121   569   569 D SystemServerTiming: OnBootPhase_500_com.android.server.os.DeviceIdentifiersPolicyService
04-08 12:27:38.121   569   569 D SystemServerTiming: OnBootPhase_500_com.android.server.uri.UriGrantsManagerService$Lifecycle
04-08 12:27:38.121   569   569 D SystemServerTiming: OnBootPhase_500_com.android.server.powerstats.PowerStatsService
04-08 12:27:38.121   569   569 W PowerStatsService: Error getting rail info
04-08 12:27:38.121   569   569 E StatsPullAtomCallbackImpl: Failed to init OnDevicePowerMeasurement puller
04-08 12:27:38.122   569   569 D SystemServerTiming: OnBootPhase_500_com.android.server.wm.ActivityTaskManagerService$Lifecycle
04-08 12:27:38.122   569   569 D SystemServerTiming: OnBootPhase_500_com.android.server.am.ActivityManagerService$Lifecycle
04-08 12:27:38.122   569   569 D ConnectivityService: requestNetwork for uid/pid:1000/569 activeRequest: null callbackRequest: 6 [NetworkRequest [ REQUEST id=7, [ Capabilities: INTERNET&NOT_RESTRICTED&TRUSTED&NOT_VCN_MANAGED Uid: 1000 RequestorUid: 1000 RequestorPkg: android UnderlyingNetworks: Null] ]] callback flags: 0 order: 2147483647
04-08 12:27:38.122   569   691 D ConnectivityService: NetReassign [no changes] [c 0] [a 0] [i 0]
04-08 12:27:38.122   569   569 D SystemServerTiming: OnBootPhase_500_com.android.server.pm.DataLoaderManagerService
04-08 12:27:38.122   569   569 D SystemServerTiming: OnBootPhase_500_com.android.server.power.PowerManagerService
04-08 12:27:38.122   569   569 I AttentionDetector: readValuesFromDeviceConfig():
04-08 12:27:38.122   569   569 I AttentionDetector: mMaximumExtensionMillis=900000
04-08 12:27:38.122   569   569 I AttentionDetector: mPreDimCheckDurationMillis=2000
04-08 12:27:38.122   569   569 I AttentionDetector: mRequestedPostDimTimeoutMillis=0
04-08 12:27:38.123   569   569 W BrightnessThrottler: DeviceConfig BrightnessThrottlingData is null
04-08 12:27:38.123   569   569 E DisplayPowerController[0]: failed to set up display white-balance: java.lang.IllegalStateException: cannot find sensor com.google.sensor.color
04-08 12:27:38.123   569   569 W DisplayPowerController[0]: Screen brightness nits configuration is unavailable; falling back
04-08 12:27:38.124   569   569 E DeviceConfig: Parsing int failed for location_mode
04-08 12:27:38.124   569   613 W KeyguardServiceDelegate: onScreenTurningOn(): no keyguard service!
04-08 12:27:38.124   569   569 I FaceDownDetector: readValuesFromDeviceConfig():
04-08 12:27:38.124   569   569 I FaceDownDetector: mAccelerationThreshold=0.2
04-08 12:27:38.124   569   569 I FaceDownDetector: mZAccelerationThreshold=-9.5
04-08 12:27:38.124   569   569 I FaceDownDetector: mTimeThreshold=PT1S
04-08 12:27:38.124   569   569 I FaceDownDetector: mIsEnabled=true
04-08 12:27:38.124   569   613 V DisplayPowerController[0]: Brightness [0.39763778] reason changing to: 'override', previous reason: '0'.
04-08 12:27:38.124   569   613 I DisplayPowerController[0]: BrightnessEvent: disp=0, physDisp=local:4619827259835644672, brt=0.39763778, initBrt=NaN, rcmdBrt=NaN, preBrt=NaN, lux=0.0, fastAmbientLux=-1.0, slowAmbientLux=-1.0, preLux=0.0, hbmMax=1.0, hbmMode=off, rbcStrength=0, powerFactor=1.0, thrmMax=1.0, flags=, reason=override, autoBrightness=false
04-08 12:27:38.124   569   613 I DisplayPowerController[0]: BrightnessEvent: disp=0, physDisp=local:4619827259835644672, brt=0.39763778, initBrt=0.39763778, rcmdBrt=NaN, preBrt=NaN, lux=0.0, fastAmbientLux=-1.0, slowAmbientLux=-1.0, preLux=0.0, hbmMax=1.0, hbmMode=off, rbcStrength=0, powerFactor=1.0, thrmMax=1.0, flags=, reason=override, autoBrightness=false
04-08 12:27:38.124   569   569 I ScreenUndimDetector: readValuesFromDeviceConfig():
04-08 12:27:38.124   569   569 I ScreenUndimDetector: mKeepScreenOnForMillis=600000
04-08 12:27:38.124   569   569 I ScreenUndimDetector: mKeepScreenOnNotificationEnabled=true
04-08 12:27:38.124   569   569 I ScreenUndimDetector: mUndimsRequired=2
04-08 12:27:38.125   569   569 D SystemServerTiming: OnBootPhase_500_com.android.server.power.ThermalManagerService
04-08 12:27:38.125   569   569 D SystemServerTiming: OnBootPhase_500_com.android.server.power.hint.HintManagerService
04-08 12:27:38.125   569   569 V HintManagerService: Initializing HintManager service...
04-08 12:27:38.125   569   569 V HistoricalRegistry: Interaction before persistence initialized
04-08 12:27:38.125   569   569 D SystemServerTiming: OnBootPhase_500_com.android.server.recoverysystem.RecoverySystemService$Lifecycle
04-08 12:27:38.125   569   569 D SystemServerTiming: OnBootPhase_500_com.android.server.lights.LightsService
04-08 12:27:38.125   569   569 D SystemServerTiming: OnBootPhase_500_com.android.server.display.DisplayManagerService
04-08 12:27:38.125   569   569 D SystemServerTiming: OnBootPhase_500_com.android.server.pm.verify.domain.DomainVerificationService
04-08 12:27:38.125   569   569 D SystemServerTiming: OnBootPhase_500_com.android.server.pm.PackageInstallerService$Lifecycle
04-08 12:27:38.125   569   569 D SystemServerTiming: OnBootPhase_500_com.android.server.pm.UserManagerService$LifeCycle
04-08 12:27:38.125   569   569 D SystemServerTiming: OnBootPhase_500_com.android.server.om.OverlayManagerService
04-08 12:27:38.125   569   569 D SystemServerTiming: OnBootPhase_500_com.android.server.resources.ResourcesManagerService
04-08 12:27:38.125   569   569 D SystemServerTiming: OnBootPhase_500_com.android.server.sensorprivacy.SensorPrivacyService
04-08 12:27:38.125   569   569 D SystemServerTiming: OnBootPhase_500_com.android.server.sensors.SensorService
04-08 12:27:38.125   569   569 D SystemServerTiming: OnBootPhase_500_com.android.server.SystemConfigService
04-08 12:27:38.125   569   569 D SystemServerTiming: OnBootPhase_500_com.android.server.BatteryService
04-08 12:27:38.125   569   569 D SystemServerTiming: OnBootPhase_500_com.android.server.usage.UsageStatsService
04-08 12:27:38.125   399   399 I android.hardware.power-service.example: Power isModeSupported: 9
04-08 12:27:38.125   569   569 D AppStandbyController: Setting app idle enabled state
04-08 12:27:38.126   569   589 I DisplayDeviceRepository: Display device changed state: "Built-in Screen", ON
04-08 12:27:38.126   569   589 I InputManager-JNI: Viewport [0] to add: local:4619827259835644672, isActive: true
04-08 12:27:38.126   407   407 D SurfaceFlinger: Setting power mode 2 on display 4619827259835644672
04-08 12:27:38.126   569   658 I InputReader: Reconfiguring input devices, changes=DISPLAY_INFO | 
04-08 12:27:38.126   569   658 I InputReader: Touch device 'virtio_input_multi_touch_10' could not query the properties of its associated display.  The device will be inoperable until the display size becomes available.
04-08 12:27:38.126   569   658 I InputReader: Touch device 'virtio_input_multi_touch_6' could not query the properties of its associated display.  The device will be inoperable until the display size becomes available.
04-08 12:27:38.126   569   658 I InputReader: Touch device 'virtio_input_multi_touch_11' could not query the properties of its associated display.  The device will be inoperable until the display size becomes available.
04-08 12:27:38.126   569   658 I InputReader: Touch device 'virtio_input_multi_touch_4' could not query the properties of its associated display.  The device will be inoperable until the display size becomes available.
04-08 12:27:38.126   569   658 I InputReader: Device reconfigured: id=8, name='virtio_input_multi_touch_1', size 1080x2280, orientation 0, mode 1, display id 0
04-08 12:27:38.126   569   658 I InputReader: Touch device 'virtio_input_multi_touch_7' could not query the properties of its associated display.  The device will be inoperable until the display size becomes available.
04-08 12:27:38.126   569   658 I InputReader: Touch device 'virtio_input_multi_touch_2' could not query the properties of its associated display.  The device will be inoperable until the display size becomes available.
04-08 12:27:38.126   569   569 V HistoricalRegistry: Interaction before persistence initialized
04-08 12:27:38.126   569   658 I InputReader: Touch device 'virtio_input_multi_touch_9' could not query the properties of its associated display.  The device will be inoperable until the display size becomes available.
04-08 12:27:38.126   569   658 I InputReader: Touch device 'virtio_input_multi_touch_5' could not query the properties of its associated display.  The device will be inoperable until the display size becomes available.
04-08 12:27:38.126   569   658 I InputReader: Touch device 'virtio_input_multi_touch_3' could not query the properties of its associated display.  The device will be inoperable until the display size becomes available.
04-08 12:27:38.126   569   658 I InputReader: Touch device 'virtio_input_multi_touch_8' could not query the properties of its associated display.  The device will be inoperable until the display size becomes available.
04-08 12:27:38.126   569   569 D SystemServerTiming: OnBootPhase_500_com.android.server.webkit.WebViewUpdateService
04-08 12:27:38.126   569   569 D SystemServerTiming: OnBootPhase_500_com.android.server.CachedDeviceStateService
04-08 12:27:38.126   569   569 D SystemServerTiming: OnBootPhase_500_com.android.server.BinderCallsStatsService$LifeCycle
04-08 12:27:38.126   569   730 E DisplayDeviceConfig: requesting nits when no mapping exists.
04-08 12:27:38.126   569   569 D SystemServerTiming: OnBootPhase_500_com.android.server.LooperStatsService$Lifecycle
04-08 12:27:38.126   569   569 D SystemServerTiming: OnBootPhase_500_com.android.server.rollback.RollbackManagerService
04-08 12:27:38.126   569   569 D SystemServerTiming: OnBootPhase_500_com.android.server.os.NativeTombstoneManagerService
04-08 12:27:38.126   569   569 D SystemServerTiming: OnBootPhase_500_com.android.server.os.BugreportManagerService
04-08 12:27:38.126   569   569 D SystemServerTiming: OnBootPhase_500_com.android.server.gpu.GpuService
04-08 12:27:38.126   569   569 D SystemServerTiming: OnBootPhase_500_com.android.server.security.KeyChainSystemService
04-08 12:27:38.126   569   569 D SystemServerTiming: OnBootPhase_500_com.android.server.BinaryTransparencyService
04-08 12:27:38.127   569   569 D SystemServerTiming: OnBootPhase_500_com.android.server.telecom.TelecomLoaderService
04-08 12:27:38.127   569   569 D SystemServerTiming: OnBootPhase_500_com.android.server.accounts.AccountManagerService$Lifecycle
04-08 12:27:38.127   569   569 D SystemServerTiming: OnBootPhase_500_com.android.server.content.ContentService$Lifecycle
04-08 12:27:38.127   569   569 D SystemServerTiming: OnBootPhase_500_com.android.server.DropBoxManagerService
04-08 12:27:38.127   569   569 D SystemServerTiming: OnBootPhase_500_com.android.role.RoleService
04-08 12:27:38.127   569   569 D SystemServerTiming: OnBootPhase_500_com.android.server.vibrator.VibratorManagerService$Lifecycle
04-08 12:27:38.127   569   569 V VibratorManagerService: Initializing VibratorManager service...
04-08 12:27:38.127   569   569 V HistoricalRegistry: Interaction before persistence initialized
04-08 12:27:38.127   569   730 E DisplayDeviceConfig: requesting nits when no mapping exists.
04-08 12:27:38.127   569   569 V VibratorManagerService: VibratorManager service initialized
04-08 12:27:38.127   569   569 D SystemServerTiming: OnBootPhase_500_com.android.server.tare.InternalResourceService
04-08 12:27:38.127   569   613 I DisplayPowerController[0]: BrightnessEvent: disp=0, physDisp=local:4619827259835644672, brt=0.39763778, initBrt=0.39763778, rcmdBrt=NaN, preBrt=NaN, lux=0.0, fastAmbientLux=-1.0, slowAmbientLux=-1.0, preLux=0.0, hbmMax=1.0, hbmMode=off, rbcStrength=0, powerFactor=1.0, thrmMax=1.0, flags=, reason=override, autoBrightness=false
04-08 12:27:38.128   362   405 I ServiceManager: Waiting for service 'statscompanion' on '/dev/binder' successful after waiting 301ms
04-08 12:27:38.129   569   597 I DropBoxManagerService: add tag=system_server_wtf isTagEnabled=true flags=0x2
04-08 12:27:38.129   569   569 D SystemServerTiming: OnBootPhase_500_com.android.server.alarm.AlarmManagerService
04-08 12:27:38.129   569   569 D SystemServerTiming: OnBootPhase_500_com.android.server.devicestate.DeviceStateManagerService
04-08 12:27:38.129   569   569 D SystemServerTiming: OnBootPhase_500_com.android.server.camera.CameraServiceProxy
04-08 12:27:38.129   569   569 D SystemServerTiming: OnBootPhase_500_com.android.server.bluetooth.BluetoothService
04-08 12:27:38.129   569   569 D SystemServerTiming: OnBootPhase_500_com.android.server.connectivity.IpConnectivityMetrics
04-08 12:27:38.129   569   691 D ConnectivityService: NetReassign [no changes] [c 0] [a 0] [i 0]
04-08 12:27:38.129   569   569 D SystemServerTiming: OnBootPhase_500_com.android.server.net.watchlist.NetworkWatchlistService$Lifecycle
04-08 12:27:38.129   569   569 D SystemServerTiming: OnBootPhase_500_com.android.server.PinnerService
04-08 12:27:38.130   569   569 D SystemServerTiming: OnBootPhase_500_com.android.server.integrity.AppIntegrityManagerService
04-08 12:27:38.130   569   569 D SystemServerTiming: OnBootPhase_500_com.android.server.logcat.LogcatManagerService
04-08 12:27:38.130   569   569 D SystemServerTiming: OnBootPhase_500_com.android.server.inputmethod.InputMethodManagerService$Lifecycle
04-08 12:27:38.130   569   569 D SystemServerTiming: OnBootPhase_500_com.android.server.accessibility.AccessibilityManagerService$Lifecycle
04-08 12:27:38.130   569   569 D SystemServerTiming: OnBootPhase_500_com.android.server.StorageManagerService$Lifecycle
04-08 12:27:38.130   569   569 D SystemServerTiming: OnBootPhase_500_com.android.server.usage.StorageStatsService$Lifecycle
04-08 12:27:38.130   569   569 D SystemServerTiming: OnBootPhase_500_com.android.server.UiModeManagerService
04-08 12:27:38.130   569   569 I ActivityTaskManager: Config changes=200 {1.0 ?mcc?mnc [en_US] ldltr sw393dp w393dp h829dp 440dpi nrml long port finger qwerty/v/v dpad/v winConfig={ mBounds=Rect(0, 0 - 1080, 2280) mAppBounds=Rect(0, 0 - 1080, 2280) mMaxBounds=Rect(0, 0 - 1080, 2280) mDisplayRotation=ROTATION_0 mWindowingMode=fullscreen mDisplayWindowingMode=fullscreen mActivityType=undefined mAlwaysOnTop=undefined mRotation=ROTATION_0} s.6 ?fontWeightAdjustment}
04-08 12:27:38.130   569   569 I WindowManager: Override config changes=200 {1.0 ?mcc?mnc [en_US] ldltr sw393dp w393dp h829dp 440dpi nrml long port finger qwerty/v/v dpad/v winConfig={ mBounds=Rect(0, 0 - 1080, 2280) mAppBounds=Rect(0, 0 - 1080, 2280) mMaxBounds=Rect(0, 0 - 1080, 2280) mDisplayRotation=ROTATION_0 mWindowingMode=fullscreen mDisplayWindowingMode=fullscreen mActivityType=undefined mAlwaysOnTop=undefined mRotation=ROTATION_0} s.6 ?fontWeightAdjustment} for displayId=0
04-08 12:27:38.131   569   569 D SystemServerTiming: OnBootPhase_500_com.android.server.locales.LocaleManagerService
04-08 12:27:38.131   569   569 D SystemServerTiming: OnBootPhase_500_com.android.server.locksettings.LockSettingsService$Lifecycle
04-08 12:27:38.131   569   569 D SystemServerTiming: OnBootPhase_500_com.android.server.testharness.TestHarnessModeService
04-08 12:27:38.131   569   569 D TestHarnessModeService: Setting up test harness mode
04-08 12:27:38.131   569   569 D TestHarnessModeService: Getting PersistentDataBlockManagerInternal from LocalServices
04-08 12:27:38.131   569   569 E TestHarnessModeService: Failed to start Test Harness Mode; no implementation of PersistentDataBlockManagerInternal was bound!
04-08 12:27:38.131   569   569 D SystemServerTiming: OnBootPhase_500_com.android.server.DeviceIdleController
04-08 12:27:38.131   569   569 V HistoricalRegistry: Interaction before persistence initialized
04-08 12:27:38.131   569   569 D SystemServerTiming: OnBootPhase_500_com.android.server.devicepolicy.DevicePolicyManagerService$Lifecycle
04-08 12:27:38.131   569   569 D SystemServerTiming: OnBootPhase_500_com.android.server.musicrecognition.MusicRecognitionManagerService
04-08 12:27:38.131   569   569 D SystemServerTiming: OnBootPhase_500_com.android.server.contentcapture.ContentCaptureManagerService
04-08 12:27:38.131   569   569 D SystemServerTiming: OnBootPhase_500_com.android.server.systemcaptions.SystemCaptionsManagerService
04-08 12:27:38.131   569   569 D SystemServerTiming: OnBootPhase_500_com.android.server.texttospeech.TextToSpeechManagerService
04-08 12:27:38.131   569   569 D SystemServerTiming: OnBootPhase_500_com.android.server.ambientcontext.AmbientContextManagerService
04-08 12:27:38.132   569   569 D SystemServerTiming: OnBootPhase_500_com.android.server.speech.SpeechRecognitionManagerService
04-08 12:27:38.132   569   569 D SystemServerTiming: OnBootPhase_500_com.android.server.appprediction.AppPredictionManagerService
04-08 12:27:38.132   569   569 D SystemServerTiming: OnBootPhase_500_com.android.server.contentsuggestions.ContentSuggestionsManagerService
04-08 12:27:38.132   569   569 D SystemServerTiming: OnBootPhase_500_com.android.server.searchui.SearchUiManagerService
04-08 12:27:38.132   569   569 D SystemServerTiming: OnBootPhase_500_com.android.server.smartspace.SmartspaceManagerService
04-08 12:27:38.132   569   569 D SystemServerTiming: OnBootPhase_500_com.android.server.cloudsearch.CloudSearchManagerService
04-08 12:27:38.132   569   569 D SystemServerTiming: OnBootPhase_500_com.android.server.graphics.fonts.FontManagerService$Lifecycle
04-08 12:27:38.132   569   569 D SystemServerTiming: OnBootPhase_500_com.android.server.textservices.TextServicesManagerService$Lifecycle
04-08 12:27:38.132   569   569 D SystemServerTiming: OnBootPhase_500_com.android.server.textclassifier.TextClassificationManagerService$Lifecycle
04-08 12:27:38.132   569   569 D SystemServerTiming: OnBootPhase_500_com.android.server.NetworkScoreService$Lifecycle
04-08 12:27:38.132   569   569 D SystemServerTiming: OnBootPhase_500_com.android.server.NetworkStatsServiceInitializer
04-08 12:27:38.132   569   569 D SystemServerTiming: OnBootPhase_500_com.android.server.wifi.WifiService
04-08 12:27:38.132   569   569 D SystemServerTiming: OnBootPhase_500_com.android.server.wifi.scanner.WifiScanningService
04-08 12:27:38.132   569   569 I WifiScanningService: Starting wifiscanner
04-08 12:27:38.132   569   569 D SystemServerTiming: OnBootPhase_500_com.android.server.wifi.p2p.WifiP2pService
04-08 12:27:38.132   569   569 D SystemServerTiming: OnBootPhase_500_com.android.server.ConnectivityServiceInitializer
04-08 12:27:38.132   569   569 D SystemServerTiming: OnBootPhase_500_com.android.server.notification.NotificationManagerService
04-08 12:27:38.133   569   569 D SystemServerTiming: OnBootPhase_500_com.android.server.storage.DeviceStorageMonitorService
