04-08 12:27:38.133   569   569 D SystemServerTiming: OnBootPhase_500_com.android.server.location.LocationManagerService$Lifecycle
04-08 12:27:38.133   569   569 V HistoricalRegistry: Interaction before persistence initialized
04-08 12:27:38.133   569   569 D SystemServerTiming: OnBootPhase_500_com.android.server.timedetector.TimeDetectorService$Lifecycle
04-08 12:27:38.133   569   569 D SystemServerTiming: OnBootPhase_500_com.android.server.timezonedetector.TimeZoneDetectorService$Lifecycle
04-08 12:27:38.133   569   569 D SystemServerTiming: OnBootPhase_500_com.android.server.timezonedetector.location.LocationTimeZoneManagerService$Lifecycle
04-08 12:27:38.133   569   569 D SystemServerTiming: OnBootPhase_500_com.android.server.search.SearchManagerService$Lifecycle
04-08 12:27:38.133   569   569 D SystemServerTiming: OnBootPhase_500_com.android.server.wallpaper.WallpaperManagerService$Lifecycle
04-08 12:27:38.133   569   569 D SystemServerTiming: OnBootPhase_500_com.android.server.wallpapereffectsgeneration.WallpaperEffectsGenerationManagerService
04-08 12:27:38.133   569   684 W WifiXmlUtil: Ignoring unknown value name found: CaptivePortalNeverDetected
04-08 12:27:38.133   569   569 D SystemServerTiming: OnBootPhase_500_com.android.server.audio.AudioService$Lifecycle
04-08 12:27:38.133   569   569 D SystemServerTiming: OnBootPhase_500_com.android.server.soundtrigger_middleware.SoundTriggerMiddlewareService$Lifecycle
04-08 12:27:38.133   569   569 D SystemServerTiming: OnBootPhase_500_com.android.server.DockObserver
04-08 12:27:38.133   569   569 D SystemServerTiming: OnBootPhase_500_com.android.server.midi.MidiService$Lifecycle
04-08 12:27:38.133   569   569 D SystemServerTiming: OnBootPhase_500_com.android.server.adb.AdbService$Lifecycle
04-08 12:27:38.133   569   569 D SystemServerTiming: OnBootPhase_500_com.android.server.usb.UsbService$Lifecycle
04-08 12:27:38.133   569   569 D SystemServerTiming: OnBootPhase_500_com.android.server.twilight.TwilightService
04-08 12:27:38.133   569   569 D SystemServerTiming: OnBootPhase_500_com.android.server.display.color.ColorDisplayService
04-08 12:27:38.133   569   569 D SystemServerTiming: OnBootPhase_500_com.android.server.job.JobSchedulerService
04-08 12:27:38.133   569   686 I WifiContext: Got resolveInfos for com.android.server.wifi.intent.action.SERVICE_WIFI_RESOURCES_APK: [ResolveInfo{8fd6b90 com.google.android.wifi.resources/android.app.Activity m=0x108000}]
04-08 12:27:38.133   569   686 I WifiContext: Found Wifi Resources APK at: com.google.android.wifi.resources
04-08 12:27:38.134   569   684 D CompatibilityChangeReporter: Compat change id reported: 213289672; UID 1000; state: ENABLED
04-08 12:27:38.134   569   684 D CompatibilityChangeReporter: Compat change id reported: 215656264; UID 1000; state: ENABLED
04-08 12:27:38.134   569   684 D WifiConfigStore: Reading from all stores completed in 3 ms.
04-08 12:27:38.134   569   684 E WifiConfigManager: Cannot find network with networkId -1 or configKey "AndroidWifi"NONE or upgradable security type check
04-08 12:27:38.134   569   569 V HistoricalRegistry: Interaction before persistence initialized
04-08 12:27:38.135   569   684 I WifiInjector: enableVerboseLogging false hal false
04-08 12:27:38.135   569   684 D WifiNative: enableVerboseLogging false hal false
04-08 12:27:38.135   569   684 E SupplicantStaIfaceHalAidlImpl: Can't call setDebugParams, ISupplicant is null
04-08 12:27:38.135   569   684 I WifiService: WifiService starting up with Wi-Fi enabled
04-08 12:27:38.135   569   569 D SystemServerTiming: OnBootPhase_500_com.android.server.soundtrigger.SoundTriggerService
04-08 12:27:38.135   569   569 D SoundTriggerService: onBootPhase: 500 : false
04-08 12:27:38.135   569   569 D SystemServerTiming: OnBootPhase_500_com.android.server.trust.TrustManagerService
04-08 12:27:38.135   569   569 D SystemServerTiming: OnBootPhase_500_com.android.server.backup.BackupManagerService$Lifecycle
04-08 12:27:38.135   569   569 D SystemServerTiming: OnBootPhase_500_com.android.server.appwidget.AppWidgetService
04-08 12:27:38.135   569   569 D SystemServerTiming: OnBootPhase_500_com.android.server.voiceinteraction.VoiceInteractionManagerService
04-08 12:27:38.135   569   569 D SystemServerTiming: OnBootPhase_500_com.android.server.apphibernation.AppHibernationService
04-08 12:27:38.135   569   569 D SystemServerTiming: OnBootPhase_500_com.android.server.GestureLauncherService
04-08 12:27:38.135   569   569 D SystemServerTiming: OnBootPhase_500_com.android.server.SensorNotificationService
04-08 12:27:38.135   569   569 D SystemServerTiming: OnBootPhase_500_com.android.server.emergency.EmergencyAffordanceService
04-08 12:27:38.135   569   569 D SystemServerTiming: OnBootPhase_500_com.android.server.blob.BlobStoreManagerService
04-08 12:27:38.135   569   569 D SystemServerTiming: OnBootPhase_500_com.android.server.dreams.DreamManagerService
04-08 12:27:38.135   569   569 D SystemServerTiming: OnBootPhase_500_com.android.server.print.PrintManagerService
04-08 12:27:38.135   569   569 D SystemServerTiming: OnBootPhase_500_com.android.server.security.AttestationVerificationManagerService
04-08 12:27:38.135   569   569 D SystemServerTiming: OnBootPhase_500_com.android.server.companion.CompanionDeviceManagerService
04-08 12:27:38.135   569   569 D BluetoothAdapter: registerBluetoothConnectionCallback()
04-08 12:27:38.135   569   569 D BluetoothAdapter: isLeEnabled(): OFF
04-08 12:27:38.135   569   569 D SystemServerTiming: OnBootPhase_500_com.android.server.companion.virtual.VirtualDeviceManagerService
04-08 12:27:38.135   569   569 D SystemServerTiming: OnBootPhase_500_com.android.server.restrictions.RestrictionsManagerService
04-08 12:27:38.135   569   569 D SystemServerTiming: OnBootPhase_500_com.android.server.media.MediaSessionService
04-08 12:27:38.135   569   569 D SystemServerTiming: OnBootPhase_500_com.android.server.media.MediaResourceMonitorService
04-08 12:27:38.135   569   569 D SystemServerTiming: OnBootPhase_500_com.android.server.biometrics.sensors.fingerprint.FingerprintService
04-08 12:27:38.135   569   569 D SystemServerTiming: OnBootPhase_500_com.android.server.biometrics.BiometricService
04-08 12:27:38.135   569   569 D SystemServerTiming: OnBootPhase_500_com.android.server.biometrics.AuthService
04-08 12:27:38.135   569   569 D SystemServerTiming: OnBootPhase_500_com.android.server.pm.ShortcutService$Lifecycle
04-08 12:27:38.135   569   569 D SystemServerTiming: OnBootPhase_500_com.android.server.pm.LauncherAppsService
04-08 12:27:38.135   569   569 D SystemServerTiming: OnBootPhase_500_com.android.server.pm.CrossProfileAppsService
04-08 12:27:38.135   569   569 D SystemServerTiming: OnBootPhase_500_com.android.server.people.PeopleService
04-08 12:27:38.136   569   569 D SystemServerTiming: OnBootPhase_500_com.android.server.media.metrics.MediaMetricsManagerService
04-08 12:27:38.136   569   569 D SystemServerTiming: OnBootPhase_500_com.android.server.media.projection.MediaProjectionManagerService
04-08 12:27:38.136   569   569 D SystemServerTiming: OnBootPhase_500_com.android.server.slice.SliceManagerService$Lifecycle
04-08 12:27:38.136   569   569 D SystemServerTiming: OnBootPhase_500_com.android.server.stats.StatsCompanion$Lifecycle
04-08 12:27:38.136   569   569 D SystemServerTiming: OnBootPhase_500_com.android.server.scheduling.RebootReadinessManagerService$Lifecycle
04-08 12:27:38.136   569   569 D SystemServerTiming: OnBootPhase_500_com.android.server.stats.pull.StatsPullAtomService
04-08 12:27:38.136   569   569 D SystemServerTiming: OnBootPhase_500_com.android.server.stats.bootstrap.StatsBootstrapAtomService$Lifecycle
04-08 12:27:38.136   569   569 D SystemServerTiming: OnBootPhase_500_com.android.server.incident.IncidentCompanionService
04-08 12:27:38.136   569   569 D SystemServerTiming: OnBootPhase_500_com.android.server.sdksandbox.SdkSandboxManagerService$Lifecycle
04-08 12:27:38.136   569   569 D SystemServerTiming: OnBootPhase_500_com.android.server.adservices.AdServicesManagerService$Lifecycle
04-08 12:27:38.136   569   569 D SystemServerTiming: OnBootPhase_500_com.android.server.MmsServiceBroker
04-08 12:27:38.136   569   569 D SystemServerTiming: OnBootPhase_500_com.android.server.autofill.AutofillManagerService
04-08 12:27:38.136   569   569 D SystemServerTiming: OnBootPhase_500_com.android.server.translation.TranslationManagerService
04-08 12:27:38.136   569   569 D SystemServerTiming: OnBootPhase_500_com.android.server.selectiontoolbar.SelectionToolbarManagerService
04-08 12:27:38.136   569   569 D SystemServerTiming: OnBootPhase_500_com.android.server.clipboard.ClipboardService
04-08 12:27:38.136   569   569 D SystemServerTiming: OnBootPhase_500_com.android.server.appbinding.AppBindingService$Lifecycle
04-08 12:27:38.136   569   569 D SystemServerTiming: OnBootPhase_500_com.android.server.tracing.TracingServiceProxy
04-08 12:27:38.136   569   569 D SystemServerTiming: MakeWindowManagerServiceReady
04-08 12:27:38.136   569   684 D WifiController: isAirplaneModeOn = false, isWifiEnabled = true, isScanningAvailable = true, isLocationModeActive = true
04-08 12:27:38.136   569   684 D WifiActiveModeWarden: Starting primary ClientModeManager in connect mode
04-08 12:27:38.136   219   219 I servicemanager: Could not find android.hardware.health.IHealth/default in the VINTF manifest.
04-08 12:27:38.136   569   569 D SystemServerTiming: StartPermissionPolicyService
04-08 12:27:38.136   569   569 I SystemServiceManager: Starting com.android.server.policy.PermissionPolicyService
04-08 12:27:38.136   569   596 I android_os_HwBinder: HwBinder: Starting thread pool for getting: android.hardware.health@2.0::IHealth/default
04-08 12:27:38.137   569   684 I android_os_HwBinder: HwBinder: Starting thread pool for getting: android.hidl.manager@1.2::IServiceManager/default
04-08 12:27:38.137   569   569 D SystemServerTiming: MakePackageManagerServiceReady
04-08 12:27:38.137   569   713 D HalDevMgr: IWifi registration notification: fqName=android.hardware.wifi@1.0::IWifi, name=default, preexisting=true
04-08 12:27:38.137   569   596 I android_os_HwBinder: HwBinder: Starting thread pool for getting: android.hidl.manager@1.0::IServiceManager/default
04-08 12:27:38.137   569   596 I HealthServiceWrapperHidl: health: HealthServiceWrapper listening to instance default
04-08 12:27:38.137   569   736 I android_os_HwBinder: HwBinder: Starting thread pool for getting: android.hardware.health@2.0::IHealth/default
04-08 12:27:38.137   569   596 D StatsPullAtomService: Registering pullers with statsd
04-08 12:27:38.138   569   691 D ConnectivityService: NetReassign [no changes] [c 0] [a 0] [i 0]
04-08 12:27:38.138   569   596 I StatsPullAtomService: register thermal listener successfully
04-08 12:27:38.138   569   684 I android_os_HwBinder: HwBinder: Starting thread pool for getting: android.hardware.wifi@1.0::IWifi/default
04-08 12:27:38.139   569   684 D WifiNl80211Manager: tearing down interfaces in wificond
04-08 12:27:38.139   569   684 D WifiAdaptConnObserver: Adaptive connectivity status initialized to: true
04-08 12:27:38.139   569   684 D WifiController: EnabledState.enter()
04-08 12:27:38.139   569   684 D WifiClientModeManager[unknown]: entering IdleState
04-08 12:27:38.139   569   569 V UserDataPreparer: Found /data/user_de/0 with serial number 0
04-08 12:27:38.139   569   569 V UserDataPreparer: Found /data/user/0 with serial number 0
04-08 12:27:38.139   392   392 W libc    : Access denied finding property "persist.vendor.debug.wifi.hal.preset_interface_combination_idx"
04-08 12:27:38.139   569   569 V UserDataPreparer: Found /data/system_de/0 with serial number 0
04-08 12:27:38.139   569   569 V UserDataPreparer: Found /data/system_ce/0 with serial number 0
04-08 12:27:38.139   569   569 V UserDataPreparer: Found /data/misc_ce/0 with serial number 0
04-08 12:27:38.140   569   569 I PackageManager: Permission ownership changed. Updating all permissions.
04-08 12:27:38.140   392   392 I android.hardware.wifi@1.0-service: Wifi HAL started
04-08 12:27:38.136   392   392 W wifi@1.0-servic: type=1400 audit(0.0:10): avc: denied { read } for name="u:object_r:persist_vendor_debug_wifi_prop:s0" dev="tmpfs" ino=219 scontext=u:r:hal_wifi_default:s0 tcontext=u:object_r:persist_vendor_debug_wifi_prop:s0 tclass=file permissive=0
04-08 12:27:38.141   392   392 W android.hardware.wifi@1.0-service: No active wlan interfaces in use! Using default
04-08 12:27:38.141   392   392 E android.hardware.wifi@1.0-service: Unknown iface name: wlan0
04-08 12:27:38.141   392   392 E android.hardware.wifi@1.0-service: Unknown iface name: wlan0
04-08 12:27:38.141   569   684 I WifiVendorHal: Vendor Hal started successfully
04-08 12:27:38.142   392   392 W android.hardware.wifi@1.0-service: No active wlan interfaces in use! Using default
04-08 12:27:38.142   392   392 E android.hardware.wifi@1.0-service: Unknown iface name: wlan0
04-08 12:27:38.142   392   392 E android.hardware.wifi@1.0-service: Unknown iface name: wlan0
04-08 12:27:38.143   392   392 I android.hardware.wifi@1.0-service: Adding interface handle for wlan0
04-08 12:27:38.143   392   392 W android.hardware.wifi@1.0-service: No active wlan interfaces in use! Using default
04-08 12:27:38.143   392   392 E android.hardware.wifi@1.0-service: Failed to register radio mode change callback
04-08 12:27:38.143   392   392 W android.hardware.wifi@1.0-service: No active wlan interfaces in use! Using default
04-08 12:27:38.143   392   392 I android.hardware.wifi@1.0-service: Configured chip in mode 0
04-08 12:27:38.143   392   392 W android.hardware.wifi@1.0-service: No active wlan interfaces in use! Using default
04-08 12:27:38.144   392   392 W android.hardware.wifi@1.0-service: No active wlan interfaces in use! Using default
04-08 12:27:38.145   392   392 W android.hardware.wifi@1.0-service: No active wlan interfaces in use! Using default
04-08 12:27:38.145   392   392 I android.hardware.wifi@1.0-service: Adding interface handle for wlan0
04-08 12:27:38.145   392   392 E android.hardware.wifi@1.0-service: Failed to set DFS flag; DFS channels may be unavailable.
04-08 12:27:38.146   569   684 D HalDevMgr: updateRttController: no one is interested in RTT controllers
04-08 12:27:38.146   569   618 E DefaultPermGrantPolicy: Package not found: com.google.android.apps.pixelmigrate
04-08 12:27:38.146   569   618 W DefaultPermGrantPolicy: No such package:com.google.android.apps.pixelmigrate
04-08 12:27:38.146   569   618 E DefaultPermGrantPolicy: Package not found: com.google.android.adservices
04-08 12:27:38.146   569   618 W DefaultPermGrantPolicy: No such package:com.google.android.adservices
04-08 12:27:38.146   569   618 E DefaultPermGrantPolicy: Package not found: com.google.android.apps.mediashell
04-08 12:27:38.146   569   618 W DefaultPermGrantPolicy: No such package:com.google.android.apps.mediashell
04-08 12:27:38.146   569   618 E DefaultPermGrantPolicy: Package not found: com.google.android.apps.tips
04-08 12:27:38.146   569   618 W DefaultPermGrantPolicy: No such package:com.google.android.apps.tips
04-08 12:27:38.146   569   618 E DefaultPermGrantPolicy: Package not found: com.google.android.apps.turbo
04-08 12:27:38.146   569   618 W DefaultPermGrantPolicy: No such package:com.google.android.apps.turbo
04-08 12:27:38.146   569   618 E DefaultPermGrantPolicy: Package not found: com.google.android.euicc
04-08 12:27:38.146   569   618 W DefaultPermGrantPolicy: No such package:com.google.android.euicc
04-08 12:27:38.146   569   618 E DefaultPermGrantPolicy: Package not found: com.google.android.volta
04-08 12:27:38.146   569   618 W DefaultPermGrantPolicy: No such package:com.google.android.volta
04-08 12:27:38.147   569   569 D SystemServerTiming: MakeDisplayManagerServiceReady
04-08 12:27:38.147   569   684 D WifiNl80211Manager: Setting up interface for client mode: wlan0
04-08 12:27:38.147   482   482 I wificond: createClientInterface: wiphy_index 1 iface_name wlan0
04-08 12:27:38.147   407   407 I DisplayDevice: Display 4619827259835644672 policy changed
04-08 12:27:38.147   407   407 I DisplayDevice: Previous: {{defaultModeId=0, allowGroupSwitching=false, primaryRange=[0.00 Hz, 340282346638528859811704183484516925440.00 Hz], appRequestRange=[0.00 Hz, 340282346638528859811704183484516925440.00 Hz]}}
04-08 12:27:38.147   407   407 I DisplayDevice: Current:  {{defaultModeId=0, allowGroupSwitching=false, primaryRange=[0.00 Hz, 60.00 Hz], appRequestRange=[0.00 Hz, inf Hz]}}
04-08 12:27:38.147   407   407 I DisplayDevice: 0 mode changes were performed under the previous policy
04-08 12:27:38.147   569   569 I BrightnessSynchronizer: Initial brightness readings: 102(int), 0.39763778(float)
04-08 12:27:38.147   569   569 D SystemServerTiming: StartDeviceSpecificServices
04-08 12:27:38.147   569   569 D SystemServerTiming: GameManagerService
04-08 12:27:38.147   569   569 I SystemServiceManager: Starting com.android.server.app.GameManagerService$Lifecycle
04-08 12:27:38.147   482   482 I wificond: create scanner for interface with index: 16
04-08 12:27:38.147   482   482 I wificond: subscribe scan result for interface with index: 16
04-08 12:27:38.148   482   482 I wificond: add channel type 0 support at wiphy index: 1
04-08 12:27:38.148   482   482 I wificond: add channel type 1 support at wiphy index: 1
04-08 12:27:38.148   569   569 D SystemServerTiming: ArtManagerLocal
04-08 12:27:38.148   569   569 D SystemServerTiming: StartBootPhaseDeviceSpecificServicesReady
04-08 12:27:38.148   569   569 I SystemServiceManager: Starting phase 520
04-08 12:27:38.148   569   569 D SystemServerTiming: OnBootPhase_520
04-08 12:27:38.148   569   569 D SystemServerTiming: OnBootPhase_520_com.android.server.security.FileIntegrityService
04-08 12:27:38.148   569   569 D SystemServerTiming: OnBootPhase_520_com.android.server.pm.Installer
04-08 12:27:38.148   569   569 D SystemServerTiming: OnBootPhase_520_com.android.server.os.DeviceIdentifiersPolicyService
04-08 12:27:38.148   569   569 D SystemServerTiming: OnBootPhase_520_com.android.server.uri.UriGrantsManagerService$Lifecycle
04-08 12:27:38.148   569   569 D SystemServerTiming: OnBootPhase_520_com.android.server.powerstats.PowerStatsService
04-08 12:27:38.148   569   569 D SystemServerTiming: OnBootPhase_520_com.android.server.wm.ActivityTaskManagerService$Lifecycle
04-08 12:27:38.148   569   569 D SystemServerTiming: OnBootPhase_520_com.android.server.am.ActivityManagerService$Lifecycle
04-08 12:27:38.148   569   569 D SystemServerTiming: OnBootPhase_520_com.android.server.pm.DataLoaderManagerService
04-08 12:27:38.148   569   569 D SystemServerTiming: OnBootPhase_520_com.android.server.power.PowerManagerService
04-08 12:27:38.148   569   569 D SystemServerTiming: OnBootPhase_520_com.android.server.power.ThermalManagerService
04-08 12:27:38.148   569   569 D SystemServerTiming: OnBootPhase_520_com.android.server.power.hint.HintManagerService
04-08 12:27:38.148   569   569 D SystemServerTiming: OnBootPhase_520_com.android.server.recoverysystem.RecoverySystemService$Lifecycle
04-08 12:27:38.148   569   569 D SystemServerTiming: OnBootPhase_520_com.android.server.lights.LightsService
04-08 12:27:38.148   569   569 D SystemServerTiming: OnBootPhase_520_com.android.server.display.DisplayManagerService
04-08 12:27:38.148   569   569 D SystemServerTiming: OnBootPhase_520_com.android.server.pm.verify.domain.DomainVerificationService
04-08 12:27:38.148   569   569 D SystemServerTiming: OnBootPhase_520_com.android.server.pm.PackageInstallerService$Lifecycle
04-08 12:27:38.148   569   569 D SystemServerTiming: OnBootPhase_520_com.android.server.pm.UserManagerService$LifeCycle
04-08 12:27:38.148   569   569 D SystemServerTiming: OnBootPhase_520_com.android.server.om.OverlayManagerService
04-08 12:27:38.148   569   569 D SystemServerTiming: OnBootPhase_520_com.android.server.resources.ResourcesManagerService
04-08 12:27:38.148   569   569 D SystemServerTiming: OnBootPhase_520_com.android.server.sensorprivacy.SensorPrivacyService
04-08 12:27:38.148   569   569 D SystemServerTiming: OnBootPhase_520_com.android.server.sensors.SensorService
04-08 12:27:38.148   569   569 D SystemServerTiming: OnBootPhase_520_com.android.server.SystemConfigService
04-08 12:27:38.148   569   569 D SystemServerTiming: OnBootPhase_520_com.android.server.BatteryService
04-08 12:27:38.148   569   569 D SystemServerTiming: OnBootPhase_520_com.android.server.usage.UsageStatsService
04-08 12:27:38.148   569   569 D SystemServerTiming: OnBootPhase_520_com.android.server.webkit.WebViewUpdateService
04-08 12:27:38.148   569   569 D SystemServerTiming: OnBootPhase_520_com.android.server.CachedDeviceStateService
04-08 12:27:38.148   569   569 D SystemServerTiming: OnBootPhase_520_com.android.server.BinderCallsStatsService$LifeCycle
04-08 12:27:38.148   569   569 D SystemServerTiming: OnBootPhase_520_com.android.server.LooperStatsService$Lifecycle
04-08 12:27:38.148   569   569 D SystemServerTiming: OnBootPhase_520_com.android.server.rollback.RollbackManagerService
04-08 12:27:38.148   569   569 D SystemServerTiming: OnBootPhase_520_com.android.server.os.NativeTombstoneManagerService
04-08 12:27:38.148   569   569 D SystemServerTiming: OnBootPhase_520_com.android.server.os.BugreportManagerService
04-08 12:27:38.148   569   569 D SystemServerTiming: OnBootPhase_520_com.android.server.gpu.GpuService
04-08 12:27:38.148   569   569 D SystemServerTiming: OnBootPhase_520_com.android.server.security.KeyChainSystemService
04-08 12:27:38.148   569   569 D SystemServerTiming: OnBootPhase_520_com.android.server.BinaryTransparencyService
04-08 12:27:38.148   569   684 I WifiNative: Interface state changed on Iface:{Name=wlan0,Id=0,Type=STA_SCAN}, isUp=true
04-08 12:27:38.148   569   569 D SystemServerTiming: OnBootPhase_520_com.android.server.telecom.TelecomLoaderService
04-08 12:27:38.148   569   569 D SystemServerTiming: OnBootPhase_520_com.android.server.accounts.AccountManagerService$Lifecycle
04-08 12:27:38.148   569   569 D SystemServerTiming: OnBootPhase_520_com.android.server.content.ContentService$Lifecycle
04-08 12:27:38.148   569   569 D SystemServerTiming: OnBootPhase_520_com.android.server.DropBoxManagerService
04-08 12:27:38.148   569   569 D SystemServerTiming: OnBootPhase_520_com.android.role.RoleService
04-08 12:27:38.148   569   684 I WifiNative: Successfully setup Iface:{Name=wlan0,Id=0,Type=STA_SCAN}
04-08 12:27:38.148   569   569 D SystemServerTiming: OnBootPhase_520_com.android.server.vibrator.VibratorManagerService$Lifecycle
04-08 12:27:38.148   569   569 D SystemServerTiming: OnBootPhase_520_com.android.server.tare.InternalResourceService
04-08 12:27:38.148   569   569 D SystemServerTiming: OnBootPhase_520_com.android.server.alarm.AlarmManagerService
04-08 12:27:38.148   569   569 D SystemServerTiming: OnBootPhase_520_com.android.server.devicestate.DeviceStateManagerService
04-08 12:27:38.148   569   569 D SystemServerTiming: OnBootPhase_520_com.android.server.camera.CameraServiceProxy
04-08 12:27:38.148   569   569 D SystemServerTiming: OnBootPhase_520_com.android.server.bluetooth.BluetoothService
04-08 12:27:38.148   569   569 D SystemServerTiming: OnBootPhase_520_com.android.server.connectivity.IpConnectivityMetrics
04-08 12:27:38.148   569   684 E SupplicantStaIfaceHalAidlImpl: Can't call getKeyMgmtCapabilities, ISupplicantStaIface is null for iface=wlan0
04-08 12:27:38.148   569   569 D SystemServerTiming: OnBootPhase_520_com.android.server.net.watchlist.NetworkWatchlistService$Lifecycle
04-08 12:27:38.148   569   569 D SystemServerTiming: OnBootPhase_520_com.android.server.PinnerService
04-08 12:27:38.148   569   569 D SystemServerTiming: OnBootPhase_520_com.android.server.integrity.AppIntegrityManagerService
04-08 12:27:38.148   569   569 D SystemServerTiming: OnBootPhase_520_com.android.server.logcat.LogcatManagerService
04-08 12:27:38.148   569   569 D SystemServerTiming: OnBootPhase_520_com.android.server.inputmethod.InputMethodManagerService$Lifecycle
04-08 12:27:38.148   569   569 D SystemServerTiming: OnBootPhase_520_com.android.server.accessibility.AccessibilityManagerService$Lifecycle
04-08 12:27:38.148   569   569 D SystemServerTiming: OnBootPhase_520_com.android.server.StorageManagerService$Lifecycle
04-08 12:27:38.148   569   569 D SystemServerTiming: OnBootPhase_520_com.android.server.usage.StorageStatsService$Lifecycle
04-08 12:27:38.148   569   569 D SystemServerTiming: OnBootPhase_520_com.android.server.UiModeManagerService
04-08 12:27:38.148   569   569 D SystemServerTiming: OnBootPhase_520_com.android.server.locales.LocaleManagerService
04-08 12:27:38.148   569   569 D SystemServerTiming: OnBootPhase_520_com.android.server.locksettings.LockSettingsService$Lifecycle
04-08 12:27:38.148   569   569 D SystemServerTiming: OnBootPhase_520_com.android.server.testharness.TestHarnessModeService
04-08 12:27:38.148   569   569 D SystemServerTiming: OnBootPhase_520_com.android.server.DeviceIdleController
04-08 12:27:38.148   569   569 D SystemServerTiming: OnBootPhase_520_com.android.server.devicepolicy.DevicePolicyManagerService$Lifecycle
04-08 12:27:38.148   569   569 D SystemServerTiming: OnBootPhase_520_com.android.server.musicrecognition.MusicRecognitionManagerService
04-08 12:27:38.148   569   569 D SystemServerTiming: OnBootPhase_520_com.android.server.contentcapture.ContentCaptureManagerService
04-08 12:27:38.148   569   569 D SystemServerTiming: OnBootPhase_520_com.android.server.systemcaptions.SystemCaptionsManagerService
04-08 12:27:38.148   569   569 D SystemServerTiming: OnBootPhase_520_com.android.server.texttospeech.TextToSpeechManagerService
04-08 12:27:38.148   569   569 D SystemServerTiming: OnBootPhase_520_com.android.server.ambientcontext.AmbientContextManagerService
04-08 12:27:38.148   569   569 D SystemServerTiming: OnBootPhase_520_com.android.server.speech.SpeechRecognitionManagerService
04-08 12:27:38.148   569   569 D SystemServerTiming: OnBootPhase_520_com.android.server.appprediction.AppPredictionManagerService
04-08 12:27:38.148   569   569 D SystemServerTiming: OnBootPhase_520_com.android.server.contentsuggestions.ContentSuggestionsManagerService
04-08 12:27:38.148   569   569 D SystemServerTiming: OnBootPhase_520_com.android.server.searchui.SearchUiManagerService
04-08 12:27:38.148   569   569 D SystemServerTiming: OnBootPhase_520_com.android.server.smartspace.SmartspaceManagerService
04-08 12:27:38.148   569   569 D SystemServerTiming: OnBootPhase_520_com.android.server.cloudsearch.CloudSearchManagerService
04-08 12:27:38.148   569   569 D SystemServerTiming: OnBootPhase_520_com.android.server.graphics.fonts.FontManagerService$Lifecycle
04-08 12:27:38.148   569   569 D SystemServerTiming: OnBootPhase_520_com.android.server.textservices.TextServicesManagerService$Lifecycle
04-08 12:27:38.148   569   569 D SystemServerTiming: OnBootPhase_520_com.android.server.textclassifier.TextClassificationManagerService$Lifecycle
04-08 12:27:38.148   569   569 D SystemServerTiming: OnBootPhase_520_com.android.server.NetworkScoreService$Lifecycle
04-08 12:27:38.148   569   569 D SystemServerTiming: OnBootPhase_520_com.android.server.NetworkStatsServiceInitializer
04-08 12:27:38.148   569   569 D SystemServerTiming: OnBootPhase_520_com.android.server.wifi.WifiService
04-08 12:27:38.148   569   569 D SystemServerTiming: OnBootPhase_520_com.android.server.wifi.scanner.WifiScanningService
04-08 12:27:38.148   569   569 D SystemServerTiming: OnBootPhase_520_com.android.server.wifi.p2p.WifiP2pService
04-08 12:27:38.148   569   569 D SystemServerTiming: OnBootPhase_520_com.android.server.ConnectivityServiceInitializer
04-08 12:27:38.148   569   569 D SystemServerTiming: OnBootPhase_520_com.android.server.notification.NotificationManagerService
04-08 12:27:38.148   569   569 D SystemServerTiming: OnBootPhase_520_com.android.server.storage.DeviceStorageMonitorService
04-08 12:27:38.148   569   569 D SystemServerTiming: OnBootPhase_520_com.android.server.location.LocationManagerService$Lifecycle
04-08 12:27:38.148   569   569 D SystemServerTiming: OnBootPhase_520_com.android.server.timedetector.TimeDetectorService$Lifecycle
04-08 12:27:38.148   569   569 D SystemServerTiming: OnBootPhase_520_com.android.server.timezonedetector.TimeZoneDetectorService$Lifecycle
04-08 12:27:38.148   569   569 D SystemServerTiming: OnBootPhase_520_com.android.server.timezonedetector.location.LocationTimeZoneManagerService$Lifecycle
04-08 12:27:38.148   569   569 D SystemServerTiming: OnBootPhase_520_com.android.server.search.SearchManagerService$Lifecycle
04-08 12:27:38.148   569   569 D SystemServerTiming: OnBootPhase_520_com.android.server.wallpaper.WallpaperManagerService$Lifecycle
04-08 12:27:38.148   569   569 D SystemServerTiming: OnBootPhase_520_com.android.server.wallpapereffectsgeneration.WallpaperEffectsGenerationManagerService
04-08 12:27:38.148   569   569 D SystemServerTiming: OnBootPhase_520_com.android.server.audio.AudioService$Lifecycle
04-08 12:27:38.148   569   569 D SystemServerTiming: OnBootPhase_520_com.android.server.soundtrigger_middleware.SoundTriggerMiddlewareService$Lifecycle
04-08 12:27:38.148   569   569 D SystemServerTiming: OnBootPhase_520_com.android.server.DockObserver
04-08 12:27:38.148   569   569 D SystemServerTiming: OnBootPhase_520_com.android.server.midi.MidiService$Lifecycle
04-08 12:27:38.148   569   569 D SystemServerTiming: OnBootPhase_520_com.android.server.adb.AdbService$Lifecycle
04-08 12:27:38.148   569   569 D SystemServerTiming: OnBootPhase_520_com.android.server.usb.UsbService$Lifecycle
04-08 12:27:38.148   569   569 D SystemServerTiming: OnBootPhase_520_com.android.server.twilight.TwilightService
04-08 12:27:38.148   569   569 D SystemServerTiming: OnBootPhase_520_com.android.server.display.color.ColorDisplayService
04-08 12:27:38.148   569   569 D SystemServerTiming: OnBootPhase_520_com.android.server.job.JobSchedulerService
04-08 12:27:38.148   569   569 D SystemServerTiming: OnBootPhase_520_com.android.server.soundtrigger.SoundTriggerService
04-08 12:27:38.148   569   569 D SoundTriggerService: onBootPhase: 520 : false
04-08 12:27:38.148   569   569 D SystemServerTiming: OnBootPhase_520_com.android.server.trust.TrustManagerService
04-08 12:27:38.148   569   569 D SystemServerTiming: OnBootPhase_520_com.android.server.backup.BackupManagerService$Lifecycle
04-08 12:27:38.148   569   569 D SystemServerTiming: OnBootPhase_520_com.android.server.appwidget.AppWidgetService
04-08 12:27:38.148   569   569 D SystemServerTiming: OnBootPhase_520_com.android.server.voiceinteraction.VoiceInteractionManagerService
04-08 12:27:38.148   569   569 D SystemServerTiming: OnBootPhase_520_com.android.server.apphibernation.AppHibernationService
04-08 12:27:38.148   569   569 D SystemServerTiming: OnBootPhase_520_com.android.server.GestureLauncherService
04-08 12:27:38.148   569   569 D SystemServerTiming: OnBootPhase_520_com.android.server.SensorNotificationService
04-08 12:27:38.148   569   569 D SystemServerTiming: OnBootPhase_520_com.android.server.emergency.EmergencyAffordanceService
04-08 12:27:38.148   569   569 D SystemServerTiming: OnBootPhase_520_com.android.server.blob.BlobStoreManagerService
04-08 12:27:38.148   569   569 D SystemServerTiming: OnBootPhase_520_com.android.server.dreams.DreamManagerService
04-08 12:27:38.148   569   569 D SystemServerTiming: OnBootPhase_520_com.android.server.print.PrintManagerService
04-08 12:27:38.148   569   569 D SystemServerTiming: OnBootPhase_520_com.android.server.security.AttestationVerificationManagerService
04-08 12:27:38.148   569   569 D SystemServerTiming: OnBootPhase_520_com.android.server.companion.CompanionDeviceManagerService
04-08 12:27:38.148   569   569 D SystemServerTiming: OnBootPhase_520_com.android.server.companion.virtual.VirtualDeviceManagerService
04-08 12:27:38.148   569   569 D SystemServerTiming: OnBootPhase_520_com.android.server.restrictions.RestrictionsManagerService
04-08 12:27:38.148   569   569 D SystemServerTiming: OnBootPhase_520_com.android.server.media.MediaSessionService
04-08 12:27:38.148   569   569 D SystemServerTiming: OnBootPhase_520_com.android.server.media.MediaResourceMonitorService
04-08 12:27:38.148   569   569 D SystemServerTiming: OnBootPhase_520_com.android.server.biometrics.sensors.fingerprint.FingerprintService
04-08 12:27:38.148   569   569 D SystemServerTiming: OnBootPhase_520_com.android.server.biometrics.BiometricService
04-08 12:27:38.148   569   569 D SystemServerTiming: OnBootPhase_520_com.android.server.biometrics.AuthService
04-08 12:27:38.148   569   569 D SystemServerTiming: OnBootPhase_520_com.android.server.pm.ShortcutService$Lifecycle
04-08 12:27:38.148   569   569 D SystemServerTiming: OnBootPhase_520_com.android.server.pm.LauncherAppsService
04-08 12:27:38.148   569   569 D SystemServerTiming: OnBootPhase_520_com.android.server.pm.CrossProfileAppsService
04-08 12:27:38.148   569   569 D SystemServerTiming: OnBootPhase_520_com.android.server.people.PeopleService
04-08 12:27:38.148   569   569 D SystemServerTiming: OnBootPhase_520_com.android.server.media.metrics.MediaMetricsManagerService
04-08 12:27:38.148   569   569 D SystemServerTiming: OnBootPhase_520_com.android.server.media.projection.MediaProjectionManagerService
04-08 12:27:38.148   569   569 D SystemServerTiming: OnBootPhase_520_com.android.server.slice.SliceManagerService$Lifecycle
04-08 12:27:38.148   569   569 D SystemServerTiming: OnBootPhase_520_com.android.server.stats.StatsCompanion$Lifecycle
04-08 12:27:38.148   569   569 D SystemServerTiming: OnBootPhase_520_com.android.server.scheduling.RebootReadinessManagerService$Lifecycle
04-08 12:27:38.148   569   569 D SystemServerTiming: OnBootPhase_520_com.android.server.stats.pull.StatsPullAtomService
04-08 12:27:38.148   569   569 D SystemServerTiming: OnBootPhase_520_com.android.server.stats.bootstrap.StatsBootstrapAtomService$Lifecycle
04-08 12:27:38.148   569   569 D SystemServerTiming: OnBootPhase_520_com.android.server.incident.IncidentCompanionService
04-08 12:27:38.148   569   569 D SystemServerTiming: OnBootPhase_520_com.android.server.sdksandbox.SdkSandboxManagerService$Lifecycle
04-08 12:27:38.148   569   569 D SystemServerTiming: OnBootPhase_520_com.android.server.adservices.AdServicesManagerService$Lifecycle
04-08 12:27:38.148   569   569 D SystemServerTiming: OnBootPhase_520_com.android.server.MmsServiceBroker
04-08 12:27:38.148   569   569 D SystemServerTiming: OnBootPhase_520_com.android.server.autofill.AutofillManagerService
04-08 12:27:38.148   569   569 D SystemServerTiming: OnBootPhase_520_com.android.server.translation.TranslationManagerService
04-08 12:27:38.148   569   569 D SystemServerTiming: OnBootPhase_520_com.android.server.selectiontoolbar.SelectionToolbarManagerService
04-08 12:27:38.148   569   569 D SystemServerTiming: OnBootPhase_520_com.android.server.clipboard.ClipboardService
04-08 12:27:38.148   569   569 D SystemServerTiming: OnBootPhase_520_com.android.server.appbinding.AppBindingService$Lifecycle
04-08 12:27:38.148   569   569 D SystemServerTiming: OnBootPhase_520_com.android.server.tracing.TracingServiceProxy
04-08 12:27:38.148   569   569 D SystemServerTiming: OnBootPhase_520_com.android.server.policy.PermissionPolicyService
04-08 12:27:38.149   569   569 D SystemServerTiming: OnBootPhase_520_com.android.server.pm.StagingManager$Lifecycle
04-08 12:27:38.149   569   569 D SystemServerTiming: OnBootPhase_520_com.android.server.app.GameManagerService$Lifecycle
04-08 12:27:38.149   569   569 D SystemServerTiming: StartSafetyCenterService
04-08 12:27:38.149   569   569 I SystemServiceManager: Starting com.android.safetycenter.SafetyCenterService
04-08 12:27:38.149   569   569 I SafetyCenterResContext: Found Safety Center resources APK at: com.google.android.safetycenter.resources
04-08 12:27:38.149   537   553 D BootAnimation: Playing files = /product/media/bootanimation.zip/part1, Requested repeat = 1, playUntilComplete = true
04-08 12:27:38.153   382   436 D goldfish-address-space: claimShared: Ask to claim region [0x1f8968000 0x1f92d0000]
04-08 12:27:38.153   569   684 E SupplicantStaIfaceHalAidlImpl: Can't call getWpaDriverCapabilities, ISupplicantStaIface is null for iface=wlan0
04-08 12:27:38.153   569   684 D WifiClientModeManager[wlan0]: entering StartedState
04-08 12:27:38.154   569   569 I SafetyCenterConfigReade: SafetyCenterConfig read successfully
04-08 12:27:38.154   569   569 I SafetyCenterIssuesPersi: File not found: /data/misc/apexdata/com.android.permission/safety_center_issues.xml
04-08 12:27:38.154   569   569 I SafetyCenterService: Safety Center persisted issues read successfully
04-08 12:27:38.154   569   569 D SystemServerTiming: AppSearchModule
04-08 12:27:38.154   569   684 D WifiConfigStore: Writing to stores completed in 1 ms.
04-08 12:27:38.155   569   597 I DropBoxManagerService: add tag=system_server_wtf isTagEnabled=true flags=0x2
04-08 12:27:38.155   219   219 I servicemanager: Found android.hardware.wifi.supplicant.ISupplicant/default in device VINTF manifest.
04-08 12:27:38.155   219   219 I servicemanager: Found android.hardware.wifi.supplicant.ISupplicant/default in device VINTF manifest.
04-08 12:27:38.155   219   219 I servicemanager: Since 'android.hardware.wifi.supplicant.ISupplicant/default' could not be found, trying to start it as a lazy AIDL service
04-08 12:27:38.157   569   569 I SystemServiceManager: Starting com.android.server.appsearch.AppSearchModule$Lifecycle
04-08 12:27:38.159   569   569 D SystemServerTiming: StartMediaCommunicationService
04-08 12:27:38.159   569   569 I SystemServiceManager: Starting com.android.server.media.MediaCommunicationService
04-08 12:27:38.159   569   569 D SystemServerTiming: AppCompatOverridesService
04-08 12:27:38.159   569   569 I SystemServiceManager: Starting com.android.server.compat.overrides.AppCompatOverridesService$Lifecycle
04-08 12:27:38.159   569   569 D SystemServerTiming: PhaseActivityManagerReady
04-08 12:27:38.159   569   569 D SystemServerTiming: controllersReady
04-08 12:27:38.160   569   624 D SystemServerTimingAsync: InitThreadPoolExec:Update app-ops uidState in case package com.iskcon.birkrishnagoswami changed
04-08 12:27:38.160   569   633 D SystemServerTimingAsync: InitThreadPoolExec:Update app-ops uidState in case package host.exp.exponent changed
04-08 12:27:38.160   569   643 D SystemServerTimingAsync: InitThreadPoolExec:Update app-ops uidState in case package com.google.android.cellbroadcastreceiver changed
04-08 12:27:38.160   569   593 D SystemServerTimingAsync: InitThreadPoolExec:Update app-ops uidState in case package com.google.android.providers.media.module changed
04-08 12:27:38.160   569   593 D SystemServerTimingAsync: InitThreadPoolExec:Update app-ops uidState in case package com.google.android.permissioncontroller changed
04-08 12:27:38.160   569   624 D SystemServerTimingAsync: InitThreadPoolExec:Update app-ops uidState in case package com.android.systemui changed
04-08 12:27:38.160   569   593 D SystemServerTimingAsync: InitThreadPoolExec:Update app-ops uidState in case package com.google.android.apps.nexuslauncher changed
04-08 12:27:38.160   569   593 D SystemServerTimingAsync: InitThreadPoolExec:Update app-ops uidState in case package com.google.android.sdksetup changed
04-08 12:27:38.160   569   624 D SystemServerTimingAsync: InitThreadPoolExec:Update app-ops uidState in case package com.google.android.apps.wallpaper changed
04-08 12:27:38.160   569   593 D SystemServerTimingAsync: InitThreadPoolExec:Update app-ops uidState in case package com.google.android.calendar changed
04-08 12:27:38.160   569   624 D SystemServerTimingAsync: InitThreadPoolExec:Update app-ops uidState in case package com.google.android.gm changed
04-08 12:27:38.160   569   593 D SystemServerTimingAsync: InitThreadPoolExec:Update app-ops uidState in case package com.google.android.youtube changed
04-08 12:27:38.160   569   624 D SystemServerTimingAsync: InitThreadPoolExec:Update app-ops uidState in case package com.google.android.tts changed
04-08 12:27:38.160   569   643 D SystemServerTimingAsync: InitThreadPoolExec:Update app-ops uidState in case package com.google.android.inputmethod.latin changed
04-08 12:27:38.160   569   643 D SystemServerTimingAsync: InitThreadPoolExec:Update app-ops uidState in case package com.google.android.contacts changed
04-08 12:27:38.160   569   643 D SystemServerTimingAsync: InitThreadPoolExec:Update app-ops uidState in case package com.google.android.apps.photos changed
04-08 12:27:38.160   569   643 D SystemServerTimingAsync: InitThreadPoolExec:Update app-ops uidState in case package com.android.chrome changed
04-08 12:27:38.160   569   643 D SystemServerTimingAsync: InitThreadPoolExec:Update app-ops uidState in case package com.google.android.apps.maps changed
04-08 12:27:38.160   569   593 D SystemServerTimingAsync: InitThreadPoolExec:Update app-ops uidState in case package com.google.android.deskclock changed
04-08 12:27:38.160   569   633 D SystemServerTimingAsync: InitThreadPoolExec:Update app-ops uidState in case package com.google.android.googlequicksearchbox changed
04-08 12:27:38.160   569   593 D SystemServerTimingAsync: InitThreadPoolExec:Update app-ops uidState in case package com.google.android.gms changed
04-08 12:27:38.160   569   633 D SystemServerTimingAsync: InitThreadPoolExec:Update app-ops uidState in case package com.google.android.gsf changed
04-08 12:27:38.160   569   633 D SystemServerTimingAsync: InitThreadPoolExec:Update app-ops uidState in case package com.android.vending changed
04-08 12:27:38.160   569   633 D SystemServerTimingAsync: InitThreadPoolExec:Update app-ops uidState in case package com.google.android.apps.wellbeing changed
04-08 12:27:38.160   569   633 D SystemServerTimingAsync: InitThreadPoolExec:Update app-ops uidState in case package com.google.android.apps.messaging changed
04-08 12:27:38.160   569   633 D SystemServerTimingAsync: InitThreadPoolExec:Update app-ops uidState in case package com.google.android.as changed
04-08 12:27:38.160   569   633 D SystemServerTimingAsync: InitThreadPoolExec:Update app-ops uidState in case package com.google.android.ims changed
04-08 12:27:38.160   569   633 D SystemServerTimingAsync: InitThreadPoolExec:Update app-ops uidState in case package com.google.android.projection.gearhead changed
04-08 12:27:38.160   569   633 D SystemServerTimingAsync: InitThreadPoolExec:Update app-ops uidState in case package com.google.android.setupwizard changed
04-08 12:27:38.160   569   633 D SystemServerTimingAsync: InitThreadPoolExec:Update app-ops uidState in case package com.google.android.dialer changed
04-08 12:27:38.160   569   633 D SystemServerTimingAsync: InitThreadPoolExec:Update app-ops uidState in case package com.google.android.configupdater changed
04-08 12:27:38.160   569   633 D SystemServerTimingAsync: InitThreadPoolExec:Update app-ops uidState in case package com.android.imsserviceentitlement changed
04-08 12:27:38.160   569   633 D SystemServerTimingAsync: InitThreadPoolExec:Update app-ops uidState in case package com.android.providers.calendar changed
04-08 12:27:38.160   569   643 D SystemServerTimingAsync: InitThreadPoolExec:Update app-ops uidState in case package com.google.android.apps.youtube.music changed
04-08 12:27:38.160   569   593 D SystemServerTimingAsync: InitThreadPoolExec:Update app-ops uidState in case package com.android.providers.blockednumber changed
04-08 12:27:38.160   569   633 D SystemServerTimingAsync: InitThreadPoolExec:Update app-ops uidState in case package com.android.providers.contacts changed
04-08 12:27:38.160   569   633 D SystemServerTimingAsync: InitThreadPoolExec:Update app-ops uidState in case package com.android.providers.downloads changed
04-08 12:27:38.160   569   593 D SystemServerTimingAsync: InitThreadPoolExec:Update app-ops uidState in case package com.android.cellbroadcastreceiver changed
04-08 12:27:38.160   569   643 D SystemServerTimingAsync: InitThreadPoolExec:Update app-ops uidState in case package com.android.providers.userdictionary changed
04-08 12:27:38.160   569   643 D SystemServerTimingAsync: InitThreadPoolExec:Update app-ops uidState in case package com.google.android.networkstack.tethering changed
04-08 12:27:38.160   569   643 D SystemServerTimingAsync: InitThreadPoolExec:Update app-ops uidState in case package com.android.bluetooth changed
04-08 12:27:38.160   569   624 D SystemServerTimingAsync: InitThreadPoolExec:Update app-ops uidState in case package com.google.android.apps.docs changed
04-08 12:27:38.160   569   624 D SystemServerTimingAsync: InitThreadPoolExec:Update app-ops uidState in case package com.android.phone changed
04-08 12:27:38.160   569   624 D SystemServerTimingAsync: InitThreadPoolExec:Update app-ops uidState in case package android changed
04-08 12:27:38.160   569   624 D SystemServerTimingAsync: InitThreadPoolExec:Update app-ops uidState in case package com.android.providers.settings changed
04-08 12:27:38.160   569   643 D SystemServerTimingAsync: InitThreadPoolExec:Update app-ops uidState in case package com.android.ons changed
04-08 12:27:38.160   569   624 D SystemServerTimingAsync: InitThreadPoolExec:Update app-ops uidState in case package com.android.inputdevices changed
04-08 12:27:38.160   569   624 D SystemServerTimingAsync: InitThreadPoolExec:Update app-ops uidState in case package com.android.keychain changed
04-08 12:27:38.160   569   624 D SystemServerTimingAsync: InitThreadPoolExec:Update app-ops uidState in case package com.android.localtransport changed
04-08 12:27:38.160   569   624 D SystemServerTimingAsync: InitThreadPoolExec:Update app-ops uidState in case package com.android.emulator.multidisplay changed
04-08 12:27:38.160   569   624 D SystemServerTimingAsync: InitThreadPoolExec:Update app-ops uidState in case package com.android.settings changed
04-08 12:27:38.160   569   624 D SystemServerTimingAsync: InitThreadPoolExec:Update app-ops uidState in case package com.android.location.fused changed
04-08 12:27:38.160   569   633 D SystemServerTimingAsync: InitThreadPoolExec:Update app-ops uidState in case package com.android.mtp changed
04-08 12:27:38.160   569   643 D SystemServerTimingAsync: InitThreadPoolExec:Update app-ops uidState in case package com.android.server.telecom changed
04-08 12:27:38.160   569   593 D SystemServerTimingAsync: InitThreadPoolExec:Update app-ops uidState in case package com.google.android.cellbroadcastservice changed
04-08 12:27:38.163   569   569 D SystemServerTiming: killProcesses
04-08 12:27:38.163   569   569 I ActivityManager: System now ready
04-08 12:27:38.163   569   569 D SystemServerTiming: updateTopComponentForFactoryTest
04-08 12:27:38.163   569   569 D SystemServerTiming: registerActivityLaunchObserver
04-08 12:27:38.163   569   569 D SystemServerTiming: watchDeviceProvisioning
04-08 12:27:38.166   569   569 D SystemServerTiming: retrieveSettings
04-08 12:27:38.166   569   569 I ActivityTaskManager: Config changes=10000000 {1.0 ?mcc?mnc [en_US] ldltr sw393dp w393dp h829dp 440dpi nrml long port finger qwerty/v/v dpad/v winConfig={ mBounds=Rect(0, 0 - 1080, 2280) mAppBounds=Rect(0, 0 - 1080, 2280) mMaxBounds=Rect(0, 0 - 1080, 2280) mDisplayRotation=ROTATION_0 mWindowingMode=fullscreen mDisplayWindowingMode=fullscreen mActivityType=undefined mAlwaysOnTop=undefined mRotation=ROTATION_0} s.8 fontWeightAdjustment=0}
04-08 12:27:38.166   569   569 I WindowManager: Override config changes=10000000 {1.0 ?mcc?mnc [en_US] ldltr sw393dp w393dp h829dp 440dpi nrml long port finger qwerty/v/v dpad/v winConfig={ mBounds=Rect(0, 0 - 1080, 2280) mAppBounds=Rect(0, 0 - 1080, 2280) mMaxBounds=Rect(0, 0 - 1080, 2280) mDisplayRotation=ROTATION_0 mWindowingMode=fullscreen mDisplayWindowingMode=fullscreen mActivityType=undefined mAlwaysOnTop=undefined mRotation=ROTATION_0} s.8 fontWeightAdjustment=0} for displayId=0
04-08 12:27:38.166   569   569 D SystemServerTiming: Ugm.onSystemReady
04-08 12:27:38.167   569   569 D SystemServerTiming: updateForceBackgroundCheck
04-08 12:27:38.167   569   569 I SystemServer: Making services ready
04-08 12:27:38.167   569   569 D SystemServerTiming: StartActivityManagerReadyPhase
04-08 12:27:38.167   569   569 I SystemServiceManager: Starting phase 550
04-08 12:27:38.167   569   569 D SystemServerTiming: OnBootPhase_550
04-08 12:27:38.167   569   569 D SystemServerTiming: OnBootPhase_550_com.android.server.security.FileIntegrityService
04-08 12:27:38.167   569   569 D SystemServerTiming: OnBootPhase_550_com.android.server.pm.Installer
04-08 12:27:38.167   569   569 D SystemServerTiming: OnBootPhase_550_com.android.server.os.DeviceIdentifiersPolicyService
04-08 12:27:38.167   569   569 D SystemServerTiming: OnBootPhase_550_com.android.server.uri.UriGrantsManagerService$Lifecycle
04-08 12:27:38.167   569   569 D SystemServerTiming: OnBootPhase_550_com.android.server.powerstats.PowerStatsService
04-08 12:27:38.167   569   569 D SystemServerTiming: OnBootPhase_550_com.android.server.wm.ActivityTaskManagerService$Lifecycle
04-08 12:27:38.167   569   569 D SystemServerTiming: OnBootPhase_550_com.android.server.am.ActivityManagerService$Lifecycle
04-08 12:27:38.167   569   569 D SystemServerTiming: OnBootPhase_550_com.android.server.pm.DataLoaderManagerService
04-08 12:27:38.167   569   569 D SystemServerTiming: OnBootPhase_550_com.android.server.power.PowerManagerService
04-08 12:27:38.167   569   569 D SystemServerTiming: OnBootPhase_550_com.android.server.power.ThermalManagerService
04-08 12:27:38.167   569   569 I android_os_HwBinder: HwBinder: Starting thread pool for getting: android.hardware.thermal@2.0::IThermal/default
04-08 12:27:38.168   390   390 I android.hardware.thermal@2.0-service-mock: A callback has been registered to ThermalHAL, isFilter: 0 Type: CPU
