04-07 17:24:13.564   575   575 V StorageManagerService: Package com.google.android.gsf does not have legacy storage
04-07 17:24:13.564   575   575 V StorageManagerService: Package com.google.android.ims does not have legacy storage
04-07 17:24:13.564   575   575 V StorageManagerService: Package com.google.android.tag does not have legacy storage
04-07 17:24:13.564   575   575 V StorageManagerService: Package com.google.android.tts does not have legacy storage
04-07 17:24:13.564   575   575 V StorageManagerService: Package com.google.android.overlay.permissioncontroller does not have legacy storage
04-07 17:24:13.564   575   575 V StorageManagerService: Package com.android.calllogbackup does not have legacy storage
04-07 17:24:13.564   575   575 V StorageManagerService: Package com.google.android.partnersetup does not have legacy storage
04-07 17:24:13.564   575   575 V StorageManagerService: Package com.android.cameraextensions does not have legacy storage
04-07 17:24:13.564   575   575 V StorageManagerService: Package com.google.android.apps.wallpaper.nexus does not have legacy storage
04-07 17:24:13.564   575   575 V StorageManagerService: Package com.android.localtransport does not have legacy storage
04-07 17:24:13.564   575   575 V StorageManagerService: Package com.google.android.apps.nexuslauncher does not have legacy storage
04-07 17:24:13.564   575   575 V StorageManagerService: Package com.google.android.nearby.halfsheet does not have legacy storage
04-07 17:24:13.564   575   575 V StorageManagerService: Package com.android.carrierdefaultapp does not have legacy storage
04-07 17:24:13.564   575   575 V StorageManagerService: Package com.android.theme.font.notoserifsource does not have legacy storage
04-07 17:24:13.564   575   575 V StorageManagerService: Package com.android.proxyhandler does not have legacy storage
04-07 17:24:13.564   575   575 V StorageManagerService: Package com.google.android.safetycenter.resources does not have legacy storage
04-07 17:24:13.564   575   575 V StorageManagerService: Package com.android.internal.display.cutout.emulation.waterfall does not have legacy storage
04-07 17:24:13.564   575   575 V StorageManagerService: Package com.android.intentresolver does not have legacy storage
04-07 17:24:13.564   575   575 V StorageManagerService: Package com.google.android.connectivity.resources does not have legacy storage
04-07 17:24:13.564   575   575 V StorageManagerService: Package com.android.providers.contacts.auto_generated_rro_product__ does not have legacy storage
04-07 17:24:13.564   575   575 V StorageManagerService: Package com.google.android.feedback does not have legacy storage
04-07 17:24:13.564   575   575 V StorageManagerService: Package com.google.android.printservice.recommendation does not have legacy storage
04-07 17:24:13.564   575   575 V StorageManagerService: Package com.google.android.apps.photos does not have legacy storage
04-07 17:24:13.564   575   575 V StorageManagerService: Package com.google.android.calendar does not have legacy storage
04-07 17:24:13.564   575   575 V StorageManagerService: Package com.android.managedprovisioning does not have legacy storage
04-07 17:24:13.564   575   575 V StorageManagerService: Package com.android.soundpicker does not have legacy storage
04-07 17:24:13.564   575   575 V StorageManagerService: Package com.google.android.documentsui does not have legacy storage
04-07 17:24:13.564   575   575 V StorageManagerService: Package com.android.systemui.emulation.pixel_3a_xl does not have legacy storage
04-07 17:24:13.564   575   575 V StorageManagerService: Package com.google.mainline.telemetry does not have legacy storage
04-07 17:24:13.564   575   575 V StorageManagerService: Package com.google.android.systemui.gxoverlay does not have legacy storage
04-07 17:24:13.564   575   575 V StorageManagerService: Package com.android.carrierconfig.auto_generated_rro_product__ does not have legacy storage
04-07 17:24:13.564   575   575 V StorageManagerService: Package com.android.emulator.multidisplay does not have legacy storage
04-07 17:24:13.564   575   575 V StorageManagerService: Package com.android.providers.partnerbookmarks does not have legacy storage
04-07 17:24:13.564   575   575 V StorageManagerService: Package com.android.wallpaper.livepicker does not have legacy storage
04-07 17:24:13.564   575   575 V StorageManagerService: Package com.android.providers.telephony.auto_generated_rro_product__ does not have legacy storage
04-07 17:24:13.564   575   575 V StorageManagerService: Package com.android.phone.auto_generated_rro_vendor__ does not have legacy storage
04-07 17:24:13.564   575   575 V StorageManagerService: Package com.google.mainline.adservices does not have legacy storage
04-07 17:24:13.564   575   575 V StorageManagerService: Package com.android.imsserviceentitlement does not have legacy storage
04-07 17:24:13.564   575   575 V StorageManagerService: Package com.google.android.sdksetup does not have legacy storage
04-07 17:24:13.564   575   575 V StorageManagerService: Package com.google.android.gms.supervision does not have legacy storage
04-07 17:24:13.564   575   575 V StorageManagerService: Package com.android.internal.emulation.pixel_2_xl does not have legacy storage
04-07 17:24:13.564   575   575 V StorageManagerService: Package com.android.internal.emulation.pixel_3_xl does not have legacy storage
04-07 17:24:13.564   575   575 V StorageManagerService: Package com.android.internal.emulation.pixel_4_xl does not have legacy storage
04-07 17:24:13.564   575   575 V StorageManagerService: Package com.android.storagemanager does not have legacy storage
04-07 17:24:13.564   575   575 V StorageManagerService: Package com.android.bookmarkprovider does not have legacy storage
04-07 17:24:13.564   575   575 V StorageManagerService: Package com.google.android.overlay.pixelconfigcommon does not have legacy storage
04-07 17:24:13.564   575   575 V StorageManagerService: Package com.android.settings does not have legacy storage
04-07 17:24:13.564   575   575 V StorageManagerService: Package com.android.systemui.emulation.pixel_3a does not have legacy storage
04-07 17:24:13.564   575   575 V StorageManagerService: Package com.android.systemui.emulation.pixel_4a does not have legacy storage
04-07 17:24:13.564   575   575 V StorageManagerService: Package com.google.android.settings.intelligence does not have legacy storage
04-07 17:24:13.564   575   575 V StorageManagerService: Package com.google.android.projection.gearhead does not have legacy storage
04-07 17:24:13.564   575   575 V StorageManagerService: Package com.android.cts.ctsshim does not have legacy storage
04-07 17:24:13.564   575   575 V StorageManagerService: Package com.google.android.wifi.resources does not have legacy storage
04-07 17:24:13.564   575   575 V StorageManagerService: Package com.android.remoteprovisioner does not have legacy storage
04-07 17:24:13.564   575   575 V StorageManagerService: Package com.google.android.wifi.dialog does not have legacy storage
04-07 17:24:13.564   575   575 V StorageManagerService: Package com.android.vpndialogs does not have legacy storage
04-07 17:24:13.564   575   575 V StorageManagerService: Package com.google.android.apps.wallpaper does not have legacy storage
04-07 17:24:13.564   575   575 V StorageManagerService: Package com.google.android.odad does not have legacy storage
04-07 17:24:13.564   575   575 V StorageManagerService: Package com.android.phone does not have legacy storage
04-07 17:24:13.564   575   575 V StorageManagerService: Package com.android.shell does not have legacy storage
04-07 17:24:13.564   575   575 V StorageManagerService: Package com.android.wallpaperbackup does not have legacy storage
04-07 17:24:13.564   575   575 V StorageManagerService: Package com.android.providers.blockednumber does not have legacy storage
04-07 17:24:13.564   575   575 V StorageManagerService: Package com.android.settings.auto_generated_rro_product__ does not have legacy storage
04-07 17:24:13.564   575   575 V StorageManagerService: Package com.android.providers.userdictionary does not have legacy storage
04-07 17:24:13.564   575   575 V StorageManagerService: Package com.android.emergency does not have legacy storage
04-07 17:24:13.564   575   575 V StorageManagerService: Package com.android.internal.systemui.navbar.gestural does not have legacy storage
04-07 17:24:13.564   575   575 V StorageManagerService: Package com.android.location.fused does not have legacy storage
04-07 17:24:13.564   575   575 V StorageManagerService: Package com.android.systemui does not have legacy storage
04-07 17:24:13.564   575   575 V StorageManagerService: Package com.google.android.ondevicepersonalization.services does not have legacy storage
04-07 17:24:13.564   575   575 V StorageManagerService: Package com.google.android.apps.youtube.music does not have legacy storage
04-07 17:24:13.564   575   575 V StorageManagerService: Package com.android.bluetoothmidiservice does not have legacy storage
04-07 17:24:13.564   575   575 V StorageManagerService: Package com.android.traceur does not have legacy storage
04-07 17:24:13.564   575   575 V StorageManagerService: Package com.android.storagemanager.auto_generated_rro_product__ does not have legacy storage
04-07 17:24:13.564   575   575 V StorageManagerService: Package com.google.android.cellbroadcastreceiver does not have legacy storage
04-07 17:24:13.564   575   575 V StorageManagerService: Package com.android.phone.auto_generated_rro_product__ does not have legacy storage
04-07 17:24:13.564   575   575 V StorageManagerService: Package android.auto_generated_rro_product__ does not have legacy storage
04-07 17:24:13.564   575   575 V StorageManagerService: Package com.android.bluetooth does not have legacy storage
04-07 17:24:13.564   575   575 V StorageManagerService: Package com.android.providers.contacts does not have legacy storage
04-07 17:24:13.564   575   575 V StorageManagerService: Package com.android.internal.systemui.navbar.gestural_narrow_back does not have legacy storage
04-07 17:24:13.564   575   575 V StorageManagerService: Package com.google.android.inputmethod.latin does not have legacy storage
04-07 17:24:13.564   575   575 V StorageManagerService: Package android.auto_generated_rro_vendor__ does not have legacy storage
04-07 17:24:13.564   575   575 V StorageManagerService: Package com.google.android.apps.restore does not have legacy storage
04-07 17:24:13.564   575   575 D SystemServerTiming: ssm.onStartUser-0_com.android.server.usage.StorageStatsService$Lifecycle
04-07 17:24:13.564   575   575 D SystemServerTiming: ssm.onStartUser-0_com.android.server.UiModeManagerService
04-07 17:24:13.564   575   575 D SystemServerTiming: ssm.onStartUser-0_com.android.server.locales.LocaleManagerService
04-07 17:24:13.564   575   575 D SystemServerTiming: ssm.onStartUser-0_com.android.server.locksettings.LockSettingsService$Lifecycle
04-07 17:24:13.564   575   575 D SystemServerTiming: ssm.onStartUser-0_com.android.server.testharness.TestHarnessModeService
04-07 17:24:13.564   575   575 D SystemServerTiming: ssm.onStartUser-0_com.android.server.DeviceIdleController
04-07 17:24:13.564   575   575 D SystemServerTiming: ssm.onStartUser-0_com.android.server.devicepolicy.DevicePolicyManagerService$Lifecycle
04-07 17:24:13.564   575   575 D SystemServerTiming: ssm.onStartUser-0_com.android.server.musicrecognition.MusicRecognitionManagerService
04-07 17:24:13.564   575   575 D SystemServerTiming: ssm.onStartUser-0_com.android.server.contentcapture.ContentCaptureManagerService
04-07 17:24:13.564   575   575 D SystemServerTiming: ssm.onStartUser-0_com.android.server.systemcaptions.SystemCaptionsManagerService
04-07 17:24:13.564   575   575 D SystemServerTiming: ssm.onStartUser-0_com.android.server.texttospeech.TextToSpeechManagerService
04-07 17:24:13.564   575   575 D SystemServerTiming: ssm.onStartUser-0_com.android.server.ambientcontext.AmbientContextManagerService
04-07 17:24:13.564   575   575 D SystemServerTiming: ssm.onStartUser-0_com.android.server.speech.SpeechRecognitionManagerService
04-07 17:24:13.564   575   575 D SystemServerTiming: ssm.onStartUser-0_com.android.server.appprediction.AppPredictionManagerService
04-07 17:24:13.564   575   575 D SystemServerTiming: ssm.onStartUser-0_com.android.server.contentsuggestions.ContentSuggestionsManagerService
04-07 17:24:13.564   575   575 D SystemServerTiming: ssm.onStartUser-0_com.android.server.searchui.SearchUiManagerService
04-07 17:24:13.564   575   575 D SystemServerTiming: ssm.onStartUser-0_com.android.server.smartspace.SmartspaceManagerService
04-07 17:24:13.564   575   575 D SystemServerTiming: ssm.onStartUser-0_com.android.server.cloudsearch.CloudSearchManagerService
04-07 17:24:13.564   575   575 D SystemServerTiming: ssm.onStartUser-0_com.android.server.graphics.fonts.FontManagerService$Lifecycle
04-07 17:24:13.564   575   575 D SystemServerTiming: ssm.onStartUser-0_com.android.server.textservices.TextServicesManagerService$Lifecycle
04-07 17:24:13.564   575   575 D SystemServerTiming: ssm.onStartUser-0_com.android.server.textclassifier.TextClassificationManagerService$Lifecycle
04-07 17:24:13.565   367   367 D Zygote  : Forked child process 856
04-07 17:24:13.565   575   575 D SystemServerTiming: ssm.onStartUser-0_com.android.server.NetworkScoreService$Lifecycle
04-07 17:24:13.565   575   575 D SystemServerTiming: ssm.onStartUser-0_com.android.server.NetworkStatsServiceInitializer
04-07 17:24:13.565   575   575 D SystemServerTiming: ssm.onStartUser-0_com.android.server.wifi.WifiService
04-07 17:24:13.565   575   575 D SystemServerTiming: ssm.onStartUser-0_com.android.server.wifi.scanner.WifiScanningService
04-07 17:24:13.565   575   575 D SystemServerTiming: ssm.onStartUser-0_com.android.server.wifi.p2p.WifiP2pService
04-07 17:24:13.565   575   575 D SystemServerTiming: ssm.onStartUser-0_com.android.server.ConnectivityServiceInitializer
04-07 17:24:13.565   575   575 D SystemServerTiming: ssm.onStartUser-0_com.android.server.notification.NotificationManagerService
04-07 17:24:13.565   575   575 D SystemServerTiming: ssm.onStartUser-0_com.android.server.storage.DeviceStorageMonitorService
04-07 17:24:13.565   575   575 D SystemServerTiming: ssm.onStartUser-0_com.android.server.location.LocationManagerService$Lifecycle
04-07 17:24:13.565   575   575 D SystemServerTiming: ssm.onStartUser-0_com.android.server.timedetector.TimeDetectorService$Lifecycle
04-07 17:24:13.565   575   575 D SystemServerTiming: ssm.onStartUser-0_com.android.server.timezonedetector.TimeZoneDetectorService$Lifecycle
04-07 17:24:13.565   575   575 D SystemServerTiming: ssm.onStartUser-0_com.android.server.timezonedetector.location.LocationTimeZoneManagerService$Lifecycle
04-07 17:24:13.565   575   575 D SystemServerTiming: ssm.onStartUser-0_com.android.server.search.SearchManagerService$Lifecycle
04-07 17:24:13.565   575   575 D SystemServerTiming: ssm.onStartUser-0_com.android.server.wallpaper.WallpaperManagerService$Lifecycle
04-07 17:24:13.565   575   575 D SystemServerTiming: ssm.onStartUser-0_com.android.server.wallpapereffectsgeneration.WallpaperEffectsGenerationManagerService
04-07 17:24:13.565   575   575 D SystemServerTiming: ssm.onStartUser-0_com.android.server.audio.AudioService$Lifecycle
04-07 17:24:13.565   575   575 D SystemServerTiming: ssm.onStartUser-0_com.android.server.soundtrigger_middleware.SoundTriggerMiddlewareService$Lifecycle
04-07 17:24:13.565   575   575 D SystemServerTiming: ssm.onStartUser-0_com.android.server.DockObserver
04-07 17:24:13.565   575   575 D SystemServerTiming: ssm.onStartUser-0_com.android.server.midi.MidiService$Lifecycle
04-07 17:24:13.565   575   575 D SystemServerTiming: ssm.onStartUser-0_com.android.server.adb.AdbService$Lifecycle
04-07 17:24:13.565   575   575 D SystemServerTiming: ssm.onStartUser-0_com.android.server.usb.UsbService$Lifecycle
04-07 17:24:13.565   575   575 D SystemServerTiming: ssm.onStartUser-0_com.android.server.twilight.TwilightService
04-07 17:24:13.565   575   575 D SystemServerTiming: ssm.onStartUser-0_com.android.server.display.color.ColorDisplayService
04-07 17:24:13.565   575   575 D SystemServerTiming: ssm.onStartUser-0_com.android.server.job.JobSchedulerService
04-07 17:24:13.565   575   575 D SystemServerTiming: ssm.onStartUser-0_com.android.server.soundtrigger.SoundTriggerService
04-07 17:24:13.565   575   575 D SystemServerTiming: ssm.onStartUser-0_com.android.server.trust.TrustManagerService
04-07 17:24:13.565   575   575 D SystemServerTiming: ssm.onStartUser-0_com.android.server.backup.BackupManagerService$Lifecycle
04-07 17:24:13.565   575   575 D SystemServerTiming: ssm.onStartUser-0_com.android.server.appwidget.AppWidgetService
04-07 17:24:13.565   575   575 D SystemServerTiming: ssm.onStartUser-0_com.android.server.voiceinteraction.VoiceInteractionManagerService
04-07 17:24:13.565   575   800 W ZygoteProcess: Got error connecting to zygote, retrying. msg= Connection refused
04-07 17:24:13.565   842   842 E rkstack.process: Not starting debugger since process cannot load the jdwp agent.
04-07 17:24:13.565   575   758 I ActivityManager: Process WebViewLoader-arm64-v8a (pid 803) has died: psvc PER 
04-07 17:24:13.566   575   603 I libprocessgroup: Successfully killed process cgroup uid 1037 pid 803 in 0ms
04-07 17:24:13.566   856   856 I libc    : SetHeapTaggingLevel: tag level set to 0
04-07 17:24:13.566   485   506 V C2Store : in ~ComponentModule
04-07 17:24:13.566   485   506 V C2Store : unloading dll
04-07 17:24:13.566   485   506 V C2Store : in init
04-07 17:24:13.566   485   506 V C2Store : loading dll
04-07 17:24:13.567   485   506 V C2Store : in ~ComponentModule
04-07 17:24:13.567   485   506 V C2Store : unloading dll
04-07 17:24:13.567   485   506 V C2Store : in init
04-07 17:24:13.567   485   506 V C2Store : loading dll
04-07 17:24:13.568   485   506 V C2Store : in ~ComponentModule
04-07 17:24:13.568   485   506 V C2Store : unloading dll
04-07 17:24:13.568   485   506 V C2Store : in init
04-07 17:24:13.568   485   506 V C2Store : loading dll
04-07 17:24:13.568   367   367 I Zygote  : Process 803 exited cleanly (0)
04-07 17:24:13.570   485   506 V C2Store : in ~ComponentModule
04-07 17:24:13.570   485   506 V C2Store : unloading dll
04-07 17:24:13.570   485   506 V C2Store : in init
04-07 17:24:13.570   485   506 V C2Store : loading dll
04-07 17:24:13.570   856   856 I WebViewZygoteInit: Starting WebViewZygoteInit
04-07 17:24:13.570   575   756 D CompatibilityChangeReporter: Compat change id reported: 168419799; UID 1073; state: DISABLED
04-07 17:24:13.571   575   756 D CompatibilityChangeReporter: Compat change id reported: 168419799; UID 1073; state: DISABLED
04-07 17:24:13.571   485   506 V C2Store : in ~ComponentModule
04-07 17:24:13.571   485   506 V C2Store : unloading dll
04-07 17:24:13.571   485   506 V C2Store : in init
04-07 17:24:13.571   485   506 V C2Store : loading dll
04-07 17:24:13.572   367   367 I Zygote  : Entering forkRepeatedly native zygote loop
04-07 17:24:13.572   485   506 I C2SoftVpxEnc: setting temporal layering 0 + 0
04-07 17:24:13.572   485   506 V C2Store : in ~ComponentModule
04-07 17:24:13.572   485   506 V C2Store : unloading dll
04-07 17:24:13.572   485   506 V C2Store : in init
04-07 17:24:13.572   485   506 V C2Store : loading dll
04-07 17:24:13.572   842   842 D CompatibilityChangeReporter: Compat change id reported: 171979766; UID 1073; state: ENABLED
04-07 17:24:13.572   485   506 V C2Store : in ~ComponentModule
04-07 17:24:13.572   485   506 V C2Store : unloading dll
04-07 17:24:13.572   485   506 V C2Store : in init
04-07 17:24:13.572   485   506 V C2Store : loading dll
04-07 17:24:13.573   485   506 I C2SoftVpxEnc: setting temporal layering 0 + 0
04-07 17:24:13.573   485   506 V C2Store : in ~ComponentModule
04-07 17:24:13.573   485   506 V C2Store : unloading dll
04-07 17:24:13.573   481   524 D MediaCodecsXmlParser: parsing /apex/com.android.media.swcodec/etc/media_codecs.xml...
04-07 17:24:13.573   481   524 D MediaCodecsXmlParser: disabling c2.android.gsm.decoder
04-07 17:24:13.573   575   575 D SystemServerTiming: ssm.onStartUser-0_com.android.server.apphibernation.AppHibernationService
04-07 17:24:13.573   575   575 D SystemServerTiming: ssm.onStartUser-0_com.android.server.GestureLauncherService
04-07 17:24:13.573   575   575 D SystemServerTiming: ssm.onStartUser-0_com.android.server.SensorNotificationService
04-07 17:24:13.573   575   575 D SystemServerTiming: ssm.onStartUser-0_com.android.server.emergency.EmergencyAffordanceService
04-07 17:24:13.573   575   575 D SystemServerTiming: ssm.onStartUser-0_com.android.server.blob.BlobStoreManagerService
04-07 17:24:13.573   575   575 D SystemServerTiming: ssm.onStartUser-0_com.android.server.dreams.DreamManagerService
04-07 17:24:13.573   575   575 D SystemServerTiming: ssm.onStartUser-0_com.android.server.print.PrintManagerService
04-07 17:24:13.573   575   575 D SystemServerTiming: ssm.onStartUser-0_com.android.server.security.AttestationVerificationManagerService
04-07 17:24:13.573   575   575 D SystemServerTiming: ssm.onStartUser-0_com.android.server.companion.CompanionDeviceManagerService
04-07 17:24:13.573   575   575 D SystemServerTiming: ssm.onStartUser-0_com.android.server.companion.virtual.VirtualDeviceManagerService
04-07 17:24:13.574   481   524 D MediaCodecsXmlParser: disabling c2.android.mpeg2.decoder
04-07 17:24:13.574   481   524 I MediaCodecsXmlParser: Did not find media_codecs_performance.xml in search path
04-07 17:24:13.574   481   524 I MediaCodecsXmlParser: Did not find media_codecs_c2.xml in search path
04-07 17:24:13.574   481   524 D MediaCodecsXmlParser: parsing /vendor/etc/media_codecs_performance_c2.xml...
04-07 17:24:13.574   575   575 D SystemServerTiming: ssm.onStartUser-0_com.android.server.restrictions.RestrictionsManagerService
04-07 17:24:13.574   575   575 D SystemServerTiming: ssm.onStartUser-0_com.android.server.media.MediaSessionService
04-07 17:24:13.574   575   575 D SystemServerTiming: ssm.onStartUser-0_com.android.server.media.MediaResourceMonitorService
04-07 17:24:13.574   575   575 D SystemServerTiming: ssm.onStartUser-0_com.android.server.biometrics.sensors.fingerprint.FingerprintService
04-07 17:24:13.574   575   575 D SystemServerTiming: ssm.onStartUser-0_com.android.server.biometrics.BiometricService
04-07 17:24:13.574   575   575 D SystemServerTiming: ssm.onStartUser-0_com.android.server.biometrics.AuthService
04-07 17:24:13.574   575   575 D SystemServerTiming: ssm.onStartUser-0_com.android.server.pm.ShortcutService$Lifecycle
04-07 17:24:13.574   575   575 D SystemServerTiming: ssm.onStartUser-0_com.android.server.pm.LauncherAppsService
04-07 17:24:13.574   575   575 D SystemServerTiming: ssm.onStartUser-0_com.android.server.pm.CrossProfileAppsService
04-07 17:24:13.574   575   575 D SystemServerTiming: ssm.onStartUser-0_com.android.server.people.PeopleService
04-07 17:24:13.574   575   575 D SystemServerTiming: ssm.onStartUser-0_com.android.server.media.metrics.MediaMetricsManagerService
04-07 17:24:13.574   575   575 D SystemServerTiming: ssm.onStartUser-0_com.android.server.media.projection.MediaProjectionManagerService
04-07 17:24:13.574   575   575 D SystemServerTiming: ssm.onStartUser-0_com.android.server.slice.SliceManagerService$Lifecycle
04-07 17:24:13.574   575   575 D SystemServerTiming: ssm.onStartUser-0_com.android.server.stats.StatsCompanion$Lifecycle
04-07 17:24:13.574   575   575 D SystemServerTiming: ssm.onStartUser-0_com.android.server.scheduling.RebootReadinessManagerService$Lifecycle
04-07 17:24:13.574   575   575 D SystemServerTiming: ssm.onStartUser-0_com.android.server.stats.pull.StatsPullAtomService
04-07 17:24:13.574   575   575 D SystemServerTiming: ssm.onStartUser-0_com.android.server.stats.bootstrap.StatsBootstrapAtomService$Lifecycle
04-07 17:24:13.574   575   575 D SystemServerTiming: ssm.onStartUser-0_com.android.server.incident.IncidentCompanionService
04-07 17:24:13.574   575   575 D SystemServerTiming: ssm.onStartUser-0_com.android.server.sdksandbox.SdkSandboxManagerService$Lifecycle
04-07 17:24:13.574   575   575 D SystemServerTiming: ssm.onStartUser-0_com.android.server.adservices.AdServicesManagerService$Lifecycle
04-07 17:24:13.574   481   524 D MediaCodecsXmlParser: parsing /vendor/etc/media_codecs.xml...
04-07 17:24:13.574   575   575 D SystemServerTiming: ssm.onStartUser-0_com.android.server.MmsServiceBroker
04-07 17:24:13.574   575   575 D SystemServerTiming: ssm.onStartUser-0_com.android.server.autofill.AutofillManagerService
04-07 17:24:13.574   575   575 D SystemServerTiming: ssm.onStartUser-0_com.android.server.translation.TranslationManagerService
04-07 17:24:13.574   575   575 D SystemServerTiming: ssm.onStartUser-0_com.android.server.selectiontoolbar.SelectionToolbarManagerService
04-07 17:24:13.574   575   575 D SystemServerTiming: ssm.onStartUser-0_com.android.server.clipboard.ClipboardService
04-07 17:24:13.574   575   575 D SystemServerTiming: ssm.onStartUser-0_com.android.server.appbinding.AppBindingService$Lifecycle
04-07 17:24:13.574   575   575 D SystemServerTiming: ssm.onStartUser-0_com.android.server.tracing.TracingServiceProxy
04-07 17:24:13.574   575   575 D SystemServerTiming: ssm.onStartUser-0_com.android.server.policy.PermissionPolicyService
04-07 17:24:13.574   575   575 D SystemServerTiming: ssm.onStartUser-0_com.android.server.pm.StagingManager$Lifecycle
04-07 17:24:13.574   575   575 D SystemServerTiming: ssm.onStartUser-0_com.android.server.app.GameManagerService$Lifecycle
04-07 17:24:13.574   481   524 D MediaCodecsXmlParser: Ignoring unrecognized tag <MediaCodec> at line 85 of /vendor/etc/media_codecs.xml
04-07 17:24:13.574   481   524 D MediaCodecsXmlParser: Ignoring unrecognized tag <MediaCodec> at line 88 of /vendor/etc/media_codecs.xml
04-07 17:24:13.574   481   524 D MediaCodecsXmlParser: Ignoring unrecognized tag <MediaCodec> at line 91 of /vendor/etc/media_codecs.xml
04-07 17:24:13.574   481   524 D MediaCodecsXmlParser: Ignoring unrecognized tag <MediaCodec> at line 95 of /vendor/etc/media_codecs.xml
04-07 17:24:13.574   481   524 D MediaCodecsXmlParser: Ignoring unrecognized tag <MediaCodec> at line 98 of /vendor/etc/media_codecs.xml
04-07 17:24:13.574   481   524 D MediaCodecsXmlParser: Ignoring unrecognized tag <MediaCodec> at line 101 of /vendor/etc/media_codecs.xml
04-07 17:24:13.574   481   524 D MediaCodecsXmlParser: Ignoring unrecognized tag <MediaCodec> at line 104 of /vendor/etc/media_codecs.xml
04-07 17:24:13.574   481   524 D MediaCodecsXmlParser: parsing /vendor/etc/media_codecs_google_audio.xml...
04-07 17:24:13.574   481   524 D MediaCodecsXmlParser: parsing /vendor/etc/media_codecs_google_telephony.xml...
04-07 17:24:13.574   575   575 V GameManagerService: Settings file doesn't exists, skip reading
04-07 17:24:13.575   575   575 D SystemServerTiming: ssm.onStartUser-0_com.android.safetycenter.SafetyCenterService
04-07 17:24:13.575   575   575 D SystemServerTiming: ssm.onStartUser-0_com.android.server.appsearch.AppSearchModule$Lifecycle
04-07 17:24:13.575   575   575 D SystemServerTiming: ssm.onStartUser-0_com.android.server.media.MediaCommunicationService
04-07 17:24:13.575   575   575 D SystemServerTiming: ssm.onStartUser-0_com.android.server.compat.overrides.AppCompatOverridesService$Lifecycle
04-07 17:24:13.575   575   575 D SystemServerTiming: startPersistentApps
04-07 17:24:13.575   367   367 D Zygote  : Forked child process 875
04-07 17:24:13.575   575   575 D CompatibilityChangeReporter: Compat change id reported: 135634846; UID 1068; state: DISABLED
04-07 17:24:13.575   575   575 D CompatibilityChangeReporter: Compat change id reported: 135634846; UID 1001; state: DISABLED
04-07 17:24:13.575   575   575 D CompatibilityChangeReporter: Compat change id reported: 177438394; UID 1001; state: DISABLED
04-07 17:24:13.575   575   575 D CompatibilityChangeReporter: Compat change id reported: 135772972; UID 1001; state: DISABLED
04-07 17:24:13.575   575   575 D CompatibilityChangeReporter: Compat change id reported: 135754954; UID 1001; state: ENABLED
04-07 17:24:13.575   575   575 D SystemServerTiming: startHomeOnAllDisplays
04-07 17:24:13.575   481   524 D MediaCodecsXmlParser: parsing /vendor/etc/media_codecs_google_video.xml...
04-07 17:24:13.575   575   575 I ActivityTaskManager: START u0 {act=android.intent.action.MAIN cat=[android.intent.category.HOME] flg=0x10000100 cmp=com.android.settings/.FallbackHome (has extras)} from uid 0
04-07 17:24:13.575   814   814 W .gms.persistent: JIT profile information will not be recorded: profile file does not exist.
04-07 17:24:13.575   814   814 W .gms.persistent: JIT profile information will not be recorded: profile file does not exist.
04-07 17:24:13.575   814   814 W .gms.persistent: JIT profile information will not be recorded: profile file does not exist.
04-07 17:24:13.575   814   814 W .gms.persistent: JIT profile information will not be recorded: profile file does not exist.
04-07 17:24:13.575   814   814 W .gms.persistent: JIT profile information will not be recorded: profile file does not exist.
04-07 17:24:13.575   814   814 W .gms.persistent: JIT profile information will not be recorded: profile file does not exist.
04-07 17:24:13.575   814   814 W .gms.persistent: JIT profile information will not be recorded: profile file does not exist.
04-07 17:24:13.575   814   814 W .gms.persistent: JIT profile information will not be recorded: profile file does not exist.
04-07 17:24:13.575   814   814 W .gms.persistent: JIT profile information will not be recorded: profile file does not exist.
04-07 17:24:13.577   575   600 W BestClock: java.time.DateTimeException: Missing NTP fix
04-07 17:24:13.577   842   842 D nativeloader: Configuring classloader-namespace-shared for other apk /system/priv-app/NetworkStackGoogle/NetworkStackGoogle.apk. target_sdk_version=33, uses_libraries=, library_path=/system/priv-app/NetworkStackGoogle/lib/arm64:/system/priv-app/NetworkStackGoogle/NetworkStackGoogle.apk!/lib/arm64-v8a:/system/lib64:/system_ext/lib64, permitted_path=/data:/mnt/expand:/data/user_de/0/com.google.android.networkstack:/system/priv-app/NetworkStackGoogle:/system/lib64:/system_ext/lib64
04-07 17:24:13.578   481   524 D MediaCodecsXmlParser: parsing /vendor/etc/media_codecs_performance.xml...
04-07 17:24:13.578   481   524 I MediaCodecsXmlParser: Did not find media_codecs_shaping.xml in search path
04-07 17:24:13.578   481   524 I MediaCodecsXmlParser: Did not find media_codecs_shaping.xml in search path
04-07 17:24:13.579   392   427 I GoldfishComponentStore: in init
04-07 17:24:13.579   392   427 I GoldfishComponentStore: loading dll of path libcodec2_goldfish_avcdec.so
04-07 17:24:13.579   392   427 I GoldfishComponentStore: Create()
04-07 17:24:13.579   392   427 I GoldfishComponentStore: created interface
04-07 17:24:13.580   392   427 I GoldfishComponentStore: created interface
04-07 17:24:13.580   392   427 E Codec2-FilterWrapper: plugin not OK: -19
04-07 17:24:13.580   481   524 I Codec2InfoBuilder: adding type 'video/avc'
04-07 17:24:13.580   575   575 D CompatibilityChangeReporter: Compat change id reported: 174042980; UID 1000; state: DISABLED
04-07 17:24:13.580   392   427 I GoldfishComponentStore: in ~ComponentModule
04-07 17:24:13.580   392   427 I GoldfishComponentStore: unloading dll
04-07 17:24:13.580   392   427 I GoldfishComponentStore: in init
04-07 17:24:13.580   392   427 I GoldfishComponentStore: loading dll of path libcodec2_goldfish_hevcdec.so
04-07 17:24:13.580   392   427 I GoldfishComponentStore: Create()
04-07 17:24:13.580   392   427 I GoldfishComponentStore: created interface
04-07 17:24:13.580   392   427 I GoldfishComponentStore: created interface
04-07 17:24:13.580   481   524 I Codec2InfoBuilder: adding type 'video/hevc'
04-07 17:24:13.580   392   427 I GoldfishComponentStore: in ~ComponentModule
04-07 17:24:13.580   392   427 I GoldfishComponentStore: unloading dll
04-07 17:24:13.580   392   427 I GoldfishComponentStore: in init
04-07 17:24:13.580   392   427 I GoldfishComponentStore: loading dll of path libcodec2_goldfish_vp8dec.so
04-07 17:24:13.581   392   427 I GoldfishComponentStore: Create()
04-07 17:24:13.581   392   427 I C2GoldfishVpxDec: platform store is 0xb400006f94b2fde8, reflector is 0xb400006f34b33798
04-07 17:24:13.581   392   427 I GoldfishComponentStore: created interface
04-07 17:24:13.581   392   427 I GoldfishComponentStore: created interface
04-07 17:24:13.581   481   524 I Codec2InfoBuilder: adding type 'video/x-vnd.on2.vp8'
04-07 17:24:13.581   392   392 I GoldfishComponentStore: in ~ComponentModule
04-07 17:24:13.581   392   392 I GoldfishComponentStore: unloading dll
04-07 17:24:13.581   392   392 I GoldfishComponentStore: in init
04-07 17:24:13.581   392   392 I GoldfishComponentStore: loading dll of path libcodec2_goldfish_vp9dec.so
04-07 17:24:13.581   392   392 I GoldfishComponentStore: Create()
04-07 17:24:13.581   392   392 I C2GoldfishVpxDec: platform store is 0xb400006f94b30788, reflector is 0xb400006f34b33798
04-07 17:24:13.582   392   392 I GoldfishComponentStore: created interface
04-07 17:24:13.582   392   392 I GoldfishComponentStore: created interface
04-07 17:24:13.582   481   524 I Codec2InfoBuilder: adding type 'video/x-vnd.on2.vp9'
04-07 17:24:13.582   392   392 I GoldfishComponentStore: in ~ComponentModule
04-07 17:24:13.582   392   392 I GoldfishComponentStore: unloading dll
04-07 17:24:13.582   485   506 V C2Store : in init
04-07 17:24:13.582   485   506 V C2Store : loading dll
04-07 17:24:13.583   842   842 V GraphicsEnvironment: ANGLE Developer option for 'com.google.android.networkstack' set to: 'default'
04-07 17:24:13.583   481   524 I Codec2InfoBuilder: adding type 'audio/mp4a-latm'
04-07 17:24:13.583   485   506 V C2Store : in ~ComponentModule
04-07 17:24:13.583   485   506 V C2Store : unloading dll
04-07 17:24:13.583   485   506 V C2Store : in init
04-07 17:24:13.583   485   506 V C2Store : loading dll
04-07 17:24:13.583   842   842 V GraphicsEnvironment: ANGLE GameManagerService for com.google.android.networkstack: false
04-07 17:24:13.583   842   842 V GraphicsEnvironment: Neither updatable production driver nor prerelease driver is supported.
04-07 17:24:13.584   481   524 I Codec2InfoBuilder: adding type 'audio/mp4a-latm'
04-07 17:24:13.584   485   485 V C2Store : in ~ComponentModule
04-07 17:24:13.584   485   485 V C2Store : unloading dll
04-07 17:24:13.584   485   506 V C2Store : in init
04-07 17:24:13.584   485   506 V C2Store : loading dll
04-07 17:24:13.585   842   842 D NetworkSecurityConfig: No Network Security Config specified, using platform default
04-07 17:24:13.585   481   524 I Codec2InfoBuilder: adding type 'audio/3gpp'
04-07 17:24:13.585   485   485 V C2Store : in ~ComponentModule
04-07 17:24:13.585   842   842 D NetworkSecurityConfig: No Network Security Config specified, using platform default
04-07 17:24:13.585   485   485 V C2Store : unloading dll
04-07 17:24:13.585   485   506 V C2Store : in init
04-07 17:24:13.585   485   506 V C2Store : loading dll
04-07 17:24:13.585   575   575 D CompatibilityChangeReporter: Compat change id reported: 194480991; UID 1000; state: ENABLED
04-07 17:24:13.586   481   524 I Codec2InfoBuilder: adding type 'audio/3gpp'
04-07 17:24:13.586   485   506 V C2Store : in ~ComponentModule
04-07 17:24:13.586   485   506 V C2Store : unloading dll
04-07 17:24:13.586   485   506 V C2Store : in init
04-07 17:24:13.586   485   506 V C2Store : loading dll
04-07 17:24:13.586   481   524 I Codec2InfoBuilder: adding type 'audio/amr-wb'
04-07 17:24:13.586   485   506 V C2Store : in ~ComponentModule
04-07 17:24:13.586   485   506 V C2Store : unloading dll
04-07 17:24:13.587   485   506 V C2Store : in init
04-07 17:24:13.587   485   506 V C2Store : loading dll
04-07 17:24:13.587   875   875 E droid.bluetooth: Not starting debugger since process cannot load the jdwp agent.
04-07 17:24:13.587   481   524 I Codec2InfoBuilder: adding type 'audio/amr-wb'
04-07 17:24:13.587   485   506 V C2Store : in ~ComponentModule
04-07 17:24:13.587   485   506 V C2Store : unloading dll
04-07 17:24:13.587   485   506 V C2Store : in init
04-07 17:24:13.587   485   506 V C2Store : loading dll
04-07 17:24:13.588   481   524 I Codec2InfoBuilder: adding type 'video/av01'
04-07 17:24:13.588   485   506 V C2Store : in ~ComponentModule
04-07 17:24:13.588   485   506 V C2Store : unloading dll
04-07 17:24:13.588   485   506 V C2Store : in init
04-07 17:24:13.588   485   506 V C2Store : loading dll
04-07 17:24:13.588   481   524 I Codec2InfoBuilder: adding type 'video/avc'
04-07 17:24:13.588   575   575 D CompatibilityChangeReporter: Compat change id reported: 197654537; UID 1000; state: ENABLED
04-07 17:24:13.589   402   402 I android.hardware.power-service.example: Power isModeSupported: 5
04-07 17:24:13.590   575   575 D CompatibilityChangeReporter: Compat change id reported: 168419799; UID 1000; state: DISABLED
04-07 17:24:13.591   485   485 V C2Store : in ~ComponentModule
04-07 17:24:13.591   485   485 V C2Store : unloading dll
04-07 17:24:13.591   575   575 D CompatibilityChangeReporter: Compat change id reported: 181136395; UID 1000; state: DISABLED
04-07 17:24:13.591   575   575 D CompatibilityChangeReporter: Compat change id reported: 174042936; UID 1000; state: DISABLED
04-07 17:24:13.591   485   506 V C2Store : in init
04-07 17:24:13.591   485   506 V C2Store : loading dll
04-07 17:24:13.591   814   814 W ContextImpl: Failed to ensure /data/user/0/com.google.android.gms/cache: mkdir failed: errno 126 (Required key not available)
04-07 17:24:13.591   814   814 W ContextImpl: Failed to update user.inode_cache: stat failed: ENOENT (No such file or directory)
04-07 17:24:13.591   485   506 I mediaswcodec: missing struct descriptor #Param::CoreIndex(--004) for field values of struct #Param::CoreIndex(F-12004)
04-07 17:24:13.591   485   506 I mediaswcodec: missing struct descriptor #Param::CoreIndex(--1812) for field values of struct #Param::CoreIndex(F-11812)
04-07 17:24:13.591   485   506 I mediaswcodec: missing struct descriptor #Param::CoreIndex(--004) for field values of struct #Param::CoreIndex(F-12004)
04-07 17:24:13.591   485   506 I mediaswcodec: missing struct descriptor #Param::CoreIndex(--1812) for field values of struct #Param::CoreIndex(F-11812)
04-07 17:24:13.592   481   524 I Codec2InfoBuilder: adding type 'video/avc'
04-07 17:24:13.592   485   485 V C2Store : in ~ComponentModule
04-07 17:24:13.592   485   485 V C2Store : unloading dll
04-07 17:24:13.592   485   485 V C2Store : in init
04-07 17:24:13.592   485   485 V C2Store : loading dll
04-07 17:24:13.592   814   814 V GraphicsEnvironment: ANGLE Developer option for 'com.google.android.gms' set to: 'default'
04-07 17:24:13.592   481   524 I Codec2InfoBuilder: adding type 'audio/flac'
04-07 17:24:13.592   814   814 V GraphicsEnvironment: ANGLE GameManagerService for com.google.android.gms: false
04-07 17:24:13.592   485   485 V C2Store : in ~ComponentModule
04-07 17:24:13.592   485   485 V C2Store : unloading dll
04-07 17:24:13.592   814   814 V GraphicsEnvironment: Neither updatable production driver nor prerelease driver is supported.
04-07 17:24:13.592   485   485 V C2Store : in init
04-07 17:24:13.592   485   485 V C2Store : loading dll
04-07 17:24:13.593   575   575 D SystemServerTiming: showSystemReadyErrorDialogs
04-07 17:24:13.593   575   575 I system_server: getFrameworkHalManifest: Reading VINTF information.
04-07 17:24:13.593   481   524 I Codec2InfoBuilder: adding type 'audio/flac'
04-07 17:24:13.593   485   485 V C2Store : in ~ComponentModule
04-07 17:24:13.593   485   485 V C2Store : unloading dll
04-07 17:24:13.593   485   485 V C2Store : in init
04-07 17:24:13.593   485   485 V C2Store : loading dll
04-07 17:24:13.593   481   524 I Codec2InfoBuilder: adding type 'audio/g711-alaw'
04-07 17:24:13.593   575   575 I system_server: getDeviceHalManifest: Reading VINTF information.
04-07 17:24:13.593   485   485 V C2Store : in ~ComponentModule
04-07 17:24:13.593   485   506 V C2Store : in init
04-07 17:24:13.593   485   506 V C2Store : loading dll
04-07 17:24:13.593   485   485 V C2Store : unloading dll
04-07 17:24:13.594   481   524 I Codec2InfoBuilder: adding type 'audio/g711-mlaw'
04-07 17:24:13.594   575   600 W BestClock: java.time.DateTimeException: Missing NTP fix
04-07 17:24:13.594   485   506 V C2Store : in ~ComponentModule
04-07 17:24:13.594   485   506 V C2Store : unloading dll
04-07 17:24:13.594   485   506 V C2Store : in init
04-07 17:24:13.594   485   506 V C2Store : loading dll
04-07 17:24:13.594   481   524 D Codec2InfoBuilder: codec entry for 'c2.android.gsm.decoder' is disabled
04-07 17:24:13.594   485   892 V C2Store : in init
04-07 17:24:13.594   485   892 V C2Store : loading dll
04-07 17:24:13.594   485   506 V C2Store : in ~ComponentModule
04-07 17:24:13.594   485   506 V C2Store : unloading dll
04-07 17:24:13.594   481   524 I Codec2InfoBuilder: adding type 'video/3gpp'
04-07 17:24:13.594   575   575 I system_server: getDeviceHalManifest: Successfully processed VINTF information
04-07 17:24:13.594   575   575 I system_server: getFrameworkHalManifest: Successfully processed VINTF information
04-07 17:24:13.594   575   575 W system_server: uname() reports kernel level 7 but device manifest sets kernel level 5. Using kernel level 7
04-07 17:24:13.594   575   575 I system_server: getFrameworkCompatibilityMatrix: Reading VINTF information.
04-07 17:24:13.596   814   814 D NetworkSecurityConfig: Using Network Security Config from resource network_security_config debugBuild: false
04-07 17:24:13.598   485   506 V C2Store : in init
04-07 17:24:13.598   814   814 D NetworkSecurityConfig: Using Network Security Config from resource network_security_config debugBuild: false
04-07 17:24:13.598   485   506 V C2Store : loading dll
04-07 17:24:13.598   485   506 V C2Store : in ~ComponentModule
04-07 17:24:13.598   485   506 V C2Store : unloading dll
04-07 17:24:13.598   481   524 I Codec2InfoBuilder: adding type 'video/3gpp'
04-07 17:24:13.598   485   485 V C2Store : in ~ComponentModule
04-07 17:24:13.598   485   485 V C2Store : unloading dll
04-07 17:24:13.598   485   485 V C2Store : in init
04-07 17:24:13.598   485   485 V C2Store : loading dll
04-07 17:24:13.599   757   896 D libEGL  : loaded /vendor/lib64/egl/libEGL_emulation.so
04-07 17:24:13.599   481   524 I Codec2InfoBuilder: adding type 'video/hevc'
04-07 17:24:13.599   757   896 D libEGL  : loaded /vendor/lib64/egl/libGLESv1_CM_emulation.so
04-07 17:24:13.599   485   506 V C2Store : in init
04-07 17:24:13.599   485   506 V C2Store : loading dll
04-07 17:24:13.599   485   506 I mediaswcodec: missing struct descriptor #Param::CoreIndex(--004) for field values of struct #Param::CoreIndex(F-12004)
04-07 17:24:13.599   575   600 W BestClock: java.time.DateTimeException: Missing NTP fix
04-07 17:24:13.599   485   506 I mediaswcodec: missing struct descriptor #Param::CoreIndex(--1812) for field values of struct #Param::CoreIndex(F-11812)
04-07 17:24:13.599   485   506 I mediaswcodec: missing struct descriptor #Param::CoreIndex(--004) for field values of struct #Param::CoreIndex(F-12004)
04-07 17:24:13.599   485   506 I mediaswcodec: missing struct descriptor #Param::CoreIndex(--1812) for field values of struct #Param::CoreIndex(F-11812)
04-07 17:24:13.599   485   506 V C2Store : in ~ComponentModule
04-07 17:24:13.599   485   506 V C2Store : unloading dll
04-07 17:24:13.600   757   896 D libEGL  : loaded /vendor/lib64/egl/libGLESv2_emulation.so
04-07 17:24:13.600   481   524 I Codec2InfoBuilder: adding type 'video/hevc'
04-07 17:24:13.600   485   485 V C2Store : in init
04-07 17:24:13.600   485   485 V C2Store : loading dll
04-07 17:24:13.600   485   505 V C2Store : in ~ComponentModule
04-07 17:24:13.600   485   505 V C2Store : unloading dll
04-07 17:24:13.600   575   600 W BestClock: java.time.DateTimeException: Missing NTP fix
04-07 17:24:13.601   481   524 I Codec2InfoBuilder: adding type 'audio/mpeg'
04-07 17:24:13.601   485   897 V C2Store : in ~ComponentModule
04-07 17:24:13.601   485   897 V C2Store : unloading dll
04-07 17:24:13.601   485   485 V C2Store : in init
04-07 17:24:13.601   485   485 V C2Store : loading dll
04-07 17:24:13.601   481   524 D Codec2InfoBuilder: codec entry for 'c2.android.mpeg2.decoder' is disabled
04-07 17:24:13.601   485   485 V C2Store : in ~ComponentModule
04-07 17:24:13.601   485   485 V C2Store : unloading dll
04-07 17:24:13.602   485   897 V C2Store : in init
04-07 17:24:13.602   485   897 V C2Store : loading dll
04-07 17:24:13.602   481   524 I Codec2InfoBuilder: adding type 'video/mp4v-es'
04-07 17:24:13.602   485   485 V C2Store : in ~ComponentModule
04-07 17:24:13.602   485   485 V C2Store : unloading dll
04-07 17:24:13.603   485   897 V C2Store : in init
04-07 17:24:13.603   485   897 V C2Store : loading dll
04-07 17:24:13.604   481   524 I Codec2InfoBuilder: adding type 'video/mp4v-es'
04-07 17:24:13.604   485   897 V C2Store : in ~ComponentModule
04-07 17:24:13.604   485   897 V C2Store : unloading dll
04-07 17:24:13.605   485   897 V C2Store : in init
04-07 17:24:13.605   485   897 V C2Store : loading dll
04-07 17:24:13.605   481   524 I Codec2InfoBuilder: adding type 'audio/opus'
04-07 17:24:13.605   485   506 V C2Store : in init
04-07 17:24:13.605   485   506 V C2Store : loading dll
04-07 17:24:13.605   485   897 V C2Store : in ~ComponentModule
04-07 17:24:13.605   485   897 V C2Store : unloading dll
04-07 17:24:13.605   481   524 I Codec2InfoBuilder: adding type 'audio/opus'
04-07 17:24:13.606   485   505 V C2Store : in ~ComponentModule
04-07 17:24:13.606   485   505 V C2Store : unloading dll
04-07 17:24:13.606   485   506 V C2Store : in init
04-07 17:24:13.606   485   506 V C2Store : loading dll
04-07 17:24:13.606   481   524 I Codec2InfoBuilder: adding type 'audio/raw'
04-07 17:24:13.606   485   505 V C2Store : in ~ComponentModule
04-07 17:24:13.606   485   505 V C2Store : unloading dll
04-07 17:24:13.606   485   506 V C2Store : in init
04-07 17:24:13.606   485   506 V C2Store : loading dll
04-07 17:24:13.606   481   524 I Codec2InfoBuilder: adding type 'audio/vorbis'
04-07 17:24:13.606   485   505 V C2Store : in ~ComponentModule
04-07 17:24:13.606   485   505 V C2Store : unloading dll
04-07 17:24:13.607   485   506 V C2Store : in init
04-07 17:24:13.607   485   506 V C2Store : loading dll
04-07 17:24:13.607   481   524 I Codec2InfoBuilder: adding type 'video/x-vnd.on2.vp8'
04-07 17:24:13.607   485   506 V C2Store : in ~ComponentModule
04-07 17:24:13.607   485   506 V C2Store : unloading dll
04-07 17:24:13.607   485   897 V C2Store : in init
04-07 17:24:13.607   485   897 V C2Store : loading dll
04-07 17:24:13.607   485   897 I C2SoftVpxEnc: setting temporal layering 0 + 0
04-07 17:24:13.608   485   897 I C2SoftVpxEnc: setting temporal layering 0 + 0
04-07 17:24:13.608   481   524 I Codec2InfoBuilder: adding type 'video/x-vnd.on2.vp8'
04-07 17:24:13.608   485   505 V C2Store : in init
04-07 17:24:13.608   485   505 V C2Store : loading dll
04-07 17:24:13.608   481   524 I Codec2InfoBuilder: adding type 'video/x-vnd.on2.vp9'
04-07 17:24:13.608   485   505 V C2Store : in ~ComponentModule
04-07 17:24:13.608   485   505 V C2Store : unloading dll
04-07 17:24:13.608   485   505 V C2Store : in init
04-07 17:24:13.608   485   505 V C2Store : loading dll
04-07 17:24:13.608   485   505 I C2SoftVpxEnc: setting temporal layering 0 + 0
04-07 17:24:13.608   485   505 I C2SoftVpxEnc: setting temporal layering 0 + 0
04-07 17:24:13.608   485   897 V C2Store : in ~ComponentModule
04-07 17:24:13.608   485   897 V C2Store : unloading dll
04-07 17:24:13.608   481   524 I Codec2InfoBuilder: adding type 'video/x-vnd.on2.vp9'
04-07 17:24:13.609   485   506 V C2Store : in ~ComponentModule
04-07 17:24:13.609   485   506 V C2Store : unloading dll
04-07 17:24:13.611   575   779 D MediaCodecList: codecHandlesFormat: no format, so no extra checks
04-07 17:24:13.611   575   778 D MediaCodecList: codecHandlesFormat: no format, so no extra checks
04-07 17:24:13.615   575   796 D CCodec  : allocate(c2.android.vorbis.decoder)
04-07 17:24:13.615   575   799 D CCodec  : allocate(c2.android.vorbis.decoder)
04-07 17:24:13.616   575   796 I Codec2Client: Available Codec2 services: "default" "software"
04-07 17:24:13.617   575   799 I CCodec  : setting up 'default' as default (vendor) store
04-07 17:24:13.618   575   600 W BestClock: java.time.DateTimeException: Missing NTP fix
04-07 17:24:13.618   856   856 I WebViewZygoteInit: Beginning application preload for com.google.android.webview
04-07 17:24:13.618   575   575 I system_server: getFrameworkCompatibilityMatrix: Successfully processed VINTF information
04-07 17:24:13.618   575   575 I system_server: getDeviceCompatibilityMatrix: Reading VINTF information.
04-07 17:24:13.619   575   796 I CCodec  : setting up 'default' as default (vendor) store
04-07 17:24:13.619   856   856 W ziparchive: Unable to open '/data/app/~~HN88tOpvgQy_VuyDA85myg==/com.google.android.trichromelibrary_631209933-tGJCTyoJ2NEipT9E_Slsxg==/base.dm': No such file or directory
04-07 17:24:13.619   856   856 W ziparchive: Unable to open '/data/app/~~HN88tOpvgQy_VuyDA85myg==/com.google.android.trichromelibrary_631209933-tGJCTyoJ2NEipT9E_Slsxg==/base.dm': No such file or directory
04-07 17:24:13.620   856   856 W webview_zygote: Entry not found
04-07 17:24:13.621   485   505 V C2Store : in init
04-07 17:24:13.621   485   505 V C2Store : loading dll
04-07 17:24:13.621   575   575 I system_server: getDeviceCompatibilityMatrix: Successfully processed VINTF information
