04-08 12:07:02.108   567   567 D SystemServerTiming: OnBootPhase_600_com.android.server.testharness.TestHarnessModeService
04-08 12:07:02.108   567   567 D SystemServerTiming: OnBootPhase_600_com.android.server.DeviceIdleController
04-08 12:07:02.108   567   567 D SystemServerTiming: OnBootPhase_600_com.android.server.devicepolicy.DevicePolicyManagerService$Lifecycle
04-08 12:07:02.108   567   567 D SystemServerTiming: OnBootPhase_600_com.android.server.musicrecognition.MusicRecognitionManagerService
04-08 12:07:02.108   567   567 D SystemServerTiming: OnBootPhase_600_com.android.server.contentcapture.ContentCaptureManagerService
04-08 12:07:02.108   567   567 D SystemServerTiming: OnBootPhase_600_com.android.server.systemcaptions.SystemCaptionsManagerService
04-08 12:07:02.108   567   567 D SystemServerTiming: OnBootPhase_600_com.android.server.texttospeech.TextToSpeechManagerService
04-08 12:07:02.108   567   567 D SystemServerTiming: OnBootPhase_600_com.android.server.ambientcontext.AmbientContextManagerService
04-08 12:07:02.108   567   567 D SystemServerTiming: OnBootPhase_600_com.android.server.speech.SpeechRecognitionManagerService
04-08 12:07:02.108   567   567 D SystemServerTiming: OnBootPhase_600_com.android.server.appprediction.AppPredictionManagerService
04-08 12:07:02.108   567   567 D SystemServerTiming: OnBootPhase_600_com.android.server.contentsuggestions.ContentSuggestionsManagerService
04-08 12:07:02.108   567   567 D SystemServerTiming: OnBootPhase_600_com.android.server.searchui.SearchUiManagerService
04-08 12:07:02.108   567   567 D SystemServerTiming: OnBootPhase_600_com.android.server.smartspace.SmartspaceManagerService
04-08 12:07:02.108   567   567 D SystemServerTiming: OnBootPhase_600_com.android.server.cloudsearch.CloudSearchManagerService
04-08 12:07:02.108   567   567 D SystemServerTiming: OnBootPhase_600_com.android.server.graphics.fonts.FontManagerService$Lifecycle
04-08 12:07:02.108   567   567 D SystemServerTiming: OnBootPhase_600_com.android.server.textservices.TextServicesManagerService$Lifecycle
04-08 12:07:02.108   567   567 D SystemServerTiming: OnBootPhase_600_com.android.server.textclassifier.TextClassificationManagerService$Lifecycle
04-08 12:07:02.108   567   567 D SystemServerTiming: OnBootPhase_600_com.android.server.NetworkScoreService$Lifecycle
04-08 12:07:02.108   567   567 D SystemServerTiming: OnBootPhase_600_com.android.server.NetworkStatsServiceInitializer
04-08 12:07:02.108   567   567 D SystemServerTiming: OnBootPhase_600_com.android.server.wifi.WifiService
04-08 12:07:02.108   567   567 D SystemServerTiming: OnBootPhase_600_com.android.server.wifi.scanner.WifiScanningService
04-08 12:07:02.108   567   567 D SystemServerTiming: OnBootPhase_600_com.android.server.wifi.p2p.WifiP2pService
04-08 12:07:02.108   567   567 D SystemServerTiming: OnBootPhase_600_com.android.server.ConnectivityServiceInitializer
04-08 12:07:02.108   567   683 W BestClock: java.time.DateTimeException: Missing NTP fix
04-08 12:07:02.108   791   791 W WebViewLoader-a: Entry not found
04-08 12:07:02.109   567   567 D FastPairService: fail to initiate the fast pair proxy provider
04-08 12:07:02.109   567   567 W FastPairDataProvider: no proxy fast pair data provider found
04-08 12:07:02.109   567   567 D SystemServerTiming: OnBootPhase_600_com.android.server.notification.NotificationManagerService
04-08 12:07:02.109   567   567 D SystemServerTiming: OnBootPhase_600_com.android.server.storage.DeviceStorageMonitorService
04-08 12:07:02.109   567   567 D SystemServerTiming: OnBootPhase_600_com.android.server.location.LocationManagerService$Lifecycle
04-08 12:07:02.110   567   567 I ServiceWatcher: [fused] chose new implementation 1000/com.android.location.fused/.FusedLocationService@0
04-08 12:07:02.110   219   219 I servicemanager: Could not find android.hardware.gnss.IGnss/default in the VINTF manifest.
04-08 12:07:02.110   567   567 D GnssJni : Trying IGnss_V2_1::getService()
04-08 12:07:02.110   752   752 V GraphicsEnvironment: ANGLE Developer option for 'com.android.settings' set to: 'default'
04-08 12:07:02.110   567   584 D CompatibilityChangeReporter: Compat change id reported: 168419799; UID 1000; state: DISABLED
04-08 12:07:02.111   220   220 I hwservicemanager: getTransport: Cannot find entry android.hardware.gnss@2.1::IGnss/default in either framework or device VINTF manifest.
04-08 12:07:02.111   752   752 V GraphicsEnvironment: ANGLE GameManagerService for com.android.settings: false
04-08 12:07:02.111   752   752 V GraphicsEnvironment: Neither updatable production driver nor prerelease driver is supported.
04-08 12:07:02.111   567   567 D GnssJni : gnssHal 2.1 was null, trying 2.0
04-08 12:07:02.111   791   791 D nativeloader: Configuring classloader-namespace for other apk /data/app/~~HN88tOpvgQy_VuyDA85myg==/com.google.android.trichromelibrary_631209933-tGJCTyoJ2NEipT9E_Slsxg==/base.apk. target_sdk_version=34, uses_libraries=ALL, library_path=/data/app/~~1X-alg5lhR1H9qjdT9yiMA==/com.google.android.webview-Zf-Ike634pFWEgfedH7z_Q==/lib/arm64:/data/app/~~1X-alg5lhR1H9qjdT9yiMA==/com.google.android.webview-Zf-Ike634pFWEgfedH7z_Q==/base.apk!/lib/arm64-v8a:/data/app/~~HN88tOpvgQy_VuyDA85myg==/com.google.android.trichromelibrary_631209933-tGJCTyoJ2NEipT9E_Slsxg==/base.apk!/lib/arm64-v8a, permitted_path=/data:/mnt/expand
04-08 12:07:02.111   220   220 I hwservicemanager: Since android.hardware.gnss@2.0::IGnss/default is not registered, trying to start it as a lazy HAL.
04-08 12:07:02.111   385   458 I GoldfishComponentStore: Create()
04-08 12:07:02.111   385   458 I C2GoldfishVpxDec: platform store is 0xb4000079d5816308, reflector is 0xb40000797580b178
04-08 12:07:02.111   385   458 I GoldfishComponentStore: created interface
04-08 12:07:02.111   220   220 I hwservicemanager: Since android.hardware.gnss@2.0::IGnss/default is not registered, trying to start it as a lazy HAL.
04-08 12:07:02.111   385   458 I GoldfishComponentStore: in ~ComponentModule
04-08 12:07:02.111   385   458 I GoldfishComponentStore: unloading dll
04-08 12:07:02.111   385   458 I GoldfishComponentStore: in init
04-08 12:07:02.111   385   458 I GoldfishComponentStore: loading dll of path libcodec2_goldfish_vp9dec.so
04-08 12:07:02.111   567   567 I HidlServiceManagement: getService: Trying again for android.hardware.gnss@2.0::IGnss/default...
04-08 12:07:02.111   752   752 D NetworkSecurityConfig: No Network Security Config specified, using platform default
04-08 12:07:02.111   752   752 D NetworkSecurityConfig: No Network Security Config specified, using platform default
04-08 12:07:02.112   385   458 I GoldfishComponentStore: Create()
04-08 12:07:02.112   385   458 I C2GoldfishVpxDec: platform store is 0xb4000079d5816f68, reflector is 0xb40000797580b3a8
04-08 12:07:02.112   385   458 I GoldfishComponentStore: created interface
04-08 12:07:02.112   385   458 I GoldfishComponentStore: in ~ComponentModule
04-08 12:07:02.112   385   458 I GoldfishComponentStore: unloading dll
04-08 12:07:02.113   461   502 V C2Store : in init
04-08 12:07:02.113   461   502 V C2Store : loading dll
04-08 12:07:02.113   567   748 W PackageManager: Loading a package that does not exist for the calling user. package=null, user=0
04-08 12:07:02.113   791   791 D nativeloader: Configuring classloader-namespace for other apk /system_ext/framework/androidx.window.extensions.jar. target_sdk_version=34, uses_libraries=ALL, library_path=/data/app/~~1X-alg5lhR1H9qjdT9yiMA==/com.google.android.webview-Zf-Ike634pFWEgfedH7z_Q==/lib/arm64:/data/app/~~1X-alg5lhR1H9qjdT9yiMA==/com.google.android.webview-Zf-Ike634pFWEgfedH7z_Q==/base.apk!/lib/arm64-v8a:/data/app/~~HN88tOpvgQy_VuyDA85myg==/com.google.android.trichromelibrary_631209933-tGJCTyoJ2NEipT9E_Slsxg==/base.apk!/lib/arm64-v8a, permitted_path=/data:/mnt/expand
04-08 12:07:02.115   769   769 V GraphicsEnvironment: ANGLE Developer option for 'com.android.systemui' set to: 'default'
04-08 12:07:02.116   769   769 V GraphicsEnvironment: ANGLE GameManagerService for com.android.systemui: false
04-08 12:07:02.116   769   769 V GraphicsEnvironment: Neither updatable production driver nor prerelease driver is supported.
04-08 12:07:02.116   769   769 D NetworkSecurityConfig: No Network Security Config specified, using platform default
04-08 12:07:02.117   769   769 D NetworkSecurityConfig: No Network Security Config specified, using platform default
04-08 12:07:02.118   567   580 W PackageManager: Loading a package that does not exist for the calling user. package=null, user=0
04-08 12:07:02.118   791   791 D nativeloader: Configuring classloader-namespace for other apk /data/app/~~1X-alg5lhR1H9qjdT9yiMA==/com.google.android.webview-Zf-Ike634pFWEgfedH7z_Q==/base.apk. target_sdk_version=34, uses_libraries=, library_path=/data/app/~~1X-alg5lhR1H9qjdT9yiMA==/com.google.android.webview-Zf-Ike634pFWEgfedH7z_Q==/lib/arm64:/data/app/~~1X-alg5lhR1H9qjdT9yiMA==/com.google.android.webview-Zf-Ike634pFWEgfedH7z_Q==/base.apk!/lib/arm64-v8a:/data/app/~~HN88tOpvgQy_VuyDA85myg==/com.google.android.trichromelibrary_631209933-tGJCTyoJ2NEipT9E_Slsxg==/base.apk!/lib/arm64-v8a, permitted_path=/data:/mnt/expand
04-08 12:07:02.119   461   502 V C2Store : in ~ComponentModule
04-08 12:07:02.119   461   502 V C2Store : unloading dll
04-08 12:07:02.119   461   502 V C2Store : in init
04-08 12:07:02.119   461   502 V C2Store : loading dll
04-08 12:07:02.119   769   769 V SystemUIService: SystemUIApplication constructed.
04-08 12:07:02.120   461   502 V C2Store : in ~ComponentModule
04-08 12:07:02.120   461   502 V C2Store : unloading dll
04-08 12:07:02.120   461   502 V C2Store : in init
04-08 12:07:02.120   461   502 V C2Store : loading dll
04-08 12:07:02.122   567   683 W BestClock: java.time.DateTimeException: Missing NTP fix
04-08 12:07:02.123   461   502 V C2Store : in ~ComponentModule
04-08 12:07:02.123   461   502 V C2Store : unloading dll
04-08 12:07:02.123   461   502 V C2Store : in init
04-08 12:07:02.123   461   502 V C2Store : loading dll
04-08 12:07:02.123   567   580 W StorageManagerService: No primary storage defined yet; hacking together a stub
04-08 12:07:02.126   461   502 V C2Store : in ~ComponentModule
04-08 12:07:02.126   461   502 V C2Store : unloading dll
04-08 12:07:02.126   461   502 V C2Store : in init
04-08 12:07:02.126   461   502 V C2Store : loading dll
04-08 12:07:02.127   461   502 V C2Store : in ~ComponentModule
04-08 12:07:02.127   461   502 V C2Store : unloading dll
04-08 12:07:02.127   461   502 V C2Store : in init
04-08 12:07:02.127   461   502 V C2Store : loading dll
04-08 12:07:02.130   461   502 V C2Store : in ~ComponentModule
04-08 12:07:02.130   461   502 V C2Store : unloading dll
04-08 12:07:02.130   461   502 V C2Store : in init
04-08 12:07:02.130   461   502 V C2Store : loading dll
04-08 12:07:02.131   752   752 V BatteryUsageContentProvider: initialize provider
04-08 12:07:02.132   815   815 I HidlLazyUtils: Registering HAL: android.hardware.gnss@2.0::IGnss with name: default
04-08 12:07:02.133   815   815 I HidlServiceManagement: Registered android.hardware.gnss@2.0::IGnss/default
04-08 12:07:02.133   815   815 I HidlServiceManagement: Removing namespace from process name android.hardware.gnss@2.0-service.ranchu to gnss@2.0-service.ranchu.
04-08 12:07:02.133   220   220 I hwservicemanager: Notifying android.hardware.gnss@2.0::IGnss/default they have clients: 1
04-08 12:07:02.133   815   815 I HidlLazyUtils: Process has 1 (of 1 available) client(s) in use after notification android.hardware.gnss@2.0::IGnss/default has clients: 1
04-08 12:07:02.134   220   220 I hw-BpHwBinder: onLastStrongRef automatically unlinking death recipients
04-08 12:07:02.134   220   220 I hwservicemanager: getTransport: Cannot find entry android.hardware.graphics.mapper@4.0::IMapper/default in either framework or device VINTF manifest.
04-08 12:07:02.134   461   502 I Gralloc4: mapper 4.x is not supported
04-08 12:07:02.135   567   567 D CompatibilityChangeReporter: Compat change id reported: 157233955; UID 1000; state: ENABLED
04-08 12:07:02.137   461   502 D HostConnection: createUnique: call
04-08 12:07:02.137   461   502 D HostConnection: HostConnection::get() New Host Connection established 0xb400006e19ac3210, tid 502
04-08 12:07:02.137   461   502 D goldfish-address-space: allocate: Ask for block of size 0x100
04-08 12:07:02.137   461   502 D goldfish-address-space: allocate: ioctl allocate returned offset 0x1f7ff8000 size 0x8000
04-08 12:07:02.137   567   567 D GnssJni : Link to death notification successful
04-08 12:07:02.138   461   502 V C2Store : in ~ComponentModule
04-08 12:07:02.138   461   502 V C2Store : unloading dll
04-08 12:07:02.138   461   502 V C2Store : in init
04-08 12:07:02.138   461   502 V C2Store : loading dll
04-08 12:07:02.139   567   567 D GnssCallbckJni: gnssSetCapabilitesCb: 64u
04-08 12:07:02.139   567   567 I GnssManager: gnss capabilities changed to [NONE]
04-08 12:07:02.139   567   567 D GnssCallbckJni: gnssNameCb: name=Android Studio Emulator GPS
04-08 12:07:02.139   567   567 D GnssCallbckJni: gnssSetSystemInfoCb: yearOfHw=2020
04-08 12:07:02.139   567   567 I GnssLocationProviderJni: Unable to initialize IGnssPsds interface.
04-08 12:07:02.139   567   567 I GnssLocationProviderJni: Unable to initialize IGnssGeofencing interface.
04-08 12:07:02.139   567   567 I GnssLocationProviderJni: Unable to initialize IGnssNi interface.
04-08 12:07:02.139   567   567 I GnssLocationProviderJni: Unable to initialize IAGnssRil interface.
04-08 12:07:02.139   567   567 I GnssLocationProviderJni: Unable to initialize IGnssVisibilityControl interface.
04-08 12:07:02.139   567   567 I GnssLocationProviderJni: Unable to initialize IGnssMeasurementCorrections interface.
04-08 12:07:02.140   567   567 I GnssManager: gnss hal initialized
04-08 12:07:02.140   567   567 I GnssManager: gnss hal started
04-08 12:07:02.140   567   567 E GnssLocationProviderJni: android_location_gnss_hal_GnssNative_start_antenna_info_listening: IGnssAntennaInfo interface not available.
04-08 12:07:02.140   567   792 D CompatibilityChangeReporter: Compat change id reported: 135634846; UID 10125; state: DISABLED
04-08 12:07:02.140   567   792 D CompatibilityChangeReporter: Compat change id reported: 177438394; UID 10125; state: DISABLED
04-08 12:07:02.140   567   792 D CompatibilityChangeReporter: Compat change id reported: 135772972; UID 10125; state: DISABLED
04-08 12:07:02.140   567   792 D CompatibilityChangeReporter: Compat change id reported: 135754954; UID 10125; state: ENABLED
04-08 12:07:02.140   567   792 D CompatibilityChangeReporter: Compat change id reported: 207557677; UID 10125; state: ENABLED
04-08 12:07:02.140   366   366 W Zygote  : forkRepeatedly terminated due to non-simple command
04-08 12:07:02.140   366   366 D Zygote  : mbuffer starts with 14, nice name is webview_zygote, mEnd = 397, mNext = 165, mLinesLeft = 6, mFd = 5
04-08 12:07:02.140   791   791 I WebViewLoader-a: System.exit called, status: 0
04-08 12:07:02.140   791   791 I AndroidRuntime: VM exiting with result code 0, cleanup skipped.
04-08 12:07:02.140   567   567 E ActivityRecognitionHardware: activity_recognition HAL is deprecated. is_supported is effectively a no-op
04-08 12:07:02.141   567   584 E GnssUtilsJni: IGnssConfiguration setEsExtensionSec() failed.
04-08 12:07:02.141   567   584 E GnssConfiguration: Unable to set ES_EXTENSION_SEC: 0
04-08 12:07:02.141   567   567 D SystemServerTiming: OnBootPhase_600_com.android.server.timedetector.TimeDetectorService$Lifecycle
04-08 12:07:02.141   567   567 D SystemServerTiming: OnBootPhase_600_com.android.server.timezonedetector.TimeZoneDetectorService$Lifecycle
04-08 12:07:02.141   567   567 D SystemServerTiming: OnBootPhase_600_com.android.server.timezonedetector.location.LocationTimeZoneManagerService$Lifecycle
04-08 12:07:02.141   567   567 D SystemServerTiming: OnBootPhase_600_com.android.server.search.SearchManagerService$Lifecycle
04-08 12:07:02.141   567   567 D SystemServerTiming: OnBootPhase_600_com.android.server.wallpaper.WallpaperManagerService$Lifecycle
04-08 12:07:02.141   567   567 D WallpaperManagerService: Wallpaper_switch-user-0
04-08 12:07:02.141   567   567 V WallpaperManagerService: bindWallpaperComponentLocked: componentName=ComponentInfo{com.android.systemui/com.android.systemui.wallpapers.ImageWallpaper}
04-08 12:07:02.141   567   567 D SystemServerTiming: OnBootPhase_600_com.android.server.wallpapereffectsgeneration.WallpaperEffectsGenerationManagerService
04-08 12:07:02.141   567   567 D SystemServerTiming: OnBootPhase_600_com.android.server.audio.AudioService$Lifecycle
04-08 12:07:02.141   567   567 D SystemServerTiming: OnBootPhase_600_com.android.server.soundtrigger_middleware.SoundTriggerMiddlewareService$Lifecycle
04-08 12:07:02.141   567   567 D SystemServerTiming: OnBootPhase_600_com.android.server.DockObserver
04-08 12:07:02.141   567   567 D SystemServerTiming: OnBootPhase_600_com.android.server.midi.MidiService$Lifecycle
04-08 12:07:02.141   567   567 D SystemServerTiming: OnBootPhase_600_com.android.server.adb.AdbService$Lifecycle
04-08 12:07:02.141   567   567 D SystemServerTiming: OnBootPhase_600_com.android.server.usb.UsbService$Lifecycle
04-08 12:07:02.141   567   567 D SystemServerTiming: OnBootPhase_600_com.android.server.twilight.TwilightService
04-08 12:07:02.141   567   567 D SystemServerTiming: OnBootPhase_600_com.android.server.display.color.ColorDisplayService
04-08 12:07:02.141   567   567 D SystemServerTiming: OnBootPhase_600_com.android.server.job.JobSchedulerService
04-08 12:07:02.141   567   693 D ConnectivityService: NetReassign [no changes] [c 0] [a 0] [i 0]
04-08 12:07:02.141   567   584 D CompatibilityChangeReporter: Compat change id reported: 168936375; UID 1000; state: ENABLED
04-08 12:07:02.142   461   502 V C2Store : in ~ComponentModule
04-08 12:07:02.142   461   502 V C2Store : unloading dll
04-08 12:07:02.142   461   502 V C2Store : in init
04-08 12:07:02.142   461   502 V C2Store : loading dll
04-08 12:07:02.142   567   567 D ConnectivityService: requestNetwork for uid/pid:1000/567 asUid: 10133 activeRequest: null callbackRequest: 14 [NetworkRequest [ REQUEST id=15, [ Capabilities: INTERNET&NOT_RESTRICTED&TRUSTED&NOT_VCN_MANAGED Uid: 10133 RequestorUid: 1000 RequestorPkg: android UnderlyingNetworks: Null] ]] callback flags: 0 order: 2147483647
04-08 12:07:02.142   567   567 D ConnectivityService: requestNetwork for uid/pid:1000/567 asUid: 10132 activeRequest: null callbackRequest: 16 [NetworkRequest [ REQUEST id=17, [ Capabilities: INTERNET&NOT_RESTRICTED&TRUSTED&NOT_VCN_MANAGED Uid: 10132 RequestorUid: 1000 RequestorPkg: android UnderlyingNetworks: Null] ]] callback flags: 0 order: 2147483647
04-08 12:07:02.142   567   567 D ConnectivityService: requestNetwork for uid/pid:1000/567 asUid: 10128 activeRequest: null callbackRequest: 18 [NetworkRequest [ REQUEST id=19, [ Capabilities: INTERNET&NOT_RESTRICTED&TRUSTED&NOT_VCN_MANAGED Uid: 10128 RequestorUid: 1000 RequestorPkg: android UnderlyingNetworks: Null] ]] callback flags: 0 order: 2147483647
04-08 12:07:02.142   567   567 D ConnectivityService: requestNetwork for uid/pid:1000/567 asUid: 10123 activeRequest: null callbackRequest: 20 [NetworkRequest [ REQUEST id=21, [ Capabilities: INTERNET&NOT_RESTRICTED&TRUSTED&NOT_VCN_MANAGED Uid: 10123 RequestorUid: 1000 RequestorPkg: android UnderlyingNetworks: Null] ]] callback flags: 0 order: 2147483647
04-08 12:07:02.142   567   567 D ConnectivityService: requestNetwork for uid/pid:1000/567 asUid: 10121 activeRequest: null callbackRequest: 22 [NetworkRequest [ REQUEST id=23, [ Capabilities: INTERNET&NOT_RESTRICTED&TRUSTED&NOT_VCN_MANAGED Uid: 10121 RequestorUid: 1000 RequestorPkg: android UnderlyingNetworks: Null] ]] callback flags: 0 order: 2147483647
04-08 12:07:02.142   567   693 D ConnectivityService: NetReassign [no changes] [c 0] [a 0] [i 0]
04-08 12:07:02.142   567   567 D ConnectivityService: requestNetwork for uid/pid:1000/567 asUid: 10120 activeRequest: null callbackRequest: 24 [NetworkRequest [ REQUEST id=25, [ Capabilities: INTERNET&NOT_RESTRICTED&TRUSTED&NOT_VCN_MANAGED Uid: 10120 RequestorUid: 1000 RequestorPkg: android UnderlyingNetworks: Null] ]] callback flags: 0 order: 2147483647
04-08 12:07:02.142   567   567 D ConnectivityService: requestNetwork for uid/pid:1000/567 asUid: 10119 activeRequest: null callbackRequest: 26 [NetworkRequest [ REQUEST id=27, [ Capabilities: INTERNET&NOT_RESTRICTED&TRUSTED&NOT_VCN_MANAGED Uid: 10119 RequestorUid: 1000 RequestorPkg: android UnderlyingNetworks: Null] ]] callback flags: 0 order: 2147483647
04-08 12:07:02.142   567   693 D ConnectivityService: NetReassign [no changes] [c 0] [a 0] [i 0]
04-08 12:07:02.142   567   693 D ConnectivityService: NetReassign [no changes] [c 0] [a 0] [i 0]
04-08 12:07:02.142   567   567 D ConnectivityService: requestNetwork for uid/pid:1000/567 asUid: 10110 activeRequest: null callbackRequest: 28 [NetworkRequest [ REQUEST id=29, [ Capabilities: INTERNET&NOT_RESTRICTED&TRUSTED&NOT_VCN_MANAGED Uid: 10110 RequestorUid: 1000 RequestorPkg: android UnderlyingNetworks: Null] ]] callback flags: 0 order: 2147483647
04-08 12:07:02.143   567   693 D ConnectivityService: NetReassign [no changes] [c 0] [a 0] [i 0]
04-08 12:07:02.143   567   693 D ConnectivityService: NetReassign [no changes] [c 0] [a 0] [i 0]
04-08 12:07:02.143   567   693 D ConnectivityService: NetReassign [no changes] [c 0] [a 0] [i 0]
04-08 12:07:02.143   567   584 D GnssCallbckJni: gnssSetCapabilitesCb: 64u
04-08 12:07:02.143   567   584 D GnssCallbckJni: gnssNameCb: name=Android Studio Emulator GPS
04-08 12:07:02.143   567   693 D ConnectivityService: NetReassign [no changes] [c 0] [a 0] [i 0]
04-08 12:07:02.143   567   584 D GnssCallbckJni: gnssSetSystemInfoCb: yearOfHw=2020
04-08 12:07:02.143   567   584 I GnssLocationProviderJni: Unable to initialize IGnssPsds interface.
04-08 12:07:02.143   567   567 D ConnectivityService: requestNetwork for uid/pid:1000/567 asUid: 10108 activeRequest: null callbackRequest: 30 [NetworkRequest [ REQUEST id=31, [ Capabilities: INTERNET&NOT_RESTRICTED&TRUSTED&NOT_VCN_MANAGED Uid: 10108 RequestorUid: 1000 RequestorPkg: android UnderlyingNetworks: Null] ]] callback flags: 0 order: 2147483647
04-08 12:07:02.143   567   584 I GnssLocationProviderJni: Unable to initialize IGnssGeofencing interface.
04-08 12:07:02.143   567   584 I GnssLocationProviderJni: Unable to initialize IGnssNi interface.
04-08 12:07:02.143   567   584 I GnssLocationProviderJni: Unable to initialize IAGnssRil interface.
04-08 12:07:02.143   567   584 I GnssLocationProviderJni: Unable to initialize IGnssVisibilityControl interface.
04-08 12:07:02.143   567   584 I GnssLocationProviderJni: Unable to initialize IGnssMeasurementCorrections interface.
04-08 12:07:02.143   567   693 D ConnectivityService: NetReassign [no changes] [c 0] [a 0] [i 0]
04-08 12:07:02.143   567   567 D ConnectivityService: requestNetwork for uid/pid:1000/567 asUid: 10106 activeRequest: null callbackRequest: 32 [NetworkRequest [ REQUEST id=33, [ Capabilities: INTERNET&NOT_RESTRICTED&TRUSTED&NOT_VCN_MANAGED Uid: 10106 RequestorUid: 1000 RequestorPkg: android UnderlyingNetworks: Null] ]] callback flags: 0 order: 2147483647
04-08 12:07:02.143   567   584 I GnssBlocklistHelper: Update GNSS satellite blocklist: 
04-08 12:07:02.143   567   567 D ConnectivityService: requestNetwork for uid/pid:1000/567 asUid: 10103 activeRequest: null callbackRequest: 34 [NetworkRequest [ REQUEST id=35, [ Capabilities: INTERNET&NOT_RESTRICTED&TRUSTED&NOT_VCN_MANAGED Uid: 10103 RequestorUid: 1000 RequestorPkg: android UnderlyingNetworks: Null] ]] callback flags: 0 order: 2147483647
04-08 12:07:02.143   567   567 D ConnectivityService: requestNetwork for uid/pid:1000/567 asUid: 10109 activeRequest: null callbackRequest: 36 [NetworkRequest [ REQUEST id=37, [ Capabilities: INTERNET&NOT_RESTRICTED&TRUSTED&NOT_VCN_MANAGED Uid: 10109 RequestorUid: 1000 RequestorPkg: android UnderlyingNetworks: Null] ]] callback flags: 0 order: 2147483647
04-08 12:07:02.143   567   693 D ConnectivityService: NetReassign [no changes] [c 0] [a 0] [i 0]
04-08 12:07:02.143   567   693 D ConnectivityService: NetReassign [no changes] [c 0] [a 0] [i 0]
04-08 12:07:02.143   567   567 D SystemServerTiming: OnBootPhase_600_com.android.server.soundtrigger.SoundTriggerService
04-08 12:07:02.143   567   567 D SoundTriggerService: onBootPhase: 600 : false
04-08 12:07:02.143   567   567 D SystemServerTiming: OnBootPhase_600_com.android.server.trust.TrustManagerService
04-08 12:07:02.144   567   693 D ConnectivityService: NetReassign [no changes] [c 0] [a 0] [i 1]
04-08 12:07:02.144   567   693 D ConnectivityService: NetReassign [no changes] [c 0] [a 0] [i 0]
04-08 12:07:02.144   567   567 D BiometricService: Sensor ID(0), oemStrength: 15, updatedStrength: 15, modality 2, state: 0, cookie: 0, sensorId 0, hasEnrollments: false cannot participate in Keystore operations
04-08 12:07:02.144   238   248 I keystore2: keystore2::authorization: on_lock_screen_event(LockScreenEvent(0), user_id=0, password.is_some()=false, unlocking_sids=Some([]))
04-08 12:07:02.144   567   584 E GnssUtilsJni: IGnssConfiguration setBlocklist() failed.
04-08 12:07:02.144   567   567 D SystemServerTiming: OnBootPhase_600_com.android.server.backup.BackupManagerService$Lifecycle
04-08 12:07:02.144   567   567 D SystemServerTiming: OnBootPhase_600_com.android.server.appwidget.AppWidgetService
04-08 12:07:02.144   567   567 D SystemServerTiming: OnBootPhase_600_com.android.server.voiceinteraction.VoiceInteractionManagerService
04-08 12:07:02.144   567   748 I ActivityManager: Process WebViewLoader-arm64-v8a (pid 791) has died: psvc PER 
04-08 12:07:02.145   567   597 I libprocessgroup: Successfully killed process cgroup uid 1037 pid 791 in 0ms
04-08 12:07:02.145   366   366 D Zygote  : Forked child process 827
04-08 12:07:02.145   567   792 W ZygoteProcess: Got error connecting to zygote, retrying. msg= Connection refused
04-08 12:07:02.146   461   502 I mediaswcodec: missing struct descriptor #Param::CoreIndex(--004) for field values of struct #Param::CoreIndex(F-12004)
04-08 12:07:02.146   461   502 I mediaswcodec: missing struct descriptor #Param::CoreIndex(--1812) for field values of struct #Param::CoreIndex(F-11812)
04-08 12:07:02.146   567   567 D SystemServerTiming: OnBootPhase_600_com.android.server.apphibernation.AppHibernationService
04-08 12:07:02.146   567   567 D SystemServerTiming: OnBootPhase_600_com.android.server.GestureLauncherService
04-08 12:07:02.146   461   502 V C2Store : in ~ComponentModule
04-08 12:07:02.146   461   502 V C2Store : unloading dll
04-08 12:07:02.146   461   502 V C2Store : in init
04-08 12:07:02.146   461   502 V C2Store : loading dll
04-08 12:07:02.146   567   567 D SystemServerTiming: OnBootPhase_600_com.android.server.SensorNotificationService
04-08 12:07:02.146   567   567 D SystemServerTiming: OnBootPhase_600_com.android.server.emergency.EmergencyAffordanceService
04-08 12:07:02.147   461   502 V C2Store : in ~ComponentModule
04-08 12:07:02.147   461   502 V C2Store : unloading dll
04-08 12:07:02.147   461   502 V C2Store : in init
04-08 12:07:02.147   461   502 V C2Store : loading dll
04-08 12:07:02.148   567   567 D SystemServerTiming: OnBootPhase_600_com.android.server.blob.BlobStoreManagerService
04-08 12:07:02.148   461   502 V C2Store : in ~ComponentModule
04-08 12:07:02.148   461   502 V C2Store : unloading dll
04-08 12:07:02.148   461   502 V C2Store : in init
04-08 12:07:02.148   461   502 V C2Store : loading dll
04-08 12:07:02.148   827   827 I libc    : SetHeapTaggingLevel: tag level set to 0
04-08 12:07:02.148   461   502 V C2Store : in ~ComponentModule
04-08 12:07:02.148   461   502 V C2Store : unloading dll
04-08 12:07:02.148   461   502 V C2Store : in init
04-08 12:07:02.148   461   502 V C2Store : loading dll
04-08 12:07:02.149   461   502 V C2Store : in ~ComponentModule
04-08 12:07:02.149   461   502 V C2Store : unloading dll
04-08 12:07:02.149   461   502 V C2Store : in init
04-08 12:07:02.149   461   502 V C2Store : loading dll
04-08 12:07:02.149   461   502 V C2Store : in ~ComponentModule
04-08 12:07:02.149   461   502 V C2Store : unloading dll
04-08 12:07:02.149   461   502 V C2Store : in init
04-08 12:07:02.149   461   502 V C2Store : loading dll
04-08 12:07:02.149   567   567 D SystemServerTiming: OnBootPhase_600_com.android.server.dreams.DreamManagerService
04-08 12:07:02.150   567   567 D SystemServerTiming: OnBootPhase_600_com.android.server.print.PrintManagerService
04-08 12:07:02.150   567   567 D SystemServerTiming: OnBootPhase_600_com.android.server.security.AttestationVerificationManagerService
04-08 12:07:02.150   567   567 D SystemServerTiming: OnBootPhase_600_com.android.server.companion.CompanionDeviceManagerService
04-08 12:07:02.150   567   567 D SystemServerTiming: OnBootPhase_600_com.android.server.companion.virtual.VirtualDeviceManagerService
04-08 12:07:02.150   567   567 D SystemServerTiming: OnBootPhase_600_com.android.server.restrictions.RestrictionsManagerService
04-08 12:07:02.150   567   567 D SystemServerTiming: OnBootPhase_600_com.android.server.media.MediaSessionService
04-08 12:07:02.150   567   567 D SystemServerTiming: OnBootPhase_600_com.android.server.media.MediaResourceMonitorService
04-08 12:07:02.150   567   567 D SystemServerTiming: OnBootPhase_600_com.android.server.biometrics.sensors.fingerprint.FingerprintService
04-08 12:07:02.150   567   567 D SystemServerTiming: OnBootPhase_600_com.android.server.biometrics.BiometricService
04-08 12:07:02.150   567   567 D SystemServerTiming: OnBootPhase_600_com.android.server.biometrics.AuthService
04-08 12:07:02.150   567   567 D SystemServerTiming: OnBootPhase_600_com.android.server.pm.ShortcutService$Lifecycle
04-08 12:07:02.150   567   567 D SystemServerTiming: OnBootPhase_600_com.android.server.pm.LauncherAppsService
04-08 12:07:02.150   567   567 D SystemServerTiming: OnBootPhase_600_com.android.server.pm.CrossProfileAppsService
04-08 12:07:02.150   567   567 D SystemServerTiming: OnBootPhase_600_com.android.server.people.PeopleService
04-08 12:07:02.150   567   567 D SystemServerTiming: OnBootPhase_600_com.android.server.media.metrics.MediaMetricsManagerService
04-08 12:07:02.150   567   567 D SystemServerTiming: OnBootPhase_600_com.android.server.media.projection.MediaProjectionManagerService
04-08 12:07:02.150   567   567 D SystemServerTiming: OnBootPhase_600_com.android.server.slice.SliceManagerService$Lifecycle
04-08 12:07:02.150   567   567 D SystemServerTiming: OnBootPhase_600_com.android.server.stats.StatsCompanion$Lifecycle
04-08 12:07:02.150   567   567 E StatsCompanionService: statsd has already been fetched before
04-08 12:07:02.150   567   567 E StatsCompanionService: java.lang.IllegalStateException: IStatsd object should be null or dead
04-08 12:07:02.150   567   567 E StatsCompanionService: 	at com.android.server.stats.StatsCompanionService.sayHiToStatsd(Unknown Source:25)
04-08 12:07:02.150   567   567 E StatsCompanionService: 	at com.android.server.stats.StatsCompanionService.systemReady(Unknown Source:0)
04-08 12:07:02.150   567   567 E StatsCompanionService: 	at com.android.server.stats.StatsCompanion$Lifecycle.onBootPhase(Unknown Source:9)
04-08 12:07:02.150   567   567 E StatsCompanionService: 	at com.android.server.SystemServiceManager.startBootPhase(SystemServiceManager.java:294)
04-08 12:07:02.150   567   567 E StatsCompanionService: 	at com.android.server.SystemServer.lambda$startOtherServices$5(SystemServer.java:2935)
04-08 12:07:02.150   567   567 E StatsCompanionService: 	at com.android.server.SystemServer.$r8$lambda$jmaWUpWMxP4IiPakY5L6Y7rVWik(Unknown Source:0)
04-08 12:07:02.150   567   567 E StatsCompanionService: 	at com.android.server.SystemServer$$ExternalSyntheticLambda5.run(Unknown Source:30)
04-08 12:07:02.150   567   567 E StatsCompanionService: 	at com.android.server.am.ActivityManagerService.systemReady(ActivityManagerService.java:8135)
04-08 12:07:02.150   567   567 E StatsCompanionService: 	at com.android.server.SystemServer.startOtherServices(SystemServer.java:2808)
04-08 12:07:02.150   567   567 E StatsCompanionService: 	at com.android.server.SystemServer.run(SystemServer.java:941)
04-08 12:07:02.150   567   567 E StatsCompanionService: 	at com.android.server.SystemServer.main(SystemServer.java:651)
04-08 12:07:02.150   567   567 E StatsCompanionService: 	at java.lang.reflect.Method.invoke(Native Method)
04-08 12:07:02.150   567   567 E StatsCompanionService: 	at com.android.internal.os.RuntimeInit$MethodAndArgsCaller.run(RuntimeInit.java:548)
04-08 12:07:02.150   567   567 E StatsCompanionService: 	at com.android.internal.os.ZygoteInit.main(ZygoteInit.java:914)
04-08 12:07:02.150   567   567 D SystemServerTiming: OnBootPhase_600_com.android.server.scheduling.RebootReadinessManagerService$Lifecycle
04-08 12:07:02.150   567   567 D SystemServerTiming: OnBootPhase_600_com.android.server.stats.pull.StatsPullAtomService
04-08 12:07:02.150   567   567 D SystemServerTiming: OnBootPhase_600_com.android.server.stats.bootstrap.StatsBootstrapAtomService$Lifecycle
04-08 12:07:02.150   567   567 D SystemServerTiming: OnBootPhase_600_com.android.server.incident.IncidentCompanionService
04-08 12:07:02.150   567   567 D SystemServerTiming: OnBootPhase_600_com.android.server.sdksandbox.SdkSandboxManagerService$Lifecycle
04-08 12:07:02.150   567   567 D SystemServerTiming: OnBootPhase_600_com.android.server.adservices.AdServicesManagerService$Lifecycle
04-08 12:07:02.150   567   567 D SystemServerTiming: OnBootPhase_600_com.android.server.MmsServiceBroker
04-08 12:07:02.150   567   567 D SystemServerTiming: OnBootPhase_600_com.android.server.autofill.AutofillManagerService
04-08 12:07:02.150   567   567 D SystemServerTiming: OnBootPhase_600_com.android.server.translation.TranslationManagerService
04-08 12:07:02.150   567   567 D SystemServerTiming: OnBootPhase_600_com.android.server.selectiontoolbar.SelectionToolbarManagerService
04-08 12:07:02.150   567   567 D SystemServerTiming: OnBootPhase_600_com.android.server.clipboard.ClipboardService
04-08 12:07:02.150   567   567 D SystemServerTiming: OnBootPhase_600_com.android.server.appbinding.AppBindingService$Lifecycle
04-08 12:07:02.150   567   567 D SystemServerTiming: OnBootPhase_600_com.android.server.tracing.TracingServiceProxy
04-08 12:07:02.150   567   567 D SystemServerTiming: OnBootPhase_600_com.android.server.policy.PermissionPolicyService
04-08 12:07:02.150   567   567 D SystemServerTiming: OnBootPhase_600_com.android.server.pm.StagingManager$Lifecycle
04-08 12:07:02.150   567   567 D SystemServerTiming: OnBootPhase_600_com.android.server.app.GameManagerService$Lifecycle
04-08 12:07:02.150   567   567 D SystemServerTiming: OnBootPhase_600_com.android.safetycenter.SafetyCenterService
04-08 12:07:02.150   567   567 D SystemServerTiming: OnBootPhase_600_com.android.server.appsearch.AppSearchModule$Lifecycle
04-08 12:07:02.150   567   567 D SystemServerTiming: OnBootPhase_600_com.android.server.media.MediaCommunicationService
04-08 12:07:02.150   567   567 D SystemServerTiming: OnBootPhase_600_com.android.server.compat.overrides.AppCompatOverridesService$Lifecycle
04-08 12:07:02.150   567   567 D SystemServerTiming: StartNetworkStack
04-08 12:07:02.150   567   567 D ConnectivityModuleConnector: Starting networking module android.net.INetworkStackConnector
04-08 12:07:02.150   567   567 D ConnectivityModuleConnector: Starting networking module in network_stack process
04-08 12:07:02.151   567   594 D StatsPullAtomService: Registering NetworkStats pullers with statsd
04-08 12:07:02.151   461   502 V C2Store : in ~ComponentModule
04-08 12:07:02.151   461   502 V C2Store : unloading dll
04-08 12:07:02.151   461   502 V C2Store : in init
04-08 12:07:02.151   461   502 V C2Store : loading dll
04-08 12:07:02.151   567   567 D CompatibilityChangeReporter: Compat change id reported: 135634846; UID 1073; state: DISABLED
04-08 12:07:02.151   567   567 D CompatibilityChangeReporter: Compat change id reported: 177438394; UID 1073; state: DISABLED
04-08 12:07:02.151   567   567 D CompatibilityChangeReporter: Compat change id reported: 135772972; UID 1073; state: DISABLED
04-08 12:07:02.151   567   567 D CompatibilityChangeReporter: Compat change id reported: 135754954; UID 1073; state: ENABLED
04-08 12:07:02.151   366   366 I Zygote  : Process 791 exited cleanly (0)
04-08 12:07:02.151   567   567 D ConnectivityModuleConnector: Networking module service start requested
04-08 12:07:02.151   567   567 D SystemServerTiming: StartTethering
04-08 12:07:02.151   567   567 D ConnectivityModuleConnector: Starting networking module android.net.ITetheringConnector
04-08 12:07:02.151   567   567 D ConnectivityModuleConnector: Starting networking module in network_stack process
04-08 12:07:02.151   567   567 D ConnectivityModuleConnector: Networking module service start requested
04-08 12:07:02.151   567   567 D SystemServerTiming: MakeCountryDetectionServiceReady
04-08 12:07:02.151   567   567 D SystemServerTiming: MakeNetworkTimeUpdateReady
04-08 12:07:02.151   567   594 W BestClock: java.time.DateTimeException: Missing NTP fix
04-08 12:07:02.152   461   502 V C2Store : in ~ComponentModule
04-08 12:07:02.152   461   502 V C2Store : unloading dll
04-08 12:07:02.152   461   502 V C2Store : in init
04-08 12:07:02.152   461   502 V C2Store : loading dll
04-08 12:07:02.152   567   567 D ConnectivityService: requestNetwork for uid/pid:1000/567 activeRequest: null callbackRequest: 38 [NetworkRequest [ REQUEST id=39, [ Capabilities: INTERNET&NOT_RESTRICTED&TRUSTED&NOT_VCN_MANAGED Uid: 1000 RequestorUid: 1000 RequestorPkg: android UnderlyingNetworks: Null] ]] callback flags: 0 order: 2147483647
04-08 12:07:02.152   567   567 D SystemServerTiming: MakeInputManagerServiceReady
04-08 12:07:02.152   567   693 D ConnectivityService: NetReassign [no changes] [c 0] [a 0] [i 0]
04-08 12:07:02.152   567   567 D SystemServerTiming: MakeTelephonyRegistryReady
04-08 12:07:02.152   567   567 D SystemServerTiming: MakeMediaRouterServiceReady
04-08 12:07:02.152   567   567 D SystemServerTiming: MakeMmsServiceReady
04-08 12:07:02.152   567   567 I MmsServiceBroker: Delay connecting to MmsService until an API is called
04-08 12:07:02.152   567   567 D SystemServerTiming: IncidentDaemonReady
04-08 12:07:02.152   567   567 D SystemServerTiming: MakeIncrementalServiceReady
04-08 12:07:02.152   567   567 D SystemServerTiming: OdsignStatsLogger
04-08 12:07:02.152   567   567 D SystemServerTiming: getCurrentUser
04-08 12:07:02.152   567   567 I ActivityManager: Current user:0
04-08 12:07:02.152   567   567 D SystemServerTiming: ActivityManagerStartApps
04-08 12:07:02.152   567   567 D SystemServerTiming: ssm.StartUser-0
04-08 12:07:02.153   567   567 I SystemServiceManager: Calling onStartUser 0
04-08 12:07:02.153   567   567 D SystemServerTiming: ssm.onStartUser-0_com.android.server.security.FileIntegrityService
04-08 12:07:02.153   567   567 D SystemServerTiming: ssm.onStartUser-0_com.android.server.pm.Installer
04-08 12:07:02.153   567   567 D SystemServerTiming: ssm.onStartUser-0_com.android.server.os.DeviceIdentifiersPolicyService
04-08 12:07:02.153   567   567 D SystemServerTiming: ssm.onStartUser-0_com.android.server.uri.UriGrantsManagerService$Lifecycle
04-08 12:07:02.153   567   567 D SystemServerTiming: ssm.onStartUser-0_com.android.server.powerstats.PowerStatsService
04-08 12:07:02.153   567   567 D SystemServerTiming: ssm.onStartUser-0_com.android.server.wm.ActivityTaskManagerService$Lifecycle
04-08 12:07:02.153   567   567 D SystemServerTiming: ssm.onStartUser-0_com.android.server.am.ActivityManagerService$Lifecycle
04-08 12:07:02.153   567   567 D SystemServerTiming: ssm.onStartUser-0_com.android.server.pm.DataLoaderManagerService
04-08 12:07:02.153   567   567 D SystemServerTiming: ssm.onStartUser-0_com.android.server.power.PowerManagerService
04-08 12:07:02.153   567   567 D SystemServerTiming: ssm.onStartUser-0_com.android.server.power.ThermalManagerService
04-08 12:07:02.153   567   567 D SystemServerTiming: ssm.onStartUser-0_com.android.server.power.hint.HintManagerService
04-08 12:07:02.153   567   567 D SystemServerTiming: ssm.onStartUser-0_com.android.server.recoverysystem.RecoverySystemService$Lifecycle
04-08 12:07:02.153   567   567 D SystemServerTiming: ssm.onStartUser-0_com.android.server.lights.LightsService
04-08 12:07:02.153   567   567 D SystemServerTiming: ssm.onStartUser-0_com.android.server.display.DisplayManagerService
04-08 12:07:02.153   567   567 D SystemServerTiming: ssm.onStartUser-0_com.android.server.pm.verify.domain.DomainVerificationService
04-08 12:07:02.153   567   567 D SystemServerTiming: ssm.onStartUser-0_com.android.server.pm.PackageInstallerService$Lifecycle
04-08 12:07:02.153   567   567 D SystemServerTiming: ssm.onStartUser-0_com.android.server.pm.UserManagerService$LifeCycle
04-08 12:07:02.153   567   567 D SystemServerTiming: ssm.onStartUser-0_com.android.server.om.OverlayManagerService
04-08 12:07:02.153   567   567 D SystemServerTiming: ssm.onStartUser-0_com.android.server.resources.ResourcesManagerService
04-08 12:07:02.153   567   567 D SystemServerTiming: ssm.onStartUser-0_com.android.server.sensorprivacy.SensorPrivacyService
04-08 12:07:02.153   567   567 D SystemServerTiming: ssm.onStartUser-0_com.android.server.sensors.SensorService
04-08 12:07:02.153   567   567 D SystemServerTiming: ssm.onStartUser-0_com.android.server.SystemConfigService
04-08 12:07:02.153   567   567 D SystemServerTiming: ssm.onStartUser-0_com.android.server.BatteryService
04-08 12:07:02.153   567   567 D SystemServerTiming: ssm.onStartUser-0_com.android.server.usage.UsageStatsService
04-08 12:07:02.153   567   567 D SystemServerTiming: ssm.onStartUser-0_com.android.server.webkit.WebViewUpdateService
04-08 12:07:02.153   567   567 D SystemServerTiming: ssm.onStartUser-0_com.android.server.CachedDeviceStateService
04-08 12:07:02.153   567   567 D SystemServerTiming: ssm.onStartUser-0_com.android.server.BinderCallsStatsService$LifeCycle
04-08 12:07:02.153   567   567 D SystemServerTiming: ssm.onStartUser-0_com.android.server.LooperStatsService$Lifecycle
04-08 12:07:02.153   567   567 D SystemServerTiming: ssm.onStartUser-0_com.android.server.rollback.RollbackManagerService
04-08 12:07:02.153   567   567 D SystemServerTiming: ssm.onStartUser-0_com.android.server.os.NativeTombstoneManagerService
04-08 12:07:02.153   567   567 D SystemServerTiming: ssm.onStartUser-0_com.android.server.os.BugreportManagerService
04-08 12:07:02.153   567   567 D SystemServerTiming: ssm.onStartUser-0_com.android.server.gpu.GpuService
04-08 12:07:02.153   567   567 D SystemServerTiming: ssm.onStartUser-0_com.android.server.security.KeyChainSystemService
04-08 12:07:02.153   567   567 D SystemServerTiming: ssm.onStartUser-0_com.android.server.BinaryTransparencyService
04-08 12:07:02.153   567   567 D SystemServerTiming: ssm.onStartUser-0_com.android.server.telecom.TelecomLoaderService
04-08 12:07:02.153   567   567 D SystemServerTiming: ssm.onStartUser-0_com.android.server.accounts.AccountManagerService$Lifecycle
04-08 12:07:02.153   567   567 D SystemServerTiming: ssm.onStartUser-0_com.android.server.content.ContentService$Lifecycle
04-08 12:07:02.153   567   567 D SystemServerTiming: ssm.onStartUser-0_com.android.server.DropBoxManagerService
04-08 12:07:02.153   567   567 D SystemServerTiming: ssm.onStartUser-0_com.android.role.RoleService
04-08 12:07:02.153   567   660 I InputReader: Reconfiguring input devices, changes=KEYBOARD_LAYOUTS | DEVICE_ALIAS | 
04-08 12:07:02.153   769   769 V WindowManagerShell: Adding init callback for DisplayChangeController
04-08 12:07:02.153   769   769 V WindowManagerShell: Adding init callback for DisplayController
04-08 12:07:02.153   769   769 V WindowManagerShell: Adding init callback for DisplayInsetsController
04-08 12:07:02.153   769   769 V WindowManagerShell: Adding init callback for DisplayImeController
04-08 12:07:02.154   827   827 I WebViewZygoteInit: Starting WebViewZygoteInit
04-08 12:07:02.154   567   567 D SystemServerTiming: ssm.onStartUser-0_com.android.server.vibrator.VibratorManagerService$Lifecycle
04-08 12:07:02.154   567   567 D SystemServerTiming: ssm.onStartUser-0_com.android.server.tare.InternalResourceService
04-08 12:07:02.154   567   567 D SystemServerTiming: ssm.onStartUser-0_com.android.server.alarm.AlarmManagerService
04-08 12:07:02.154   567   567 D SystemServerTiming: ssm.onStartUser-0_com.android.server.devicestate.DeviceStateManagerService
04-08 12:07:02.154   567   567 D SystemServerTiming: ssm.onStartUser-0_com.android.server.camera.CameraServiceProxy
04-08 12:07:02.154   769   769 V WindowManagerShell: Adding init callback for DragAndDropController
04-08 12:07:02.154   567   567 D SystemServerTiming: ssm.onStartUser-0_com.android.server.bluetooth.BluetoothService
04-08 12:07:02.154   567   567 D BluetoothManagerService: Bluetooth boot completed
04-08 12:07:02.154   769   769 V WindowManagerShell: Adding init callback for CompatUIController
04-08 12:07:02.154   567   567 D BluetoothManagerService: Auto-enabling Bluetooth.
04-08 12:07:02.154   567   567 D BluetoothA2dp: Binding service...
04-08 12:07:02.155   567   567 D BluetoothLeAudio: Binding service...
04-08 12:07:02.155   567   662 D BluetoothManagerService: MESSAGE_ENABLE(0): mBluetooth = null
04-08 12:07:02.155   567   662 D BluetoothManagerService: Persisting Bluetooth Setting: 1
04-08 12:07:02.155   567   662 D BluetoothManagerService: binding Bluetooth service
04-08 12:07:02.155   567   567 I BluetoothAirplaneModeListener: start
04-08 12:07:02.156   567   567 D SystemServerTiming: ssm.onStartUser-0_com.android.server.connectivity.IpConnectivityMetrics
04-08 12:07:02.156   567   567 D SystemServerTiming: ssm.onStartUser-0_com.android.server.net.watchlist.NetworkWatchlistService$Lifecycle
04-08 12:07:02.156   567   567 D SystemServerTiming: ssm.onStartUser-0_com.android.server.PinnerService
04-08 12:07:02.156   567   567 D SystemServerTiming: ssm.onStartUser-0_com.android.server.integrity.AppIntegrityManagerService
04-08 12:07:02.156   567   567 D SystemServerTiming: ssm.onStartUser-0_com.android.server.logcat.LogcatManagerService
04-08 12:07:02.156   567   567 D SystemServerTiming: ssm.onStartUser-0_com.android.server.inputmethod.InputMethodManagerService$Lifecycle
04-08 12:07:02.156   567   567 D SystemServerTiming: ssm.onStartUser-0_com.android.server.accessibility.AccessibilityManagerService$Lifecycle
04-08 12:07:02.156   567   567 D SystemServerTiming: ssm.onStartUser-0_com.android.server.StorageManagerService$Lifecycle
04-08 12:07:02.156   567   567 V StorageManagerService: Package com.google.android.networkstack.tethering does not have legacy storage
04-08 12:07:02.156   567   567 V StorageManagerService: Package com.android.cts.priv.ctsshim does not have legacy storage
04-08 12:07:02.156   567   662 D CompatibilityChangeReporter: Compat change id reported: 135634846; UID 1002; state: DISABLED
04-08 12:07:02.156   567   567 V StorageManagerService: Package com.google.android.youtube does not have legacy storage
04-08 12:07:02.156   567   567 V StorageManagerService: Package com.android.uwb.resources does not have legacy storage
04-08 12:07:02.156   567   567 V StorageManagerService: Package com.android.internal.display.cutout.emulation.corner does not have legacy storage
04-08 12:07:02.156   567   567 V StorageManagerService: Package com.google.android.ext.services does not have legacy storage
04-08 12:07:02.156   567   567 V StorageManagerService: Package com.android.internal.display.cutout.emulation.double does not have legacy storage
04-08 12:07:02.156   567   567 V StorageManagerService: Package com.android.providers.telephony does not have legacy storage
04-08 12:07:02.156   567   567 V StorageManagerService: Package com.android.dynsystem does not have legacy storage
04-08 12:07:02.156   567   567 V StorageManagerService: Package com.google.android.googlequicksearchbox does not have legacy storage
04-08 12:07:02.156   567   567 V StorageManagerService: Package com.google.android.cellbroadcastservice does not have legacy storage
04-08 12:07:02.156   567   567 V StorageManagerService: Package com.android.providers.calendar does not have legacy storage
04-08 12:07:02.156   567   567 V StorageManagerService: Package com.android.providers.media does not have legacy storage
04-08 12:07:02.156   567   567 V StorageManagerService: Package com.google.android.onetimeinitializer does not have legacy storage
04-08 12:07:02.156   567   567 V StorageManagerService: Package com.google.android.ext.shared does not have legacy storage
04-08 12:07:02.156   567   567 V StorageManagerService: Package com.android.internal.systemui.navbar.gestural_wide_back does not have legacy storage
04-08 12:07:02.156   567   567 V StorageManagerService: Package com.android.wallpapercropper does not have legacy storage
04-08 12:07:02.156   567   567 V StorageManagerService: Package com.android.managedprovisioning.auto_generated_rro_product__ does not have legacy storage
04-08 12:07:02.156   567   567 V StorageManagerService: Package com.android.carrierconfig.auto_generated_rro_vendor__ does not have legacy storage
04-08 12:07:02.156   567   567 V StorageManagerService: Package com.android.systemui.emulation.pixel_3_xl does not have legacy storage
04-08 12:07:02.156   567   567 V StorageManagerService: Package com.android.systemui.emulation.pixel_4_xl does not have legacy storage
04-08 12:07:02.156   567   567 V StorageManagerService: Package com.android.simappdialog.auto_generated_rro_product__ does not have legacy storage
04-08 12:07:02.156   567   567 V StorageManagerService: Package com.android.externalstorage does not have legacy storage
